01-01 18:03:48.344 17557 17583 V DynamiteModule: Dynamite loader version >= 2, using loadModule2NoCrashUtils
01-01 18:03:48.345 17557 17557 D DIAGMON_SDK[605066]: setDeviceId : 
01-01 18:03:48.356  1375  1391 D CompatibilityChangeReporter: Compat change id reported: 161145287; UID 10081; state: ENABLED
01-01 18:03:48.357 17557 17557 I SamsungAccount: [BrandNameUtil] isBrandGalaxy, isCscFeatureEnabled: false
01-01 18:03:48.357 17557 17557 I SamsungAccount: [BrandNameUtil] isBrandGalaxy, oneUiVersion is below 5.1: false
01-01 18:03:48.358 17557 17557 I SamsungAccount: [GlobalSearchProvider] secQueryGetFingerprint : 1490004100en_GB
01-01 18:03:48.361 17557 17592 D CompatibilityChangeReporter: Compat change id reported: 160794467; UID 10081; state: ENABLED
01-01 18:03:48.362 17557 17583 W System  : ClassLoader referenced unknown path: 
01-01 18:03:48.363 17557 17583 D nativeloader: Configuring clns-7 for other apk . target_sdk_version=36, uses_libraries=, library_path=/data/app/~~_Nac8VCqQ_vs8-CqRv5PwQ==/com.google.android.gms-QBQQ4buBT01ws6-94u7_oA==/lib/arm64:/data/app/~~_Nac8VCqQ_vs8-CqRv5PwQ==/com.google.android.gms-QBQQ4buBT01ws6-94u7_oA==/base.apk!/lib/arm64-v8a, permitted_path=/data:/mnt/expand:/data/user/0/com.google.android.gms
01-01 18:03:48.364 17557 17557 I SamsungAccount: [SamsungService(Application)] onCreate START
01-01 18:03:48.364 17557 17567 I SamsungAccount: [AccountManagerProvider] isChildAccount
01-01 18:03:48.364 17557 17557 D SamsungAccount$SALogger: init Log Path : /data/user/0/com.osp.app.signin/Log/
01-01 18:03:48.366 17557 17567 I SamsungAccount: [AccountManagerProvider] Calling package : android.honeyboard.
01-01 18:03:48.366 17557 17567 I SamsungAccount: [SignatureCheckUtil] runCheckSignatureAsync
01-01 18:03:48.366 17557 17567 I SamsungAccount: [SignaturePreconditionChecker] getSignatureResult - fromSesSdk : false
01-01 18:03:48.367 17557 17557 D SamsungAccount$SALogger: init success
01-01 18:03:48.369  1375  1391 D CompatibilityChangeReporter: Compat change id reported: 261072174; UID 10081; state: ENABLED
01-01 18:03:48.370  1375  1391 W ProcessStats: Tracking association SourceState{eb0eaa8 system/1000 BFgs #547182} whose proc state 4 is better than process ProcessState{801dd05 com.samsung.android.honeyboard/10140 pkg=com.samsung.android.honeyboard} proc state 6 (4 skipped)
01-01 18:03:48.370 17557 17557 I SamsungAccount: [TestPropertyManager] HiddenModeValueIsSet? false [hiddenModeServerName: NONE, hiddenModeMcc: NONE, isMarketingAgreementToastMode: false, isAgreementHistoryWriteMode: false, isInvalidSimTestMode: false, isSecureScreenDisabled: false]
01-01 18:03:48.372 17557 17557 I SamsungAccount: [TestPropertyManager] property file not exist
01-01 18:03:48.375 17557 17557 I SamsungAccount: [DeviceManager] init START
01-01 18:03:48.376 17557 17567 I SamsungAccount: [SignatureInfoDbHelper] getSignatureResult - [10/lfgff][android.honeyboard.]
01-01 18:03:48.377 17557 17567 I SamsungAccount: [SignatureInfoDbHelper] searchOnUser
01-01 18:03:48.380 17557 17583 W .osp.app.signin: ClassLoaderContext classpath element mismatch. expected=base.apk, found=/system/priv-app/SamsungAccount/SamsungAccount.apk (DLC[];PCL[base.apk*2108145554]{PCL[/system/framework/org.apache.http.legacy.jar*365604909]#PCL[/system/framework/com.android.media.remotedisplay.jar*2114713712]#PCL[/system/framework/com.android.location.provider.jar*3994156537]#PCL[/system/framework/org.apache.http.legacy.jar*365604909]} | DLC[];PCL[/system/priv-app/SamsungAccount/SamsungAccount.apk*179015645]{PCL[/system/framework/org.apache.http.legacy.jar*365604909]#PCL[/system/framework/samsungkeystoreutils.jar*1471022878]})
01-01 18:03:48.381 17557 17557 I SamsungAccount: [DeviceManager] init END
01-01 18:03:48.382 17557 17557 I SamsungAccount: [OpenDBManager] saveOpenData(Support_SamsungPass_Integration, true)
01-01 18:03:48.382 17557 17557 I SamsungAccount: [OpenContentProvider] query open data
01-01 18:03:48.384 17557 17557 I SamsungAccount: [OpenContentProvider] update openData : true
01-01 18:03:48.385 17557 17557 I SamsungAccount: [PushUtil] enable firebase auto init by AE
01-01 18:03:48.386 17557 17557 I SamsungAccount: [AccountManagerUtil] isSamsungAccountSignedIn : false
01-01 18:03:48.399 17557 17557 I SamsungAccount: [DbManagerV2] getEmailID
01-01 18:03:48.399 17557 17557 I SamsungAccount: [DbManagerV2] getDataV02ForItems : EMAIL_ID from Db
01-01 18:03:48.404 17557 17567 I SamsungAccount: [SignatureInfoDbHelper] searchOnUser - [10/lfgff][android.honeyboard.][64/3291d] => matched
01-01 18:03:48.404 17557 17567 I SamsungAccount: [SignatureInfoDbHelper] search - matched
01-01 18:03:48.404 17557 17567 I SamsungAccount: [SignatureCheckUtil] runCheckSignatureAsync(fromDb) - matched
01-01 18:03:48.404 17557 17567 I SamsungAccount: [AccountManagerProvider] This is the access of the allowed application
01-01 18:03:48.404 17557 17567 I SamsungAccount: [AccountManagerUtil] isSamsungAccountSignedIn : false
01-01 18:03:48.405 32459 12246 I HBD     : e [AiWriter] updateChildAccountInfo reset
01-01 18:03:48.405 32459 12246 I HBD     : e [AiWriter] setCurrentCc resetCcAndLegalAge
01-01 18:03:48.411 17557 17557 I SamsungAccount: [DbManagerV2] EMAIL_ID : value is empty
01-01 18:03:48.411 17557 17557 I SamsungAccount: [AccountManagerUtil] isSamsungAccountSignedIn : false
01-01 18:03:48.411 17557 17557 I SamsungAccount: [DeviceManager] SEP Platform version : 15.1
01-01 18:03:48.411 17557 17597 I SamsungAccount: [ConsentWorkManager] startWorkerAfterCheckCondition
01-01 18:03:48.411 17557 17557 D SamsungAnalytics605066: [Tracker] Tracker start:6.05.066
01-01 18:03:48.412 17557 17557 I SamsungAccount: [AnalyticsWorkManager] startWork
01-01 18:03:48.414 17557 17597 I SamsungAccount: [ConsentWorkManager] checkWorkerIsRunning
01-01 18:03:48.415 17557 17557 I SamsungAccount: [AnalyticsPref] setSaVersionStatus : 14.9.00.4
01-01 18:03:48.417 17557 17557 I SamsungAccount: [AccountManagerUtil] isSamsungAccountSignedIn : false
01-01 18:03:48.418 17557 17557 I SamsungAccount: [AnalyticsPref] setSignedInStatus : 0
01-01 18:03:48.418 17557 17598 D SamsungAnalytics605066: do not send setting < 1day
01-01 18:03:48.418 17557 17557 I SamsungAccount: [AccountDiagmonLogger] Diagmon Logger Init
01-01 18:03:48.418 17557 17557 I DIAGMON_SDK[605066]: DiagMonAgent type: 2
01-01 18:03:48.418 17557 17557 D DIAGMON_SDK[605066][773-399-565755] : setConfiguration type : CUSTOM
01-01 18:03:48.419 17557 17557 I DIAGMON_SDK[605066][773-399-565755] : generated SR object
01-01 18:03:48.419 17557 17557 I SamsungAccount: [SamsungAccount] initBixby2()
01-01 18:03:48.419 17557 17557 I CapsuleProvider_1.0.23: releasing initialize wait lock.
01-01 18:03:48.420 17557 17557 I SamsungAccount: [MobileServiceStateProxy] registerServiceStateForSesSdk : false
01-01 18:03:48.420 17557 17557 I SamsungAccount: [MobileServiceStateImpl] serviceName : AuthService
01-01 18:03:48.420 17557 17557 I SamsungAccount: [MobileServiceStateProxy] registerServiceState, AuthService is added
01-01 18:03:48.420 17557 17557 I SamsungAccount: [MobileServiceStateImpl] serviceName : ProfileService
01-01 18:03:48.420 17557 17557 I SamsungAccount: [MobileServiceStateProxy] registerServiceState, ProfileService is added
01-01 18:03:48.420 17557 17557 I SamsungAccount: [MobileServiceStateImpl] serviceName : PlaceService
01-01 18:03:48.420 17557 17557 I SamsungAccount: [MobileServiceStateProxy] registerServiceState, PlaceService is added
01-01 18:03:48.423 17557 17557 I SamsungAccount: [Migration]  startMigrationService : Migration was completed in the past! status - 2
01-01 18:03:48.423 17557 17557 I SamsungAccount: [EasySignUpMappingManager] requestMappingIfNeeded
01-01 18:03:48.423 17557 17557 I SamsungAccount: [EasySignUpMappingManager] This OneUI version does not need ESU mapping.
01-01 18:03:48.423 17557 17557 I SamsungAccount: [AccountManagerUtil] isSamsungAccountSignedIn : false
01-01 18:03:48.423 17557 17557 I SamsungAccount: [SamsungService(Application)] onCreate END
01-01 18:03:48.424 17557 17598 D SamsungAnalytics605066: [PropertyLogBuildClient] No Property log
01-01 18:03:48.424  1375  5925 I ActivityManager: Flag disabled. Ignoring finishAttachApplication from uid: 10081. pid: 17557
01-01 18:03:48.425 17557 17598 D SamsungAnalytics605066: do not send setting < 1day
01-01 18:03:48.426 17557 17597 I SamsungAccount: [ConsentWorkManager] checkWorkerIsRunning work info is empty
01-01 18:03:48.426 17557 17597 I SamsungAccount: [AccountManagerUtil] isSamsungAccountSignedIn : false
01-01 18:03:48.426 17557 17597 I SamsungAccount: [ConsentWorkManager] startWorkerAfterCheckCondition, isRunning : false, isSignOut : true
01-01 18:03:48.426  1375  1508 D CompatibilityChangeReporter: Compat change id reported: 261072174; UID 1000; state: ENABLED
01-01 18:03:48.426 28272 17061 I PhenotypeResourceReader: unable to find any Phenotype resource metadata for com.osp.app.signin
01-01 18:03:48.434  1375  5925 D PackageManager: setEnabledSetting : userId = 0 packageName = com.osp.app.signin cmp = androidx.work.impl.background.systemalarm.RescheduleReceiver newState = 1 callingPackage = com.osp.app.signin
01-01 18:03:48.434  1375  5925 D ApplicationPolicy: getApplicationStateEnabled : pkg = com.osp.app.signin userId : 0
01-01 18:03:48.435  1375  5925 D ApplicationPolicy: getApplicationComponentState : pkg = com.osp.app.signin userId : 0
01-01 18:03:48.438 17557 17609 D CompatibilityChangeReporter: Compat change id reported: 194532703; UID 10081; state: ENABLED
01-01 18:03:48.438 17557 17609 D CompatibilityChangeReporter: Compat change id reported: 253665015; UID 10081; state: ENABLED
01-01 18:03:48.438  1375  5925 D CompatibilityChangeReporter: Compat change id reported: 253665015; UID 10081; state: ENABLED
01-01 18:03:48.438  1375  5925 D CompatibilityChangeReporter: Compat change id reported: 194532703; UID 10081; state: ENABLED
01-01 18:03:48.445  1375 17612 D NotificationHistoryImageProvider: deletedRows= 4, deleteTime= 1767204228432
01-01 18:03:48.445 17557 17609 D CompatibilityChangeReporter: Compat change id reported: 263076149; UID 10081; state: ENABLED
01-01 18:03:48.446 17557 17615 I SamsungAccount: [SamsungAnalyticsWrapper] setSessionId
01-01 18:03:48.449 17557 17593 I WM-WorkerWrapper: Worker result SUCCESS for Work [ id=45d17148-c540-482e-926f-cf7b19d38ebc, tags={ com.samsung.android.samsungaccount.samsunganalytics.AnalyticsWorker, REFRESH_SESSION_ID } ]
01-01 18:03:48.461 17557 17602 I FA      : App measurement disabled via the manifest
01-01 18:03:48.461 17557 17602 E .osp.app.signin: No package ID 6a found for resource ID 0x6a0b0013.
01-01 18:03:48.462 17557 17602 I FA      : App measurement initialized, version: 146007
01-01 18:03:48.462 17557 17602 I FA      : To enable debug logging run: adb shell setprop log.tag.FA VERBOSE
01-01 18:03:48.463 17557 17602 I FA      : To enable faster debug mode event logging run:
01-01 18:03:48.463 17557 17602 I FA      :   adb shell setprop debug.firebase.analytics.app com.osp.app.signin
01-01 18:03:48.474  1375  5925 I ActivityManager: Changes in 99137 10 to 5, 0 to 56
01-01 18:03:48.475  1375  1414 W libprocessgroup: SetCgroup::ExecuteForProcess: failed to open /dev/blkio//cgroup.procs: No such file or directory
01-01 18:03:48.475  1375  1414 W libprocessgroup: SetCgroup::ExecuteForProcess: failed to open /dev/blkio//cgroup.procs: No such file or directory
01-01 18:03:48.476 27954 27954 D BoundBrokerSvc: onBind: Intent { act=com.google.android.gms.measurement.START pkg=com.google.android.gms }
01-01 18:03:48.476 27954 27954 D BoundBrokerSvc: Loading bound service for intent: Intent { act=com.google.android.gms.measurement.START pkg=com.google.android.gms }
01-01 18:03:48.486 27954 17616 D AdvertisingIdClient: AdvertisingIdClient already created.
01-01 18:03:48.487 27954 17616 D AdvertisingIdClient: AdvertisingIdClient is not bounded. Starting to bind it...
01-01 18:03:48.494 27954 17616 D AdvertisingIdClient: AdvertisingIdClient is bounded
01-01 18:03:48.497 27954 17616 I AdvertisingIdClient: shouldSendLog 510633375
01-01 18:03:48.498 27954 17616 I AdvertisingIdClient: GetInfoInternal elapse 10ms
01-01 18:03:48.509 28272 28272 D BoundBrokerSvc: onRebind: Intent { act=com.google.android.gms.common.telemetry.service.START dat=chimera-action:/... cmp=com.google.android.gms/.chimera.PersistentApiService }
01-01 18:03:48.511  1876  1876 D StatusBarIconController: ignoring old pipeline callbacks, because the new mobile icons are enabled
01-01 18:03:48.512 27954 27954 I AdvertisingIdClient: getting error as 17: API: ClientTelemetry.API is not available on this device. Connection failed with: ConnectionResult{statusCode=API_DISABLED_FOR_CONNECTION, resolution=null, message=null, clientMethodKey=null}
01-01 18:03:48.681  1375  1545 I InputReader: Touch event's action is 0x0 (id=5, t=0) [pCnt=1, s=0.0 ] when=250590.271178
01-01 18:03:48.681  1375  1544 I InputDispatcher: Delivering touch to (1876): action: 0x4, f=0x0, d=0, '6c20be ', t=1 
01-01 18:03:48.682  1375  1544 I InputDispatcher: Delivering touch to (32459): action: 0x0, f=0x0, d=0, 'eba3da2', t=1 +(0,-64)
01-01 18:03:48.682 32459 32459 I ViewRootImpl@2abddcd[InputMethod]: ViewPostIme pointer 0
01-01 18:03:48.682  1375  1400 I GestureDetector: obtain mCurrentDownEvent. id: 422834659 caller: com.android.server.wm.SystemGesturesPointerEventListener.onPointerEvent:204 com.android.server.wm.PointerEventDispatcher.onInputEvent:53 android.view.InputEventReceiver.dispatchInputEvent:337 
01-01 18:03:48.682  1375  1400 I GestureDetector: obtain mCurrentDownEvent. id: 422834659 caller: com.android.server.wm.SystemPerformancePointerEventListener.onPointerEvent:89 com.android.server.wm.PointerEventDispatcher.onInputEvent:53 android.view.InputEventReceiver.dispatchInputEvent:337 
01-01 18:03:48.683 32459 32459 I GestureDetector: obtain mCurrentDownEvent. id: 422834659 caller: kj0.d.b:34 kj0.e.g:31 ij0.a.b:7 
01-01 18:03:48.684 32459 32459 I HBD     : d ATL SoundAndVibrationKeyA
01-01 18:03:48.684 32459 32459 I HBD     : e vib is off 
01-01 18:03:48.684 32459 32459 I HBD     : a [PF_KL] OTE none 0 2 4 1921846 (1, NONE) 
01-01 18:03:48.684 32459   532 I AudioManager: getParameters keys = g_volume_situation_key;type=2;device=0
01-01 18:03:48.685   831  5521 V APM_AudioPolicyManager: getAudioPolicyConfig: g_volume_situation_key;type=2;device=0
01-01 18:03:48.685   831  5521 W SecAudioParamPolicy: g_volume_situation_key: did not support legacy situation volumes
01-01 18:03:48.685  1375  3575 D AudioSystem: getParameters() ERROR : can't get situationVolume
01-01 18:03:48.685   831  5521 I AF::Track: start() situation track : stv_keyboard
01-01 18:03:48.685   831  5521 I AF::Track: setMixerOutConfig return default condition, mixer key 2002, thread key 2002
01-01 18:03:48.686   831  5521 V APM_AudioPolicyManager: startOutput portId 3627
01-01 18:03:48.686   831  5521 V APM_AudioPolicyManager: startOutput() output 21, stream 1, session 28577
01-01 18:03:48.686   831  5521 V APM_AudioPolicyManager: setBeaconMute(1) mBeaconMuteRefCount=3 mBeaconPlayingRefCount=0
01-01 18:03:48.686   831  5521 V APM_AudioPolicyManager: selectOutputForMusicEffects selected output 13
01-01 18:03:48.686   831  5521 V APM_AudioPolicyManager: getNewOutputDevices selected devices {AUDIO_DEVICE_OUT_SPEAKER, @:}
01-01 18:03:48.686   831  5521 V APM_AudioPolicyManager: setOutputDevices device {AUDIO_DEVICE_OUT_SPEAKER, @:} delayMs 0
01-01 18:03:48.686   831  5521 V APM_AudioPolicyManager: setOutputDevices() prevDevice {AUDIO_DEVICE_OUT_SPEAKER, @:}
01-01 18:03:48.686   831  5521 V APM_AudioPolicyManager: setOutputDevices: suppressing checkDeviceMuteStrategies
01-01 18:03:48.686   831  5521 V APM_AudioPolicyManager: setOutputDevices changing device to {AUDIO_DEVICE_OUT_SPEAKER, @:}
01-01 18:03:48.697 32459  1201 I gralloc4: @set_metadata: update dataspace from GM (0x00000000 -> 0x08010000)
01-01 18:03:48.708   831  1340 D DlbDlbEffect: handle_EFFECT_CMD_SET_DEVICE(device=0x00000002)
01-01 18:03:48.708   831  1340 D DlbEffectContext: setDevice(00000002)
01-01 18:03:48.708   831  1340 D DlbEndpointParamCache: setDevice(device=0x00000002)
01-01 18:03:48.708   831  1340 I AudioEffectExtendAction: setDevice_l empty address, empty name
01-01 18:03:48.709   831  1340 V VolumeMonitor_Energy_Effect: VM_setDevice() sessionId:-2101, device:0x0x2, isBtTypeHeadset:0
01-01 18:03:48.709   791 11720 D AudioALSAStreamOut: updateSourceMetadataV7() 
01-01 18:03:48.709   791 11720 I AudioALSAStreamOut: updateSourceMetadata(), do nothing source_metadata = 0xea1aeab0
01-01 18:03:48.709   791   874 D AudioALSAHardware: +createAudioPatch() num_sources [1] , num_sinks [1], handle [0x2529], current mAudioHalPatchVector size 2
01-01 18:03:48.709   791   874 D AudioALSAStreamManager: +setParameters(), IOport = 21, keyValuePairs = routing=2
01-01 18:03:48.709   791   874 D AudioALSAStreamManager: setParameters(), Send to mStreamOutVector[1], flag 4
01-01 18:03:48.709   791   874 D AudioALSAStreamOut: updatePolicyDevice(), flag: 0x4, device: 0x2
01-01 18:03:48.709   791   874 D AudioALSAStreamManager: +routingOutputDevice(), streamOut : set reopen state : false
01-01 18:03:48.709   791   874 D AudioALSAStreamManager: +routingOutputDevice(), streamOut : set reopen state : false
01-01 18:03:48.709   791   874 W AudioALSAStreamManager: routingOutputDevice(), flag: 0x4, output_devices == current_output_devices(0x00000002), return
01-01 18:03:48.709   791   874 D AudioALSAHardware: -createAudioPatch() num_sources [1] , num_sinks [1], handle [0x252a]
01-01 18:03:48.710   831  1340 D AudioFlinger: setCurDevice() 0x2
01-01 18:03:48.710   791   874 D AudioALSAStreamOut: updateSourceMetadataV7() 
01-01 18:03:48.710   791   874 I AudioALSAStreamOut: updateSourceMetadata(), do nothing source_metadata = 0xed63dab0
01-01 18:03:48.710   831  5521 V APM_AudioPolicyManager: setOutputDevices() AF::createAudioPatch returned 0 patchHandle 77724 num_sources 1 num_sinks 1
01-01 18:03:48.711   831  5521 V APM_AudioPolicyManager: checkAndSetVolume: output 21, stream 10, index 14, devices 0x2, volume 0.707946
01-01 18:03:48.711   831  5521 V APM_AudioPolicyManager: checkAndSetVolume: output 21, stream 4, index 11, devices 0x2, volume 0.354813
01-01 18:03:48.711   831  5521 V APM_AudioPolicyManager: checkAndSetVolume: output 21, stream 8, index 15, devices 0x2, volume 1.000000
01-01 18:03:48.712   799   879 I hwcomposer: [HWCDisplay] [Display_0 (type:1)] fps:23.761026,dur:1136.31,max:360.49,min:13.22  
01-01 18:03:48.713   831  5521 V APM_AudioPolicyManager: checkAndSetVolume: output 21, stream 3, index 14, devices 0x2, volume 0.630957
01-01 18:03:48.713   831  5521 V APM_AudioPolicyManager: checkAndSetVolume: output 21, stream 5, index 15, devices 0x2, volume 1.000000
01-01 18:03:48.713   831  5521 V APM_AudioPolicyManager: checkAndSetVolume: output 21, stream 2, index 15, devices 0x2, volume 0.707946
01-01 18:03:48.713   831  5521 V APM_AudioPolicyManager: checkAndSetVolume: output 21, stream 1, index 4, devices 0x2, volume 0.141254
01-01 18:03:48.714   831  5521 V APM_AudioPolicyManager: checkAndSetVolume: output 21, stream 9, index 14, devices 0x2, volume 0.707946
01-01 18:03:48.715   831  5521 V APM_AudioPolicyManager: checkAndSetVolume: output 21, stream 0, index 8, devices 0x2, volume 1.778279
01-01 18:03:48.716   831  5521 V APM_AudioPolicyManager: checkAndSetVolume: output 21, stream 11, index 7, devices 0x2, volume 0.066834
01-01 18:03:48.716   831  5521 V APM_AudioPolicyManager: checkAndSetVolume: output 21, stream 1, index 4, devices 0x2, volume 0.141254
01-01 18:03:48.718   831  5521 D audioserver: FGS Logger Transaction failed
01-01 18:03:48.718   831  5521 D audioserver: -129
01-01 18:03:48.718 32459   532 I HBD     : c Soundpool play()33 [Ljava.lang.Object;@c95768a
01-01 18:03:48.719   791   874 D AudioALSAStreamOut: updateSourceMetadataV7() 
01-01 18:03:48.719   791   874 I AudioALSAStreamOut: updateSourceMetadata(), do nothing source_metadata = 0xed63dab0
01-01 18:03:48.719   791  3310 D AudioALSAStreamOut: write(), flag 0x4, usePolicyDevice: 1, output_devices: 0x2 -> 0x2(policyDevice)
01-01 18:03:48.719   791  3310 D AudioALSAStreamManager: +syncSharedOutDevice(), originDevice/routingSharedOutDevice: 0x2/0x2, mAudioMode: 0
01-01 18:03:48.719   791  3310 D AudioMTKGainController: setNormalVolume(), mSceneIndex = 0, stream 1, devices 0x2, index 4, mode 0x0, gainDevice 0x2
01-01 18:03:48.719   791  3310 D AudioMTKGainController: setSpeakerGain(), gain = 10, spkAnaType = 3
01-01 18:03:48.720   791  3310 D AudioALSAStreamOut: open(), flags 4
01-01 18:03:48.720   791  3310 D AudioALSAStreamManager: +createPlaybackHandler(), mAudioMode = 0, output_devices = 0x2, isMixerOut = 0, isBypassAurisys = 0, flag = 4, isIEMsSource = 0, isIEMsOn = 0
01-01 18:03:48.720   791  3310 D AudioALSAStreamManager: needEnableVoip(), output_devices = 0x2, flags: 0x4, mAvailableOutputFlags: 0xe, enable: 0
01-01 18:03:48.720   791  3310 D AudioSpeechEnhanceInfo: IsAPDMNRTuningEnable(), 0
01-01 18:03:48.720   791  3310 D AudioALSAPlaybackHandlerFast: AudioALSAPlaybackHandlerFast()
01-01 18:03:48.720   791  3310 D AudioALSAPlaybackHandlerFast: +open(), mDevice = 0x2
01-01 18:03:48.720   791  3310 D AudioALSADeviceParser: compare pcm success = 2, stringpair = Playback_2
01-01 18:03:48.720   791  3310 D AudioALSADeviceConfigManager: ApplyDeviceTurnonSequenceByName() DeviceName = PLAYBACK2_TO_ADDA_DL descriptor->DeviceStatusCounte = 0
01-01 18:03:48.723   791  3310 D AudioUtility: chooseTargetSampleRate() hiFiState 0 isDeviceSupportHiFi 0 sampleRate 48000 targetSampleRate 48000
01-01 18:03:48.723   791  3310 D AudioALSAPlaybackHandlerBase: transferAudioFormatToPcmFormat(), audio_format(0x4) => pcm_format(0x3)
01-01 18:03:48.723   791  3310 D AudioALSAPlaybackHandlerFast: open(), mConfig: channels = 2, rate = 48000, period_size = 256, period_count = 2, format = 3, buffer size 4096 1024
01-01 18:03:48.723   791  3310 D AudioALSAPlaybackHandlerBase: CreateAurisysLibManager, ph type: 7, voip: 0, mAurisysScenario: 1
01-01 18:03:48.723   791  3310 D aurisys_utility: input dev: 0x80000080, fmt = 0x1, fs: 48000, max fs: 48000, ch: 2, max ch: 2, ch maks: 0x3, hw_info_mask: 0x0; output dev: 0x2, fmt = 0x1, fs: 48000, max fs: 48000, ch: 2, max ch: 2, ch maks: 0x3, hw_info_mask: 0x0; task_scene: 2, audio_mode: 0, stream_type: 1, output_flags: 0x4, input_source: 0, input_flags: 0x0; network_info: 0, enhancement_feature_mask: 0x0
01-01 18:03:48.723   791  3310 D AudioUtility: setupCustomInfoStr(), custom_info = "SetAudioCustomScene=Default;", (scene = Default, vol_level = -1, bt_codec = -1, gameChatMode = -1)
01-01 18:03:48.723   791  3310 D aurisys_utility: lib, working fs: 48000, fmt: 0x3, frame = 0, b_interleave = 1, num_ul_ref_buf_array = 0, num_dl_ref_buf_array = 0
01-01 18:03:48.723   791  3310 D aurisys_utility: dl in[type:2], ch: 2, ch_mask: 0x3, buf fs: 48000, buf content fs: 48000, fmt: 0x3; dl out[type:3], ch: 2, ch_mask: 0x3, buf fs: 48000, buf content fs: 48000, fmt: 0x3
01-01 18:03:48.723   791  3310 D aurisys_utility: lib, working fs: 48000, fmt: 0x3, frame = 1, b_interleave = 0, num_ul_ref_buf_array = 0, num_dl_ref_buf_array = 0
01-01 18:03:48.723   791  3310 D aurisys_utility: dl in[type:2], ch: 2, ch_mask: 0x3, buf fs: 48000, buf content fs: 48000, fmt: 0x3; dl out[type:3], ch: 2, ch_mask: 0x3, buf fs: 48000, buf content fs: 48000, fmt: 0x3
01-01 18:03:48.723   791  3310 D android.hardware.audio.service.mediatek: get_custom_info_value(), cusom_info = SetAudioCustomScene=Default;, key= SetAudioCustomScene, ret = 0, ptr = 0xeaef0a78, value_str = Default, max_value_str_leng = 20
01-01 18:03:48.723   791  3310 D AudioCompFltCustParam: audioHierarchicalParamEnable [1]
01-01 18:03:48.723   791  3310 D AudioCompFltCustParam: getPlaybackPostProcessParameterFromXML Type/Name [5]/[PlaybackDRC]
01-01 18:03:48.723   791  3310 D AudioCompFltCustParam: Caller wants to load Scene,Default,
01-01 18:03:48.723   791  3310 D AudioCompFltCustParam: Load from scene Scene,Default,Volume type,Music
01-01 18:03:48.723   791  3310 D AudioCompFltCustParam: audioHierarchicalParamEnable [1]
01-01 18:03:48.724   791  3310 D AudioCompFltCustParam: getPlaybackPostProcessParameterFromXML Type/Name [0]/[PlaybackACF]
01-01 18:03:48.724   791  3310 D AudioCompFltCustParam: Caller wants to load Scene,Default,
01-01 18:03:48.724   791  3310 D AudioCompFltCustParam: Load from scene Scene,Default,Volume type,Music,Profile,Speaker
01-01 18:03:48.724   791  3310 D AudioCompFltCustParam: audioHierarchicalParamEnable [1]
01-01 18:03:48.724   791  3310 D AudioCompFltCustParam: getPlaybackPostProcessParameterFromXML Type/Name [6]/[PlaybackDRC]
01-01 18:03:48.724   791  3310 D AudioCompFltCustParam: Caller wants to load Scene,Default,
01-01 18:03:48.724   791  3310 D AudioCompFltCustParam: Load from scene Scene,Default,Volume type,Ring
01-01 18:03:48.724   791  3310 D AudioCompFltCustParam: audioHierarchicalParamEnable [1]
01-01 18:03:48.724   791  3310 D AudioCompFltCustParam: getPlaybackPostProcessParameterFromXML Type/Name [8]/[PlaybackACF]
01-01 18:03:48.724   791  3310 D AudioCompFltCustParam: Caller wants to load Scene,Default,
01-01 18:03:48.724   791  3310 D AudioCompFltCustParam: Load from scene Scene,Default,Volume type,Music,Profile,Speaker
01-01 18:03:48.724   791  3310 D aurisys_lib_handler: aurisys_arsi_parsing_param_file(), gProductInfo "platform=MT6768,device=a14m,model=SM-A145P", file_path "/vendor/etc/audio_param", enhancement_mode 0, param_buf_size 2528, data_size 2528, custom_info SetAudioCustomScene=Default;
01-01 18:03:48.724   791  3310 D aurisys_lib_handler: [LIB] fsm_audio_query_param_buf_size_by_custom_info(), get param buf size 0 for enh mode SetAudioCustomScene=Default; from file /vendor/etc/audio_param, task_scene:2, audio_mode:0, stream_type:1, network_info:0, output_flags:4, audio_usage:0
01-01 18:03:48.724   791  3310 D aurisys_lib_handler: [LIB] fsm preset_name=preset_system.bin
01-01 18:03:48.724   791  3310 D aurisys_lib_handler: [LIB] fsm_audio_query_param_buf_size_by_custom_info(), the param file is /vendor/etc/audio_param/preset_system.bin
01-01 18:03:48.724   791  3310 E FSM     : fsm_audio_query_param_buf_size_by_custom_info(), the specified file does not exist using default:/vendor/etc/audio_param/preset_default.bin
01-01 18:03:48.724   791  3310 D aurisys_lib_handler: [LIB] fsm_audio_query_param_buf_size_by_custom_info(), success to get param file length=5896
01-01 18:03:48.724   791  3310 D aurisys_lib_handler: [LIB] fsm preset_name=preset_system.bin
01-01 18:03:48.724   791  3310 D aurisys_lib_handler: [LIB] fsm_audio_parsing_param_file_by_custom_info(), param buffer size=11792 from file /vendor/etc/audio_param/preset_system.bin
01-01 18:03:48.724   791  3310 E FSM     : fsm_audio_parsing_param_file_by_custom_info(), the specified file does not exist using default:/vendor/etc/audio_param/preset_default.bin
01-01 18:03:48.725   791  3310 D aurisys_lib_handler: [LIB] fsm_audio_parsing_param_file_by_custom_info(), success to read 5896 param!
01-01 18:03:48.725   791  3310 D aurisys_lib_handler: aurisys_arsi_parsing_param_file(), gProductInfo "platform=MT6768,device=a14m,model=SM-A145P", file_path "/vendor/etc/audio_param", enhancement_mode 0, param_buf_size 5896, data_size 5896, custom_info SetAudioCustomScene=Default;
01-01 18:03:48.725   841   841 I gralloc4: @set_metadata: update dataspace from GM (0x08010000 -> 0x00000000)
01-01 18:03:48.726   791  3310 D aurisys_lib_handler: aurisys_arsi_create_handler(), lib_name mtk_bessound, 0xee56c500, memory_size 72624, arsi_handler 0xeba98c00, retval 0x0
01-01 18:03:48.726   791  3310 D aurisys_lib_handler: aurisys_arsi_create_handler(), arsi_query_process_unit_bytes, ul 0, dl 2048, retval 0
01-01 18:03:48.726   791  3310 D aurisys_lib_handler: [LIB] fsm_audio_query_working_buf_size()+, working_buf_size = 1494192
01-01 18:03:48.727   791  3310 D aurisys_lib_handler: [LIB] fsm_audio_create_handler()+, fsadsp ver = 1.1.12.1
01-01 18:03:48.727   791  3310 D aurisys_lib_handler: [LIB] fsm_audio_create_handler()+ the required memory size=1494192, param size=5896, scenario=4
01-01 18:03:48.727   791  3310 D aurisys_lib_handler: [LIB] fsm_audio_create_handler(), device_out=2 audio_format=3
01-01 18:03:48.727   791  3310 D FSM     : FSADSP: fs_algo_set_param enter param = 0xed240000 size = 5896, ptr mod = 0xe9f43348 end at 0xea09e130
01-01 18:03:48.727   791  3310 D FSM     : FSADSP: Preset info: 0xFA04 1401, [O22] [HQ] [22-11-22 15:1:22], data len=5868 check sum=0xBA96
01-01 18:03:48.727   791  3310 D FSM     : FSADSP: fs_algo_set_param check sum ok
01-01 18:03:48.727   791  3310 D FSM     : FSADSP: fs_algo_set_param global settings: 0x00000001 0x0000FFFF
01-01 18:03:48.727   791  3310 D FSM     : FSADSP: init_module_by_type effect_type = 11 module = 0xe9f43348.
01-01 18:03:48.727   791  3310 D FSM     : FSADSP: init_module_by_type effect_type = 22 module = 0xe9f43688.
01-01 18:03:48.727   791  3310 D FSM     : FSADSP: init_module_by_type effect_type = 2 module = 0xe9f7fae0.
01-01 18:03:48.728   791  3310 D FSM     : FSADSP: init_module_by_type effect_type = 1 module = 0xe9fa9738.
01-01 18:03:48.728   791  3310 D FSM     : FSADSP: fs_algo_set_param global effect module with type 0x00000009
01-01 18:03:48.728   791  3310 D FSM     : FSADSP: init_module_by_type effect_type = 9 module = 0xe9f42f70.
01-01 18:03:48.728   791  3310 D FSM     : FSADSP: init_module_by_type effect_type = 14 module = 0xe9faa898.
01-01 18:03:48.728   791  3310 D FSM     : FSADSP: fs_algo_set_param load effect parameters begin, module count = 6
01-01 18:03:48.728   791  3310 D FSM     : FSADSP: preset_data = 0x0xe9fc2bc0 next pos = 0xe9fc42c8 end = 0xea09e130
01-01 18:03:48.730   791  3310 D aurisys_lib_handler: [LIB] fsm_audio_create_handler(), success to load param
01-01 18:03:48.730   791  3310 D aurisys_lib_handler: [LIB] fsm_audio_create_handler(), mem[1483080] mips[76]
01-01 18:03:48.732   791  3310 D FSM     : can't find suitable thermal zone
01-01 18:03:48.732   791  3310 D aurisys_lib_handler: aurisys_arsi_create_handler(), lib_name fsm_audio, 0xee56cf00, memory_size 1494192, arsi_handler 0xe9f31480, retval 0x0
01-01 18:03:48.732   791  3310 D FSM     : fsm_audio_set_debug_log_fp()+
01-01 18:03:48.732   791  3310 D FSM     : fsm_audio_query_process_unit_bytes()+
01-01 18:03:48.732   791  3310 D aurisys_lib_handler: aurisys_arsi_create_handler(), arsi_query_process_unit_bytes, ul 0, dl 384, retval 0
01-01 18:03:48.732   791  3310 D aurisys_lib_manager: DL Lib, lib_name mtk_bessound, 0xee56c500, sample_rate: 48000 => 48000, num_channels: 2 => 2, audio_format: 0x1 => 0x3, interleave: 1 => 1, frame: 0 => 0
01-01 18:03:48.732   791  3310 D aurisys_lib_manager: DL Lib, lib_name fsm_audio, 0xee56cf00, sample_rate: 48000 => 48000, num_channels: 2 => 2, audio_format: 0x3 => 0x3, interleave: 1 => 0, frame: 0 => 1
01-01 18:03:48.732   791  3310 D aurisys_lib_manager: DL out, sample_rate: 48000 => 48000, num_channels: 2 => 2, audio_format: 0x3 => 0x4, interleave: 0 => 1, frame: 1 => 0
01-01 18:03:48.734   791  3310 D AudioALSAPlaybackHandlerBase: openPcmDriverWithFlag(), pcm device = 2 flag = 0x8 mPcm = 0xeeb55400
01-01 18:03:48.734   791  3310 D AudioALSAHardwareResourceManager: +startOutputDevice(), new_devices = 0x2, mOutputDevices = 0x0, mStartOutputDevicesCount = 0 SampleRate = 48000
01-01 18:03:48.734   791  3310 D AudioALSADeviceConfigManager: ApplyDeviceTurnonSequenceByName() DeviceName = speaker_output descriptor->DeviceStatusCounte = 0
01-01 18:03:48.735   791  3310 D AudioALSADeviceConfigManager: ApplyDeviceTurnonSequenceByName() DeviceName = ext_speaker_output descriptor->DeviceStatusCounte = 0
01-01 18:03:48.742   791  3310 D AudioALSAHardwareResourceManager: notifyOutputDeviceStatusChange(), device = 2, status = 0, sampleRate = 48000, mOpenSpeakerPathCount = 1
01-01 18:03:48.742   791  3310 D AudioALSAStreamManager: speakerStatusChangeCb(), status = 0, sampleRate = 48000
01-01 18:03:48.742   791  3310 D AudioALSAPlaybackHandlerFast: -open()
01-01 18:03:48.746   791  3310 D aurisys_lib_handler: [LIB] fsm_audio_process_dl_buf()+: ch: 2, fs for pcm: 48000 fmt: 0x3 fs ms: 1 data size per ch: 192 scenario: 4
01-01 18:03:48.762   831  1340 D AudioFlinger: mixer(0xb400007c5a070ec0) Spend too much time to write: delta 42(effect 0, stage 0)
01-01 18:03:48.771  1375  1400 I GestureDetector: obtain mCurrentMotionEventRaw. action: 2 id: 625313503
01-01 18:03:48.772  1375  1400 I GestureDetector: obtain mCurrentMotionEventRaw. action: 2 id: 625313503
01-01 18:03:48.791 32459 32459 I GestureDetector: obtain mCurrentMotionEventRaw. action: 2 id: 625313503
01-01 18:03:48.804  1375  1545 I InputReader: Touch event's action is 0x1 (id=5, t=0) [pCnt=1, s=] when=250590.394654
01-01 18:03:48.804  1375  1544 I InputDispatcher: Delivering touch to (32459): action: 0x1, f=0x0, d=0, 'eba3da2', t=1 +(0,-64)
01-01 18:03:48.805 32459 32459 I ViewRootImpl@2abddcd[InputMethod]: ViewPostIme pointer 1
01-01 18:03:48.805 32459 32459 I HBD     : a down event is done 
01-01 18:03:48.806 32459 32459 I HBD     : a up event is done 
01-01 18:03:48.806 32459 32459 I HBD     : d ATL DTMFKeyA
01-01 18:03:48.806 32459 32459 I HBD     : a [PF_KL] OTE none 1 1 3 1499692 (1, NONE) 
01-01 18:03:48.813 32459  1201 I gralloc4: @set_metadata: update dataspace from GM (0x00000000 -> 0x08010000)
01-01 18:03:48.819 32459 32459 I HBD     : m1 ous -  0 ,  0 ,  1 ,  1 ,  -1 ,  -1
01-01 18:03:48.823 32459 32459 I HBD     : m0 EBD cm S 0 
01-01 18:03:48.828 32459  1201 I gralloc4: @set_metadata: update dataspace from GM (0x00000000 -> 0x08010000)
01-01 18:03:48.839   831   831 I AF::Track: stop() situation track : stv_keyboard
01-01 18:03:48.888   831  1340 D audioserver: FGS Logger Transaction failed
01-01 18:03:48.888   831  1340 D audioserver: -129
01-01 18:03:48.888   831  1049 V APM_AudioPolicyManager: stopOutput portId 3627
01-01 18:03:48.888   831  1049 V APM_AudioPolicyManager: stopOutput() output 21, stream 1, session 28577
01-01 18:03:48.888   831  1049 V APM_AudioPolicyManager: setBeaconMute(1) mBeaconMuteRefCount=2 mBeaconPlayingRefCount=0
01-01 18:03:48.888   831  1049 V APM_AudioPolicyManager: getNewOutputDevices selected devices AUDIO_DEVICE_NONE
01-01 18:03:48.888   831  1049 V APM_AudioPolicyManager: setOutputDevices device AUDIO_DEVICE_NONE delayMs 84
01-01 18:03:48.889   831  1049 V APM_AudioPolicyManager: setOutputDevices() prevDevice {AUDIO_DEVICE_OUT_SPEAKER, @:}
01-01 18:03:48.889   791   874 D AudioALSAStreamOut: updateSourceMetadataV7() 
01-01 18:03:48.889   791   874 I AudioALSAStreamOut: updateSourceMetadata(), do nothing source_metadata = 0xed63dab0
01-01 18:03:48.889   831  1049 I APM::AudioPolicyEngine: getDevicesForStrategyInt no device found for strategy 9
01-01 18:03:48.889   831  1049 V APM_AudioPolicyManager: setOutputDevices setting same device AUDIO_DEVICE_NONE or null device, force=0, patch handle=3398
01-01 18:03:48.889   831  1049 V APM_AudioPolicyManager: selectOutputForMusicEffects selected output 13
01-01 18:03:48.889   841   841 I BufferQueueProducer: [SurfaceView[com.wawapp.driver/com.wawapp.driver.MainActivity]@0(BLAST)#53130](this:0xb400007a78e48790,id:-1,api:0,p:-1,c:841) queueBuffer: fps=11.38 dur=1317.63 max=460.03 min=16.25
01-01 18:03:48.982  1375  1400 I GestureDetector: handleMessage TAP
01-01 18:03:48.983  1375  1375 I GestureDetector: handleMessage TAP
01-01 18:03:49.035  1375  1545 I InputReader: Touch event's action is 0x0 (id=5, t=0) [pCnt=1, s=0.0 ] when=250590.625371
01-01 18:03:49.035  1375  1544 I InputDispatcher: Delivering touch to (1876): action: 0x4, f=0x0, d=0, '6c20be ', t=1 
01-01 18:03:49.035  1375  1544 I InputDispatcher: Delivering touch to (32459): action: 0x0, f=0x0, d=0, 'eba3da2', t=1 +(0,-64)
01-01 18:03:49.036 32459 32459 I ViewRootImpl@2abddcd[InputMethod]: ViewPostIme pointer 0
01-01 18:03:49.036  1375  1544 D PowerManagerService: [api] userActivityFromNative : touch, IME displayId=0 eventTime=250590625
01-01 18:03:49.036  1375  1400 I GestureDetector: obtain mCurrentDownEvent. id: 721877557 caller: com.android.server.wm.SystemGesturesPointerEventListener.onPointerEvent:204 com.android.server.wm.PointerEventDispatcher.onInputEvent:53 android.view.InputEventReceiver.dispatchInputEvent:337 
01-01 18:03:49.036  1375  1400 I GestureDetector: obtain mCurrentDownEvent. id: 721877557 caller: com.android.server.wm.SystemPerformancePointerEventListener.onPointerEvent:89 com.android.server.wm.PointerEventDispatcher.onInputEvent:53 android.view.InputEventReceiver.dispatchInputEvent:337 
01-01 18:03:49.037 32459 32459 I GestureDetector: obtain mCurrentDownEvent. id: 721877557 caller: kj0.d.b:34 kj0.e.g:31 ij0.a.b:7 
01-01 18:03:49.038 32459 32459 I HBD     : d ATL SoundAndVibrationKeyA
01-01 18:03:49.038 32459 32459 I HBD     : e vib is off 
01-01 18:03:49.038 32459   532 I AudioManager: getParameters keys = g_volume_situation_key;type=2;device=0
01-01 18:03:49.038 32459 32459 I HBD     : a [PF_KL] OTE none 0 1 4 2431692 (1, NONE) 
01-01 18:03:49.039   831   831 V APM_AudioPolicyManager: getAudioPolicyConfig: g_volume_situation_key;type=2;device=0
01-01 18:03:49.039   831   831 W SecAudioParamPolicy: g_volume_situation_key: did not support legacy situation volumes
01-01 18:03:49.039  1375  5925 D AudioSystem: getParameters() ERROR : can't get situationVolume
01-01 18:03:49.039   831 28956 I AF::Track: start() situation track : stv_keyboard
01-01 18:03:49.039   831 28956 I AF::Track: setMixerOutConfig return default condition, mixer key 2002, thread key 2002
01-01 18:03:49.040   831 28956 V APM_AudioPolicyManager: startOutput portId 3627
01-01 18:03:49.040   831 28956 V APM_AudioPolicyManager: startOutput() output 21, stream 1, session 28577
01-01 18:03:49.040   831 28956 V APM_AudioPolicyManager: setBeaconMute(1) mBeaconMuteRefCount=3 mBeaconPlayingRefCount=0
01-01 18:03:49.040   831 28956 V APM_AudioPolicyManager: selectOutputForMusicEffects selected output 13
01-01 18:03:49.040   831 28956 V APM_AudioPolicyManager: getNewOutputDevices selected devices {AUDIO_DEVICE_OUT_SPEAKER, @:}
01-01 18:03:49.040   831 28956 V APM_AudioPolicyManager: setOutputDevices device {AUDIO_DEVICE_OUT_SPEAKER, @:} delayMs 0
01-01 18:03:49.040   831 28956 V APM_AudioPolicyManager: setOutputDevices() prevDevice {AUDIO_DEVICE_OUT_SPEAKER, @:}
01-01 18:03:49.040   831 28956 V APM_AudioPolicyManager: setOutputDevices: suppressing checkDeviceMuteStrategies
01-01 18:03:49.040   831 28956 V APM_AudioPolicyManager: setOutputDevices changing device to {AUDIO_DEVICE_OUT_SPEAKER, @:}
01-01 18:03:49.059 32459  1201 I gralloc4: @set_metadata: update dataspace from GM (0x00000000 -> 0x08010000)
01-01 18:03:49.062   831  1340 D DlbDlbEffect: handle_EFFECT_CMD_SET_DEVICE(device=0x00000002)
01-01 18:03:49.062   831  1340 D DlbEffectContext: setDevice(00000002)
01-01 18:03:49.062   831  1340 D DlbEndpointParamCache: setDevice(device=0x00000002)
01-01 18:03:49.062   831  1340 I AudioEffectExtendAction: setDevice_l empty address, empty name
01-01 18:03:49.062   831  1340 V VolumeMonitor_Energy_Effect: VM_setDevice() sessionId:-2101, device:0x0x2, isBtTypeHeadset:0
01-01 18:03:49.062   791   874 D AudioALSAStreamOut: updateSourceMetadataV7() 
01-01 18:03:49.062   791   874 I AudioALSAStreamOut: updateSourceMetadata(), do nothing source_metadata = 0xed63dab0
01-01 18:03:49.062   791 11720 D AudioALSAHardware: +createAudioPatch() num_sources [1] , num_sinks [1], handle [0x252a], current mAudioHalPatchVector size 2
01-01 18:03:49.062   791 11720 D AudioALSAStreamManager: +setParameters(), IOport = 21, keyValuePairs = routing=2
01-01 18:03:49.062   791 11720 D AudioALSAStreamManager: setParameters(), Send to mStreamOutVector[1], flag 4
01-01 18:03:49.067   791 11720 D AudioALSAStreamOut: updatePolicyDevice(), flag: 0x4, device: 0x2
01-01 18:03:49.067   791 11720 D AudioALSAStreamManager: +routingOutputDevice(), streamOut : set reopen state : false
01-01 18:03:49.067   791 11720 D AudioALSAStreamManager: +routingOutputDevice(), streamOut : set reopen state : false
01-01 18:03:49.067   791 11720 W AudioALSAStreamManager: routingOutputDevice(), flag: 0x4, output_devices == current_output_devices(0x00000002), return
01-01 18:03:49.067   791 11720 D AudioALSAHardware: -createAudioPatch() num_sources [1] , num_sinks [1], handle [0x252b]
01-01 18:03:49.068   831  1340 D AudioFlinger: setCurDevice() 0x2
01-01 18:03:49.068   791   874 D AudioALSAStreamOut: updateSourceMetadataV7() 
01-01 18:03:49.068   791   874 I AudioALSAStreamOut: updateSourceMetadata(), do nothing source_metadata = 0xed63dab0
01-01 18:03:49.068   831 28956 V APM_AudioPolicyManager: setOutputDevices() AF::createAudioPatch returned 0 patchHandle 77732 num_sources 1 num_sinks 1
01-01 18:03:49.069   831 28956 V APM_AudioPolicyManager: checkAndSetVolume: output 21, stream 10, index 14, devices 0x2, volume 0.707946
01-01 18:03:49.069   831 28956 V APM_AudioPolicyManager: checkAndSetVolume: output 21, stream 4, index 11, devices 0x2, volume 0.354813
01-01 18:03:49.069   831 28956 V APM_AudioPolicyManager: checkAndSetVolume: output 21, stream 8, index 15, devices 0x2, volume 1.000000
01-01 18:03:49.070   831 28956 V APM_AudioPolicyManager: checkAndSetVolume: output 21, stream 3, index 14, devices 0x2, volume 0.630957
01-01 18:03:49.070   831 28956 V APM_AudioPolicyManager: checkAndSetVolume: output 21, stream 5, index 15, devices 0x2, volume 1.000000
01-01 18:03:49.071   841   841 I BufferQueueProducer: [InputMethod$_32459#53139](this:0xb400007a78720790,id:-1,api:0,p:-1,c:841) queueBuffer: fps=5.60 dur=1071.22 max=692.80 min=16.37
01-01 18:03:49.071   831 28956 V APM_AudioPolicyManager: checkAndSetVolume: output 21, stream 2, index 15, devices 0x2, volume 0.707946
01-01 18:03:49.071   831 28956 V APM_AudioPolicyManager: checkAndSetVolume: output 21, stream 1, index 4, devices 0x2, volume 0.141254
01-01 18:03:49.072   831 28956 V APM_AudioPolicyManager: checkAndSetVolume: output 21, stream 9, index 14, devices 0x2, volume 0.707946
01-01 18:03:49.072   831 28956 V APM_AudioPolicyManager: checkAndSetVolume: output 21, stream 0, index 8, devices 0x2, volume 1.778279
01-01 18:03:49.073   831 28956 V APM_AudioPolicyManager: checkAndSetVolume: output 21, stream 11, index 7, devices 0x2, volume 0.066834
01-01 18:03:49.074   831 28956 V APM_AudioPolicyManager: checkAndSetVolume: output 21, stream 1, index 4, devices 0x2, volume 0.141254
01-01 18:03:49.075 32459  1201 I gralloc4: @set_metadata: update dataspace from GM (0x00000000 -> 0x08010000)
01-01 18:03:49.075   831 28956 D audioserver: FGS Logger Transaction failed
01-01 18:03:49.075   831 28956 D audioserver: -129
01-01 18:03:49.076 32459   532 I HBD     : c Soundpool play()37 [Ljava.lang.Object;@168a5d7
01-01 18:03:49.078   791   874 D AudioALSAStreamOut: updateSourceMetadataV7() 
01-01 18:03:49.078   791   874 I AudioALSAStreamOut: updateSourceMetadata(), do nothing source_metadata = 0xed63dab0
01-01 18:03:49.109  1375  1400 I GestureDetector: obtain mCurrentMotionEventRaw. action: 2 id: 193462037
01-01 18:03:49.109  1375  1400 I GestureDetector: obtain mCurrentMotionEventRaw. action: 2 id: 193462037
01-01 18:03:49.120 32459 32459 I GestureDetector: obtain mCurrentMotionEventRaw. action: 2 id: 193462037
01-01 18:03:49.125  1375  1545 I InputReader: Touch event's action is 0x1 (id=5, t=0) [pCnt=1, s=] when=250590.715244
01-01 18:03:49.125  1375  1544 I InputDispatcher: Delivering touch to (32459): action: 0x1, f=0x0, d=0, 'eba3da2', t=1 +(0,-64)
01-01 18:03:49.125 32459 32459 I ViewRootImpl@2abddcd[InputMethod]: ViewPostIme pointer 1
01-01 18:03:49.126 32459 32459 I HBD     : a down event is done 
01-01 18:03:49.126 32459 32459 I HBD     : a up event is done 
01-01 18:03:49.126 32459 32459 I HBD     : d ATL DTMFKeyA
01-01 18:03:49.126 32459 32459 I HBD     : a [PF_KL] OTE none 1 1 2 1286692 (1, NONE) 
01-01 18:03:49.136 32459 32459 I HBD     : m1 ous -  1 ,  1 ,  2 ,  2 ,  -1 ,  -1
01-01 18:03:49.167   831  5521 I AF::Track: stop() situation track : stv_keyboard
01-01 18:03:49.178  1876  1876 D StatusBarIconController: ignoring old pipeline callbacks, because the new mobile icons are enabled
01-01 18:03:49.182 32459 32459 I HBD     : a [PF_KL][HBIC] getSelectedText t, 45 
01-01 18:03:49.190 32459 32459 I HBD     : m0 EBD cm S 0 
01-01 18:03:49.192  1876  2061 I gralloc4: @set_metadata: update dataspace from GM (0x00000000 -> 0x08010000)
01-01 18:03:49.195 32459  1201 I gralloc4: @set_metadata: update dataspace from GM (0x00000000 -> 0x08010000)
01-01 18:03:49.203   841   841 I BufferQueueProducer: [StatusBar$_1876#83](this:0xb400007a78f3f790,id:-1,api:0,p:-1,c:841) queueBuffer: fps=0.99 dur=1005.38 max=1005.38 min=1005.38
01-01 18:03:49.206 32459  1201 I gralloc4: @set_metadata: update dataspace from GM (0x00000000 -> 0x08010000)
01-01 18:03:49.208   831  1340 D audioserver: FGS Logger Transaction failed
01-01 18:03:49.208   831  1340 D audioserver: -129
01-01 18:03:49.208   831  1049 V APM_AudioPolicyManager: stopOutput portId 3627
01-01 18:03:49.208   831  1049 V APM_AudioPolicyManager: stopOutput() output 21, stream 1, session 28577
01-01 18:03:49.208   831  1049 V APM_AudioPolicyManager: setBeaconMute(1) mBeaconMuteRefCount=2 mBeaconPlayingRefCount=0
01-01 18:03:49.209   831  1049 V APM_AudioPolicyManager: getNewOutputDevices selected devices AUDIO_DEVICE_NONE
01-01 18:03:49.209   831  1049 V APM_AudioPolicyManager: setOutputDevices device AUDIO_DEVICE_NONE delayMs 84
01-01 18:03:49.209   831  1049 V APM_AudioPolicyManager: setOutputDevices() prevDevice {AUDIO_DEVICE_OUT_SPEAKER, @:}
01-01 18:03:49.209   791   874 D AudioALSAStreamOut: updateSourceMetadataV7() 
01-01 18:03:49.209   791   874 I AudioALSAStreamOut: updateSourceMetadata(), do nothing source_metadata = 0xed63dab0
01-01 18:03:49.209   831  1049 I APM::AudioPolicyEngine: getDevicesForStrategyInt no device found for strategy 9
01-01 18:03:49.209   831  1049 V APM_AudioPolicyManager: setOutputDevices setting same device AUDIO_DEVICE_NONE or null device, force=0, patch handle=3398
01-01 18:03:49.210   831  1049 V APM_AudioPolicyManager: selectOutputForMusicEffects selected output 13
01-01 18:03:49.336  1375  1375 I GestureDetector: handleMessage TAP
01-01 18:03:49.336  1375  1400 I GestureDetector: handleMessage TAP
01-01 18:03:49.388  1375  1545 I InputReader: Touch event's action is 0x0 (id=5, t=0) [pCnt=1, s=0.0 ] when=250590.979158
01-01 18:03:49.389  1375  1544 I InputDispatcher: Delivering touch to (1876): action: 0x4, f=0x0, d=0, '6c20be ', t=1 
01-01 18:03:49.389  1375  1544 I InputDispatcher: Delivering touch to (32459): action: 0x0, f=0x0, d=0, 'eba3da2', t=1 +(0,-64)
01-01 18:03:49.389 32459 32459 I ViewRootImpl@2abddcd[InputMethod]: ViewPostIme pointer 0
01-01 18:03:49.390  1375  1400 I GestureDetector: obtain mCurrentDownEvent. id: 85905737 caller: com.android.server.wm.SystemGesturesPointerEventListener.onPointerEvent:204 com.android.server.wm.PointerEventDispatcher.onInputEvent:53 android.view.InputEventReceiver.dispatchInputEvent:337 
01-01 18:03:49.390  1375  1400 I GestureDetector: obtain mCurrentDownEvent. id: 85905737 caller: com.android.server.wm.SystemPerformancePointerEventListener.onPointerEvent:89 com.android.server.wm.PointerEventDispatcher.onInputEvent:53 android.view.InputEventReceiver.dispatchInputEvent:337 
01-01 18:03:49.391 32459 32459 I GestureDetector: obtain mCurrentDownEvent. id: 85905737 caller: kj0.d.b:34 kj0.e.g:31 ij0.a.b:7 
01-01 18:03:49.391 32459 32459 I HBD     : d ATL SoundAndVibrationKeyA
01-01 18:03:49.392 32459 32459 I HBD     : e vib is off 
01-01 18:03:49.392 32459   532 I AudioManager: getParameters keys = g_volume_situation_key;type=2;device=0
01-01 18:03:49.392 32459 32459 I HBD     : a [PF_KL] OTE none 0 1 3 2177846 (1, NONE) 
01-01 18:03:49.392   831  5521 V APM_AudioPolicyManager: getAudioPolicyConfig: g_volume_situation_key;type=2;device=0
01-01 18:03:49.392   831  5521 W SecAudioParamPolicy: g_volume_situation_key: did not support legacy situation volumes
01-01 18:03:49.393  1375  5925 D AudioSystem: getParameters() ERROR : can't get situationVolume
01-01 18:03:49.393   831  5521 I AF::Track: start() situation track : stv_keyboard
01-01 18:03:49.393   831  5521 I AF::Track: setMixerOutConfig return default condition, mixer key 2002, thread key 2002
01-01 18:03:49.393   831  5521 V APM_AudioPolicyManager: startOutput portId 3627
01-01 18:03:49.393   831  5521 V APM_AudioPolicyManager: startOutput() output 21, stream 1, session 28577
01-01 18:03:49.393   831  5521 V APM_AudioPolicyManager: setBeaconMute(1) mBeaconMuteRefCount=3 mBeaconPlayingRefCount=0
01-01 18:03:49.394   831  5521 V APM_AudioPolicyManager: selectOutputForMusicEffects selected output 13
01-01 18:03:49.394   831  5521 V APM_AudioPolicyManager: getNewOutputDevices selected devices {AUDIO_DEVICE_OUT_SPEAKER, @:}
01-01 18:03:49.394   831  5521 V APM_AudioPolicyManager: setOutputDevices device {AUDIO_DEVICE_OUT_SPEAKER, @:} delayMs 0
01-01 18:03:49.394   831  5521 V APM_AudioPolicyManager: setOutputDevices() prevDevice {AUDIO_DEVICE_OUT_SPEAKER, @:}
01-01 18:03:49.394   831  5521 V APM_AudioPolicyManager: setOutputDevices: suppressing checkDeviceMuteStrategies
01-01 18:03:49.394   831  5521 V APM_AudioPolicyManager: setOutputDevices changing device to {AUDIO_DEVICE_OUT_SPEAKER, @:}
01-01 18:03:49.398  1375  1400 I GestureDetector: obtain mCurrentMotionEventRaw. action: 2 id: 556950054
01-01 18:03:49.398  1375  1400 I GestureDetector: obtain mCurrentMotionEventRaw. action: 2 id: 556950054
01-01 18:03:49.404 32459  1201 I gralloc4: @set_metadata: update dataspace from GM (0x00000000 -> 0x08010000)
01-01 18:03:49.415   831  1340 D DlbDlbEffect: handle_EFFECT_CMD_SET_DEVICE(device=0x00000002)
01-01 18:03:49.415   831  1340 D DlbEffectContext: setDevice(00000002)
