01-01 18:04:00.843 16852 16852 I flutter : [Router]  Auth loading - staying on current route
01-01 18:04:00.853 16852 16852 I flutter : [AuthGate] NAVIGATION_DECISION | user: null, isLoading: true, isPinCheckLoading: false, otpStage: OtpStage.sending, hasPin: false
01-01 18:04:00.853 16852 16852 I flutter : [AuthGate] REDIRECT_REASON=AUTH_LOADING  CircularProgressIndicator
01-01 18:04:00.959 16852 16852 I flutter : [PhonePinAuth] DIAGNOSTIC: verifyPhoneNumber() call initiated, waiting for callbacks...
01-01 18:04:00.970   773   773 E audit   : type=1400 audit(1767290640.968:1641390): avc:  denied  { ioctl } for  pid=16852 comm=4D6561737572656D656E7420576F72 path="/data/data/com.wawapp.driver/databases/google_app_measurement_local.db" dev="dm-50" ino=1439960 ioctlcmd=0xf522 scontext=u:r:untrusted_app:s0:c161,c257,c512,c768 tcontext=u:object_r:app_data_file:s0:c161,c257,c512,c768 tclass=file permissive=0 SEPF_SM-A145P_12_0001 audit_filtered
01-01 18:04:00.981   966  1164 I CameraService: onUidStateChanged: uid=10173, procState is changed. (5 -> 3)
01-01 18:04:00.982  1375  2067 I ActivityManager: Changes in 99137 19 to 3, 0 to 56
01-01 18:04:00.986 27954 27954 D BoundBrokerSvc: onBind: Intent { act=com.google.android.gms.measurement.START pkg=com.google.android.gms }
01-01 18:04:00.986 27954 27954 D BoundBrokerSvc: Loading bound service for intent: Intent { act=com.google.android.gms.measurement.START pkg=com.google.android.gms }
01-01 18:04:00.987  1375  1414 W libprocessgroup: SetCgroup::ExecuteForProcess: failed to open /dev/blkio//cgroup.procs: No such file or directory
01-01 18:04:00.988  1375  1414 W libprocessgroup: SetCgroup::ExecuteForProcess: failed to open /dev/blkio//cgroup.procs: No such file or directory
01-01 18:04:01.021  1375  1400 I GestureDetector: handleMessage TAP
01-01 18:04:01.021  1375  1375 I GestureDetector: handleMessage TAP
01-01 18:04:01.124 16852 16852 W WindowOnBackDispatcher: OnBackInvokedCallback is not enabled for the application.
01-01 18:04:01.124 16852 16852 W WindowOnBackDispatcher: Set 'android:enableOnBackInvokedCallback="true"' in the application manifest.
01-01 18:04:01.150 16852 16852 I ImeTracker: com.wawapp.driver:ae539511: onRequestHide at ORIGIN_CLIENT_HIDE_SOFT_INPUT reason HIDE_SOFT_INPUT
01-01 18:04:01.150 16852 16852 I InputMethodManager_LC: hsifw() - flag : 0
01-01 18:04:01.150 16852 16852 I InputMethodManager_LC: hsifw() - mService.hideSoftInput
01-01 18:04:01.150  1375  2404 D InputMethodManagerService: hideSoftInput
01-01 18:04:01.150  1375  2404 V InputMethodManagerService: Client requesting input be hidden
01-01 18:04:01.150  1375  2404 D InputMethodManagerService: setWindowStateInner, windowToken=android.os.BinderProxy@ceaa8a5, state=ImeTargetWindowState{ imeToken android.os.Binder@3ffb2ec imeFocusChanged false hasEditorFocused false requestedImeVisible false imeDisplayId 0 softInputModeState STATE_UNSPECIFIED|ADJUST_RESIZE isStartInputByGainFocus false}
01-01 18:04:01.150  1375  2404 I ImeTracker: com.wawapp.driver:ae539511: onCancelled at PHASE_SERVER_SHOULD_HIDE
01-01 18:04:01.150  1375  2404 V InputMethodManagerService: hideCurrentInputLocked : canceled, shouldHideSoftInput=false, mInputShown=false, mImeWindowVis=0
01-01 18:04:01.159   773   773 E audit   : type=1400 audit(1767290641.156:1641391): avc:  denied  { ioctl } for  pid=16852 comm=4D6561737572656D656E7420576F72 path="/data/data/com.wawapp.driver/databases/google_app_measurement_local.db" dev="dm-50" ino=1439960 ioctlcmd=0xf522 scontext=u:r:untrusted_app:s0:c161,c257,c512,c768 tcontext=u:object_r:app_data_file:s0:c161,c257,c512,c768 tclass=file permissive=0 SEPF_SM-A145P_12_0001 audit_filtered
01-01 18:04:01.159 16852 17648 W System  : Ignoring header X-Firebase-Locale because its value was null.
01-01 18:04:01.164 27954 27954 D BoundBrokerSvc: onBind: Intent { act=com.google.android.gms.auth.api.phone.service.SmsRetrieverApiService.START pkg=com.google.android.gms }
01-01 18:04:01.164 27954 27954 D BoundBrokerSvc: Loading bound service for intent: Intent { act=com.google.android.gms.auth.api.phone.service.SmsRetrieverApiService.START pkg=com.google.android.gms }
01-01 18:04:01.171 27954 17616 D AdvertisingIdClient: AdvertisingIdClient already created.
01-01 18:04:01.172 27954 17616 I AdvertisingIdClient: shouldSendLog 512448229
01-01 18:04:01.172 27954 17616 I AdvertisingIdClient: GetInfoInternal elapse 1ms
01-01 18:04:01.187 28272 17429 I NetworkScheduler: (REDACTED) Error inserting %s
01-01 18:04:01.199 27954 27954 D BoundBrokerSvc: onBind: Intent { act=com.google.android.gms.auth.api.phone.service.InternalService.START dat=chimera-action:/... cmp=com.google.android.gms/.chimera.GmsInternalApiService }
01-01 18:04:01.199 27954 27954 D BoundBrokerSvc: Loading bound service for intent: Intent { act=com.google.android.gms.auth.api.phone.service.InternalService.START dat=chimera-action:/... cmp=com.google.android.gms/.chimera.GmsInternalApiService }
01-01 18:04:01.238  1876  1876 D StatusBarIconController: ignoring old pipeline callbacks, because the new mobile icons are enabled
01-01 18:04:01.252  1876  2061 I gralloc4: @set_metadata: update dataspace from GM (0x00000000 -> 0x08010000)
01-01 18:04:01.257   841   841 I BufferQueueProducer: [StatusBar$_1876#83](this:0xb400007a78f3f790,id:-1,api:0,p:-1,c:841) queueBuffer: fps=1.52 dur=1977.58 max=1005.42 min=198.39
01-01 18:04:01.270  1375  1739 D NetdEventListenerService: DNS Requested by 127, 10417, 99
01-01 18:04:01.288  1028  1028 I thermal_repeater: socket -1
01-01 18:04:01.374   799   879 I hwcomposer: [HWCDisplay] [Display_0 (type:1)] fps:21.928661,dur:1003.25,max:181.44,min:15.66  
01-01 18:04:01.509  1375  2904 I SemWifiApDataUsage: handleMessage: 14
01-01 18:04:01.509  1375  2904 I SemWifiApEbpf: DATA_USAGE_STATS_START_POLL,mhs= true,upstream= 2,client size 1
01-01 18:04:01.510  1375  2904 D SemWifiApEbpf: getWifiApDataUsageForOverAllMhs():  overall data is198008100
01-01 18:04:01.510  1375  2904 I SemWifiApEbpf: updating the overall dataUsage , overall =198008100 , global = {mTotalDataBytes=198008100,mTotalDataIngressBytes=0,mTotalDataEgressBytes=0,mCellularBytes=198008100,mCurrentDayAndSimCellularBytes=198008100}
01-01 18:04:01.557  1375  1386 I system_server: Background concurrent copying GC freed 17MB AllocSpace bytes, 360(7392KB) LOS objects, 21% free, 90MB/114MB, paused 854us,282us total 378.853ms
01-01 18:04:01.582  1375  1388 W System  : A resource failed to call close. 
01-01 18:04:01.587  1375  1388 W System  : A resource failed to call HardwareBuffer.close. 
01-01 18:04:01.588  1375  1388 W System  : A resource failed to call CursorWindow.close. 
01-01 18:04:01.589  1375  1388 W System  : A resource failed to call CursorWindow.close. 
01-01 18:04:01.589  1375  1388 W System  : A resource failed to call close. 
01-01 18:04:01.589  1375  1388 W System  : A resource failed to call close. 
01-01 18:04:01.589  1375  1388 W System  : A resource failed to call CursorWindow.close. 
01-01 18:04:01.590  1375  1388 W System  : A resource failed to call close. 
01-01 18:04:01.590  1375  1388 W System  : A resource failed to call CursorWindow.close. 
01-01 18:04:01.590  1375  1388 W System  : A resource failed to call close. 
01-01 18:04:01.590  1375  1388 W System  : A resource failed to call CursorWindow.close. 
01-01 18:04:01.590  1375  1388 W System  : A resource failed to call close. 
01-01 18:04:01.591  1375  1388 W System  : A resource failed to call CursorWindow.close. 
01-01 18:04:01.591  1375  1388 W System  : A resource failed to call close. 
01-01 18:04:01.591  1375  1388 W System  : A resource failed to call CursorWindow.close. 
01-01 18:04:01.591  1375  1388 W System  : A resource failed to call CursorWindow.close. 
01-01 18:04:01.708 16852 17648 E FirebaseAuth: [SmsRetrieverHelper] SMS verification code request failed: unknown status code: 17093 null
01-01 18:04:01.713 16852 16852 D FirebaseAuth: Invoking original failure callbacks after phone verification failure for +22231035376, error - This request is missing a valid app identifier, meaning that Play Integrity checks, and reCAPTCHA checks were unsuccessful. Please try again, or check the logcat for more details.
01-01 18:04:01.715  1876  1876 D StatusBarIconController: ignoring old pipeline callbacks, because the new mobile icons are enabled
01-01 18:04:01.717 16852 16852 I flutter : [PhonePinAuth] DIAGNOSTIC: verificationFailed callback - code: missing-client-identifier, message: This request is missing a valid app identifier, meaning that Play Integrity checks, and reCAPTCHA checks were unsuccessful. Please try again, or check the logcat for more details., details: [firebase_auth/missing-client-identifier] This request is missing a valid app identifier, meaning that Play Integrity checks, and reCAPTCHA checks were unsuccessful. Please try again, or check the logcat for more details.
01-01 18:04:01.719 16852 16852 I flutter : ----------------FIREBASE CRASHLYTICS----------------
01-01 18:04:01.719 16852 16852 I flutter : OTP Verification Failed
01-01 18:04:01.719 16852 16852 I flutter : Phone: +22231035376
01-01 18:04:01.719 16852 16852 I flutter : Error Code: missing-client-identifier
01-01 18:04:01.719 16852 16852 I flutter : Error Message: This request is missing a valid app identifier, meaning that Play Integrity checks, and reCAPTCHA checks were unsuccessful. Please try again, or check the logcat for more details.
01-01 18:04:01.719 16852 16852 I flutter : Full Error: [firebase_auth/missing-client-identifier] This request is missing a valid app identifier, meaning that Play Integrity checks, and reCAPTCHA checks were unsuccessful. Please try again, or check the logcat for more details.
01-01 18:04:01.719 16852 16852 I flutter : #0      PhonePinAuth.ensurePhoneSession.<anonymous closure> (package:auth_shared/src/phone_pin_auth.dart:104:26)
01-01 18:04:01.719 16852 16852 I flutter : #1      MethodChannelFirebaseAuth.verifyPhoneNumber.<anonymous closure> (package:firebase_auth_platform_interface/src/method_channel/method_channel_firebase_auth.dart:634:29)
01-01 18:04:01.719 16852 16852 I flutter : #2      _rootRunUnary (dart:async/zone.dart:1538:47)
01-01 18:04:01.719 16852 16852 I flutter : #3      _CustomZone.runUnary (dart:async/zone.dart:1429:19)
01-01 18:04:01.719 16852 16852 I flutter : #4      _CustomZone.runUnaryGuarded (dart:async/zone.dart:1329:7)
01-01 18:04:01.719 16852 16852 I flutter : #5      _BufferingStreamSubscription._sendData (dart:async/stream_impl.dart:381:11)
01-01 18:04:01.719 16852 16852 I flutter : #6      _BufferingStreamSubscription._add (dart:async/stream_impl.dart:312:7)
01-01 18:04:01.719 16852 16852 I flutter : #7      _ForwardingStreamSubscription._add (dart:async/stream_pipe.dart:154:11)
01-01 18:04:01.719 16852 16852 I flutter : #8      _HandleErrorStream._handleData (dart:async/stream_pipe.dart:287:10)
01-01 18:04:01.719 16852 16852 I flutter : #9      _ForwardingStreamSubscription._handleData (dart:async/stream_pipe.dart:184:13)
01-01 18:04:01.719 16852 16852 I flutter : #10     _rootRunUnary (dart:async/zone.dart:1538:47)
01-01 18:04:01.719 16852 16852 I flutter : #11     _CustomZone.runUnary (dart:async/zone.dart:1429:19)
01-01 18:04:01.719 16852 16852 I flutter : #12     _CustomZone.runUnaryGuarded (
01-01 18:04:01.719 16852 16852 I flutter : ----------------------------------------------------
01-01 18:04:01.728 16852 16852 I flutter : [PhonePinAuth] DIAGNOSTIC: ensurePhoneSession() EXCEPTION: FirebaseAuthException - [firebase_auth/missing-client-identifier] This request is missing a valid app identifier, meaning that Play Integrity checks, and reCAPTCHA checks were unsuccessful. Please try again, or check the logcat for more details.
01-01 18:04:01.728 16852 16852 I flutter : [PhonePinAuth] DIAGNOSTIC: Stacktrace: 
01-01 18:04:01.729 16852 16852 I flutter : ----------------FIREBASE CRASHLYTICS----------------
01-01 18:04:01.729 16852 16852 I flutter : [firebase_auth/missing-client-identifier] This request is missing a valid app identifier, meaning that Play Integrity checks, and reCAPTCHA checks were unsuccessful. Please try again, or check the logcat for more details.
01-01 18:04:01.729 16852 16852 I flutter : Phone: +22231035376
01-01 18:04:01.729 16852 16852 I flutter : Operation: ensurePhoneSession
01-01 18:04:01.729 16852 16852 I flutter : 
01-01 18:04:01.729 16852 16852 I flutter : ----------------------------------------------------
01-01 18:04:01.732 16852 16852 I flutter : [AuthNotifier] DIAGNOSTIC: Send OTP error: FirebaseAuthException - [firebase_auth/missing-client-identifier] This request is missing a valid app identifier, meaning that Play Integrity checks, and reCAPTCHA checks were unsuccessful. Please try again, or check the logcat for more details.
01-01 18:04:01.733 16852 16852 I flutter : [PhonePinLogin] OTP sent for new registration
01-01 18:04:01.734 16852 16852 I flutter : [Router] NAVIGATION_CHECK | location=/ | user=null | hasPin=false | canOtp=true | otpStage=OtpStage.sending | isLoading=true
01-01 18:04:01.734 16852 16852 I flutter : [Router]  Auth loading - staying on current route
01-01 18:04:01.746 16852 16852 I flutter : [Router] NAVIGATION_CHECK | location=/ | user=null | hasPin=false | canOtp=false | otpStage=OtpStage.failed | isLoading=false
01-01 18:04:01.746 16852 16852 I flutter : [Router]  Redirecting to /login (not authenticated)
01-01 18:04:01.747 16852 16852 I flutter : [Router] NAVIGATION_CHECK | location=/login | user=null | hasPin=false | canOtp=false | otpStage=OtpStage.failed | isLoading=false
01-01 18:04:01.747 16852 16852 I flutter : [Router]  Already on /login
01-01 18:04:01.792  1876  2061 I gralloc4: @set_metadata: update dataspace from GM (0x00000000 -> 0x08010000)
01-01 18:04:01.801   841   841 I BufferQueueProducer: [NavigationBar0$_1876#79](this:0xb400007a78f33790,id:-1,api:0,p:-1,c:841) queueBuffer: fps=16.95 dur=2242.38 max=1632.77 min=16.04
01-01 18:04:01.812  1876  2061 I gralloc4: @set_metadata: update dataspace from GM (0x00000000 -> 0x08010000)
01-01 18:04:01.845 16852 16852 I flutter : [AuthGate] NAVIGATION_DECISION | user: null, isLoading: false, isPinCheckLoading: false, otpStage: OtpStage.failed, hasPin: false
01-01 18:04:01.845 16852 16852 I flutter : [AuthGate] REDIRECT_REASON=SIGNED_OUT  PhonePinLoginScreen
01-01 18:04:01.999   773   773 E audit   : type=1400 audit(1767290641.996:1641392): avc:  denied  { ioctl } for  pid=16852 comm=4D6561737572656D656E7420576F72 path="/data/data/com.wawapp.driver/databases/google_app_measurement_local.db" dev="dm-50" ino=1439960 ioctlcmd=0xf522 scontext=u:r:untrusted_app:s0:c161,c257,c512,c768 tcontext=u:object_r:app_data_file:s0:c161,c257,c512,c768 tclass=file permissive=0 SEPF_SM-A145P_12_0001 audit_filtered
01-01 18:04:02.015   841   841 I BufferQueueProducer: [SurfaceView[com.wawapp.driver/com.wawapp.driver.MainActivity]@0(BLAST)#53130](this:0xb400007a78e48790,id:-1,api:0,p:-1,c:841) queueBuffer: fps=31.91 dur=1253.35 max=296.82 min=15.85
01-01 18:04:02.018   773   773 E audit   : type=1400 audit(1767290642.016:1641393): avc:  denied  { ioctl } for  pid=16852 comm=4D6561737572656D656E7420576F72 path="/data/data/com.wawapp.driver/databases/google_app_measurement_local.db" dev="dm-50" ino=1439960 ioctlcmd=0xf522 scontext=u:r:untrusted_app:s0:c161,c257,c512,c768 tcontext=u:object_r:app_data_file:s0:c161,c257,c512,c768 tclass=file permissive=0 SEPF_SM-A145P_12_0001 audit_filtered
01-01 18:04:02.051 28272 17656 I NetworkScheduler: (REDACTED) Error inserting %s
01-01 18:04:02.188 16852 16852 W WindowOnBackDispatcher: OnBackInvokedCallback is not enabled for the application.
01-01 18:04:02.188 16852 16852 W WindowOnBackDispatcher: Set 'android:enableOnBackInvokedCallback="true"' in the application manifest.
01-01 18:04:02.247   543   543 D io_stats: !@ 179,0 r 37687159 533048266 w 5947848 67450596 d 892652 66632536 f 0 0 iot 9688680 0 th 0 0 0 pt 0 inp 0 0 250603.837
01-01 18:04:02.248  1876  1876 D StatusBarIconController: ignoring old pipeline callbacks, because the new mobile icons are enabled
01-01 18:04:02.278  1876  2061 I gralloc4: @set_metadata: update dataspace from GM (0x00000000 -> 0x08010000)
01-01 18:04:02.296   841   841 I BufferQueueProducer: [StatusBar$_1876#83](this:0xb400007a78f3f790,id:-1,api:0,p:-1,c:841) queueBuffer: fps=0.96 dur=1039.62 max=1039.62 min=1039.62
01-01 18:04:02.690 32459 32459 I IceCone : b HoneyVoice HoneyVoiceTimer finished: RELEASE_TIMER
01-01 18:04:03.714  1876  1876 D StatusBarIconController: ignoring old pipeline callbacks, because the new mobile icons are enabled
01-01 18:04:03.724  1375  1431 D PowerManagerService: UserActivityStateListenerState: 0
01-01 18:04:04.248   543   543 D io_stats: !@ 179,0 r 37687168 533048302 w 5947848 67450596 d 892652 66632536 f 0 0 iot 9688684 0 th 0 0 0 pt 0 inp 0 0 250605.838
01-01 18:04:04.255  1876  1876 D StatusBarIconController: ignoring old pipeline callbacks, because the new mobile icons are enabled
01-01 18:04:04.282  1876  2061 I gralloc4: @set_metadata: update dataspace from GM (0x00000000 -> 0x08010000)
01-01 18:04:04.298   841   841 I BufferQueueProducer: [StatusBar$_1876#83](this:0xb400007a78f3f790,id:-1,api:0,p:-1,c:841) queueBuffer: fps=0.50 dur=2001.72 max=2001.72 min=2001.72
01-01 18:04:04.302   799   879 I hwcomposer: [HWCDisplay] [Display_0 (type:1)] fps:9.904943,dur:2927.83,max:2001.94,min:14.92  
01-01 18:04:04.714  1876  1876 D StatusBarIconController: ignoring old pipeline callbacks, because the new mobile icons are enabled
01-01 18:04:05.715  1876  1876 D StatusBarIconController: ignoring old pipeline callbacks, because the new mobile icons are enabled
01-01 18:04:06.248   543   543 D io_stats: !@ 179,0 r 37687175 533048342 w 5947848 67450596 d 892652 66632536 f 0 0 iot 9688688 0 th 0 0 0 pt 0 inp 0 0 250607.839
01-01 18:04:06.289  1028  1028 I thermal_repeater: socket -1
01-01 18:04:06.516  1375  2904 I SemWifiApDataUsage: handleMessage: 14
01-01 18:04:06.516  1375  2904 I SemWifiApEbpf: DATA_USAGE_STATS_START_POLL,mhs= true,upstream= 2,client size 1
01-01 18:04:06.517  1375  2904 D SemWifiApEbpf: getWifiApDataUsageForOverAllMhs():  overall data is198019560
01-01 18:04:06.518  1375  2904 I SemWifiApEbpf: updating the overall dataUsage , overall =198019560 , global = {mTotalDataBytes=198008100,mTotalDataIngressBytes=0,mTotalDataEgressBytes=0,mCellularBytes=198008100,mCurrentDayAndSimCellularBytes=198008100}
01-01 18:04:06.714  1876  1876 D StatusBarIconController: ignoring old pipeline callbacks, because the new mobile icons are enabled
01-01 18:04:07.270  1876  1876 D StatusBarIconController: ignoring old pipeline callbacks, because the new mobile icons are enabled
01-01 18:04:07.292  1876  2061 I gralloc4: @set_metadata: update dataspace from GM (0x00000000 -> 0x08010000)
01-01 18:04:07.310   841   841 I BufferQueueProducer: [StatusBar$_1876#83](this:0xb400007a78f3f790,id:-1,api:0,p:-1,c:841) queueBuffer: fps=0.33 dur=3011.48 max=3011.48 min=3011.48
01-01 18:04:07.313   799   879 I hwcomposer: [HWCDisplay] [Display_0 (type:1)] fps:0.332077,dur:3011.35,max:3011.35,min:3011.35  
01-01 18:04:07.565  1375  1506 D SensorService: [SO] 0.376 0.024 9.684
01-01 18:04:07.752  1876  1876 D StatusBarIconController: ignoring old pipeline callbacks, because the new mobile icons are enabled
01-01 18:04:08.250   543   543 D io_stats: !@ 179,0 r 37687179 533048358 w 5947861 67450776 d 892652 66632536 f 0 0 iot 9688692 0 th 0 0 0 pt 0 inp 0 0 250609.840
01-01 18:04:08.274  1876  1876 D StatusBarIconController: ignoring old pipeline callbacks, because the new mobile icons are enabled
01-01 18:04:08.311  1876  2061 I gralloc4: @set_metadata: update dataspace from GM (0x00000000 -> 0x08010000)
01-01 18:04:08.315   841   841 I BufferQueueProducer: [StatusBar$_1876#83](this:0xb400007a78f3f790,id:-1,api:0,p:-1,c:841) queueBuffer: fps=0.99 dur=1005.68 max=1005.68 min=1005.68
01-01 18:04:08.319   799   879 I hwcomposer: [HWCDisplay] [Display_0 (type:1)] fps:0.994315,dur:1005.72,max:1005.72,min:1005.72  
01-01 18:04:09.279  1876  1876 D StatusBarIconController: ignoring old pipeline callbacks, because the new mobile icons are enabled
01-01 18:04:09.316  1876  2061 I gralloc4: @set_metadata: update dataspace from GM (0x00000000 -> 0x08010000)
01-01 18:04:09.322   841   841 I BufferQueueProducer: [StatusBar$_1876#83](this:0xb400007a78f3f790,id:-1,api:0,p:-1,c:841) queueBuffer: fps=0.99 dur=1006.20 max=1006.20 min=1006.20
01-01 18:04:09.325   799   879 I hwcomposer: [HWCDisplay] [Display_0 (type:1)] fps:0.993866,dur:1006.17,max:1006.17,min:1006.17  
01-01 18:04:09.793  1876  1876 D StatusBarIconController: ignoring old pipeline callbacks, because the new mobile icons are enabled
01-01 18:04:10.251   543   543 D io_stats: !@ 179,0 r 37687183 533048374 w 5947861 67450776 d 892652 66632536 f 0 0 iot 9688696 0 th 0 0 0 pt 0 inp 0 0 250611.841
01-01 18:04:10.287  1876  1876 D StatusBarIconController: ignoring old pipeline callbacks, because the new mobile icons are enabled
01-01 18:04:10.321  1876  2061 I gralloc4: @set_metadata: update dataspace from GM (0x00000000 -> 0x08010000)
01-01 18:04:10.327   841   841 I BufferQueueProducer: [StatusBar$_1876#83](this:0xb400007a78f3f790,id:-1,api:0,p:-1,c:841) queueBuffer: fps=0.99 dur=1005.55 max=1005.55 min=1005.55
01-01 18:04:10.331   799   879 I hwcomposer: [HWCDisplay] [Display_0 (type:1)] fps:0.994014,dur:1006.02,max:1006.02,min:1006.02  
01-01 18:04:10.835  1876  1876 D StatusBarIconController: ignoring old pipeline callbacks, because the new mobile icons are enabled
01-01 18:04:11.290  1028  1028 I thermal_repeater: socket -1
01-01 18:04:11.522  1375  2904 I SemWifiApDataUsage: handleMessage: 14
01-01 18:04:11.522  1375  2904 I SemWifiApEbpf: DATA_USAGE_STATS_START_POLL,mhs= true,upstream= 2,client size 1
01-01 18:04:11.523  1375  2904 D SemWifiApEbpf: getWifiApDataUsageForOverAllMhs():  overall data is198245884
01-01 18:04:11.524  1375  2904 I SemWifiApEbpf: updating the overall dataUsage , overall =198245884 , global = {mTotalDataBytes=198019560,mTotalDataIngressBytes=0,mTotalDataEgressBytes=0,mCellularBytes=198019560,mCurrentDayAndSimCellularBytes=198019560}
01-01 18:04:11.835  1876  1876 D StatusBarIconController: ignoring old pipeline callbacks, because the new mobile icons are enabled
01-01 18:04:12.069 27954 27954 D BoundBrokerSvc: onUnbind: Intent { act=com.google.android.gms.measurement.START pkg=com.google.android.gms }
01-01 18:04:12.251   543   543 D io_stats: !@ 179,0 r 37687187 533048390 w 5947865 67450816 d 892652 66632536 f 0 0 iot 9688700 0 th 0 0 0 pt 0 inp 0 0 250613.842
01-01 18:04:12.290   813   836 D power@timer: [mtkPowerTimer] visRead:0
01-01 18:04:12.295  1876  1876 D StatusBarIconController: ignoring old pipeline callbacks, because the new mobile icons are enabled
01-01 18:04:12.328  1876  2061 I gralloc4: @set_metadata: update dataspace from GM (0x00000000 -> 0x08010000)
01-01 18:04:12.339   841   841 I BufferQueueProducer: [StatusBar$_1876#83](this:0xb400007a78f3f790,id:-1,api:0,p:-1,c:841) queueBuffer: fps=0.50 dur=2012.25 max=2012.25 min=2012.25
01-01 18:04:12.343   799   879 I hwcomposer: [HWCDisplay] [Display_0 (type:1)] fps:0.497080,dur:2011.75,max:2011.75,min:2011.75  
01-01 18:04:13.871  1876  1876 D StatusBarIconController: ignoring old pipeline callbacks, because the new mobile icons are enabled
