01-01 18:12:33.349   831 12189 V APM_AudioPolicyManager: setOutputDevices() AF::createAudioPatch returned 0 patchHandle 77980 num_sources 1 num_sinks 1
01-01 18:12:33.350   831 12189 V APM_AudioPolicyManager: checkAndSetVolume: output 21, stream 10, index 14, devices 0x2, volume 0.707946
01-01 18:12:33.350   831 12189 V APM_AudioPolicyManager: checkAndSetVolume: output 21, stream 4, index 11, devices 0x2, volume 0.354813
01-01 18:12:33.350   831 12189 V APM_AudioPolicyManager: checkAndSetVolume: output 21, stream 8, index 15, devices 0x2, volume 1.000000
01-01 18:12:33.352   831 12189 V APM_AudioPolicyManager: checkAndSetVolume: output 21, stream 3, index 14, devices 0x2, volume 0.630957
01-01 18:12:33.352   831 12189 V APM_AudioPolicyManager: checkAndSetVolume: output 21, stream 5, index 15, devices 0x2, volume 1.000000
01-01 18:12:33.352   831 12189 V APM_AudioPolicyManager: checkAndSetVolume: output 21, stream 2, index 15, devices 0x2, volume 0.707946
01-01 18:12:33.352   831 12189 V APM_AudioPolicyManager: checkAndSetVolume: output 21, stream 1, index 4, devices 0x2, volume 0.141254
01-01 18:12:33.353   831 12189 V APM_AudioPolicyManager: checkAndSetVolume: output 21, stream 9, index 14, devices 0x2, volume 0.707946
01-01 18:12:33.354   831 12189 V APM_AudioPolicyManager: checkAndSetVolume: output 21, stream 0, index 8, devices 0x2, volume 1.778279
01-01 18:12:33.354   831 12189 V APM_AudioPolicyManager: checkAndSetVolume: output 21, stream 11, index 7, devices 0x2, volume 0.066834
01-01 18:12:33.354   831 12189 V APM_AudioPolicyManager: checkAndSetVolume: output 21, stream 1, index 4, devices 0x2, volume 0.141254
01-01 18:12:33.356   831 12189 D audioserver: FGS Logger Transaction failed
01-01 18:12:33.356   831 12189 D audioserver: -129
01-01 18:12:33.356 32459   532 I HBD     : c Soundpool play()40 [Ljava.lang.Object;@387b26b
01-01 18:12:33.357   791   791 D AudioALSAStreamOut: updateSourceMetadataV7() 
01-01 18:12:33.357   791   791 I AudioALSAStreamOut: updateSourceMetadata(), do nothing source_metadata = 0xffaf3718
01-01 18:12:33.395  1876  1876 D StatusBarIconController: ignoring old pipeline callbacks, because the new mobile icons are enabled
01-01 18:12:33.395  1375  1545 I InputReader: Touch event's action is 0x1 (id=5, t=0) [pCnt=1, s=] when=251114.985787
01-01 18:12:33.396  1375  1544 I InputDispatcher: Delivering touch to (32459): action: 0x1, f=0x0, d=0, 'eba3da2', t=1 +(0,-64)
01-01 18:12:33.396 32459 32459 I ViewRootImpl@2abddcd[InputMethod]: ViewPostIme pointer 1
01-01 18:12:33.397 32459 32459 I HBD     : a down event is done 
01-01 18:12:33.398 32459 32459 I HBD     : a up event is done 
01-01 18:12:33.399 32459 32459 I HBD     : d ATL DTMFKeyA
01-01 18:12:33.399 32459 32459 I HBD     : a [PF_KL] OTE none 1 2 5 2498231 (1, NONE) 
01-01 18:12:33.405  1876  2061 I gralloc4: @set_metadata: update dataspace from GM (0x00000000 -> 0x08010000)
01-01 18:12:33.405 32459 32459 I HBD     : m1 ous -  3 ,  3 ,  4 ,  4 ,  -1 ,  -1
01-01 18:12:33.408 32459  1201 I gralloc4: @set_metadata: update dataspace from GM (0x00000000 -> 0x08010000)
01-01 18:12:33.409 32459 32459 I HBD     : m0 EBD cm S 0 
01-01 18:12:33.415   841   841 I BufferQueueProducer: [StatusBar$_1876#83](this:0xb400007a78f3f790,id:-1,api:0,p:-1,c:841) queueBuffer: fps=0.09 dur=11100.23 max=11100.23 min=11100.23
01-01 18:12:33.420 32459  1201 I gralloc4: @set_metadata: update dataspace from GM (0x00000000 -> 0x08010000)
01-01 18:12:33.447   831   913 I AF::Track: stop() situation track : stv_keyboard
01-01 18:12:33.476   831  1340 D audioserver: FGS Logger Transaction failed
01-01 18:12:33.476   831  1340 D audioserver: -129
01-01 18:12:33.476   831  1049 V APM_AudioPolicyManager: stopOutput portId 3627
01-01 18:12:33.476   831  1049 V APM_AudioPolicyManager: stopOutput() output 21, stream 1, session 28577
01-01 18:12:33.476   831  1049 V APM_AudioPolicyManager: setBeaconMute(1) mBeaconMuteRefCount=2 mBeaconPlayingRefCount=0
01-01 18:12:33.476   831  1049 V APM_AudioPolicyManager: getNewOutputDevices selected devices AUDIO_DEVICE_NONE
01-01 18:12:33.477   831  1049 V APM_AudioPolicyManager: setOutputDevices device AUDIO_DEVICE_NONE delayMs 84
01-01 18:12:33.477   831  1049 V APM_AudioPolicyManager: setOutputDevices() prevDevice {AUDIO_DEVICE_OUT_SPEAKER, @:}
01-01 18:12:33.477   791   791 D AudioALSAStreamOut: updateSourceMetadataV7() 
01-01 18:12:33.477   791   791 I AudioALSAStreamOut: updateSourceMetadata(), do nothing source_metadata = 0xffaf3718
01-01 18:12:33.477   831  1049 I APM::AudioPolicyEngine: getDevicesForStrategyInt no device found for strategy 9
01-01 18:12:33.477   831  1049 V APM_AudioPolicyManager: setOutputDevices setting same device AUDIO_DEVICE_NONE or null device, force=0, patch handle=3398
01-01 18:12:33.477   831  1049 V APM_AudioPolicyManager: selectOutputForMusicEffects selected output 13
01-01 18:12:33.584  1375  1545 I InputReader: Touch event's action is 0x0 (id=5, t=0) [pCnt=1, s=0.0 ] when=251115.174436
01-01 18:12:33.584  1375  1544 I InputDispatcher: Delivering touch to (1876): action: 0x4, f=0x0, d=0, '6c20be ', t=1 
01-01 18:12:33.584  1375  1544 I InputDispatcher: Delivering touch to (32459): action: 0x0, f=0x0, d=0, 'eba3da2', t=1 +(0,-64)
01-01 18:12:33.585 32459 32459 I ViewRootImpl@2abddcd[InputMethod]: ViewPostIme pointer 0
01-01 18:12:33.585  1375  1400 I GestureDetector: obtain mCurrentDownEvent. id: 222449754 caller: com.android.server.wm.SystemGesturesPointerEventListener.onPointerEvent:204 com.android.server.wm.PointerEventDispatcher.onInputEvent:53 android.view.InputEventReceiver.dispatchInputEvent:337 
01-01 18:12:33.585 32459 32459 I GestureDetector: obtain mCurrentDownEvent. id: 222449754 caller: kj0.d.b:34 kj0.e.g:31 ij0.a.b:7 
01-01 18:12:33.586  1375  1400 I GestureDetector: obtain mCurrentDownEvent. id: 222449754 caller: com.android.server.wm.SystemPerformancePointerEventListener.onPointerEvent:89 com.android.server.wm.PointerEventDispatcher.onInputEvent:53 android.view.InputEventReceiver.dispatchInputEvent:337 
01-01 18:12:33.586 32459 32459 I HBD     : d ATL SoundAndVibrationKeyA
01-01 18:12:33.586 32459 32459 I HBD     : e vib is off 
01-01 18:12:33.586 32459   532 I AudioManager: getParameters keys = g_volume_situation_key;type=2;device=0
01-01 18:12:33.586 32459 32459 I HBD     : a [PF_KL] OTE none 0 1 3 1480846 (1, NONE) 
01-01 18:12:33.587   831   913 V APM_AudioPolicyManager: getAudioPolicyConfig: g_volume_situation_key;type=2;device=0
01-01 18:12:33.587   831   913 W SecAudioParamPolicy: g_volume_situation_key: did not support legacy situation volumes
01-01 18:12:33.587  1375  3560 D AudioSystem: getParameters() ERROR : can't get situationVolume
01-01 18:12:33.587   831   913 I AF::Track: start() situation track : stv_keyboard
01-01 18:12:33.587   831   913 I AF::Track: setMixerOutConfig return default condition, mixer key 2002, thread key 2002
01-01 18:12:33.588   831   913 V APM_AudioPolicyManager: startOutput portId 3627
01-01 18:12:33.588   831   913 V APM_AudioPolicyManager: startOutput() output 21, stream 1, session 28577
01-01 18:12:33.588   831   913 V APM_AudioPolicyManager: setBeaconMute(1) mBeaconMuteRefCount=3 mBeaconPlayingRefCount=0
01-01 18:12:33.588   831   913 V APM_AudioPolicyManager: selectOutputForMusicEffects selected output 13
01-01 18:12:33.588   831   913 V APM_AudioPolicyManager: getNewOutputDevices selected devices {AUDIO_DEVICE_OUT_SPEAKER, @:}
01-01 18:12:33.588   831   913 V APM_AudioPolicyManager: setOutputDevices device {AUDIO_DEVICE_OUT_SPEAKER, @:} delayMs 0
01-01 18:12:33.588   831   913 V APM_AudioPolicyManager: setOutputDevices() prevDevice {AUDIO_DEVICE_OUT_SPEAKER, @:}
01-01 18:12:33.588   831   913 V APM_AudioPolicyManager: setOutputDevices: suppressing checkDeviceMuteStrategies
01-01 18:12:33.588   831   913 V APM_AudioPolicyManager: setOutputDevices changing device to {AUDIO_DEVICE_OUT_SPEAKER, @:}
01-01 18:12:33.600 32459  1201 I gralloc4: @set_metadata: update dataspace from GM (0x00000000 -> 0x08010000)
01-01 18:12:33.610  1375  1400 I GestureDetector: obtain mCurrentMotionEventRaw. action: 2 id: 784445670
01-01 18:12:33.610  1375  1400 I GestureDetector: obtain mCurrentMotionEventRaw. action: 2 id: 784445670
01-01 18:12:33.616 32459  1201 I gralloc4: @set_metadata: update dataspace from GM (0x00000000 -> 0x08010000)
01-01 18:12:33.616   831  1340 D DlbDlbEffect: handle_EFFECT_CMD_SET_DEVICE(device=0x00000002)
01-01 18:12:33.617   831  1340 D DlbEffectContext: setDevice(00000002)
01-01 18:12:33.617   831  1340 D DlbEndpointParamCache: setDevice(device=0x00000002)
01-01 18:12:33.617   831  1340 I AudioEffectExtendAction: setDevice_l empty address, empty name
01-01 18:12:33.617   831  1340 V VolumeMonitor_Energy_Effect: VM_setDevice() sessionId:-2101, device:0x0x2, isBtTypeHeadset:0
01-01 18:12:33.617   791   791 D AudioALSAStreamOut: updateSourceMetadataV7() 
01-01 18:12:33.617   791   791 I AudioALSAStreamOut: updateSourceMetadata(), do nothing source_metadata = 0xffaf3718
01-01 18:12:33.617   791 11720 D AudioALSAHardware: +createAudioPatch() num_sources [1] , num_sinks [1], handle [0x254a], current mAudioHalPatchVector size 2
01-01 18:12:33.617   791 11720 D AudioALSAStreamManager: +setParameters(), IOport = 21, keyValuePairs = routing=2
01-01 18:12:33.617   791 11720 D AudioALSAStreamManager: setParameters(), Send to mStreamOutVector[1], flag 4
01-01 18:12:33.619   791 11720 D AudioALSAStreamOut: updatePolicyDevice(), flag: 0x4, device: 0x2
01-01 18:12:33.620   791 11720 D AudioALSAStreamManager: +routingOutputDevice(), streamOut : set reopen state : false
01-01 18:12:33.620   791 11720 D AudioALSAStreamManager: +routingOutputDevice(), streamOut : set reopen state : false
01-01 18:12:33.620   791 11720 W AudioALSAStreamManager: routingOutputDevice(), flag: 0x4, output_devices == current_output_devices(0x00000002), return
01-01 18:12:33.620   791 11720 D AudioALSAHardware: -createAudioPatch() num_sources [1] , num_sinks [1], handle [0x254b]
01-01 18:12:33.620   831  1340 D AudioFlinger: setCurDevice() 0x2
01-01 18:12:33.620   791   791 D AudioALSAStreamOut: updateSourceMetadataV7() 
01-01 18:12:33.620   791   791 I AudioALSAStreamOut: updateSourceMetadata(), do nothing source_metadata = 0xffaf3718
01-01 18:12:33.621   831   913 V APM_AudioPolicyManager: setOutputDevices() AF::createAudioPatch returned 0 patchHandle 77988 num_sources 1 num_sinks 1
01-01 18:12:33.621   831   913 V APM_AudioPolicyManager: checkAndSetVolume: output 21, stream 10, index 14, devices 0x2, volume 0.707946
01-01 18:12:33.621   831   913 V APM_AudioPolicyManager: checkAndSetVolume: output 21, stream 4, index 11, devices 0x2, volume 0.354813
01-01 18:12:33.622   831   913 V APM_AudioPolicyManager: checkAndSetVolume: output 21, stream 8, index 15, devices 0x2, volume 1.000000
01-01 18:12:33.623   831   913 V APM_AudioPolicyManager: checkAndSetVolume: output 21, stream 3, index 14, devices 0x2, volume 0.630957
01-01 18:12:33.623   831   913 V APM_AudioPolicyManager: checkAndSetVolume: output 21, stream 5, index 15, devices 0x2, volume 1.000000
01-01 18:12:33.623   831   913 V APM_AudioPolicyManager: checkAndSetVolume: output 21, stream 2, index 15, devices 0x2, volume 0.707946
01-01 18:12:33.623   831   913 V APM_AudioPolicyManager: checkAndSetVolume: output 21, stream 1, index 4, devices 0x2, volume 0.141254
01-01 18:12:33.624   831   913 V APM_AudioPolicyManager: checkAndSetVolume: output 21, stream 9, index 14, devices 0x2, volume 0.707946
01-01 18:12:33.624   831   913 V APM_AudioPolicyManager: checkAndSetVolume: output 21, stream 0, index 8, devices 0x2, volume 1.778279
01-01 18:12:33.625   831   913 V APM_AudioPolicyManager: checkAndSetVolume: output 21, stream 11, index 7, devices 0x2, volume 0.066834
01-01 18:12:33.625   831   913 V APM_AudioPolicyManager: checkAndSetVolume: output 21, stream 1, index 4, devices 0x2, volume 0.141254
01-01 18:12:33.627   831   913 D audioserver: FGS Logger Transaction failed
01-01 18:12:33.627   831   913 D audioserver: -129
01-01 18:12:33.627 32459   532 I HBD     : c Soundpool play()40 [Ljava.lang.Object;@d793274
01-01 18:12:33.628   791   791 D AudioALSAStreamOut: updateSourceMetadataV7() 
01-01 18:12:33.628   791   791 I AudioALSAStreamOut: updateSourceMetadata(), do nothing source_metadata = 0xffaf3718
01-01 18:12:33.629 32459 32459 I GestureDetector: obtain mCurrentMotionEventRaw. action: 2 id: 784445670
01-01 18:12:33.683  1375  1545 I InputReader: Touch event's action is 0x1 (id=5, t=0) [pCnt=1, s=] when=251115.273419
01-01 18:12:33.683  1375  1544 I InputDispatcher: Delivering touch to (32459): action: 0x1, f=0x0, d=0, 'eba3da2', t=1 +(0,-64)
01-01 18:12:33.683 32459 32459 I ViewRootImpl@2abddcd[InputMethod]: ViewPostIme pointer 1
01-01 18:12:33.684 32459 32459 I HBD     : a down event is done 
01-01 18:12:33.684 32459 32459 I HBD     : a up event is done 
01-01 18:12:33.684 32459 32459 I HBD     : d ATL DTMFKeyA
01-01 18:12:33.685 32459 32459 I HBD     : a [PF_KL] OTE none 1 1 2 1386692 (1, NONE) 
01-01 18:12:33.690 32459 32459 I HBD     : m1 ous -  4 ,  4 ,  5 ,  5 ,  -1 ,  -1
01-01 18:12:33.692 32459 32459 I HBD     : m0 EBD cm S 0 
01-01 18:12:33.700 32459  1201 I gralloc4: @set_metadata: update dataspace from GM (0x00000000 -> 0x08010000)
01-01 18:12:33.715 32459  1201 I gralloc4: @set_metadata: update dataspace from GM (0x00000000 -> 0x08010000)
01-01 18:12:33.718   831  2873 I AF::Track: stop() situation track : stv_keyboard
01-01 18:12:33.751   831  1340 D audioserver: FGS Logger Transaction failed
01-01 18:12:33.751   831  1340 D audioserver: -129
01-01 18:12:33.752   831  1049 V APM_AudioPolicyManager: stopOutput portId 3627
01-01 18:12:33.752   831  1049 V APM_AudioPolicyManager: stopOutput() output 21, stream 1, session 28577
01-01 18:12:33.752   831  1049 V APM_AudioPolicyManager: setBeaconMute(1) mBeaconMuteRefCount=2 mBeaconPlayingRefCount=0
01-01 18:12:33.752   831  1049 V APM_AudioPolicyManager: getNewOutputDevices selected devices AUDIO_DEVICE_NONE
01-01 18:12:33.752   831  1049 V APM_AudioPolicyManager: setOutputDevices device AUDIO_DEVICE_NONE delayMs 84
01-01 18:12:33.752   831  1049 V APM_AudioPolicyManager: setOutputDevices() prevDevice {AUDIO_DEVICE_OUT_SPEAKER, @:}
01-01 18:12:33.752   791   791 D AudioALSAStreamOut: updateSourceMetadataV7() 
01-01 18:12:33.752   791   791 I AudioALSAStreamOut: updateSourceMetadata(), do nothing source_metadata = 0xffaf3718
01-01 18:12:33.753   831  1049 I APM::AudioPolicyEngine: getDevicesForStrategyInt no device found for strategy 9
01-01 18:12:33.754   831  1049 V APM_AudioPolicyManager: setOutputDevices setting same device AUDIO_DEVICE_NONE or null device, force=0, patch handle=3398
01-01 18:12:33.754   831  1049 V APM_AudioPolicyManager: selectOutputForMusicEffects selected output 13
01-01 18:12:33.798  1375  1545 I InputReader: Touch event's action is 0x0 (id=5, t=0) [pCnt=1, s=0.0 ] when=251115.388815
01-01 18:12:33.799  1375  1544 I InputDispatcher: Delivering touch to (1876): action: 0x4, f=0x0, d=0, '6c20be ', t=1 
01-01 18:12:33.799  1375  1544 I InputDispatcher: Delivering touch to (32459): action: 0x0, f=0x0, d=0, 'eba3da2', t=1 +(0,-64)
01-01 18:12:33.799 32459 32459 I ViewRootImpl@2abddcd[InputMethod]: ViewPostIme pointer 0
01-01 18:12:33.800  1375  1400 I GestureDetector: obtain mCurrentDownEvent. id: 981447039 caller: com.android.server.wm.SystemGesturesPointerEventListener.onPointerEvent:204 com.android.server.wm.PointerEventDispatcher.onInputEvent:53 android.view.InputEventReceiver.dispatchInputEvent:337 
01-01 18:12:33.800  1375  1400 I GestureDetector: obtain mCurrentDownEvent. id: 981447039 caller: com.android.server.wm.SystemPerformancePointerEventListener.onPointerEvent:89 com.android.server.wm.PointerEventDispatcher.onInputEvent:53 android.view.InputEventReceiver.dispatchInputEvent:337 
01-01 18:12:33.800 32459 32459 I GestureDetector: obtain mCurrentDownEvent. id: 981447039 caller: kj0.d.b:34 kj0.e.g:31 ij0.a.b:7 
01-01 18:12:33.801 32459 32459 I HBD     : d ATL SoundAndVibrationKeyA
01-01 18:12:33.801 32459 32459 I HBD     : e vib is off 
01-01 18:12:33.801 32459 32459 I HBD     : a [PF_KL] OTE none 0 2 3 1416385 (1, NONE) 
01-01 18:12:33.801 32459   532 I AudioManager: getParameters keys = g_volume_situation_key;type=2;device=0
01-01 18:12:33.802   831  2873 V APM_AudioPolicyManager: getAudioPolicyConfig: g_volume_situation_key;type=2;device=0
01-01 18:12:33.802   831  2873 W SecAudioParamPolicy: g_volume_situation_key: did not support legacy situation volumes
01-01 18:12:33.802  1375  3560 D AudioSystem: getParameters() ERROR : can't get situationVolume
01-01 18:12:33.802   791  3310 D aurisys_lib_handler: [LIB] fsm_audio_process_dl_buf(): vbat=4.065000 scenario=4 auri_inst=1
01-01 18:12:33.802   831  2873 I AF::Track: start() situation track : stv_keyboard
01-01 18:12:33.802   831  2873 I AF::Track: setMixerOutConfig return default condition, mixer key 2002, thread key 2002
01-01 18:12:33.803   831  2873 V APM_AudioPolicyManager: startOutput portId 3627
01-01 18:12:33.803   831  2873 V APM_AudioPolicyManager: startOutput() output 21, stream 1, session 28577
01-01 18:12:33.803   831  2873 V APM_AudioPolicyManager: setBeaconMute(1) mBeaconMuteRefCount=3 mBeaconPlayingRefCount=0
01-01 18:12:33.803   831  2873 V APM_AudioPolicyManager: selectOutputForMusicEffects selected output 13
01-01 18:12:33.803   831  2873 V APM_AudioPolicyManager: getNewOutputDevices selected devices {AUDIO_DEVICE_OUT_SPEAKER, @:}
01-01 18:12:33.803   831  2873 V APM_AudioPolicyManager: setOutputDevices device {AUDIO_DEVICE_OUT_SPEAKER, @:} delayMs 0
01-01 18:12:33.803   831  2873 V APM_AudioPolicyManager: setOutputDevices() prevDevice {AUDIO_DEVICE_OUT_SPEAKER, @:}
01-01 18:12:33.804   831  2873 I APM::AudioPolicyEngine: getDevicesForStrategyInt no device found for strategy 9
01-01 18:12:33.804   831  2873 V APM_AudioPolicyManager: setOutputDevices changing device to {AUDIO_DEVICE_OUT_SPEAKER, @:}
01-01 18:12:33.815 32459  1201 I gralloc4: @set_metadata: update dataspace from GM (0x00000000 -> 0x08010000)
01-01 18:12:33.815  1375  1400 I GestureDetector: obtain mCurrentMotionEventRaw. action: 2 id: 700637764
01-01 18:12:33.815  1375  1400 I GestureDetector: obtain mCurrentMotionEventRaw. action: 2 id: 700637764
01-01 18:12:33.825   831  1340 D DlbDlbEffect: handle_EFFECT_CMD_SET_DEVICE(device=0x00000002)
01-01 18:12:33.825   831  1340 D DlbEffectContext: setDevice(00000002)
01-01 18:12:33.825   831  1340 D DlbEndpointParamCache: setDevice(device=0x00000002)
01-01 18:12:33.825   831  1340 I AudioEffectExtendAction: setDevice_l empty address, empty name
01-01 18:12:33.825   831  1340 V VolumeMonitor_Energy_Effect: VM_setDevice() sessionId:-2101, device:0x0x2, isBtTypeHeadset:0
01-01 18:12:33.826   791   791 D AudioALSAStreamOut: updateSourceMetadataV7() 
01-01 18:12:33.826   791   791 I AudioALSAStreamOut: updateSourceMetadata(), do nothing source_metadata = 0xffaf3718
01-01 18:12:33.826   791 11720 D AudioALSAHardware: +createAudioPatch() num_sources [1] , num_sinks [1], handle [0x254b], current mAudioHalPatchVector size 2
01-01 18:12:33.826   791 11720 D AudioALSAStreamManager: +setParameters(), IOport = 21, keyValuePairs = routing=2
01-01 18:12:33.826   791 11720 D AudioALSAStreamManager: setParameters(), Send to mStreamOutVector[1], flag 4
01-01 18:12:33.827 32459 32459 I GestureDetector: obtain mCurrentMotionEventRaw. action: 2 id: 700637764
01-01 18:12:33.827   791 11720 D AudioALSAStreamOut: updatePolicyDevice(), flag: 0x4, device: 0x2
01-01 18:12:33.828   791 11720 D AudioALSAStreamManager: +routingOutputDevice(), streamOut : set reopen state : false
01-01 18:12:33.828   791 11720 D AudioALSAStreamManager: +routingOutputDevice(), streamOut : set reopen state : false
01-01 18:12:33.828   791 11720 W AudioALSAStreamManager: routingOutputDevice(), flag: 0x4, output_devices == current_output_devices(0x00000002), return
01-01 18:12:33.828   791 11720 D AudioALSAHardware: -createAudioPatch() num_sources [1] , num_sinks [1], handle [0x254c]
01-01 18:12:33.828   831  1340 D AudioFlinger: setCurDevice() 0x2
01-01 18:12:33.828   791 11720 D AudioALSAStreamOut: updateSourceMetadataV7() 
01-01 18:12:33.828   791 11720 I AudioALSAStreamOut: updateSourceMetadata(), do nothing source_metadata = 0xea1aeab0
01-01 18:12:33.828   831  2873 V APM_AudioPolicyManager: setOutputDevices() AF::createAudioPatch returned 0 patchHandle 77996 num_sources 1 num_sinks 1
01-01 18:12:33.829   831  2873 V APM_AudioPolicyManager: checkAndSetVolume: output 21, stream 10, index 14, devices 0x2, volume 0.707946
01-01 18:12:33.829   831  2873 V APM_AudioPolicyManager: checkAndSetVolume: output 21, stream 4, index 11, devices 0x2, volume 0.354813
01-01 18:12:33.829   831  2873 V APM_AudioPolicyManager: checkAndSetVolume: output 21, stream 8, index 15, devices 0x2, volume 1.000000
01-01 18:12:33.831   831  2873 V APM_AudioPolicyManager: checkAndSetVolume: output 21, stream 3, index 14, devices 0x2, volume 0.630957
01-01 18:12:33.832   831  2873 V APM_AudioPolicyManager: checkAndSetVolume: output 21, stream 5, index 15, devices 0x2, volume 1.000000
01-01 18:12:33.832   831  2873 V APM_AudioPolicyManager: checkAndSetVolume: output 21, stream 2, index 15, devices 0x2, volume 0.707946
01-01 18:12:33.832   831  2873 V APM_AudioPolicyManager: checkAndSetVolume: output 21, stream 1, index 4, devices 0x2, volume 0.141254
01-01 18:12:33.833 32459  1201 I gralloc4: @set_metadata: update dataspace from GM (0x00000000 -> 0x08010000)
01-01 18:12:33.833   831  2873 V APM_AudioPolicyManager: checkAndSetVolume: output 21, stream 9, index 14, devices 0x2, volume 0.707946
01-01 18:12:33.834   831  2873 V APM_AudioPolicyManager: checkAndSetVolume: output 21, stream 0, index 8, devices 0x2, volume 1.778279
01-01 18:12:33.835   831  2873 V APM_AudioPolicyManager: checkAndSetVolume: output 21, stream 11, index 7, devices 0x2, volume 0.066834
01-01 18:12:33.835   831  2873 V APM_AudioPolicyManager: checkAndSetVolume: output 21, stream 1, index 4, devices 0x2, volume 0.141254
01-01 18:12:33.836   831  2873 D audioserver: FGS Logger Transaction failed
01-01 18:12:33.836   831  2873 D audioserver: -129
01-01 18:12:33.836 32459   532 I HBD     : c Soundpool play()34 [Ljava.lang.Object;@b03c99
01-01 18:12:33.841   791 11720 D AudioALSAStreamOut: updateSourceMetadataV7() 
01-01 18:12:33.841   791 11720 I AudioALSAStreamOut: updateSourceMetadata(), do nothing source_metadata = 0xea1aeab0
01-01 18:12:33.897  1375  1545 I InputReader: Touch event's action is 0x1 (id=5, t=0) [pCnt=1, s=] when=251115.487436
01-01 18:12:33.897  1375  1544 I InputDispatcher: Delivering touch to (32459): action: 0x1, f=0x0, d=0, 'eba3da2', t=1 +(0,-64)
01-01 18:12:33.897 32459 32459 I ViewRootImpl@2abddcd[InputMethod]: ViewPostIme pointer 1
01-01 18:12:33.898 32459 32459 I HBD     : a down event is done 
01-01 18:12:33.898 32459 32459 I HBD     : a up event is done 
01-01 18:12:33.898 32459 32459 I HBD     : d ATL DTMFKeyA
01-01 18:12:33.899 32459 32459 I HBD     : a [PF_KL] OTE none 1 1 2 1345231 (1, NONE) 
01-01 18:12:33.903 32459 32459 I HBD     : m1 ous -  5 ,  5 ,  6 ,  6 ,  -1 ,  -1
01-01 18:12:33.906 32459 32459 I HBD     : m0 EBD cm S 0 
01-01 18:12:33.913 32459  1201 I gralloc4: @set_metadata: update dataspace from GM (0x00000000 -> 0x08010000)
01-01 18:12:33.926   841   841 I BufferQueueProducer: [InputMethod$_32459#53250](this:0xb400007a78f39790,id:-1,api:0,p:-1,c:841) queueBuffer: fps=13.47 dur=1039.10 max=329.53 min=16.28
01-01 18:12:33.928   799   799 I hwcomposer: [HWCDisplay] [Display_0 (type:1)] fps:13.472477,dur:1039.16,max:329.26,min:16.19  
01-01 18:12:33.930 32459  1201 I gralloc4: @set_metadata: update dataspace from GM (0x00000000 -> 0x08010000)
01-01 18:12:33.933   831   913 I AF::Track: stop() situation track : stv_keyboard
01-01 18:12:33.972   831  1340 D audioserver: FGS Logger Transaction failed
01-01 18:12:33.972   831  1340 D audioserver: -129
01-01 18:12:33.972   831  1049 V APM_AudioPolicyManager: stopOutput portId 3627
01-01 18:12:33.972   831  1049 V APM_AudioPolicyManager: stopOutput() output 21, stream 1, session 28577
01-01 18:12:33.972   831  1049 V APM_AudioPolicyManager: setBeaconMute(1) mBeaconMuteRefCount=2 mBeaconPlayingRefCount=0
01-01 18:12:33.973   831  1049 V APM_AudioPolicyManager: getNewOutputDevices selected devices AUDIO_DEVICE_NONE
01-01 18:12:33.973   831  1049 V APM_AudioPolicyManager: setOutputDevices device AUDIO_DEVICE_NONE delayMs 84
01-01 18:12:33.973   831  1049 V APM_AudioPolicyManager: setOutputDevices() prevDevice {AUDIO_DEVICE_OUT_SPEAKER, @:}
01-01 18:12:33.973   791 11720 D AudioALSAStreamOut: updateSourceMetadataV7() 
01-01 18:12:33.973   791 11720 I AudioALSAStreamOut: updateSourceMetadata(), do nothing source_metadata = 0xea1aeab0
01-01 18:12:33.973   831  1049 I APM::AudioPolicyEngine: getDevicesForStrategyInt no device found for strategy 9
01-01 18:12:33.974   831  1049 V APM_AudioPolicyManager: setOutputDevices setting same device AUDIO_DEVICE_NONE or null device, force=0, patch handle=3398
01-01 18:12:33.974   831  1049 V APM_AudioPolicyManager: selectOutputForMusicEffects selected output 13
01-01 18:12:34.088  1375  1545 I InputReader: Touch event's action is 0x0 (id=5, t=0) [pCnt=1, s=0.0 ] when=251115.678225
01-01 18:12:34.088  1375  1544 I InputDispatcher: Delivering touch to (1876): action: 0x4, f=0x0, d=0, '6c20be ', t=1 
01-01 18:12:34.088  1375  1544 I InputDispatcher: Delivering touch to (32459): action: 0x0, f=0x0, d=0, 'eba3da2', t=1 +(0,-64)
01-01 18:12:34.088 32459 32459 I ViewRootImpl@2abddcd[InputMethod]: ViewPostIme pointer 0
01-01 18:12:34.088  1375  1544 D PowerManagerService: [api] userActivityFromNative : touch, IME displayId=0 eventTime=251115678
01-01 18:12:34.089  1375  1400 I GestureDetector: obtain mCurrentDownEvent. id: 623883682 caller: com.android.server.wm.SystemGesturesPointerEventListener.onPointerEvent:204 com.android.server.wm.PointerEventDispatcher.onInputEvent:53 android.view.InputEventReceiver.dispatchInputEvent:337 
01-01 18:12:34.089  1375  1400 I GestureDetector: obtain mCurrentDownEvent. id: 623883682 caller: com.android.server.wm.SystemPerformancePointerEventListener.onPointerEvent:89 com.android.server.wm.PointerEventDispatcher.onInputEvent:53 android.view.InputEventReceiver.dispatchInputEvent:337 
01-01 18:12:34.090 32459 32459 I GestureDetector: obtain mCurrentDownEvent. id: 623883682 caller: kj0.d.b:34 kj0.e.g:31 ij0.a.b:7 
01-01 18:12:34.091 32459 32459 I HBD     : d ATL SoundAndVibrationKeyA
01-01 18:12:34.091 32459 32459 I HBD     : e vib is off 
01-01 18:12:34.091 32459   532 I AudioManager: getParameters keys = g_volume_situation_key;type=2;device=0
01-01 18:12:34.091 32459 32459 I HBD     : a [PF_KL] OTE none 0 1 4 2367769 (1, NONE) 
01-01 18:12:34.092   831   913 V APM_AudioPolicyManager: getAudioPolicyConfig: g_volume_situation_key;type=2;device=0
01-01 18:12:34.092   831   913 W SecAudioParamPolicy: g_volume_situation_key: did not support legacy situation volumes
01-01 18:12:34.092  1375  1497 D AudioSystem: getParameters() ERROR : can't get situationVolume
01-01 18:12:34.092   831   913 I AF::Track: start() situation track : stv_keyboard
01-01 18:12:34.092   831   913 I AF::Track: setMixerOutConfig return default condition, mixer key 2002, thread key 2002
01-01 18:12:34.093   831   913 V APM_AudioPolicyManager: startOutput portId 3627
01-01 18:12:34.093   831   913 V APM_AudioPolicyManager: startOutput() output 21, stream 1, session 28577
01-01 18:12:34.093   831   913 V APM_AudioPolicyManager: setBeaconMute(1) mBeaconMuteRefCount=3 mBeaconPlayingRefCount=0
01-01 18:12:34.093   831   913 V APM_AudioPolicyManager: selectOutputForMusicEffects selected output 13
01-01 18:12:34.093   831   913 V APM_AudioPolicyManager: getNewOutputDevices selected devices {AUDIO_DEVICE_OUT_SPEAKER, @:}
01-01 18:12:34.093   831   913 V APM_AudioPolicyManager: setOutputDevices device {AUDIO_DEVICE_OUT_SPEAKER, @:} delayMs 0
01-01 18:12:34.093   831   913 V APM_AudioPolicyManager: setOutputDevices() prevDevice {AUDIO_DEVICE_OUT_SPEAKER, @:}
01-01 18:12:34.093   831   913 V APM_AudioPolicyManager: setOutputDevices: suppressing checkDeviceMuteStrategies
01-01 18:12:34.093   831   913 V APM_AudioPolicyManager: setOutputDevices changing device to {AUDIO_DEVICE_OUT_SPEAKER, @:}
01-01 18:12:34.111 32459  1201 I gralloc4: @set_metadata: update dataspace from GM (0x00000000 -> 0x08010000)
01-01 18:12:34.114   831  1340 D DlbDlbEffect: handle_EFFECT_CMD_SET_DEVICE(device=0x00000002)
01-01 18:12:34.115   831  1340 D DlbEffectContext: setDevice(00000002)
01-01 18:12:34.115   831  1340 D DlbEndpointParamCache: setDevice(device=0x00000002)
01-01 18:12:34.115   831  1340 I AudioEffectExtendAction: setDevice_l empty address, empty name
01-01 18:12:34.115   831  1340 V VolumeMonitor_Energy_Effect: VM_setDevice() sessionId:-2101, device:0x0x2, isBtTypeHeadset:0
01-01 18:12:34.115   791 11720 D AudioALSAStreamOut: updateSourceMetadataV7() 
01-01 18:12:34.115   791 11720 I AudioALSAStreamOut: updateSourceMetadata(), do nothing source_metadata = 0xea1aeab0
01-01 18:12:34.115   791   874 D AudioALSAHardware: +createAudioPatch() num_sources [1] , num_sinks [1], handle [0x254c], current mAudioHalPatchVector size 2
01-01 18:12:34.115   791   874 D AudioALSAStreamManager: +setParameters(), IOport = 21, keyValuePairs = routing=2
01-01 18:12:34.115   791   874 D AudioALSAStreamManager: setParameters(), Send to mStreamOutVector[1], flag 4
01-01 18:12:34.115   791   874 D AudioALSAStreamOut: updatePolicyDevice(), flag: 0x4, device: 0x2
01-01 18:12:34.115   791   874 D AudioALSAStreamManager: +routingOutputDevice(), streamOut : set reopen state : false
01-01 18:12:34.115   791   874 D AudioALSAStreamManager: +routingOutputDevice(), streamOut : set reopen state : false
01-01 18:12:34.115   791   874 W AudioALSAStreamManager: routingOutputDevice(), flag: 0x4, output_devices == current_output_devices(0x00000002), return
01-01 18:12:34.115   791   874 D AudioALSAHardware: -createAudioPatch() num_sources [1] , num_sinks [1], handle [0x254d]
01-01 18:12:34.116   831  1340 D AudioFlinger: setCurDevice() 0x2
01-01 18:12:34.116   791   874 D AudioALSAStreamOut: updateSourceMetadataV7() 
01-01 18:12:34.116   791   874 I AudioALSAStreamOut: updateSourceMetadata(), do nothing source_metadata = 0xed63dab0
01-01 18:12:34.116   831   913 V APM_AudioPolicyManager: setOutputDevices() AF::createAudioPatch returned 0 patchHandle 78004 num_sources 1 num_sinks 1
01-01 18:12:34.117   831   913 V APM_AudioPolicyManager: checkAndSetVolume: output 21, stream 10, index 14, devices 0x2, volume 0.707946
01-01 18:12:34.117   831   913 V APM_AudioPolicyManager: checkAndSetVolume: output 21, stream 4, index 11, devices 0x2, volume 0.354813
01-01 18:12:34.117   831   913 V APM_AudioPolicyManager: checkAndSetVolume: output 21, stream 8, index 15, devices 0x2, volume 1.000000
01-01 18:12:34.118   831   913 V APM_AudioPolicyManager: checkAndSetVolume: output 21, stream 3, index 14, devices 0x2, volume 0.630957
01-01 18:12:34.118   831   913 V APM_AudioPolicyManager: checkAndSetVolume: output 21, stream 5, index 15, devices 0x2, volume 1.000000
01-01 18:12:34.119   831   913 V APM_AudioPolicyManager: checkAndSetVolume: output 21, stream 2, index 15, devices 0x2, volume 0.707946
01-01 18:12:34.119   831   913 V APM_AudioPolicyManager: checkAndSetVolume: output 21, stream 1, index 4, devices 0x2, volume 0.141254
01-01 18:12:34.119   831   913 V APM_AudioPolicyManager: checkAndSetVolume: output 21, stream 9, index 14, devices 0x2, volume 0.707946
01-01 18:12:34.120   831   913 V APM_AudioPolicyManager: checkAndSetVolume: output 21, stream 0, index 8, devices 0x2, volume 1.778279
01-01 18:12:34.120   831   913 V APM_AudioPolicyManager: checkAndSetVolume: output 21, stream 11, index 7, devices 0x2, volume 0.066834
01-01 18:12:34.120   831   913 V APM_AudioPolicyManager: checkAndSetVolume: output 21, stream 1, index 4, devices 0x2, volume 0.141254
01-01 18:12:34.122   831   913 D audioserver: FGS Logger Transaction failed
01-01 18:12:34.122   831   913 D audioserver: -129
01-01 18:12:34.122 32459   532 I HBD     : c Soundpool play()30 [Ljava.lang.Object;@7ed0f6a
01-01 18:12:34.128 32459  1201 I gralloc4: @set_metadata: update dataspace from GM (0x00000000 -> 0x08010000)
01-01 18:12:34.129   791   874 D AudioALSAStreamOut: updateSourceMetadataV7() 
01-01 18:12:34.129   791   874 I AudioALSAStreamOut: updateSourceMetadata(), do nothing source_metadata = 0xed63dab0
01-01 18:12:34.154  1375  1400 I GestureDetector: obtain mCurrentMotionEventRaw. action: 2 id: 500332168
01-01 18:12:34.154  1375  1400 I GestureDetector: obtain mCurrentMotionEventRaw. action: 2 id: 500332168
01-01 18:12:34.170  1375  1545 I InputReader: Touch event's action is 0x1 (id=5, t=0) [pCnt=1, s=] when=251115.761105
01-01 18:12:34.171  1375  1544 I InputDispatcher: Delivering touch to (32459): action: 0x1, f=0x0, d=0, 'eba3da2', t=1 +(0,-64)
01-01 18:12:34.171 32459 32459 I GestureDetector: obtain mCurrentMotionEventRaw. action: 2 id: 500332168
01-01 18:12:34.171 32459 32459 I ViewRootImpl@2abddcd[InputMethod]: ViewPostIme pointer 1
01-01 18:12:34.172 32459 32459 I HBD     : a down event is done 
01-01 18:12:34.172 32459 32459 I HBD     : a up event is done 
01-01 18:12:34.172 32459 32459 I HBD     : d ATL DTMFKeyA
01-01 18:12:34.173 32459 32459 I HBD     : a [PF_KL] OTE none 1 1 2 1336231 (1, NONE) 
01-01 18:12:34.177 32459 32459 I HBD     : m1 ous -  6 ,  6 ,  7 ,  7 ,  -1 ,  -1
01-01 18:12:34.179 32459  1201 I gralloc4: @set_metadata: update dataspace from GM (0x00000000 -> 0x08010000)
01-01 18:12:34.181 32459 32459 I HBD     : m0 EBD cm S 0 
01-01 18:12:34.193 32459  1201 I gralloc4: @set_metadata: update dataspace from GM (0x00000000 -> 0x08010000)
01-01 18:12:34.206   841   841 I BufferQueueProducer: [SurfaceView[com.wawapp.driver/com.wawapp.driver.MainActivity]@0(BLAST)#53246](this:0xb400007a7873b790,id:-1,api:0,p:-1,c:841) queueBuffer: fps=3.32 dur=1203.78 max=428.74 min=214.27
01-01 18:12:34.210  1375  1506 D SensorService: [SO] 0.338 0.024 9.684
01-01 18:12:34.219   831  2873 I AF::Track: stop() situation track : stv_keyboard
01-01 18:12:34.260   831  1340 D audioserver: FGS Logger Transaction failed
01-01 18:12:34.260   831  1340 D audioserver: -129
01-01 18:12:34.260   831  1049 V APM_AudioPolicyManager: stopOutput portId 3627
01-01 18:12:34.260   831  1049 V APM_AudioPolicyManager: stopOutput() output 21, stream 1, session 28577
01-01 18:12:34.260   831  1049 V APM_AudioPolicyManager: setBeaconMute(1) mBeaconMuteRefCount=2 mBeaconPlayingRefCount=0
01-01 18:12:34.261   831  1049 V APM_AudioPolicyManager: getNewOutputDevices selected devices AUDIO_DEVICE_NONE
01-01 18:12:34.261   831  1049 V APM_AudioPolicyManager: setOutputDevices device AUDIO_DEVICE_NONE delayMs 84
01-01 18:12:34.261   831  1049 V APM_AudioPolicyManager: setOutputDevices() prevDevice {AUDIO_DEVICE_OUT_SPEAKER, @:}
01-01 18:12:34.261   791   874 D AudioALSAStreamOut: updateSourceMetadataV7() 
01-01 18:12:34.261   791   874 I AudioALSAStreamOut: updateSourceMetadata(), do nothing source_metadata = 0xed63dab0
01-01 18:12:34.261   831  1049 I APM::AudioPolicyEngine: getDevicesForStrategyInt no device found for strategy 9
01-01 18:12:34.261   831  1049 V APM_AudioPolicyManager: setOutputDevices setting same device AUDIO_DEVICE_NONE or null device, force=0, patch handle=3398
01-01 18:12:34.262   831  1049 V APM_AudioPolicyManager: selectOutputForMusicEffects selected output 13
01-01 18:12:34.345  1876  1876 D StatusBarIconController: ignoring old pipeline callbacks, because the new mobile icons are enabled
01-01 18:12:34.389  1375  1375 I GestureDetector: handleMessage TAP
01-01 18:12:34.389  1375  1400 I GestureDetector: handleMessage TAP
01-01 18:12:34.408  1375  1545 I InputReader: Touch event's action is 0x0 (id=5, t=0) [pCnt=1, s=0.0 ] when=251115.999007
01-01 18:12:34.409  1375  1544 I InputDispatcher: Delivering touch to (1876): action: 0x4, f=0x0, d=0, '6c20be ', t=1 
01-01 18:12:34.409  1375  1544 I InputDispatcher: Delivering touch to (32459): action: 0x0, f=0x0, d=0, 'eba3da2', t=1 +(0,-64)
01-01 18:12:34.409 32459 32459 I ViewRootImpl@2abddcd[InputMethod]: ViewPostIme pointer 0
01-01 18:12:34.409  1375  1400 I GestureDetector: obtain mCurrentDownEvent. id: 895288302 caller: com.android.server.wm.SystemGesturesPointerEventListener.onPointerEvent:204 com.android.server.wm.PointerEventDispatcher.onInputEvent:53 android.view.InputEventReceiver.dispatchInputEvent:337 
01-01 18:12:34.410  1375  1400 I GestureDetector: obtain mCurrentDownEvent. id: 895288302 caller: com.android.server.wm.SystemPerformancePointerEventListener.onPointerEvent:89 com.android.server.wm.PointerEventDispatcher.onInputEvent:53 android.view.InputEventReceiver.dispatchInputEvent:337 
01-01 18:12:34.410 32459 32459 I GestureDetector: obtain mCurrentDownEvent. id: 895288302 caller: kj0.d.b:34 kj0.e.g:31 ij0.a.b:7 
01-01 18:12:34.411 32459 32459 I HBD     : d ATL SoundAndVibrationKeyA
01-01 18:12:34.412 32459 32459 I HBD     : e vib is off 
01-01 18:12:34.412 32459   532 I AudioManager: getParameters keys = g_volume_situation_key;type=2;device=0
01-01 18:12:34.412 32459 32459 I HBD     : a [PF_KL] OTE none 0 1 3 2245230 (1, NONE) 
01-01 18:12:34.412   831  2873 V APM_AudioPolicyManager: getAudioPolicyConfig: g_volume_situation_key;type=2;device=0
01-01 18:12:34.412   831  2873 W SecAudioParamPolicy: g_volume_situation_key: did not support legacy situation volumes
01-01 18:12:34.412  1375  3560 D AudioSystem: getParameters() ERROR : can't get situationVolume
01-01 18:12:34.413   831  2873 I AF::Track: start() situation track : stv_keyboard
01-01 18:12:34.413   831  2873 I AF::Track: setMixerOutConfig return default condition, mixer key 2002, thread key 2002
01-01 18:12:34.413   831  2873 V APM_AudioPolicyManager: startOutput portId 3627
01-01 18:12:34.413   831  2873 V APM_AudioPolicyManager: startOutput() output 21, stream 1, session 28577
01-01 18:12:34.413   831  2873 V APM_AudioPolicyManager: setBeaconMute(1) mBeaconMuteRefCount=3 mBeaconPlayingRefCount=0
01-01 18:12:34.413   831  2873 V APM_AudioPolicyManager: selectOutputForMusicEffects selected output 13
01-01 18:12:34.414   831  2873 V APM_AudioPolicyManager: getNewOutputDevices selected devices {AUDIO_DEVICE_OUT_SPEAKER, @:}
01-01 18:12:34.414   831  2873 V APM_AudioPolicyManager: setOutputDevices device {AUDIO_DEVICE_OUT_SPEAKER, @:} delayMs 0
01-01 18:12:34.414   831  2873 V APM_AudioPolicyManager: setOutputDevices() prevDevice {AUDIO_DEVICE_OUT_SPEAKER, @:}
01-01 18:12:34.414   831  2873 V APM_AudioPolicyManager: setOutputDevices: suppressing checkDeviceMuteStrategies
01-01 18:12:34.414   831  2873 V APM_AudioPolicyManager: setOutputDevices changing device to {AUDIO_DEVICE_OUT_SPEAKER, @:}
01-01 18:12:34.418  1375  1400 I GestureDetector: obtain mCurrentMotionEventRaw. action: 2 id: 611595704
01-01 18:12:34.418  1375  1400 I GestureDetector: obtain mCurrentMotionEventRaw. action: 2 id: 611595704
01-01 18:12:34.424 32459  1201 I gralloc4: @set_metadata: update dataspace from GM (0x00000000 -> 0x08010000)
01-01 18:12:34.435   831  1340 D DlbDlbEffect: handle_EFFECT_CMD_SET_DEVICE(device=0x00000002)
01-01 18:12:34.435   831  1340 D DlbEffectContext: setDevice(00000002)
01-01 18:12:34.435   831  1340 D DlbEndpointParamCache: setDevice(device=0x00000002)
01-01 18:12:34.435   831  1340 I AudioEffectExtendAction: setDevice_l empty address, empty name
01-01 18:12:34.435   831  1340 V VolumeMonitor_Energy_Effect: VM_setDevice() sessionId:-2101, device:0x0x2, isBtTypeHeadset:0
01-01 18:12:34.435   791   874 D AudioALSAStreamOut: updateSourceMetadataV7() 
01-01 18:12:34.436   791   874 I AudioALSAStreamOut: updateSourceMetadata(), do nothing source_metadata = 0xed63dab0
01-01 18:12:34.436   791   874 D AudioALSAHardware: +createAudioPatch() num_sources [1] , num_sinks [1], handle [0x254d], current mAudioHalPatchVector size 2
01-01 18:12:34.436   791   874 D AudioALSAStreamManager: +setParameters(), IOport = 21, keyValuePairs = routing=2
01-01 18:12:34.436   791   874 D AudioALSAStreamManager: setParameters(), Send to mStreamOutVector[1], flag 4
01-01 18:12:34.437 32459 32459 I GestureDetector: obtain mCurrentMotionEventRaw. action: 2 id: 611595704
01-01 18:12:34.441   791   874 D AudioALSAStreamOut: updatePolicyDevice(), flag: 0x4, device: 0x2
01-01 18:12:34.441   791   874 D AudioALSAStreamManager: +routingOutputDevice(), streamOut : set reopen state : false
01-01 18:12:34.441   791   874 D AudioALSAStreamManager: +routingOutputDevice(), streamOut : set reopen state : false
01-01 18:12:34.441   791   874 W AudioALSAStreamManager: routingOutputDevice(), flag: 0x4, output_devices == current_output_devices(0x00000002), return
01-01 18:12:34.441   791   874 D AudioALSAHardware: -createAudioPatch() num_sources [1] , num_sinks [1], handle [0x254e]
01-01 18:12:34.441 32459  1201 I gralloc4: @set_metadata: update dataspace from GM (0x00000000 -> 0x08010000)
01-01 18:12:34.442   831  1340 D AudioFlinger: setCurDevice() 0x2
01-01 18:12:34.442   791   874 D AudioALSAStreamOut: updateSourceMetadataV7() 
01-01 18:12:34.442   791   874 I AudioALSAStreamOut: updateSourceMetadata(), do nothing source_metadata = 0xed63dab0
01-01 18:12:34.442   831  2873 V APM_AudioPolicyManager: setOutputDevices() AF::createAudioPatch returned 0 patchHandle 78012 num_sources 1 num_sinks 1
01-01 18:12:34.443   831  2873 V APM_AudioPolicyManager: checkAndSetVolume: output 21, stream 10, index 14, devices 0x2, volume 0.707946
01-01 18:12:34.443   831  2873 V APM_AudioPolicyManager: checkAndSetVolume: output 21, stream 4, index 11, devices 0x2, volume 0.354813
01-01 18:12:34.443   831  2873 V APM_AudioPolicyManager: checkAndSetVolume: output 21, stream 8, index 15, devices 0x2, volume 1.000000
01-01 18:12:34.444   831  2873 V APM_AudioPolicyManager: checkAndSetVolume: output 21, stream 3, index 14, devices 0x2, volume 0.630957
01-01 18:12:34.445   831  2873 V APM_AudioPolicyManager: checkAndSetVolume: output 21, stream 5, index 15, devices 0x2, volume 1.000000
01-01 18:12:34.445   831  2873 V APM_AudioPolicyManager: checkAndSetVolume: output 21, stream 2, index 15, devices 0x2, volume 0.707946
01-01 18:12:34.445   831  2873 V APM_AudioPolicyManager: checkAndSetVolume: output 21, stream 1, index 4, devices 0x2, volume 0.141254
01-01 18:12:34.446   831  2873 V APM_AudioPolicyManager: checkAndSetVolume: output 21, stream 9, index 14, devices 0x2, volume 0.707946
01-01 18:12:34.446   831  2873 V APM_AudioPolicyManager: checkAndSetVolume: output 21, stream 0, index 8, devices 0x2, volume 1.778279
01-01 18:12:34.447   831  2873 V APM_AudioPolicyManager: checkAndSetVolume: output 21, stream 11, index 7, devices 0x2, volume 0.066834
01-01 18:12:34.447   831  2873 V APM_AudioPolicyManager: checkAndSetVolume: output 21, stream 1, index 4, devices 0x2, volume 0.141254
01-01 18:12:34.448   831  2873 D audioserver: FGS Logger Transaction failed
01-01 18:12:34.448   831  2873 D audioserver: -129
01-01 18:12:34.448 32459   532 I HBD     : c Soundpool play()35 [Ljava.lang.Object;@d271337
01-01 18:12:34.449   791   874 D AudioALSAStreamOut: updateSourceMetadataV7() 
01-01 18:12:34.450   791   874 I AudioALSAStreamOut: updateSourceMetadata(), do nothing source_metadata = 0xed63dab0
01-01 18:12:34.483  1375  1545 I InputReader: Touch event's action is 0x1 (id=5, t=0) [pCnt=1, s=] when=251116.074114
01-01 18:12:34.484  1375  1544 I InputDispatcher: Delivering touch to (32459): action: 0x1, f=0x0, d=0, 'eba3da2', t=1 +(0,-64)
01-01 18:12:34.484 32459 32459 I ViewRootImpl@2abddcd[InputMethod]: ViewPostIme pointer 1
01-01 18:12:34.485 32459 32459 I HBD     : a down event is done 
01-01 18:12:34.485 32459 32459 I HBD     : a up event is done 
01-01 18:12:34.485 32459 32459 I HBD     : d ATL DTMFKeyA
01-01 18:12:34.486 32459 32459 I HBD     : a [PF_KL] OTE none 1 1 2 1263077 (1, NONE) 
01-01 18:12:34.490 32459 32459 I HBD     : m1 ous -  7 ,  7 ,  8 ,  8 ,  -1 ,  -1
01-01 18:12:34.492 32459  1201 I gralloc4: @set_metadata: update dataspace from GM (0x00000000 -> 0x08010000)
01-01 18:12:34.494 32459 32459 I HBD     : m0 EBD cm S 0 
01-01 18:12:34.508 32459  1201 I gralloc4: @set_metadata: update dataspace from GM (0x00000000 -> 0x08010000)
01-01 18:12:34.540   831   831 I AF::Track: stop() situation track : stv_keyboard
01-01 18:12:34.566   543   543 D io_stats: !@ 179,0 r 37788862 534195610 w 5956548 67626196 d 892770 66929880 f 0 0 iot 9707980 0 th 0 0 0 pt 0 inp 0 0 251116.157
01-01 18:12:34.580   831  1340 D audioserver: FGS Logger Transaction failed
01-01 18:12:34.580   831  1340 D audioserver: -129
01-01 18:12:34.580   831  1049 V APM_AudioPolicyManager: stopOutput portId 3627
01-01 18:12:34.580   831  1049 V APM_AudioPolicyManager: stopOutput() output 21, stream 1, session 28577
01-01 18:12:34.580   831  1049 V APM_AudioPolicyManager: setBeaconMute(1) mBeaconMuteRefCount=2 mBeaconPlayingRefCount=0
01-01 18:12:34.581   831  1049 V APM_AudioPolicyManager: getNewOutputDevices selected devices AUDIO_DEVICE_NONE
01-01 18:12:34.581   831  1049 V APM_AudioPolicyManager: setOutputDevices device AUDIO_DEVICE_NONE delayMs 84
01-01 18:12:34.581   831  1049 V APM_AudioPolicyManager: setOutputDevices() prevDevice {AUDIO_DEVICE_OUT_SPEAKER, @:}
01-01 18:12:34.581   791   874 D AudioALSAStreamOut: updateSourceMetadataV7() 
01-01 18:12:34.581   791   874 I AudioALSAStreamOut: updateSourceMetadata(), do nothing source_metadata = 0xed63dab0
01-01 18:12:34.581   831  1049 I APM::AudioPolicyEngine: getDevicesForStrategyInt no device found for strategy 9
01-01 18:12:34.581   831  1049 V APM_AudioPolicyManager: setOutputDevices setting same device AUDIO_DEVICE_NONE or null device, force=0, patch handle=3398
01-01 18:12:34.582   831  1049 V APM_AudioPolicyManager: selectOutputForMusicEffects selected output 13
01-01 18:12:34.709  1375  1375 I GestureDetector: handleMessage TAP
01-01 18:12:34.710  1375  1400 I GestureDetector: handleMessage TAP
01-01 18:12:35.016   799   799 I hwcomposer: [HWCDisplay] [Display_0 (type:1)] fps:9.191308,dur:1087.98,max:494.50,min:15.97  
01-01 18:12:35.182 19010 19074 D ProfileInstaller: Installing profile for com.osp.app.signin
01-01 18:12:35.362  1876  1876 D StatusBarIconController: ignoring old pipeline callbacks, because the new mobile icons are enabled
01-01 18:12:35.409  1876  1876 D StatusBarIconController: ignoring old pipeline callbacks, because the new mobile icons are enabled
01-01 18:12:35.443  1876  2061 I gralloc4: @set_metadata: update dataspace from GM (0x00000000 -> 0x08010000)
01-01 18:12:35.460   841   841 I BufferQueueProducer: [StatusBar$_1876#83](this:0xb400007a78f3f790,id:-1,api:0,p:-1,c:841) queueBuffer: fps=0.49 dur=2045.08 max=2045.08 min=2045.08
01-01 18:12:35.525   841   841 I BufferQueueProducer: [SurfaceView[com.wawapp.driver/com.wawapp.driver.MainActivity]@0(BLAST)#53246](this:0xb400007a7873b790,id:-1,api:0,p:-1,c:841) queueBuffer: fps=2.27 dur=1319.53 max=511.56 min=313.31
01-01 18:12:36.024   799   799 I hwcomposer: [HWCDisplay] [Display_0 (type:1)] fps:2.975352,dur:1008.28,max:495.69,min:65.39  
01-01 18:12:36.091  1375  1545 I InputReader: Touch event's action is 0x0 (id=5, t=0) [pCnt=1, s=0.0 ] when=251117.681374
01-01 18:12:36.091  1375  1544 I InputDispatcher: Delivering touch to (1876): action: 0x4, f=0x0, d=0, '6c20be ', t=1 
01-01 18:12:36.092  1375  1544 I InputDispatcher: Delivering touch to (18877): action: 0x0, f=0x0, d=0, '2900cb3', t=1 
01-01 18:12:36.092  1375  1544 D PowerManagerService: [api] userActivityFromNative : touch displayId=0 eventTime=251117681
01-01 18:12:36.092 18877 18877 I ViewRootImpl@cb238ad[MainActivity]: ViewPostIme pointer 0
01-01 18:12:36.092  1375  1400 I GestureDetector: obtain mCurrentDownEvent. id: 553414859 caller: com.android.server.wm.SystemGesturesPointerEventListener.onPointerEvent:204 com.android.server.wm.PointerEventDispatcher.onInputEvent:53 android.view.InputEventReceiver.dispatchInputEvent:337 
01-01 18:12:36.092  1375  1400 I GestureDetector: obtain mCurrentDownEvent. id: 553414859 caller: com.android.server.wm.SystemPerformancePointerEventListener.onPointerEvent:89 com.android.server.wm.PointerEventDispatcher.onInputEvent:53 android.view.InputEventReceiver.dispatchInputEvent:337 
01-01 18:12:36.099  1375  1408 I ActivityManager: Changes in 10081 5 to 15, 56 to 0
01-01 18:12:36.150 18877 18882 D InputTransport: Input channel destroyed: 'ClientS', fd=200
01-01 18:12:36.153 18877 18883 W m.wawapp.driver: ApkAssets: Deleting an ApkAssets object '<empty> and /data/app/~~-5Kym54_SB0ikeyf79a3eA==/com.anthropic.claude-mPD9uYfAltsIkl7gaW8hOw==/base.apk' with 1 weak references
01-01 18:12:36.153 18877 18883 W m.wawapp.driver: ApkAssets: Deleting an ApkAssets object '<empty> and /data/app/~~-5Kym54_SB0ikeyf79a3eA==/com.anthropic.claude-mPD9uYfAltsIkl7gaW8hOw==/split_config.ar.apk' with 1 weak references
01-01 18:12:36.154 18877 18883 W m.wawapp.driver: ApkAssets: Deleting an ApkAssets object '<empty> and /data/app/~~-5Kym54_SB0ikeyf79a3eA==/com.anthropic.claude-mPD9uYfAltsIkl7gaW8hOw==/split_config.arm64_v8a.apk' with 1 weak references
01-01 18:12:36.154 18877 18883 W m.wawapp.driver: ApkAssets: Deleting an ApkAssets object '<empty> and /data/app/~~-5Kym54_SB0ikeyf79a3eA==/com.anthropic.claude-mPD9uYfAltsIkl7gaW8hOw==/split_config.en.apk' with 1 weak references
01-01 18:12:36.154 18877 18883 W m.wawapp.driver: ApkAssets: Deleting an ApkAssets object '<empty> and /data/app/~~-5Kym54_SB0ikeyf79a3eA==/com.anthropic.claude-mPD9uYfAltsIkl7gaW8hOw==/split_config.xxhdpi.apk' with 1 weak references
01-01 18:12:36.154 18877 18883 W m.wawapp.driver: ApkAssets: Deleting an ApkAssets object '<empty> and /data/app/~~qmjJ-Ku_Cug2HpjeJRZdJA==/com.docxreader.documentreader.wordoffice-q6FrhmFNz_az2HQKk8Bg9Q==/base.apk' with 1 weak references
