01-01 18:03:49.415   831  1340 D DlbEndpointParamCache: setDevice(device=0x00000002)
01-01 18:03:49.415   831  1340 I AudioEffectExtendAction: setDevice_l empty address, empty name
01-01 18:03:49.415   831  1340 V VolumeMonitor_Energy_Effect: VM_setDevice() sessionId:-2101, device:0x0x2, isBtTypeHeadset:0
01-01 18:03:49.416   791   874 D AudioALSAStreamOut: updateSourceMetadataV7() 
01-01 18:03:49.416   791   874 I AudioALSAStreamOut: updateSourceMetadata(), do nothing source_metadata = 0xed63dab0
01-01 18:03:49.416   791   874 D AudioALSAHardware: +createAudioPatch() num_sources [1] , num_sinks [1], handle [0x252b], current mAudioHalPatchVector size 2
01-01 18:03:49.416   791   874 D AudioALSAStreamManager: +setParameters(), IOport = 21, keyValuePairs = routing=2
01-01 18:03:49.416   791   874 D AudioALSAStreamManager: setParameters(), Send to mStreamOutVector[1], flag 4
01-01 18:03:49.417 32459 32459 I GestureDetector: obtain mCurrentMotionEventRaw. action: 2 id: 556950054
01-01 18:03:49.419   791   874 D AudioALSAStreamOut: updatePolicyDevice(), flag: 0x4, device: 0x2
01-01 18:03:49.419   791   874 D AudioALSAStreamManager: +routingOutputDevice(), streamOut : set reopen state : false
01-01 18:03:49.419   791   874 D AudioALSAStreamManager: +routingOutputDevice(), streamOut : set reopen state : false
01-01 18:03:49.419   791   874 W AudioALSAStreamManager: routingOutputDevice(), flag: 0x4, output_devices == current_output_devices(0x00000002), return
01-01 18:03:49.419   791   874 D AudioALSAHardware: -createAudioPatch() num_sources [1] , num_sinks [1], handle [0x252c]
01-01 18:03:49.420   831  1340 D AudioFlinger: setCurDevice() 0x2
01-01 18:03:49.420   791   874 D AudioALSAStreamOut: updateSourceMetadataV7() 
01-01 18:03:49.420   791   874 I AudioALSAStreamOut: updateSourceMetadata(), do nothing source_metadata = 0xed63dab0
01-01 18:03:49.421   831  5521 V APM_AudioPolicyManager: setOutputDevices() AF::createAudioPatch returned 0 patchHandle 77740 num_sources 1 num_sinks 1
01-01 18:03:49.421 32459  1201 I gralloc4: @set_metadata: update dataspace from GM (0x00000000 -> 0x08010000)
01-01 18:03:49.421   831  5521 V APM_AudioPolicyManager: checkAndSetVolume: output 21, stream 10, index 14, devices 0x2, volume 0.707946
01-01 18:03:49.421   831  5521 V APM_AudioPolicyManager: checkAndSetVolume: output 21, stream 4, index 11, devices 0x2, volume 0.354813
01-01 18:03:49.422   831  5521 V APM_AudioPolicyManager: checkAndSetVolume: output 21, stream 8, index 15, devices 0x2, volume 1.000000
01-01 18:03:49.423   831  5521 V APM_AudioPolicyManager: checkAndSetVolume: output 21, stream 3, index 14, devices 0x2, volume 0.630957
01-01 18:03:49.424   831  5521 V APM_AudioPolicyManager: checkAndSetVolume: output 21, stream 5, index 15, devices 0x2, volume 1.000000
01-01 18:03:49.424   831  5521 V APM_AudioPolicyManager: checkAndSetVolume: output 21, stream 2, index 15, devices 0x2, volume 0.707946
01-01 18:03:49.424   831  5521 V APM_AudioPolicyManager: checkAndSetVolume: output 21, stream 1, index 4, devices 0x2, volume 0.141254
01-01 18:03:49.425   831  5521 V APM_AudioPolicyManager: checkAndSetVolume: output 21, stream 9, index 14, devices 0x2, volume 0.707946
01-01 18:03:49.425   831  5521 V APM_AudioPolicyManager: checkAndSetVolume: output 21, stream 0, index 8, devices 0x2, volume 1.778279
01-01 18:03:49.426   831  5521 V APM_AudioPolicyManager: checkAndSetVolume: output 21, stream 11, index 7, devices 0x2, volume 0.066834
01-01 18:03:49.426   831  5521 V APM_AudioPolicyManager: checkAndSetVolume: output 21, stream 1, index 4, devices 0x2, volume 0.141254
01-01 18:03:49.427   831  5521 D audioserver: FGS Logger Transaction failed
01-01 18:03:49.427   831  5521 D audioserver: -129
01-01 18:03:49.428 32459   532 I HBD     : c Soundpool play()34 [Ljava.lang.Object;@b759330
01-01 18:03:49.428   791   874 D AudioALSAStreamOut: updateSourceMetadataV7() 
01-01 18:03:49.428   791   874 I AudioALSAStreamOut: updateSourceMetadata(), do nothing source_metadata = 0xed63dab0
01-01 18:03:49.487  1375  1545 I InputReader: Touch event's action is 0x1 (id=5, t=0) [pCnt=1, s=] when=250591.078136
01-01 18:03:49.488  1375  1544 I InputDispatcher: Delivering touch to (32459): action: 0x1, f=0x0, d=0, 'eba3da2', t=1 +(0,-64)
01-01 18:03:49.488 32459 32459 I ViewRootImpl@2abddcd[InputMethod]: ViewPostIme pointer 1
01-01 18:03:49.489 32459 32459 I HBD     : a down event is delayed 
01-01 18:03:49.489 32459 32459 I HBD     : a delayed down event is done 
01-01 18:03:49.489 32459 32459 I HBD     : a up event is done 
01-01 18:03:49.489 32459 32459 I HBD     : d ATL DTMFKeyA
01-01 18:03:49.489 32459 32459 I HBD     : a [PF_KL] OTE none 1 0 2 1448539 (1, NONE) 
01-01 18:03:49.498 32459 32459 I HBD     : m1 ous -  2 ,  2 ,  3 ,  3 ,  -1 ,  -1
01-01 18:03:49.508  1876  1876 D StatusBarIconController: ignoring old pipeline callbacks, because the new mobile icons are enabled
01-01 18:03:49.519   831 14640 I AF::Track: stop() situation track : stv_keyboard
01-01 18:03:49.542  1375  1405 E Watchdog: !@Sync: 8349 heap: 109 / 113 FD: 1069 [2026-01-01 18:03:49.542]
01-01 18:03:49.552 32459 32459 I HBD     : a [PF_KL][HBIC] getSelectedText t, 52 
01-01 18:03:49.559 32459 32459 I HBD     : m0 EBD cm S 0 
01-01 18:03:49.560   831  1340 D audioserver: FGS Logger Transaction failed
01-01 18:03:49.561   831  1340 D audioserver: -129
01-01 18:03:49.561   831  1049 V APM_AudioPolicyManager: stopOutput portId 3627
01-01 18:03:49.561   831  1049 V APM_AudioPolicyManager: stopOutput() output 21, stream 1, session 28577
01-01 18:03:49.561   831  1049 V APM_AudioPolicyManager: setBeaconMute(1) mBeaconMuteRefCount=2 mBeaconPlayingRefCount=0
01-01 18:03:49.562   831  1049 V APM_AudioPolicyManager: getNewOutputDevices selected devices AUDIO_DEVICE_NONE
01-01 18:03:49.562   831  1049 V APM_AudioPolicyManager: setOutputDevices device AUDIO_DEVICE_NONE delayMs 84
01-01 18:03:49.562   831  1049 V APM_AudioPolicyManager: setOutputDevices() prevDevice {AUDIO_DEVICE_OUT_SPEAKER, @:}
01-01 18:03:49.562   791   874 D AudioALSAStreamOut: updateSourceMetadataV7() 
01-01 18:03:49.562   791   874 I AudioALSAStreamOut: updateSourceMetadata(), do nothing source_metadata = 0xed63dab0
01-01 18:03:49.563   831  1049 I APM::AudioPolicyEngine: getDevicesForStrategyInt no device found for strategy 9
01-01 18:03:49.564 32459  1201 I gralloc4: @set_metadata: update dataspace from GM (0x00000000 -> 0x08010000)
01-01 18:03:49.564   831  1049 V APM_AudioPolicyManager: setOutputDevices setting same device AUDIO_DEVICE_NONE or null device, force=0, patch handle=3398
01-01 18:03:49.564   831  1049 V APM_AudioPolicyManager: selectOutputForMusicEffects selected output 13
01-01 18:03:49.569 32459  1201 I gralloc4: @set_metadata: update dataspace from GM (0x00000000 -> 0x08010000)
01-01 18:03:49.632  1375  1506 D SensorService: [SO] 0.395 0.005 9.723
01-01 18:03:49.690  1375  1400 I GestureDetector: handleMessage TAP
01-01 18:03:49.691  1375  1375 I GestureDetector: handleMessage TAP
01-01 18:03:50.027   841   841 I BufferQueueProducer: [SurfaceView[com.wawapp.driver/com.wawapp.driver.MainActivity]@0(BLAST)#53130](this:0xb400007a78e48790,id:-1,api:0,p:-1,c:841) queueBuffer: fps=9.67 dur=1137.69 max=461.81 min=16.34
01-01 18:03:50.029   799   879 I hwcomposer: [HWCDisplay] [Display_0 (type:1)] fps:16.700094,dur:1317.36,max:445.68,min:15.67  
01-01 18:03:50.238   543   543 D io_stats: !@ 179,0 r 37686321 533036914 w 5947633 67449252 d 892652 66632536 f 0 0 iot 9688440 0 th 0 0 0 pt 0 inp 0 0 250591.828
01-01 18:03:50.520  1375  1545 I InputReader: Touch event's action is 0x0 (id=5, t=0) [pCnt=1, s=0.0 ] when=250592.110136
01-01 18:03:50.521  1375  1544 I InputDispatcher: Delivering touch to (1876): action: 0x4, f=0x0, d=0, '6c20be ', t=1 
01-01 18:03:50.521  1375  1544 I InputDispatcher: Delivering touch to (32459): action: 0x0, f=0x0, d=0, 'eba3da2', t=1 +(0,-64)
01-01 18:03:50.521 32459 32459 I ViewRootImpl@2abddcd[InputMethod]: ViewPostIme pointer 0
01-01 18:03:50.521  1375  1544 D PowerManagerService: [api] userActivityFromNative : touch, IME displayId=0 eventTime=250592110
01-01 18:03:50.522  1375  1400 I GestureDetector: obtain mCurrentDownEvent. id: 481725246 caller: com.android.server.wm.SystemGesturesPointerEventListener.onPointerEvent:204 com.android.server.wm.PointerEventDispatcher.onInputEvent:53 android.view.InputEventReceiver.dispatchInputEvent:337 
01-01 18:03:50.522  1375  1400 I GestureDetector: obtain mCurrentDownEvent. id: 481725246 caller: com.android.server.wm.SystemPerformancePointerEventListener.onPointerEvent:89 com.android.server.wm.PointerEventDispatcher.onInputEvent:53 android.view.InputEventReceiver.dispatchInputEvent:337 
01-01 18:03:50.523 32459 32459 I GestureDetector: obtain mCurrentDownEvent. id: 481725246 caller: kj0.d.b:34 kj0.e.g:31 ij0.a.b:7 
01-01 18:03:50.524 32459 32459 I HBD     : d ATL SoundAndVibrationKeyA
01-01 18:03:50.524 32459 32459 I HBD     : e vib is off 
01-01 18:03:50.524 32459   532 I AudioManager: getParameters keys = g_volume_situation_key;type=2;device=0
01-01 18:03:50.524 32459 32459 I HBD     : a [PF_KL] OTE none 0 2 5 2457923 (1, NONE) 
01-01 18:03:50.525   831 14640 V APM_AudioPolicyManager: getAudioPolicyConfig: g_volume_situation_key;type=2;device=0
01-01 18:03:50.525   831 14640 W SecAudioParamPolicy: g_volume_situation_key: did not support legacy situation volumes
01-01 18:03:50.525  1375  3575 D AudioSystem: getParameters() ERROR : can't get situationVolume
01-01 18:03:50.525   831 14640 I AF::Track: start() situation track : stv_keyboard
01-01 18:03:50.525   831 14640 I AF::Track: setMixerOutConfig return default condition, mixer key 2002, thread key 2002
01-01 18:03:50.526   831 14640 V APM_AudioPolicyManager: startOutput portId 3627
01-01 18:03:50.526   831 14640 V APM_AudioPolicyManager: startOutput() output 21, stream 1, session 28577
01-01 18:03:50.526   831 14640 V APM_AudioPolicyManager: setBeaconMute(1) mBeaconMuteRefCount=3 mBeaconPlayingRefCount=0
01-01 18:03:50.526   831 14640 V APM_AudioPolicyManager: selectOutputForMusicEffects selected output 13
01-01 18:03:50.526   831 14640 V APM_AudioPolicyManager: getNewOutputDevices selected devices {AUDIO_DEVICE_OUT_SPEAKER, @:}
01-01 18:03:50.526   831 14640 V APM_AudioPolicyManager: setOutputDevices device {AUDIO_DEVICE_OUT_SPEAKER, @:} delayMs 0
01-01 18:03:50.526   831 14640 V APM_AudioPolicyManager: setOutputDevices() prevDevice {AUDIO_DEVICE_OUT_SPEAKER, @:}
01-01 18:03:50.526   831 14640 V APM_AudioPolicyManager: setOutputDevices: suppressing checkDeviceMuteStrategies
01-01 18:03:50.526   831 14640 V APM_AudioPolicyManager: setOutputDevices changing device to {AUDIO_DEVICE_OUT_SPEAKER, @:}
01-01 18:03:50.543 32459  1201 I gralloc4: @set_metadata: update dataspace from GM (0x00000000 -> 0x08010000)
01-01 18:03:50.548   831  1340 D DlbDlbEffect: handle_EFFECT_CMD_SET_DEVICE(device=0x00000002)
01-01 18:03:50.548   831  1340 D DlbEffectContext: setDevice(00000002)
01-01 18:03:50.548   831  1340 D DlbEndpointParamCache: setDevice(device=0x00000002)
01-01 18:03:50.548   831  1340 I AudioEffectExtendAction: setDevice_l empty address, empty name
01-01 18:03:50.548   831  1340 V VolumeMonitor_Energy_Effect: VM_setDevice() sessionId:-2101, device:0x0x2, isBtTypeHeadset:0
01-01 18:03:50.548   791   874 D AudioALSAStreamOut: updateSourceMetadataV7() 
01-01 18:03:50.548   791   874 I AudioALSAStreamOut: updateSourceMetadata(), do nothing source_metadata = 0xed63dab0
01-01 18:03:50.548   791 11720 D AudioALSAHardware: +createAudioPatch() num_sources [1] , num_sinks [1], handle [0x252c], current mAudioHalPatchVector size 2
01-01 18:03:50.548   791 11720 D AudioALSAStreamManager: +setParameters(), IOport = 21, keyValuePairs = routing=2
01-01 18:03:50.548   791 11720 D AudioALSAStreamManager: setParameters(), Send to mStreamOutVector[1], flag 4
01-01 18:03:50.550   791 11720 D AudioALSAStreamOut: updatePolicyDevice(), flag: 0x4, device: 0x2
01-01 18:03:50.550   791 11720 D AudioALSAStreamManager: +routingOutputDevice(), streamOut : set reopen state : false
01-01 18:03:50.550   791 11720 D AudioALSAStreamManager: +routingOutputDevice(), streamOut : set reopen state : false
01-01 18:03:50.550   791 11720 W AudioALSAStreamManager: routingOutputDevice(), flag: 0x4, output_devices == current_output_devices(0x00000002), return
01-01 18:03:50.550   791 11720 D AudioALSAHardware: -createAudioPatch() num_sources [1] , num_sinks [1], handle [0x252d]
01-01 18:03:50.550   831  1340 D AudioFlinger: setCurDevice() 0x2
01-01 18:03:50.550   791 11720 D AudioALSAStreamOut: updateSourceMetadataV7() 
01-01 18:03:50.550   791 11720 I AudioALSAStreamOut: updateSourceMetadata(), do nothing source_metadata = 0xea1aeab0
01-01 18:03:50.550   831 14640 V APM_AudioPolicyManager: setOutputDevices() AF::createAudioPatch returned 0 patchHandle 77748 num_sources 1 num_sinks 1
01-01 18:03:50.551   831 14640 V APM_AudioPolicyManager: checkAndSetVolume: output 21, stream 10, index 14, devices 0x2, volume 0.707946
01-01 18:03:50.551   831 14640 V APM_AudioPolicyManager: checkAndSetVolume: output 21, stream 4, index 11, devices 0x2, volume 0.354813
01-01 18:03:50.551   831 14640 V APM_AudioPolicyManager: checkAndSetVolume: output 21, stream 8, index 15, devices 0x2, volume 1.000000
01-01 18:03:50.553   831 14640 V APM_AudioPolicyManager: checkAndSetVolume: output 21, stream 3, index 14, devices 0x2, volume 0.630957
01-01 18:03:50.553   831 14640 V APM_AudioPolicyManager: checkAndSetVolume: output 21, stream 5, index 15, devices 0x2, volume 1.000000
01-01 18:03:50.553   831 14640 V APM_AudioPolicyManager: checkAndSetVolume: output 21, stream 2, index 15, devices 0x2, volume 0.707946
01-01 18:03:50.553   831 14640 V APM_AudioPolicyManager: checkAndSetVolume: output 21, stream 1, index 4, devices 0x2, volume 0.141254
01-01 18:03:50.554   831 14640 V APM_AudioPolicyManager: checkAndSetVolume: output 21, stream 9, index 14, devices 0x2, volume 0.707946
01-01 18:03:50.554   831 14640 V APM_AudioPolicyManager: checkAndSetVolume: output 21, stream 0, index 8, devices 0x2, volume 1.778279
01-01 18:03:50.555   841   841 I BufferQueueProducer: [InputMethod$_32459#53139](this:0xb400007a78720790,id:-1,api:0,p:-1,c:841) queueBuffer: fps=5.39 dur=1484.33 max=973.20 min=16.43
01-01 18:03:50.555   831 14640 V APM_AudioPolicyManager: checkAndSetVolume: output 21, stream 11, index 7, devices 0x2, volume 0.066834
01-01 18:03:50.555   831 14640 V APM_AudioPolicyManager: checkAndSetVolume: output 21, stream 1, index 4, devices 0x2, volume 0.141254
01-01 18:03:50.557   831 14640 D audioserver: FGS Logger Transaction failed
01-01 18:03:50.557   831 14640 D audioserver: -129
01-01 18:03:50.557 32459   532 I HBD     : c Soundpool play()32 [Ljava.lang.Object;@b442965
01-01 18:03:50.561 32459  1201 I gralloc4: @set_metadata: update dataspace from GM (0x00000000 -> 0x08010000)
01-01 18:03:50.563   791 11720 D AudioALSAStreamOut: updateSourceMetadataV7() 
01-01 18:03:50.563   791 11720 I AudioALSAStreamOut: updateSourceMetadata(), do nothing source_metadata = 0xea1aeab0
01-01 18:03:50.585  1375  1400 I GestureDetector: obtain mCurrentMotionEventRaw. action: 2 id: 580594775
01-01 18:03:50.585  1375  1400 I GestureDetector: obtain mCurrentMotionEventRaw. action: 2 id: 580594775
01-01 18:03:50.604 32459 32459 I GestureDetector: obtain mCurrentMotionEventRaw. action: 2 id: 580594775
01-01 18:03:50.618  1375  1545 I InputReader: Touch event's action is 0x1 (id=5, t=0) [pCnt=1, s=] when=250592.208338
01-01 18:03:50.618  1375  1544 I InputDispatcher: Delivering touch to (32459): action: 0x1, f=0x0, d=0, 'eba3da2', t=1 +(0,-64)
01-01 18:03:50.618 32459 32459 I ViewRootImpl@2abddcd[InputMethod]: ViewPostIme pointer 1
01-01 18:03:50.619 32459 32459 I HBD     : a down event is done 
01-01 18:03:50.619 32459 32459 I HBD     : a up event is done 
01-01 18:03:50.620 32459 32459 I HBD     : d ATL DTMFKeyA
01-01 18:03:50.620 32459 32459 I HBD     : a [PF_KL] OTE none 1 1 2 1326846 (1, NONE) 
01-01 18:03:50.626 32459  1201 I gralloc4: @set_metadata: update dataspace from GM (0x00000000 -> 0x08010000)
01-01 18:03:50.636 32459 32459 I HBD     : m1 ous -  3 ,  3 ,  4 ,  4 ,  -1 ,  -1
01-01 18:03:50.643 32459 32459 I HBD     : m0 EBD cm S 0 
01-01 18:03:50.647 32459  1201 I gralloc4: @set_metadata: update dataspace from GM (0x00000000 -> 0x08010000)
01-01 18:03:50.654   831   831 I AF::Track: stop() situation track : stv_keyboard
01-01 18:03:50.697   831  1340 D audioserver: FGS Logger Transaction failed
01-01 18:03:50.697   831  1340 D audioserver: -129
01-01 18:03:50.698   831  1049 V APM_AudioPolicyManager: stopOutput portId 3627
01-01 18:03:50.698   831  1049 V APM_AudioPolicyManager: stopOutput() output 21, stream 1, session 28577
01-01 18:03:50.698   831  1049 V APM_AudioPolicyManager: setBeaconMute(1) mBeaconMuteRefCount=2 mBeaconPlayingRefCount=0
01-01 18:03:50.699   831  1049 V APM_AudioPolicyManager: getNewOutputDevices selected devices AUDIO_DEVICE_NONE
01-01 18:03:50.699   791 11720 D AudioALSAStreamOut: updateSourceMetadataV7() 
01-01 18:03:50.699   791 11720 I AudioALSAStreamOut: updateSourceMetadata(), do nothing source_metadata = 0xea1aeab0
01-01 18:03:50.699   831  1049 V APM_AudioPolicyManager: setOutputDevices device AUDIO_DEVICE_NONE delayMs 84
01-01 18:03:50.699   831  1049 V APM_AudioPolicyManager: setOutputDevices() prevDevice {AUDIO_DEVICE_OUT_SPEAKER, @:}
01-01 18:03:50.700   831  1049 I APM::AudioPolicyEngine: getDevicesForStrategyInt no device found for strategy 9
01-01 18:03:50.700   831  1049 V APM_AudioPolicyManager: setOutputDevices setting same device AUDIO_DEVICE_NONE or null device, force=0, patch handle=3398
01-01 18:03:50.701   831  1049 V APM_AudioPolicyManager: selectOutputForMusicEffects selected output 13
01-01 18:03:50.732   791  3310 D aurisys_lib_handler: [LIB] fsm_audio_process_dl_buf(): vbat=4.166000 scenario=4 auri_inst=1
01-01 18:03:50.822  1375  1400 I GestureDetector: handleMessage TAP
01-01 18:03:50.823  1375  1375 I GestureDetector: handleMessage TAP
01-01 18:03:50.856  1375  1545 I InputReader: Touch event's action is 0x0 (id=5, t=0) [pCnt=1, s=0.0 ] when=250592.446929
01-01 18:03:50.857  1375  1544 I InputDispatcher: Delivering touch to (1876): action: 0x4, f=0x0, d=0, '6c20be ', t=1 
01-01 18:03:50.857  1375  1544 I InputDispatcher: Delivering touch to (32459): action: 0x0, f=0x0, d=0, 'eba3da2', t=1 +(0,-64)
01-01 18:03:50.857 32459 32459 I ViewRootImpl@2abddcd[InputMethod]: ViewPostIme pointer 0
01-01 18:03:50.857  1375  1400 I GestureDetector: obtain mCurrentDownEvent. id: 222997996 caller: com.android.server.wm.SystemGesturesPointerEventListener.onPointerEvent:204 com.android.server.wm.PointerEventDispatcher.onInputEvent:53 android.view.InputEventReceiver.dispatchInputEvent:337 
01-01 18:03:50.858  1375  1400 I GestureDetector: obtain mCurrentDownEvent. id: 222997996 caller: com.android.server.wm.SystemPerformancePointerEventListener.onPointerEvent:89 com.android.server.wm.PointerEventDispatcher.onInputEvent:53 android.view.InputEventReceiver.dispatchInputEvent:337 
01-01 18:03:50.858 32459 32459 I GestureDetector: obtain mCurrentDownEvent. id: 222997996 caller: kj0.d.b:34 kj0.e.g:31 ij0.a.b:7 
01-01 18:03:50.859 32459 32459 I HBD     : d ATL SoundAndVibrationKeyA
01-01 18:03:50.860 32459 32459 I HBD     : e vib is off 
01-01 18:03:50.860 32459   532 I AudioManager: getParameters keys = g_volume_situation_key;type=2;device=0
01-01 18:03:50.860 32459 32459 I HBD     : a [PF_KL] OTE none 0 2 4 2277462 (1, NONE) 
01-01 18:03:50.860   831   831 V APM_AudioPolicyManager: getAudioPolicyConfig: g_volume_situation_key;type=2;device=0
01-01 18:03:50.860   831   831 W SecAudioParamPolicy: g_volume_situation_key: did not support legacy situation volumes
01-01 18:03:50.861  1375  2404 D AudioSystem: getParameters() ERROR : can't get situationVolume
01-01 18:03:50.861   831   831 I AF::Track: start() situation track : stv_keyboard
01-01 18:03:50.861   831   831 I AF::Track: setMixerOutConfig return default condition, mixer key 2002, thread key 2002
01-01 18:03:50.861   831   831 V APM_AudioPolicyManager: startOutput portId 3627
01-01 18:03:50.861   831   831 V APM_AudioPolicyManager: startOutput() output 21, stream 1, session 28577
01-01 18:03:50.861   831   831 V APM_AudioPolicyManager: setBeaconMute(1) mBeaconMuteRefCount=3 mBeaconPlayingRefCount=0
01-01 18:03:50.862   831   831 V APM_AudioPolicyManager: selectOutputForMusicEffects selected output 13
01-01 18:03:50.862   831   831 V APM_AudioPolicyManager: getNewOutputDevices selected devices {AUDIO_DEVICE_OUT_SPEAKER, @:}
01-01 18:03:50.862   831   831 V APM_AudioPolicyManager: setOutputDevices device {AUDIO_DEVICE_OUT_SPEAKER, @:} delayMs 0
01-01 18:03:50.862   831   831 V APM_AudioPolicyManager: setOutputDevices() prevDevice {AUDIO_DEVICE_OUT_SPEAKER, @:}
01-01 18:03:50.862   831   831 V APM_AudioPolicyManager: setOutputDevices: suppressing checkDeviceMuteStrategies
01-01 18:03:50.862   831   831 V APM_AudioPolicyManager: setOutputDevices changing device to {AUDIO_DEVICE_OUT_SPEAKER, @:}
01-01 18:03:50.872 32459  1201 I gralloc4: @set_metadata: update dataspace from GM (0x00000000 -> 0x08010000)
01-01 18:03:50.883   831  1340 D DlbDlbEffect: handle_EFFECT_CMD_SET_DEVICE(device=0x00000002)
01-01 18:03:50.883   831  1340 D DlbEffectContext: setDevice(00000002)
01-01 18:03:50.883   831  1340 D DlbEndpointParamCache: setDevice(device=0x00000002)
01-01 18:03:50.883   831  1340 I AudioEffectExtendAction: setDevice_l empty address, empty name
01-01 18:03:50.883   831  1340 V VolumeMonitor_Energy_Effect: VM_setDevice() sessionId:-2101, device:0x0x2, isBtTypeHeadset:0
01-01 18:03:50.884   791 11720 D AudioALSAStreamOut: updateSourceMetadataV7() 
01-01 18:03:50.884   791 11720 I AudioALSAStreamOut: updateSourceMetadata(), do nothing source_metadata = 0xea1aeab0
01-01 18:03:50.884   791   791 D AudioALSAHardware: +createAudioPatch() num_sources [1] , num_sinks [1], handle [0x252d], current mAudioHalPatchVector size 2
01-01 18:03:50.884   791   791 D AudioALSAStreamManager: +setParameters(), IOport = 21, keyValuePairs = routing=2
01-01 18:03:50.884   791   791 D AudioALSAStreamManager: setParameters(), Send to mStreamOutVector[1], flag 4
01-01 18:03:50.886   791   791 D AudioALSAStreamOut: updatePolicyDevice(), flag: 0x4, device: 0x2
01-01 18:03:50.886   791   791 D AudioALSAStreamManager: +routingOutputDevice(), streamOut : set reopen state : false
01-01 18:03:50.886   791   791 D AudioALSAStreamManager: +routingOutputDevice(), streamOut : set reopen state : false
01-01 18:03:50.886   791   791 W AudioALSAStreamManager: routingOutputDevice(), flag: 0x4, output_devices == current_output_devices(0x00000002), return
01-01 18:03:50.886   791   791 D AudioALSAHardware: -createAudioPatch() num_sources [1] , num_sinks [1], handle [0x252e]
01-01 18:03:50.886   831  1340 D AudioFlinger: setCurDevice() 0x2
01-01 18:03:50.887   791 11720 D AudioALSAStreamOut: updateSourceMetadataV7() 
01-01 18:03:50.887   791 11720 I AudioALSAStreamOut: updateSourceMetadata(), do nothing source_metadata = 0xea1aeab0
01-01 18:03:50.887   831   831 V APM_AudioPolicyManager: setOutputDevices() AF::createAudioPatch returned 0 patchHandle 77756 num_sources 1 num_sinks 1
01-01 18:03:50.888   831   831 V APM_AudioPolicyManager: checkAndSetVolume: output 21, stream 10, index 14, devices 0x2, volume 0.707946
01-01 18:03:50.888   831   831 V APM_AudioPolicyManager: checkAndSetVolume: output 21, stream 4, index 11, devices 0x2, volume 0.354813
01-01 18:03:50.888   831   831 V APM_AudioPolicyManager: checkAndSetVolume: output 21, stream 8, index 15, devices 0x2, volume 1.000000
01-01 18:03:50.890   831   831 V APM_AudioPolicyManager: checkAndSetVolume: output 21, stream 3, index 14, devices 0x2, volume 0.630957
01-01 18:03:50.890   831   831 V APM_AudioPolicyManager: checkAndSetVolume: output 21, stream 5, index 15, devices 0x2, volume 1.000000
01-01 18:03:50.890 32459  1201 I gralloc4: @set_metadata: update dataspace from GM (0x00000000 -> 0x08010000)
01-01 18:03:50.890   831   831 V APM_AudioPolicyManager: checkAndSetVolume: output 21, stream 2, index 15, devices 0x2, volume 0.707946
01-01 18:03:50.890   831   831 V APM_AudioPolicyManager: checkAndSetVolume: output 21, stream 1, index 4, devices 0x2, volume 0.141254
01-01 18:03:50.891   831   831 V APM_AudioPolicyManager: checkAndSetVolume: output 21, stream 9, index 14, devices 0x2, volume 0.707946
01-01 18:03:50.891   831   831 V APM_AudioPolicyManager: checkAndSetVolume: output 21, stream 0, index 8, devices 0x2, volume 1.778279
01-01 18:03:50.892   831   831 V APM_AudioPolicyManager: checkAndSetVolume: output 21, stream 11, index 7, devices 0x2, volume 0.066834
01-01 18:03:50.892   831   831 V APM_AudioPolicyManager: checkAndSetVolume: output 21, stream 1, index 4, devices 0x2, volume 0.141254
01-01 18:03:50.893   831   831 D audioserver: FGS Logger Transaction failed
01-01 18:03:50.893   831   831 D audioserver: -129
01-01 18:03:50.894 32459   532 I HBD     : c Soundpool play()33 [Ljava.lang.Object;@811dc06
01-01 18:03:50.894   791 11720 D AudioALSAStreamOut: updateSourceMetadataV7() 
01-01 18:03:50.895   791 11720 I AudioALSAStreamOut: updateSourceMetadata(), do nothing source_metadata = 0xea1aeab0
01-01 18:03:50.932  1375  1400 I GestureDetector: obtain mCurrentMotionEventRaw. action: 2 id: 644732167
01-01 18:03:50.932  1375  1400 I GestureDetector: obtain mCurrentMotionEventRaw. action: 2 id: 644732167
01-01 18:03:50.951 32459 32459 I GestureDetector: obtain mCurrentMotionEventRaw. action: 2 id: 644732167
01-01 18:03:50.955  1375  1545 I InputReader: Touch event's action is 0x1 (id=5, t=0) [pCnt=1, s=] when=250592.545721
01-01 18:03:50.955  1375  1544 I InputDispatcher: Delivering touch to (32459): action: 0x1, f=0x0, d=0, 'eba3da2', t=1 +(0,-64)
01-01 18:03:50.956 32459 32459 I ViewRootImpl@2abddcd[InputMethod]: ViewPostIme pointer 1
01-01 18:03:50.957 32459 32459 I HBD     : a down event is done 
01-01 18:03:50.957 32459 32459 I HBD     : a up event is done 
01-01 18:03:50.957 32459 32459 I HBD     : d ATL DTMFKeyA
01-01 18:03:50.958 32459 32459 I HBD     : a [PF_KL] OTE none 1 1 3 2038231 (1, NONE) 
01-01 18:03:50.966 32459 32459 I HBD     : m1 ous -  4 ,  4 ,  5 ,  5 ,  -1 ,  -1
01-01 18:03:50.985   831   831 I AF::Track: stop() situation track : stv_keyboard
01-01 18:03:51.015   831  1340 D audioserver: FGS Logger Transaction failed
01-01 18:03:51.015   831  1340 D audioserver: -129
01-01 18:03:51.015   831  1049 V APM_AudioPolicyManager: stopOutput portId 3627
01-01 18:03:51.015   831  1049 V APM_AudioPolicyManager: stopOutput() output 21, stream 1, session 28577
01-01 18:03:51.015   831  1049 V APM_AudioPolicyManager: setBeaconMute(1) mBeaconMuteRefCount=2 mBeaconPlayingRefCount=0
01-01 18:03:51.016   831  1049 V APM_AudioPolicyManager: getNewOutputDevices selected devices AUDIO_DEVICE_NONE
01-01 18:03:51.016   791 11720 D AudioALSAStreamOut: updateSourceMetadataV7() 
01-01 18:03:51.016   791 11720 I AudioALSAStreamOut: updateSourceMetadata(), do nothing source_metadata = 0xea1aeab0
01-01 18:03:51.016   831  1049 V APM_AudioPolicyManager: setOutputDevices device AUDIO_DEVICE_NONE delayMs 84
01-01 18:03:51.016   831  1049 V APM_AudioPolicyManager: setOutputDevices() prevDevice {AUDIO_DEVICE_OUT_SPEAKER, @:}
01-01 18:03:51.017   831  1049 I APM::AudioPolicyEngine: getDevicesForStrategyInt no device found for strategy 9
01-01 18:03:51.017   831  1049 V APM_AudioPolicyManager: setOutputDevices setting same device AUDIO_DEVICE_NONE or null device, force=0, patch handle=3398
01-01 18:03:51.018   831  1049 V APM_AudioPolicyManager: selectOutputForMusicEffects selected output 13
01-01 18:03:51.019 32459 32459 I HBD     : a [PF_KL][HBIC] getSelectedText t, 52 
01-01 18:03:51.026 32459 32459 I HBD     : m0 EBD cm S 0 
01-01 18:03:51.030 32459  1201 I gralloc4: @set_metadata: update dataspace from GM (0x00000000 -> 0x08010000)
01-01 18:03:51.033   841   841 I BufferQueueProducer: [SurfaceView[com.wawapp.driver/com.wawapp.driver.MainActivity]@0(BLAST)#53130](this:0xb400007a78e48790,id:-1,api:0,p:-1,c:841) queueBuffer: fps=2.98 dur=1006.04 max=511.38 min=164.68
01-01 18:03:51.035   799   879 I hwcomposer: [HWCDisplay] [Display_0 (type:1)] fps:8.943455,dur:1006.32,max:511.26,min:15.86  
01-01 18:03:51.036 32459  1201 I gralloc4: @set_metadata: update dataspace from GM (0x00000000 -> 0x08010000)
01-01 18:03:51.104  1375  1545 I InputReader: Touch event's action is 0x0 (id=5, t=0) [pCnt=1, s=0.0 ] when=250592.694490
01-01 18:03:51.104  1375  1544 I InputDispatcher: Delivering touch to (1876): action: 0x4, f=0x0, d=0, '6c20be ', t=1 
01-01 18:03:51.104  1375  1544 I InputDispatcher: Delivering touch to (32459): action: 0x0, f=0x0, d=0, 'eba3da2', t=1 +(0,-64)
01-01 18:03:51.105 32459 32459 I ViewRootImpl@2abddcd[InputMethod]: ViewPostIme pointer 0
01-01 18:03:51.105  1375  1400 I GestureDetector: obtain mCurrentDownEvent. id: 743469509 caller: com.android.server.wm.SystemGesturesPointerEventListener.onPointerEvent:204 com.android.server.wm.PointerEventDispatcher.onInputEvent:53 android.view.InputEventReceiver.dispatchInputEvent:337 
01-01 18:03:51.105 32459 32459 I GestureDetector: obtain mCurrentDownEvent. id: 743469509 caller: kj0.d.b:34 kj0.e.g:31 ij0.a.b:7 
01-01 18:03:51.106  1375  1400 I GestureDetector: obtain mCurrentDownEvent. id: 743469509 caller: com.android.server.wm.SystemPerformancePointerEventListener.onPointerEvent:89 com.android.server.wm.PointerEventDispatcher.onInputEvent:53 android.view.InputEventReceiver.dispatchInputEvent:337 
01-01 18:03:51.106 32459 32459 I HBD     : d ATL SoundAndVibrationKeyA
01-01 18:03:51.106 32459 32459 I HBD     : e vib is off 
01-01 18:03:51.106 32459 32459 I HBD     : a [PF_KL] OTE none 0 1 3 1494692 (1, NONE) 
01-01 18:03:51.106 32459   532 I AudioManager: getParameters keys = g_volume_situation_key;type=2;device=0
01-01 18:03:51.107   831   831 V APM_AudioPolicyManager: getAudioPolicyConfig: g_volume_situation_key;type=2;device=0
01-01 18:03:51.107   831   831 W SecAudioParamPolicy: g_volume_situation_key: did not support legacy situation volumes
01-01 18:03:51.107  1375  2404 D AudioSystem: getParameters() ERROR : can't get situationVolume
01-01 18:03:51.107   831   831 I AF::Track: start() situation track : stv_keyboard
01-01 18:03:51.107   831   831 I AF::Track: setMixerOutConfig return default condition, mixer key 2002, thread key 2002
01-01 18:03:51.108   831   831 V APM_AudioPolicyManager: startOutput portId 3627
01-01 18:03:51.108   831   831 V APM_AudioPolicyManager: startOutput() output 21, stream 1, session 28577
01-01 18:03:51.108   831   831 V APM_AudioPolicyManager: setBeaconMute(1) mBeaconMuteRefCount=3 mBeaconPlayingRefCount=0
01-01 18:03:51.108   831   831 V APM_AudioPolicyManager: selectOutputForMusicEffects selected output 13
01-01 18:03:51.108   831   831 V APM_AudioPolicyManager: getNewOutputDevices selected devices {AUDIO_DEVICE_OUT_SPEAKER, @:}
01-01 18:03:51.108   831   831 V APM_AudioPolicyManager: setOutputDevices device {AUDIO_DEVICE_OUT_SPEAKER, @:} delayMs 0
01-01 18:03:51.108   831   831 V APM_AudioPolicyManager: setOutputDevices() prevDevice {AUDIO_DEVICE_OUT_SPEAKER, @:}
01-01 18:03:51.108   831   831 V APM_AudioPolicyManager: setOutputDevices: suppressing checkDeviceMuteStrategies
01-01 18:03:51.108   831   831 V APM_AudioPolicyManager: setOutputDevices changing device to {AUDIO_DEVICE_OUT_SPEAKER, @:}
01-01 18:03:51.120 32459  1201 I gralloc4: @set_metadata: update dataspace from GM (0x00000000 -> 0x08010000)
01-01 18:03:51.130   831  1340 D DlbDlbEffect: handle_EFFECT_CMD_SET_DEVICE(device=0x00000002)
01-01 18:03:51.130   831  1340 D DlbEffectContext: setDevice(00000002)
01-01 18:03:51.130   831  1340 D DlbEndpointParamCache: setDevice(device=0x00000002)
01-01 18:03:51.130   831  1340 I AudioEffectExtendAction: setDevice_l empty address, empty name
01-01 18:03:51.130   831  1340 V VolumeMonitor_Energy_Effect: VM_setDevice() sessionId:-2101, device:0x0x2, isBtTypeHeadset:0
01-01 18:03:51.130   791 11720 D AudioALSAStreamOut: updateSourceMetadataV7() 
01-01 18:03:51.130   791 11720 I AudioALSAStreamOut: updateSourceMetadata(), do nothing source_metadata = 0xea1aeab0
01-01 18:03:51.130   791   791 D AudioALSAHardware: +createAudioPatch() num_sources [1] , num_sinks [1], handle [0x252e], current mAudioHalPatchVector size 2
01-01 18:03:51.130   791   791 D AudioALSAStreamManager: +setParameters(), IOport = 21, keyValuePairs = routing=2
01-01 18:03:51.130   791   791 D AudioALSAStreamManager: setParameters(), Send to mStreamOutVector[1], flag 4
01-01 18:03:51.131   791   791 D AudioALSAStreamOut: updatePolicyDevice(), flag: 0x4, device: 0x2
01-01 18:03:51.131   791   791 D AudioALSAStreamManager: +routingOutputDevice(), streamOut : set reopen state : false
01-01 18:03:51.131   791   791 D AudioALSAStreamManager: +routingOutputDevice(), streamOut : set reopen state : false
01-01 18:03:51.131   791   791 W AudioALSAStreamManager: routingOutputDevice(), flag: 0x4, output_devices == current_output_devices(0x00000002), return
01-01 18:03:51.131   791   791 D AudioALSAHardware: -createAudioPatch() num_sources [1] , num_sinks [1], handle [0x252f]
01-01 18:03:51.131   831  1340 D AudioFlinger: setCurDevice() 0x2
01-01 18:03:51.132   791   791 D AudioALSAStreamOut: updateSourceMetadataV7() 
01-01 18:03:51.132   791   791 I AudioALSAStreamOut: updateSourceMetadata(), do nothing source_metadata = 0xffaf3718
01-01 18:03:51.132   831   831 V APM_AudioPolicyManager: setOutputDevices() AF::createAudioPatch returned 0 patchHandle 77764 num_sources 1 num_sinks 1
01-01 18:03:51.133   831   831 V APM_AudioPolicyManager: checkAndSetVolume: output 21, stream 10, index 14, devices 0x2, volume 0.707946
01-01 18:03:51.133   831   831 V APM_AudioPolicyManager: checkAndSetVolume: output 21, stream 4, index 11, devices 0x2, volume 0.354813
01-01 18:03:51.133   831   831 V APM_AudioPolicyManager: checkAndSetVolume: output 21, stream 8, index 15, devices 0x2, volume 1.000000
01-01 18:03:51.135   831   831 V APM_AudioPolicyManager: checkAndSetVolume: output 21, stream 3, index 14, devices 0x2, volume 0.630957
01-01 18:03:51.135   831   831 V APM_AudioPolicyManager: checkAndSetVolume: output 21, stream 5, index 15, devices 0x2, volume 1.000000
01-01 18:03:51.135   831   831 V APM_AudioPolicyManager: checkAndSetVolume: output 21, stream 2, index 15, devices 0x2, volume 0.707946
01-01 18:03:51.135   831   831 V APM_AudioPolicyManager: checkAndSetVolume: output 21, stream 1, index 4, devices 0x2, volume 0.141254
01-01 18:03:51.136   831   831 V APM_AudioPolicyManager: checkAndSetVolume: output 21, stream 9, index 14, devices 0x2, volume 0.707946
01-01 18:03:51.136   831   831 V APM_AudioPolicyManager: checkAndSetVolume: output 21, stream 0, index 8, devices 0x2, volume 1.778279
01-01 18:03:51.137   831   831 V APM_AudioPolicyManager: checkAndSetVolume: output 21, stream 11, index 7, devices 0x2, volume 0.066834
01-01 18:03:51.137 32459  1201 I gralloc4: @set_metadata: update dataspace from GM (0x00000000 -> 0x08010000)
01-01 18:03:51.137   831   831 V APM_AudioPolicyManager: checkAndSetVolume: output 21, stream 1, index 4, devices 0x2, volume 0.141254
01-01 18:03:51.138   831   831 D audioserver: FGS Logger Transaction failed
01-01 18:03:51.138   831   831 D audioserver: -129
01-01 18:03:51.139 32459   532 I HBD     : c Soundpool play()32 [Ljava.lang.Object;@193b463
01-01 18:03:51.140   791   791 D AudioALSAStreamOut: updateSourceMetadataV7() 
01-01 18:03:51.140   791   791 I AudioALSAStreamOut: updateSourceMetadata(), do nothing source_metadata = 0xffaf3718
01-01 18:03:51.179  1375  1400 I GestureDetector: obtain mCurrentMotionEventRaw. action: 2 id: 196492298
01-01 18:03:51.180  1375  1400 I GestureDetector: obtain mCurrentMotionEventRaw. action: 2 id: 196492298
01-01 18:03:51.195  1375  1545 I InputReader: Touch event's action is 0x1 (id=5, t=0) [pCnt=1, s=] when=250592.785446
01-01 18:03:51.195  1375  1544 I InputDispatcher: Delivering touch to (32459): action: 0x1, f=0x0, d=0, 'eba3da2', t=1 +(0,-64)
01-01 18:03:51.196 32459 32459 I GestureDetector: obtain mCurrentMotionEventRaw. action: 2 id: 196492298
01-01 18:03:51.196 32459 32459 I ViewRootImpl@2abddcd[InputMethod]: ViewPostIme pointer 1
01-01 18:03:51.196 32459 32459 I HBD     : a down event is done 
01-01 18:03:51.197 32459 32459 I HBD     : a up event is done 
01-01 18:03:51.197 32459 32459 I HBD     : d ATL DTMFKeyA
01-01 18:03:51.197 32459 32459 I HBD     : a [PF_KL] OTE none 1 1 3 1358846 (1, NONE) 
01-01 18:03:51.205 32459  1201 I gralloc4: @set_metadata: update dataspace from GM (0x00000000 -> 0x08010000)
01-01 18:03:51.206 32459 32459 I HBD     : m1 ous -  5 ,  5 ,  6 ,  6 ,  -1 ,  -1
01-01 18:03:51.210 32459 32459 I HBD     : m0 EBD cm S 0 
01-01 18:03:51.219 32459  1201 I gralloc4: @set_metadata: update dataspace from GM (0x00000000 -> 0x08010000)
01-01 18:03:51.230   831 29217 I AF::Track: stop() situation track : stv_keyboard
01-01 18:03:51.271   831  1340 D audioserver: FGS Logger Transaction failed
01-01 18:03:51.271   831  1340 D audioserver: -129
01-01 18:03:51.271   831  1049 V APM_AudioPolicyManager: stopOutput portId 3627
01-01 18:03:51.271   831  1049 V APM_AudioPolicyManager: stopOutput() output 21, stream 1, session 28577
01-01 18:03:51.271   831  1049 V APM_AudioPolicyManager: setBeaconMute(1) mBeaconMuteRefCount=2 mBeaconPlayingRefCount=0
01-01 18:03:51.271   831  1049 V APM_AudioPolicyManager: getNewOutputDevices selected devices AUDIO_DEVICE_NONE
01-01 18:03:51.271   831  1049 V APM_AudioPolicyManager: setOutputDevices device AUDIO_DEVICE_NONE delayMs 84
01-01 18:03:51.271   831  1049 V APM_AudioPolicyManager: setOutputDevices() prevDevice {AUDIO_DEVICE_OUT_SPEAKER, @:}
01-01 18:03:51.271   791   791 D AudioALSAStreamOut: updateSourceMetadataV7() 
01-01 18:03:51.271   791   791 I AudioALSAStreamOut: updateSourceMetadata(), do nothing source_metadata = 0xffaf3718
01-01 18:03:51.272   831  1049 I APM::AudioPolicyEngine: getDevicesForStrategyInt no device found for strategy 9
01-01 18:03:51.272   831  1049 V APM_AudioPolicyManager: setOutputDevices setting same device AUDIO_DEVICE_NONE or null device, force=0, patch handle=3398
01-01 18:03:51.272   831  1049 V APM_AudioPolicyManager: selectOutputForMusicEffects selected output 13
01-01 18:03:51.286  1028  1028 I thermal_repeater: socket -1
01-01 18:03:51.450  1375  1545 I InputReader: Touch event's action is 0x0 (id=5, t=0) [pCnt=1, s=0.0 ] when=250593.040526
01-01 18:03:51.450  1375  1544 I InputDispatcher: Delivering touch to (1876): action: 0x4, f=0x0, d=0, '6c20be ', t=1 
01-01 18:03:51.451  1375  1544 I InputDispatcher: Delivering touch to (32459): action: 0x0, f=0x0, d=0, 'eba3da2', t=1 +(0,-64)
01-01 18:03:51.451 32459 32459 I ViewRootImpl@2abddcd[InputMethod]: ViewPostIme pointer 0
01-01 18:03:51.451  1375  1400 I GestureDetector: obtain mCurrentDownEvent. id: 273227287 caller: com.android.server.wm.SystemGesturesPointerEventListener.onPointerEvent:204 com.android.server.wm.PointerEventDispatcher.onInputEvent:53 android.view.InputEventReceiver.dispatchInputEvent:337 
01-01 18:03:51.451  1375  1400 I GestureDetector: obtain mCurrentDownEvent. id: 273227287 caller: com.android.server.wm.SystemPerformancePointerEventListener.onPointerEvent:89 com.android.server.wm.PointerEventDispatcher.onInputEvent:53 android.view.InputEventReceiver.dispatchInputEvent:337 
01-01 18:03:51.452 32459 32459 I GestureDetector: obtain mCurrentDownEvent. id: 273227287 caller: kj0.d.b:34 kj0.e.g:31 ij0.a.b:7 
01-01 18:03:51.453 32459 32459 I HBD     : d ATL SoundAndVibrationKeyA
01-01 18:03:51.453 32459 32459 I HBD     : e vib is off 
01-01 18:03:51.453 32459   532 I AudioManager: getParameters keys = g_volume_situation_key;type=2;device=0
01-01 18:03:51.454 32459 32459 I HBD     : a [PF_KL] OTE none 0 2 4 2295000 (1, NONE) 
01-01 18:03:51.454   831 29217 V APM_AudioPolicyManager: getAudioPolicyConfig: g_volume_situation_key;type=2;device=0
01-01 18:03:51.454   831 29217 W SecAudioParamPolicy: g_volume_situation_key: did not support legacy situation volumes
01-01 18:03:51.454  1375  3575 D AudioSystem: getParameters() ERROR : can't get situationVolume
01-01 18:03:51.454   831 29217 I AF::Track: start() situation track : stv_keyboard
01-01 18:03:51.455   831 29217 I AF::Track: setMixerOutConfig return default condition, mixer key 2002, thread key 2002
01-01 18:03:51.455   831 29217 V APM_AudioPolicyManager: startOutput portId 3627
01-01 18:03:51.455   831 29217 V APM_AudioPolicyManager: startOutput() output 21, stream 1, session 28577
01-01 18:03:51.455   831 29217 V APM_AudioPolicyManager: setBeaconMute(1) mBeaconMuteRefCount=3 mBeaconPlayingRefCount=0
01-01 18:03:51.455   831 29217 V APM_AudioPolicyManager: selectOutputForMusicEffects selected output 13
01-01 18:03:51.455   831 29217 V APM_AudioPolicyManager: getNewOutputDevices selected devices {AUDIO_DEVICE_OUT_SPEAKER, @:}
01-01 18:03:51.455   831 29217 V APM_AudioPolicyManager: setOutputDevices device {AUDIO_DEVICE_OUT_SPEAKER, @:} delayMs 0
01-01 18:03:51.455   831 29217 V APM_AudioPolicyManager: setOutputDevices() prevDevice {AUDIO_DEVICE_OUT_SPEAKER, @:}
01-01 18:03:51.455   831 29217 V APM_AudioPolicyManager: setOutputDevices: suppressing checkDeviceMuteStrategies
01-01 18:03:51.455   831 29217 V APM_AudioPolicyManager: setOutputDevices changing device to {AUDIO_DEVICE_OUT_SPEAKER, @:}
01-01 18:03:51.466 32459  1201 I gralloc4: @set_metadata: update dataspace from GM (0x00000000 -> 0x08010000)
01-01 18:03:51.477   831  1340 D DlbDlbEffect: handle_EFFECT_CMD_SET_DEVICE(device=0x00000002)
01-01 18:03:51.477   831  1340 D DlbEffectContext: setDevice(00000002)
01-01 18:03:51.477   831  1340 D DlbEndpointParamCache: setDevice(device=0x00000002)
01-01 18:03:51.477   831  1340 I AudioEffectExtendAction: setDevice_l empty address, empty name
01-01 18:03:51.477   831  1340 V VolumeMonitor_Energy_Effect: VM_setDevice() sessionId:-2101, device:0x0x2, isBtTypeHeadset:0
01-01 18:03:51.477   791   791 D AudioALSAStreamOut: updateSourceMetadataV7() 
01-01 18:03:51.477   791   791 I AudioALSAStreamOut: updateSourceMetadata(), do nothing source_metadata = 0xffaf3718
01-01 18:03:51.478   791   791 D AudioALSAHardware: +createAudioPatch() num_sources [1] , num_sinks [1], handle [0x252f], current mAudioHalPatchVector size 2
01-01 18:03:51.478   791   791 D AudioALSAStreamManager: +setParameters(), IOport = 21, keyValuePairs = routing=2
01-01 18:03:51.478   791   791 D AudioALSAStreamManager: setParameters(), Send to mStreamOutVector[1], flag 4
01-01 18:03:51.478   791   791 D AudioALSAStreamOut: updatePolicyDevice(), flag: 0x4, device: 0x2
01-01 18:03:51.478   791   791 D AudioALSAStreamManager: +routingOutputDevice(), streamOut : set reopen state : false
01-01 18:03:51.478   791   791 D AudioALSAStreamManager: +routingOutputDevice(), streamOut : set reopen state : false
01-01 18:03:51.478   791   791 W AudioALSAStreamManager: routingOutputDevice(), flag: 0x4, output_devices == current_output_devices(0x00000002), return
01-01 18:03:51.478   791   791 D AudioALSAHardware: -createAudioPatch() num_sources [1] , num_sinks [1], handle [0x2530]
01-01 18:03:51.478   831  1340 D AudioFlinger: setCurDevice() 0x2
01-01 18:03:51.478   791 11720 D AudioALSAStreamOut: updateSourceMetadataV7() 
01-01 18:03:51.478   791 11720 I AudioALSAStreamOut: updateSourceMetadata(), do nothing source_metadata = 0xea1aeab0
01-01 18:03:51.479   831 29217 V APM_AudioPolicyManager: setOutputDevices() AF::createAudioPatch returned 0 patchHandle 77772 num_sources 1 num_sinks 1
01-01 18:03:51.479   831 29217 V APM_AudioPolicyManager: checkAndSetVolume: output 21, stream 10, index 14, devices 0x2, volume 0.707946
01-01 18:03:51.479   831 29217 V APM_AudioPolicyManager: checkAndSetVolume: output 21, stream 4, index 11, devices 0x2, volume 0.354813
01-01 18:03:51.480   831 29217 V APM_AudioPolicyManager: checkAndSetVolume: output 21, stream 8, index 15, devices 0x2, volume 1.000000
01-01 18:03:51.481   831 29217 V APM_AudioPolicyManager: checkAndSetVolume: output 21, stream 3, index 14, devices 0x2, volume 0.630957
01-01 18:03:51.482   831 29217 V APM_AudioPolicyManager: checkAndSetVolume: output 21, stream 5, index 15, devices 0x2, volume 1.000000
01-01 18:03:51.482   831 29217 V APM_AudioPolicyManager: checkAndSetVolume: output 21, stream 2, index 15, devices 0x2, volume 0.707946
01-01 18:03:51.482   831 29217 V APM_AudioPolicyManager: checkAndSetVolume: output 21, stream 1, index 4, devices 0x2, volume 0.141254
01-01 18:03:51.483   831 29217 V APM_AudioPolicyManager: checkAndSetVolume: output 21, stream 9, index 14, devices 0x2, volume 0.707946
01-01 18:03:51.483   831 29217 V APM_AudioPolicyManager: checkAndSetVolume: output 21, stream 0, index 8, devices 0x2, volume 1.778279
01-01 18:03:51.483 32459  1201 I gralloc4: @set_metadata: update dataspace from GM (0x00000000 -> 0x08010000)
01-01 18:03:51.484   831 29217 V APM_AudioPolicyManager: checkAndSetVolume: output 21, stream 11, index 7, devices 0x2, volume 0.066834
01-01 18:03:51.485   831 29217 V APM_AudioPolicyManager: checkAndSetVolume: output 21, stream 1, index 4, devices 0x2, volume 0.141254
01-01 18:03:51.486   831 29217 D audioserver: FGS Logger Transaction failed
01-01 18:03:51.486   831 29217 D audioserver: -129
01-01 18:03:51.486 32459   532 I HBD     : c Soundpool play()32 [Ljava.lang.Object;@bdb6a8c
01-01 18:03:51.492   791   791 D AudioALSAStreamOut: updateSourceMetadataV7() 
01-01 18:03:51.492   791   791 I AudioALSAStreamOut: updateSourceMetadata(), do nothing source_metadata = 0xffaf3718
01-01 18:03:51.501  1375  2904 I SemWifiApDataUsage: handleMessage: 14
01-01 18:03:51.501  1375  2904 I SemWifiApEbpf: DATA_USAGE_STATS_START_POLL,mhs= true,upstream= 2,client size 1
01-01 18:03:51.502  1375  2904 D SemWifiApEbpf: getWifiApDataUsageForOverAllMhs():  overall data is198002440
01-01 18:03:51.502  1375  2904 I SemWifiApEbpf: updating the overall dataUsage , overall =198002440 , global = {mTotalDataBytes=198001377,mTotalDataIngressBytes=0,mTotalDataEgressBytes=0,mCellularBytes=198001377,mCurrentDayAndSimCellularBytes=198001377}
01-01 18:03:51.504  1876  1876 D StatusBarIconController: ignoring old pipeline callbacks, because the new mobile icons are enabled
01-01 18:03:51.516  1375  1545 I InputReader: Touch event's action is 0x1 (id=5, t=0) [pCnt=1, s=] when=250593.106383
01-01 18:03:51.516  1375  1544 I InputDispatcher: Delivering touch to (32459): action: 0x1, f=0x0, d=0, 'eba3da2', t=1 +(0,-64)
01-01 18:03:51.516 32459 32459 I ViewRootImpl@2abddcd[InputMethod]: ViewPostIme pointer 1
01-01 18:03:51.516 32459 32459 I GestureDetector: obtain mCurrentMotionEventRaw. action: 1 id: 447321464
01-01 18:03:51.516  1375  1400 I GestureDetector: obtain mCurrentMotionEventRaw. action: 1 id: 447321464
01-01 18:03:51.517  1375  1400 I GestureDetector: obtain mCurrentMotionEventRaw. action: 1 id: 447321464
01-01 18:03:51.517 32459 32459 I HBD     : a down event is done 
01-01 18:03:51.517 32459 32459 I HBD     : a up event is done 
01-01 18:03:51.517 32459 32459 I HBD     : d ATL DTMFKeyA
01-01 18:03:51.518 32459 32459 I HBD     : a [PF_KL] OTE none 1 1 2 1482693 (1, NONE) 
01-01 18:03:51.526 32459 32459 I HBD     : m1 ous -  6 ,  6 ,  7 ,  7 ,  -1 ,  -1
01-01 18:03:51.570 32459 32459 I HBD     : a [PF_KL][HBIC] getSelectedText t, 42 
01-01 18:03:51.579 32459 32459 I HBD     : m0 EBD cm S 0 
01-01 18:03:51.583   831 28956 I AF::Track: stop() situation track : stv_keyboard
01-01 18:03:51.583 32459  1201 I gralloc4: @set_metadata: update dataspace from GM (0x00000000 -> 0x08010000)
01-01 18:03:51.594   841   841 I BufferQueueProducer: [InputMethod$_32459#53139](this:0xb400007a78720790,id:-1,api:0,p:-1,c:841) queueBuffer: fps=13.48 dur=1038.78 max=247.24 min=16.32
01-01 18:03:51.597 32459  1201 I gralloc4: @set_metadata: update dataspace from GM (0x00000000 -> 0x08010000)
01-01 18:03:51.623   831  1340 D audioserver: FGS Logger Transaction failed
01-01 18:03:51.623   831  1340 D audioserver: -129
01-01 18:03:51.623   831  1049 V APM_AudioPolicyManager: stopOutput portId 3627
01-01 18:03:51.623   831  1049 V APM_AudioPolicyManager: stopOutput() output 21, stream 1, session 28577
01-01 18:03:51.623   831  1049 V APM_AudioPolicyManager: setBeaconMute(1) mBeaconMuteRefCount=2 mBeaconPlayingRefCount=0
01-01 18:03:51.623   831  1049 V APM_AudioPolicyManager: getNewOutputDevices selected devices AUDIO_DEVICE_NONE
01-01 18:03:51.623   831  1049 V APM_AudioPolicyManager: setOutputDevices device AUDIO_DEVICE_NONE delayMs 84
01-01 18:03:51.623   831  1049 V APM_AudioPolicyManager: setOutputDevices() prevDevice {AUDIO_DEVICE_OUT_SPEAKER, @:}
01-01 18:03:51.624   791   791 D AudioALSAStreamOut: updateSourceMetadataV7() 
01-01 18:03:51.624   791   791 I AudioALSAStreamOut: updateSourceMetadata(), do nothing source_metadata = 0xffaf3718
01-01 18:03:51.624   831  1049 I APM::AudioPolicyEngine: getDevicesForStrategyInt no device found for strategy 9
01-01 18:03:51.624   831  1049 V APM_AudioPolicyManager: setOutputDevices setting same device AUDIO_DEVICE_NONE or null device, force=0, patch handle=3398
01-01 18:03:51.624   831  1049 V APM_AudioPolicyManager: selectOutputForMusicEffects selected output 13
01-01 18:03:51.722  1375  1545 I InputReader: Touch event's action is 0x0 (id=5, t=0) [pCnt=1, s=0.0 ] when=250593.313162
01-01 18:03:51.723  1375  1544 I InputDispatcher: Delivering touch to (1876): action: 0x4, f=0x0, d=0, '6c20be ', t=1 
01-01 18:03:51.723  1375  1544 I InputDispatcher: Delivering touch to (32459): action: 0x0, f=0x0, d=0, 'eba3da2', t=1 +(0,-64)
01-01 18:03:51.723 32459 32459 I ViewRootImpl@2abddcd[InputMethod]: ViewPostIme pointer 0
01-01 18:03:51.723  1375  1544 D PowerManagerService: [api] userActivityFromNative : touch, IME displayId=0 eventTime=250593313
