01-01 18:12:29.655   841   841 I Layer   : id=53243 Destroyed Surface(name=6c20be NavigationBar0)/@0xff9475e - animation-leash of insets_animation#53243
01-01 18:12:29.657   785   785 D Zygote  : Forked child process 19010
01-01 18:12:29.658  1375  1410 I ActivityManager: Start proc 19010:com.osp.app.signin/u0a81 for content provider {com.osp.app.signin/com.samsung.android.samsungaccount.utils.accounts.AccountManagerProvider}
01-01 18:12:29.659 18877 18982 I ViewRootImpl@cb238ad[MainActivity]: mWNT: t=0xb400006fb98efa00 mBlastBufferQueue=0xb400007069851980 fn= 5 mRenderHdrSdrRatio=1.0 caller= android.view.SyncRtSurfaceTransactionApplier.applyTransaction:96 android.view.SyncRtSurfaceTransactionApplier.lambda$scheduleApply$0:69 android.view.SyncRtSurfaceTransactionApplier.$r8$lambda$SgowXC58rj3PR958kHUfRgLZmvE:0 
01-01 18:12:29.660  1876  1876 I BLASTBufferQueue_Java: update, w= 1080 h= 135 mName = ViewRootImpl@28cc391[NavigationBar0] mNativeObject= 0xb400006ffa98b200 sc.mNativeObject= 0xb400006fd0fe9180 format= -3 caller= android.view.ViewRootImpl.updateBlastSurfaceIfNeeded:3017 android.view.ViewRootImpl.relayoutWindow:10131 android.view.ViewRootImpl.performTraversals:4110 android.view.ViewRootImpl.doTraversal:3288 android.view.ViewRootImpl$TraversalRunnable.run:11344 android.view.Choreographer$CallbackRecord.run:1689 
01-01 18:12:29.660  1876  1876 I ViewRootImpl@28cc391[NavigationBar0]: Relayout returned: old=(0,2273,1080,2408) new=(0,2273,1080,2408) relayoutAsync=true req=(1080,135)0 dur=5 res=0x0 s={true 0xb400006fd0b97800} ch=false seqId=50
01-01 18:12:29.661  1375  5241 V WindowManager: Relayout Window{6c20be u0 NavigationBar0}: viewVisibility=0 req=1080x135 ty=2019 d0
01-01 18:12:29.662  1876  1876 I ViewRootImpl@28cc391[NavigationBar0]: registerCallbackForPendingTransactions
01-01 18:12:29.663  1876  1876 D NavigationBar: setImeWindowStatus displayId=0 vis=9 backDisposition=0 showImeSwitcher=false imeShown=false
01-01 18:12:29.663  1876  2534 I ViewRootImpl@28cc391[NavigationBar0]: mWNT: t=0xb4000070899dd680 mBlastBufferQueue=0xb400006ffa98b200 fn= 85729 mRenderHdrSdrRatio=1.0 caller= android.view.ViewRootImpl$6.onFrameDraw:5635 android.view.ViewRootImpl$2.onFrameDraw:2146 android.view.ThreadedRenderer$1.onFrameDraw:792 
01-01 18:12:29.663  1876  1876 D Navbar.Store: handleEvent(0) OnNavBarIconHintChanged(iconHint=0) [Module] NavigationBar
01-01 18:12:29.663  1876  1876 D Navbar.Store: --[Band]SETUPWIZARD_PACK_SET_NAVBAR_ICON_HINT
01-01 18:12:29.663  1876  1876 D Navbar.Store: --[Band]VIS_PACK_REEVAULATE_NAVBAR
01-01 18:12:29.663  1876  1876 D Navbar.Store: ----apply(0) NavBarStoreAction$ReevaluateNavBar
01-01 18:12:29.664 18877 18913 I gralloc4: @set_metadata: update dataspace from GM (0x00000000 -> 0x08010000)
01-01 18:12:29.665  1876  1876 D Navbar.Store: ----handleEvent(0) OnUpdateRemoteViewContainer(leftContainer=android.widget.LinearLayout{71ba196 V.E...... ........ 0,0-118,135 #7f0a0597 app:id/left_remoteview}, rightContainer=android.widget.LinearLayout{203b117 I.E...... ......I. 962,0-1080,135 #7f0a08aa app:id/right_remoteview}, contextualButtonVisible=false, darkIntensity=0.0, displayId=0) [Module] SamsungNavigationBarView
01-01 18:12:29.665  1876  1876 D Navbar.Store: ------[Band]REMOTE_VIEW_PACK_SET_REMOTEVIEW_CONTAINER
01-01 18:12:29.665  1876  1876 D Navbar.Store: --------apply(0) NavBarStoreAction$UpdateRemoteViewContainer
01-01 18:12:29.665 32459 32459 I ViewRootImpl@2abddcd[InputMethod]: handleResized, msg = 4 frames=ClientWindowFrames{frame=[0,64][1080,2408] display=[0,64][1080,2408] parentFrame=[0,0][0,0]} forceNextWindowRelayout=false displayId=0 dragResizing=false compatScale=1.0 frameChanged=false attachedFrameChanged=false configChanged=false displayChanged=false compatScaleChanged=false
01-01 18:12:29.666  1876  1876 D Navbar.Store: --------apply(0) NavBarStoreAction$UpdateRemoteViewDarkIntensity
01-01 18:12:29.666  1876  1876 D Navbar.Store: handleEvent(0) OnUpdateSysUiStateFlag(noArguments=true) [Module] SamsungNavigationBarView
01-01 18:12:29.666  1876  1876 D Navbar.Store: --[Band]GESTURE_PACK_UPDATE_SYSTEMUI_STATE_FLAG
01-01 18:12:29.666  1876  1876 D Navbar.Store: --[Band] (afterAction) GESTURE_PACK_UPDATE_SYSTEMUI_STATE_FLAG
01-01 18:12:29.666  1876  1876 D SysUiState: SysUiState changed: old=0x10060000 new=0x10020000
01-01 18:12:29.667  1876  2061 I gralloc4: @set_metadata: update dataspace from GM (0x00000000 -> 0x08010000)
01-01 18:12:29.667  2772  2829 I HoneySpace.TaskbarEventTracker: invokeEvent() called with: event = SystemUiStateChanged(stateFlags=268566528)
01-01 18:12:29.667  2772 18251 I HoneySpace.SystemUiRepository: systemUiFlags: allow_gesture|awake
01-01 18:12:29.673  1375  3560 D InputMethodManagerService: isImeSwitcherDisabledPackage : false
01-01 18:12:29.673   841   841 I gralloc4: @set_metadata: update dataspace from GM (0x08010000 -> 0x00000000)
01-01 18:12:29.675 18877 18983 I ViewRootImpl@cb238ad[MainActivity]: mWNT: t=0xb400006fb98efb80 mBlastBufferQueue=0xb400007069851980 fn= 6 mRenderHdrSdrRatio=1.0 caller= android.view.SyncRtSurfaceTransactionApplier.applyTransaction:96 android.view.SyncRtSurfaceTransactionApplier.lambda$scheduleApply$0:69 android.view.SyncRtSurfaceTransactionApplier.$r8$lambda$SgowXC58rj3PR958kHUfRgLZmvE:0 
01-01 18:12:29.678 27954 27954 D BoundBrokerSvc: onBind: Intent { act=com.google.android.mdd.service.START dat=chimera-action:/... cmp=com.google.android.gms/.chimera.GmsBoundBrokerService }
01-01 18:12:29.678 27954 27954 D BoundBrokerSvc: Loading bound service for intent: Intent { act=com.google.android.mdd.service.START dat=chimera-action:/... cmp=com.google.android.gms/.chimera.GmsBoundBrokerService }
01-01 18:12:29.679  1876  1876 D Navbar.Store: --NavBarStates(0) canUseNavBarBackgroundFrame: false
01-01 18:12:29.680  1876  1876 D NavigationBar: setImeWindowStatus displayId=0 vis=3 backDisposition=0 showImeSwitcher=false imeShown=true
01-01 18:12:29.681  1876  1876 D Navbar.Store: handleEvent(0) OnNavBarIconHintChanged(iconHint=3) [Module] NavigationBar
01-01 18:12:29.681  1375  5241 V WindowManager: Relayout hash=6c20be, pid=0, syncId=-1: mAttrs={(0,0)(fillx135) gr=BOTTOM CENTER_VERTICAL sim={adjust=pan} layoutInDisplayCutoutMode=always ty=NAVIGATION_BAR fmt=TRANSLUCENT
01-01 18:12:29.681  1375  5241 V WindowManager:   fl=20840028
01-01 18:12:29.681  1375  5241 V WindowManager:   pfl=33001000
01-01 18:12:29.681  1375  5241 V WindowManager:   bhv=DEFAULT
01-01 18:12:29.681  1375  5241 V WindowManager:   providedInsets:
01-01 18:12:29.681  1375  5241 V WindowManager:     InsetsFrameProvider: {id=#ee1e0001, index=0, type=navigationBars, source=FRAME, flags=[], insetsSize=Insets{left=0, top=0, right=0, bottom=135}, insetsSizeOverrides=[TypedInsetsSize: {windowType=INPUT_METHOD, insetsSize=null}]}
01-01 18:12:29.681  1375  5241 V WindowManager:     InsetsFrameProvider: {id=#ee1e0006, index=0, type=tappableElement, source=FRAME, flags=[]}
01-01 18:12:29.681  1375  5241 V WindowManager:     InsetsFrameProvider: {id=#ee1e0005, index=0, type=mandatorySystemGestures, source=FRAME, flags=[]}
01-01 18:12:29.681  1375  5241 V WindowManager:     InsetsFrameProvider: {id=#ee1e0004, index=0, type=systemGestures, source=DISPLAY, flags=[], insetsSize=Insets{left=0, top=0, right=0, bottom=0}, mMinimalInsetsSizeInDisplayCutoutSafe=Insets{left=0, top=0, right=0, bottom=0}}
01-01 18:12:29.681  1375  5241 V WindowManager:     InsetsFrameProvider: {id=#ee1e0024, index=1, type=systemGestures, source=DISPLAY, flags=[], insetsSize=Insets{left=0, top=0, right=0, bottom=0}, mMinimalInsetsSizeInDisplayCutoutSafe=Insets{left=0, top=0, right=0, bottom=0}}
01-01 18:12:29.681  1375  5241 V WindowManager:   paramsForRotation:
01-01 18:12:29.681  1375  5241 V WindowManager:     ROTATION_0={(0,0)(fillx135) gr=BOTTOM CENTER_VERTICAL layoutInDisplayCutoutMode=always ty=NAVIGATION_BAR fmt=TRANSLUCENT
01-01 18:12:29.681  1375  5241 V WindowManager:       fl=20840028
01-01 18:12:29.681  1375  5241 V WindowManager:       pfl=31001000
01-01 18:12:29.681  1375  5241 V WindowManager:       bhv=DEFAULT
01-01 18:12:29.681  1375  5241 V WindowManager:       providedInsets:
01-01 18:12:29.681  1375  5241 V WindowManager:         InsetsFrameProvider: {id=#ee1e0001, index=0, type=navigationBars, source=FRAME, flags=[], insetsSize=Insets{left=0, top=0, right=0, bottom=135}, insetsSizeOverrides=[TypedInsetsSize: {windowType=INPUT_METHOD, insetsSize=null}]}
01-01 18:12:29.681  1375  5241 V WindowManager:         InsetsFrameProvider: {id=#ee1e0006, index=0, type=tappableElement, source=FRAME, flags=[]}
01-01 18:12:29.681  1375  5241 V WindowManager:         InsetsFrameProvider: {id=#ee1e0005, index=0, type=mandatorySystemGestures, source=FRAME, flags=[]}
01-01 18:12:29.681  1375  5241 V WindowManager:         InsetsFrameProvider: {id=#ee1e0004, index=0, type=systemGestures, source=DISPLAY, flags=[], insetsSize=Insets{left=0, top=0, right=0, bottom=0}, mMinimalInsetsSizeInDisplayCutoutSafe=Insets{left=0, top=0, right=0, bottom=0}}
01-01 18:12:29.681  1375  5241 V WindowManager:         InsetsFrameProvider: {id=#ee1e0024, index=1, type=systemGestures, source=DISPLAY, flags=[], insetsSize=Insets{left=0, top=0, right=0, bottom=0}, mMinimalInsetsSizeInDisplayCutoutSafe=Insets{left=0, top=0, right=0, bottom=0}} naviIconColor=0}
01-01 18:12:29.681  1375  5241 V WindowManager:     ROTATION_90={(0,0)(135xfill) gr=RIGHT CENTER_HORIZONTAL layoutInDisplayCutoutMode=always ty=NAVIGATION_BAR fmt=TRANSLUCENT
01-01 18:12:29.681  1375  5241 V WindowManager:       fl=20840028
01-01 18:12:29.681  1375  5241 V WindowManager:       pfl=31001000
01-01 18:12:29.681  1375  5241 V WindowManager:       bhv=DEFAULT
01-01 18:12:29.681  1375  5241 V WindowManager:       providedInsets:
01-01 18:12:29.681  1375  5241 V WindowManager:         InsetsFrameProvider: {id=#ee1e0001, index=0, type=navigationBars, source=FRAME, flags=[], insetsSizeOverrides=[TypedInsetsSize: {windowType=INPUT_METHOD, insetsSize=null}]}
01-01 18:12:29.681  1375  5241 V WindowManager:         InsetsFrameProvider: {id=#ee1e0006, index=0, type=tappableElement, source=FRAME, flags=[]}
01-01 18:12:29.681  1375  5241 V WindowManager:         InsetsFrameProvider: {id=#ee1e0005, index=0, type=mandatorySystemGestures, source=FRAME, flags=[]}
01-01 18:12:29.681  1375  5241 V WindowManager:         InsetsFrameProvider: {id=#ee1e0004, index=0, type=systemGestures, source=DISPLAY, flags=[], insetsSize=Insets{left=0, top=0, right=0, bottom=0}, mMinimalInsetsSizeInDisplayCutoutSafe=Insets{left=0, top=0, right=0, bottom=0}}
01-01 18:12:29.681  1375  5241 V WindowManager:         InsetsFrameProvider: {id=#ee1e0024, index=1, type=systemGestures, source=DISPLAY, flags=[], insetsSize=Insets{left=0, top=0, right=0, bottom=0}, mMinimalInsetsSizeInDisplayCutoutSafe=Insets{left=0, top=0, right=0, bottom=0}} naviIconColor=0}
01-01 18:12:29.681  1375  5241 V WindowManager:     ROTATION_180={(0,0)(fillx135) gr=BOTTOM CENTER_VERTICAL layoutInDisplayCutoutMode=always ty=NAVIGATION_BAR fmt=TRANSLUCENT
01-01 18:12:29.681  1375  5241 V WindowManager:       fl=20840028
01-01 18:12:29.681  1375  5241 V WindowManager:       pfl=31001000
01-01 18:12:29.681  1375  5241 V WindowManager:       bhv=DEFAULT
01-01 18:12:29.681  1375  5241 V WindowManager:       providedInsets:
01-01 18:12:29.681  1375  5241 V WindowManager:         InsetsFrameProvider: {id=#ee1e0001, index=0, type=navigationBars, source=FRAME, flags=[], insetsSize=Insets{left=0, top=0, right=0, bottom=135}, insetsSizeOverrides=[TypedInsetsSize: {windowType=INPUT_METHOD, insetsSize=null}]}
01-01 18:12:29.681  1375  5241 V WindowManager:         InsetsFrameProvider: {id=#ee1e0006, index=0, type=tappableElement, source=FRAME, flags=[]}
01-01 18:12:29.681  1375  5241 V WindowManager:         InsetsFrameProvider: {id=#ee1e0005, index=0, type=mandatorySystemGestures, source=FRAME, flags=[]}
01-01 18:12:29.681  1375  5241 V WindowManager:         InsetsFrameProvider: {id=#ee1e0004, index=0, type=systemGestures, source=DISPLAY, flags=[], insetsSize=Insets{left=0, top=0, right=0, bottom=0}, mMinimalInsetsSizeInDisplayCutoutSafe=Insets{left=0, top=0, right=0, bottom=0}}
01-01 18:12:29.681  1375  5241 V WindowManager:         InsetsFrameProvider: {id=#ee1e0024, index=1, type=systemGestures, source=DISPLAY, flags=[], insetsSize=Insets{left=0, top=0, right=0, bottom=0}, mMinimalInsetsSizeInDisplayCutoutSafe=Insets{left=0, top=0, right=0, bottom=0}} naviIconColor=0}
01-01 18:12:29.681  1375  5241 V WindowManager:     ROTATION_270={(0,0)(135xfill) gr=LEFT CENTER_HORIZONTAL layoutInDisplayCutoutMode=always ty=NAVIGATION_BAR fmt=TRANSLUCENT
01-01 18:12:29.681  1375  5241 V WindowManager:       fl=20840028
01-01 18:12:29.681  1375  5241 V WindowManager:       pfl=31001000
01-01 18:12:29.681  1375  5241 V WindowManager:       bhv=DEFAULT
01-01 18:12:29.681  1375  5241 V WindowManager:       providedInsets:
01-01 18:12:29.681  1375  5241 V WindowManager:         InsetsFrameProvider: {id=#ee1e0001, index=0, type=navigationBars, source=FRAME, flags=[], insetsSizeOverrides=[TypedInsetsSize: {windowType=INPUT_METHOD, insetsSize=null}]}
01-01 18:12:29.681  1375  5241 V WindowManager:         InsetsFrameProvider: {id=#ee1e0006, index=0, type=tappableElement, source=FRAME, flags=[]}
01-01 18:12:29.681  1375  5241 V WindowManager:         InsetsFrameProvider: {id=#ee1e0005, index=0, type=mandatorySystemGestures, source=FRAME, flags=[]}
01-01 18:12:29.681  1375  5241 V WindowManager:         InsetsFrameProvider: {id=#ee1e0004, index=0, type=systemGestures, source=DISPLAY, flags=[], insetsSize=Insets{left=0, top=0, right=0, bottom=0}, mMinimalInsetsSizeInDisplayCutoutSafe=Insets{left=0, top=0, right=0, bottom=0}}
01-01 18:12:29.681  1375  5241 V WindowManager:         InsetsFrameProvider: {id=#ee1e0024, index=1, type=systemGestures, source=DISPLAY, flags=[], insetsSize=Insets{left=0, top=0, right=0, bottom=0}, mMinimalInsetsSizeInDisplayCutoutSafe=Insets{left=0, top=0, right=0, bottom=0}} naviIconColor=0} naviIconColor=0}
01-01 18:12:29.681  1876  1876 D Navbar.Store: --[Band]SETUPWIZARD_PACK_SET_NAVBAR_ICON_HINT
01-01 18:12:29.681  1876  1876 D Navbar.Store: --[Band]VIS_PACK_REEVAULATE_NAVBAR
01-01 18:12:29.681  1876  1876 D Navbar.Store: ----apply(0) NavBarStoreAction$ReevaluateNavBar
01-01 18:12:29.683  1876  1876 D Navbar.Store: ----handleEvent(0) OnUpdateRemoteViewContainer(leftContainer=android.widget.LinearLayout{71ba196 V.E...... ........ 0,0-118,135 #7f0a0597 app:id/left_remoteview}, rightContainer=android.widget.LinearLayout{203b117 I.E...... ......I. 962,0-1080,135 #7f0a08aa app:id/right_remoteview}, contextualButtonVisible=false, darkIntensity=0.0, displayId=0) [Module] SamsungNavigationBarView
01-01 18:12:29.683  1876  1876 D Navbar.Store: ------[Band]REMOTE_VIEW_PACK_SET_REMOTEVIEW_CONTAINER
01-01 18:12:29.683  1876  1876 D Navbar.Store: --------apply(0) NavBarStoreAction$UpdateRemoteViewContainer
01-01 18:12:29.683 18877 18913 I gralloc4: @set_metadata: update dataspace from GM (0x00000000 -> 0x08010000)
01-01 18:12:29.683  1876  1876 D Navbar.Store: --------apply(0) NavBarStoreAction$UpdateRemoteViewDarkIntensity
01-01 18:12:29.683  1876  2061 I gralloc4: @set_metadata: update dataspace from GM (0x00000000 -> 0x08010000)
01-01 18:12:29.684  1876  1876 D Navbar.Store: handleEvent(0) OnUpdateSysUiStateFlag(noArguments=true) [Module] SamsungNavigationBarView
01-01 18:12:29.684  1876  1876 D Navbar.Store: --[Band]GESTURE_PACK_UPDATE_SYSTEMUI_STATE_FLAG
01-01 18:12:29.684  1876  1876 D Navbar.Store: --[Band] (afterAction) GESTURE_PACK_UPDATE_SYSTEMUI_STATE_FLAG
01-01 18:12:29.684  1876  1876 D SysUiState: SysUiState changed: old=0x10020000 new=0x10060000
01-01 18:12:29.685  2772 18855 I HoneySpace.SystemUiRepository: systemUiFlags: allow_gesture|ime_visible|awake
01-01 18:12:29.685  2772  2829 I HoneySpace.TaskbarEventTracker: invokeEvent() called with: event = SystemUiStateChanged(stateFlags=268828672)
01-01 18:12:29.688  1375  1765 I Pageboost: Launcher App Execution
01-01 18:12:29.689   841   841 I gralloc4: @set_metadata: update dataspace from GM (0x08010000 -> 0x00000000)
01-01 18:12:29.689  1876  1876 D Navbar.Store: --NavBarStates(0) canUseNavBarBackgroundFrame: false
01-01 18:12:29.691 18877 18982 I ViewRootImpl@cb238ad[MainActivity]: mWNT: t=0xb400006fb9b4f200 mBlastBufferQueue=0xb400007069851980 fn= 7 mRenderHdrSdrRatio=1.0 caller= android.view.SyncRtSurfaceTransactionApplier.applyTransaction:96 android.view.SyncRtSurfaceTransactionApplier.lambda$scheduleApply$0:69 android.view.SyncRtSurfaceTransactionApplier.$r8$lambda$SgowXC58rj3PR958kHUfRgLZmvE:0 
01-01 18:12:29.694  1876  2061 I gralloc4: @set_metadata: update dataspace from GM (0x00000000 -> 0x08010000)
01-01 18:12:29.695   841   841 D SurfaceFlinger: Display 0 HWC layers:
01-01 18:12:29.695   841   841 D SurfaceFlinger:      DEVICE | 0xb400007a79376b00 | 0102 | RGBA_8888    |    0.0    0.0 1080.0 2273.0 |    0    0 1080 2273 | SurfaceView[com.wawapp.driver/com.wawapp.driver.MainActivity]@0(BLAST)#53246
01-01 18:12:29.695   841   841 D SurfaceFlinger:      DEVICE | 0xb400007a9ec57c80 | 0100 | RGBA_8888    |    0.0    0.0 1080.0 2408.0 |    0    0 1080 2408 | com.wawapp.driver/com.wawapp.driver.MainActivity$_18877#53241
01-01 18:12:29.695   841   841 D SurfaceFlinger:      DEVICE | 0xb400007aa09ce900 | 0100 | RGBA_8888    |    0.0    0.0 1080.0 1382.0 |    0 1026 1080 2408 | InputMethod$_32459#53250
01-01 18:12:29.695   841   841 D SurfaceFlinger:      DEVICE | 0xb400007aa09e8880 | 0100 | RGBA_8888    |    0.0    0.0 1080.0   64.0 |    0    0 1080   64 | StatusBar$_1876#83
01-01 18:12:29.695   841   841 D SurfaceFlinger:      DEVICE | 0xb400007a78686000 | 0100 | RGBA_8888    |    0.0    0.0 1080.0  135.0 |    0 2273 1080 2408 | NavigationBar0$_1876#79
01-01 18:12:29.695   841   841 D SurfaceFlinger: 
01-01 18:12:29.699 18877 18913 I gralloc4: @set_metadata: update dataspace from GM (0x00000000 -> 0x08010000)
01-01 18:12:29.707 18877 18983 I ViewRootImpl@cb238ad[MainActivity]: mWNT: t=0xb400006fb9b4fb00 mBlastBufferQueue=0xb400007069851980 fn= 8 mRenderHdrSdrRatio=1.0 caller= android.view.SyncRtSurfaceTransactionApplier.applyTransaction:96 android.view.SyncRtSurfaceTransactionApplier.lambda$scheduleApply$0:69 android.view.SyncRtSurfaceTransactionApplier.$r8$lambda$SgowXC58rj3PR958kHUfRgLZmvE:0 
01-01 18:12:29.713 18877 18913 I gralloc4: @set_metadata: update dataspace from GM (0x00000000 -> 0x08010000)
01-01 18:12:29.717 19010 19010 I .osp.app.signin: Using CollectorTypeCC GC.
01-01 18:12:29.722 19010 19010 E .osp.app.signin: Not starting debugger since process cannot load the jdwp agent.
01-01 18:12:29.724 18877 18982 I ViewRootImpl@cb238ad[MainActivity]: mWNT: t=0xb400006fb9b4fe00 mBlastBufferQueue=0xb400007069851980 fn= 9 mRenderHdrSdrRatio=1.0 caller= android.view.SyncRtSurfaceTransactionApplier.applyTransaction:96 android.view.SyncRtSurfaceTransactionApplier.lambda$scheduleApply$0:69 android.view.SyncRtSurfaceTransactionApplier.$r8$lambda$SgowXC58rj3PR958kHUfRgLZmvE:0 
01-01 18:12:29.728 19010 19010 D nativeloader: Load libframework-connectivity-tiramisu-jni.so using APEX ns com_android_tethering for caller /apex/com.android.tethering/javalib/framework-connectivity-t.jar: ok
01-01 18:12:29.729   806 19002 I mtkpower_client: perf_lock_rel, hdl:54098, tid:19002
01-01 18:12:29.730   806 19002 I HYPER-HAL: [RequestManager.cpp]releaseLocked(): Released ID : 526842031
01-01 18:12:29.730 18877 18913 I gralloc4: @set_metadata: update dataspace from GM (0x00000000 -> 0x08010000)
01-01 18:12:29.731   813   869 I libPowerHal: [perfLockRel] hdl:54098, idx:1
01-01 18:12:29.731   813   869 I libPowerHal: vendor.samsung.: cpu_ctrl set cpu freq: -1 -1 -1 -1
01-01 18:12:29.733 19010 19010 D ActivityThread: setConscryptValidator
01-01 18:12:29.733 19010 19010 D ActivityThread: setConscryptValidator - put
01-01 18:12:29.739  1375  3560 D CompatibilityChangeReporter: Compat change id reported: 168419799; UID 10081; state: DISABLED
01-01 18:12:29.739  1375  3560 D CompatibilityChangeReporter: Compat change id reported: 273564678; UID 10081; state: DISABLED
01-01 18:12:29.740 18877 18983 I ViewRootImpl@cb238ad[MainActivity]: mWNT: t=0xb400006fb9b4ff80 mBlastBufferQueue=0xb400007069851980 fn= 10 mRenderHdrSdrRatio=1.0 caller= android.view.SyncRtSurfaceTransactionApplier.applyTransaction:96 android.view.SyncRtSurfaceTransactionApplier.lambda$scheduleApply$0:69 android.view.SyncRtSurfaceTransactionApplier.$r8$lambda$SgowXC58rj3PR958kHUfRgLZmvE:0 
01-01 18:12:29.741  1375  3560 I ActivityManager: Changes in 10081 20 to 5, 0 to 56
01-01 18:12:29.745  1375  1508 D CompatibilityChangeReporter: Compat change id reported: 265195908; UID 10081; state: ENABLED
01-01 18:12:29.746 18877 18913 I gralloc4: @set_metadata: update dataspace from GM (0x00000000 -> 0x08010000)
01-01 18:12:29.749 19010 19010 D CompatibilityChangeReporter: Compat change id reported: 171979766; UID 10081; state: ENABLED
01-01 18:12:29.750 19010 19010 D CompatibilityChangeReporter: Compat change id reported: 242716250; UID 10081; state: ENABLED
01-01 18:12:29.753  1375  3560 D CompatibilityChangeReporter: Compat change id reported: 170503758; UID 10081; state: ENABLED
01-01 18:12:29.755 18877 18982 I ViewRootImpl@cb238ad[MainActivity]: mWNT: t=0xb400006fb9b50100 mBlastBufferQueue=0xb400007069851980 fn= 11 mRenderHdrSdrRatio=1.0 caller= android.view.SyncRtSurfaceTransactionApplier.applyTransaction:96 android.view.SyncRtSurfaceTransactionApplier.lambda$scheduleApply$0:69 android.view.SyncRtSurfaceTransactionApplier.$r8$lambda$SgowXC58rj3PR958kHUfRgLZmvE:0 
01-01 18:12:29.761 18877 18913 I gralloc4: @set_metadata: update dataspace from GM (0x00000000 -> 0x08010000)
01-01 18:12:29.766 19010 19010 D nativeloader: Configuring clns-shared-4 for other apk /system/framework/org.apache.http.legacy.jar. target_sdk_version=34, uses_libraries=ALL, library_path=/system/priv-app/SamsungAccount/lib/arm64:/system/priv-app/SamsungAccount/SamsungAccount.apk!/lib/arm64-v8a:/system/lib64:/system_ext/lib64, permitted_path=/data:/mnt/expand:/data/user/0/com.osp.app.signin:/system/priv-app/SamsungAccount:/system/lib64:/system_ext/lib64
01-01 18:12:29.766 19010 19010 D nativeloader: Extending system_exposed_libraries: libaudiomirroring_jni.audiomirroring.samsung.so:libexifa.camera.samsung.so:libjpega.camera.samsung.so:libOpenCv.camera.samsung.so:libImageScreener.camera.samsung.so:libHpr_RecGAE_cvFeature_v1.0.camera.samsung.so:libHprFace_GAE_api.camera.samsung.so:libHprFace_GAE_jni.camera.samsung.so:libObjectAndSceneClassification_2.5_OD.camera.samsung.so:libQREngine.camera.samsung.so:libInteractiveSegmentation.camera.samsung.so:libsmart_cropping.camera.samsung.so:libFacePreProcessing.camera.samsung.so:libFacePreProcessing_jni.camera.samsung.so:libhumantracking_util.camera.samsung.so:libsurfaceutil.camera.samsung.so:libsecimaging.camera.samsung.so:libsce_v1.crypto.samsung.so:lib_vnd_client.dk.samsung.so:lib_native_client.dk.samsung.so:lib_nativeJni.dk.samsung.so:lib.engmodejni.samsung.so:libSFEffect.fonteffect.samsung.so:libknox_remotedesktopclient.knox.samsung.so:libheifcapture_jni.media.samsung.so:libjpegsq.media.samsung.so:libslljpeg.media.samsung.so:libsemimagecrop_jni.media.samsung.
01-01 18:12:29.772 19010 19010 D nativeloader: Configuring clns-shared-5 for other apk /system/framework/samsungkeystoreutils.jar. target_sdk_version=34, uses_libraries=ALL, library_path=/system/priv-app/SamsungAccount/lib/arm64:/system/priv-app/SamsungAccount/SamsungAccount.apk!/lib/arm64-v8a:/system/lib64:/system_ext/lib64, permitted_path=/data:/mnt/expand:/data/user/0/com.osp.app.signin:/system/priv-app/SamsungAccount:/system/lib64:/system_ext/lib64
01-01 18:12:29.772 19010 19010 D nativeloader: Extending system_exposed_libraries: libaudiomirroring_jni.audiomirroring.samsung.so:libexifa.camera.samsung.so:libjpega.camera.samsung.so:libOpenCv.camera.samsung.so:libImageScreener.camera.samsung.so:libHpr_RecGAE_cvFeature_v1.0.camera.samsung.so:libHprFace_GAE_api.camera.samsung.so:libHprFace_GAE_jni.camera.samsung.so:libObjectAndSceneClassification_2.5_OD.camera.samsung.so:libQREngine.camera.samsung.so:libInteractiveSegmentation.camera.samsung.so:libsmart_cropping.camera.samsung.so:libFacePreProcessing.camera.samsung.so:libFacePreProcessing_jni.camera.samsung.so:libhumantracking_util.camera.samsung.so:libsurfaceutil.camera.samsung.so:libsecimaging.camera.samsung.so:libsce_v1.crypto.samsung.so:lib_vnd_client.dk.samsung.so:lib_native_client.dk.samsung.so:lib_nativeJni.dk.samsung.so:lib.engmodejni.samsung.so:libSFEffect.fonteffect.samsung.so:libknox_remotedesktopclient.knox.samsung.so:libheifcapture_jni.media.samsung.so:libjpegsq.media.samsung.so:libslljpeg.media.samsung.so:libsemimagecrop_jni.media.samsung.
01-01 18:12:29.772 18877 18983 I ViewRootImpl@cb238ad[MainActivity]: mWNT: t=0xb400006fb9b50280 mBlastBufferQueue=0xb400007069851980 fn= 12 mRenderHdrSdrRatio=1.0 caller= android.view.SyncRtSurfaceTransactionApplier.applyTransaction:96 android.view.SyncRtSurfaceTransactionApplier.lambda$scheduleApply$0:69 android.view.SyncRtSurfaceTransactionApplier.$r8$lambda$SgowXC58rj3PR958kHUfRgLZmvE:0 
01-01 18:12:29.778 18877 18913 I gralloc4: @set_metadata: update dataspace from GM (0x00000000 -> 0x08010000)
01-01 18:12:29.788 18877 18982 I ViewRootImpl@cb238ad[MainActivity]: mWNT: t=0xb400006fb9b50400 mBlastBufferQueue=0xb400007069851980 fn= 13 mRenderHdrSdrRatio=1.0 caller= android.view.SyncRtSurfaceTransactionApplier.applyTransaction:96 android.view.SyncRtSurfaceTransactionApplier.lambda$scheduleApply$0:69 android.view.SyncRtSurfaceTransactionApplier.$r8$lambda$SgowXC58rj3PR958kHUfRgLZmvE:0 
01-01 18:12:29.793 18877 18913 I gralloc4: @set_metadata: update dataspace from GM (0x00000000 -> 0x08010000)
01-01 18:12:29.805 18877 18983 I ViewRootImpl@cb238ad[MainActivity]: mWNT: t=0xb400006fb9b50580 mBlastBufferQueue=0xb400007069851980 fn= 14 mRenderHdrSdrRatio=1.0 caller= android.view.SyncRtSurfaceTransactionApplier.applyTransaction:96 android.view.SyncRtSurfaceTransactionApplier.lambda$scheduleApply$0:69 android.view.SyncRtSurfaceTransactionApplier.$r8$lambda$SgowXC58rj3PR958kHUfRgLZmvE:0 
01-01 18:12:29.811 18877 18913 I gralloc4: @set_metadata: update dataspace from GM (0x00000000 -> 0x08010000)
01-01 18:12:29.821 18877 18982 I ViewRootImpl@cb238ad[MainActivity]: mWNT: t=0xb400006fb9b50700 mBlastBufferQueue=0xb400007069851980 fn= 15 mRenderHdrSdrRatio=1.0 caller= android.view.SyncRtSurfaceTransactionApplier.applyTransaction:96 android.view.SyncRtSurfaceTransactionApplier.lambda$scheduleApply$0:69 android.view.SyncRtSurfaceTransactionApplier.$r8$lambda$SgowXC58rj3PR958kHUfRgLZmvE:0 
01-01 18:12:29.828 18877 18913 I gralloc4: @set_metadata: update dataspace from GM (0x00000000 -> 0x08010000)
01-01 18:12:29.839 18877 18983 I ViewRootImpl@cb238ad[MainActivity]: mWNT: t=0xb400006fb9b50880 mBlastBufferQueue=0xb400007069851980 fn= 16 mRenderHdrSdrRatio=1.0 caller= android.view.SyncRtSurfaceTransactionApplier.applyTransaction:96 android.view.SyncRtSurfaceTransactionApplier.lambda$scheduleApply$0:69 android.view.SyncRtSurfaceTransactionApplier.$r8$lambda$SgowXC58rj3PR958kHUfRgLZmvE:0 
01-01 18:12:29.846 18877 18913 I gralloc4: @set_metadata: update dataspace from GM (0x00000000 -> 0x08010000)
01-01 18:12:29.854 18877 18982 I ViewRootImpl@cb238ad[MainActivity]: mWNT: t=0xb400006fb98efe80 mBlastBufferQueue=0xb400007069851980 fn= 17 mRenderHdrSdrRatio=1.0 caller= android.view.SyncRtSurfaceTransactionApplier.applyTransaction:96 android.view.SyncRtSurfaceTransactionApplier.lambda$scheduleApply$0:69 android.view.SyncRtSurfaceTransactionApplier.$r8$lambda$SgowXC58rj3PR958kHUfRgLZmvE:0 
01-01 18:12:29.863 18877 18913 I gralloc4: @set_metadata: update dataspace from GM (0x00000000 -> 0x08010000)
01-01 18:12:29.873 18877 18983 I ViewRootImpl@cb238ad[MainActivity]: mWNT: t=0xb400006fb9ab6000 mBlastBufferQueue=0xb400007069851980 fn= 18 mRenderHdrSdrRatio=1.0 caller= android.view.SyncRtSurfaceTransactionApplier.applyTransaction:96 android.view.SyncRtSurfaceTransactionApplier.lambda$scheduleApply$0:69 android.view.SyncRtSurfaceTransactionApplier.$r8$lambda$SgowXC58rj3PR958kHUfRgLZmvE:0 
01-01 18:12:29.880 18877 18913 I gralloc4: @set_metadata: update dataspace from GM (0x00000000 -> 0x08010000)
01-01 18:12:29.888 19010 19010 D nativeloader: Configuring clns-shared-6 for other apk /system/priv-app/SamsungAccount/SamsungAccount.apk. target_sdk_version=34, uses_libraries=, library_path=/system/priv-app/SamsungAccount/lib/arm64:/system/priv-app/SamsungAccount/SamsungAccount.apk!/lib/arm64-v8a:/system/lib64:/system_ext/lib64, permitted_path=/data:/mnt/expand:/data/user/0/com.osp.app.signin:/system/priv-app/SamsungAccount:/system/lib64:/system_ext/lib64
01-01 18:12:29.889 18877 18982 I ViewRootImpl@cb238ad[MainActivity]: mWNT: t=0xb400006fb9ab6180 mBlastBufferQueue=0xb400007069851980 fn= 19 mRenderHdrSdrRatio=1.0 caller= android.view.SyncRtSurfaceTransactionApplier.applyTransaction:96 android.view.SyncRtSurfaceTransactionApplier.lambda$scheduleApply$0:69 android.view.SyncRtSurfaceTransactionApplier.$r8$lambda$SgowXC58rj3PR958kHUfRgLZmvE:0 
01-01 18:12:29.896 18877 18913 I gralloc4: @set_metadata: update dataspace from GM (0x00000000 -> 0x08010000)
01-01 18:12:29.905 18877 18983 I ViewRootImpl@cb238ad[MainActivity]: mWNT: t=0xb400006fb9b50a00 mBlastBufferQueue=0xb400007069851980 fn= 20 mRenderHdrSdrRatio=1.0 caller= android.view.SyncRtSurfaceTransactionApplier.applyTransaction:96 android.view.SyncRtSurfaceTransactionApplier.lambda$scheduleApply$0:69 android.view.SyncRtSurfaceTransactionApplier.$r8$lambda$SgowXC58rj3PR958kHUfRgLZmvE:0 
01-01 18:12:29.912 19010 19010 D nativeloader: Load libframework-connectivity-jni.so using APEX ns com_android_tethering for caller /apex/com.android.tethering/javalib/framework-connectivity.jar: ok
01-01 18:12:29.913 18877 18913 I gralloc4: @set_metadata: update dataspace from GM (0x00000000 -> 0x08010000)
01-01 18:12:29.918  1375  3560 D VpnManagerService: Exception: java.lang.NullPointerException: Attempt to invoke interface method 'int com.samsung.android.knox.zt.networktrust.filter.IKnoxNetworkFilterService.getKnoxNwFilterHttpProxyPort(int, java.lang.String)' on a null object reference
01-01 18:12:29.918  1375  3560 D VpnManagerService: 	at com.android.server.VpnManagerService.getKnoxNwFilterHttpProxyPort(VpnManagerService.java:1945)
01-01 18:12:29.918  1375  3560 D VpnManagerService: 	at android.net.IVpnManager$Stub.onTransact(IVpnManager.java:1075)
01-01 18:12:29.918  1375  3560 D VpnManagerService: 	at android.os.Binder.execTransactInternal(Binder.java:1375)
01-01 18:12:29.918  1375  3560 D VpnManagerService: 	at android.os.Binder.execTransact(Binder.java:1311)
01-01 18:12:29.921 18877 18877 I InsetsController: cancelAnimation: types=ime, animType=0, host=com.wawapp.driver/com.wawapp.driver.MainActivity, from=android.view.InsetsController.notifyFinished:1748 android.view.InsetsAnimationControlImpl.applyChangeInsets:312 android.view.InsetsController.lambda$new$3:918 
01-01 18:12:29.921 18877 18877 I ImeTracker: com.wawapp.driver:6b3c14a3: onShown
01-01 18:12:29.925 18877 18982 I ViewRootImpl@cb238ad[MainActivity]: mWNT: t=0xb400006fc0bfbd80 mBlastBufferQueue=0xb400007069851980 fn= 21 mRenderHdrSdrRatio=1.0 caller= android.view.SyncRtSurfaceTransactionApplier.applyTransaction:96 android.view.SyncRtSurfaceTransactionApplier.lambda$scheduleApply$0:69 android.view.SyncRtSurfaceTransactionApplier.$r8$lambda$SgowXC58rj3PR958kHUfRgLZmvE:0 
01-01 18:12:29.925 18877 18982 I ViewRootImpl@cb238ad[MainActivity]: mWNT: t=0xb400006fc0cd6600 mBlastBufferQueue=0xb400007069851980 fn= 21 mRenderHdrSdrRatio=1.0 caller= android.view.SyncRtSurfaceTransactionApplier.applyTransaction:96 android.view.SyncRtSurfaceTransactionApplier.lambda$scheduleApply$0:69 android.view.SyncRtSurfaceTransactionApplier.$r8$lambda$SgowXC58rj3PR958kHUfRgLZmvE:0 
01-01 18:12:29.930 18877 18913 I gralloc4: @set_metadata: update dataspace from GM (0x00000000 -> 0x08010000)
01-01 18:12:29.945 19010 19010 V GraphicsEnvironment: Currently set values for:
01-01 18:12:29.945 19010 19010 V GraphicsEnvironment:   angle_gl_driver_selection_pkgs=[]
01-01 18:12:29.945 19010 19010 V GraphicsEnvironment:   angle_gl_driver_selection_values=[]
01-01 18:12:29.946 19010 19010 V GraphicsEnvironment: ANGLE GameManagerService for com.osp.app.signin: false
01-01 18:12:29.946 19010 19010 V GraphicsEnvironment: com.osp.app.signin is not listed in per-application setting
01-01 18:12:29.947 19010 19010 V GraphicsEnvironment: Neither updatable production driver nor prerelease driver is supported.
01-01 18:12:29.969 27954 27954 D BoundBrokerSvc: onBind: Intent { act=com.google.android.gms.wallet.service.BIND pkg=com.google.android.gms }
01-01 18:12:29.969 27954 27954 D BoundBrokerSvc: Loading bound service for intent: Intent { act=com.google.android.gms.wallet.service.BIND pkg=com.google.android.gms }
01-01 18:12:29.970  1375  3560 I AssistStructure: Flattened final assist data: 300 bytes, containing 1 windows, 3 views
01-01 18:12:29.978 19010 19010 D CompatibilityChangeReporter: Compat change id reported: 183155436; UID 10081; state: ENABLED
01-01 18:12:29.980 19010 19010 I FirebaseApp: Device unlocked: initializing all Firebase APIs for app [DEFAULT]
01-01 18:12:29.982 27954 27954 D BoundBrokerSvc: onBind: Intent { act=com.google.android.gms.chromesync.service.zeroparty.START dat=chimera-action:/... cmp=com.google.android.gms/.chimera.GmsApiService }
01-01 18:12:29.982 27954 27954 D BoundBrokerSvc: Loading bound service for intent: Intent { act=com.google.android.gms.chromesync.service.zeroparty.START dat=chimera-action:/... cmp=com.google.android.gms/.chimera.GmsApiService }
01-01 18:12:29.985   773   773 E audit   : type=1400 audit(1767291149.980:1642754): avc:  denied  { ioctl } for  pid=28272 comm="highpool[404]" path="/data/data/com.google.android.gms/cache/android:/com.google.android.gms/managed/common/shared/cgal.mdi.sync.moonlander.autofill-domain-predictions-prod-spanner/infinite_data_cache" dev="dm-50" ino=1442877 ioctlcmd=0xf522 scontext=u:r:gmscore_app:s0:c512,c768 tcontext=u:object_r:privapp_data_file:s0:c512,c768 tclass=file permissive=0 SEPF_SM-A145P_12_0001 audit_filtered
01-01 18:12:29.991 19010 19010 I FirebaseInitProvider: FirebaseApp initialization successful
01-01 18:12:29.992 19010 19010 I CapsuleProvider_1.0.23: onCreate
01-01 18:12:29.993   773   773 E audit   : type=1400 audit(1767291149.988:1642755): avc:  denied  { ioctl } for  pid=19010 comm="pool-5-thread-1" path="/data/data/com.osp.app.signin/databases/com.google.android.datatransport.events" dev="dm-50" ino=7919 ioctlcmd=0xf522 scontext=u:r:platform_app:s0:c512,c768 tcontext=u:object_r:app_data_file:s0:c512,c768 tclass=file permissive=0 SEPF_SM-A145P_12_0001 audit_filtered
01-01 18:12:29.994 19010 19010 D WM-WrkMgrInitializer: Initializing WorkManager with default configuration.
01-01 18:12:29.994 27954 27954 D BoundBrokerSvc: onBind: Intent { act=com.google.android.gms.auth.api.phone.service.SmsRetrieverApiService.START dat=chimera-action:/... cmp=com.google.android.gms/.chimera.GmsApiService }
01-01 18:12:29.994 27954 27954 D BoundBrokerSvc: Loading bound service for intent: Intent { act=com.google.android.gms.auth.api.phone.service.SmsRetrieverApiService.START dat=chimera-action:/... cmp=com.google.android.gms/.chimera.GmsApiService }
01-01 18:12:29.997  1375  7834 D PackageManager: setEnabledSetting : userId = 0 packageName = com.osp.app.signin cmp = androidx.work.impl.background.systemjob.SystemJobService newState = 1 callingPackage = com.osp.app.signin
01-01 18:12:29.998  1375  7834 D ApplicationPolicy: getApplicationStateEnabled : pkg = com.osp.app.signin userId : 0
01-01 18:12:30.000  1375  7834 D ApplicationPolicy: getApplicationComponentState : pkg = com.osp.app.signin userId : 0
01-01 18:12:30.006 19010 19028 W .osp.app.signin: ClassLoaderContext classpath size mismatch. expected=1, found=0 (DLC[];PCL[base.apk*2108145554]{PCL[/system/framework/org.apache.http.legacy.jar*365604909]#PCL[/system/framework/com.android.media.remotedisplay.jar*2114713712]#PCL[/system/framework/com.android.location.provider.jar*3994156537]#PCL[/system/framework/org.apache.http.legacy.jar*365604909]} | DLC[];PCL[])
01-01 18:12:30.007   773   773 E audit   : type=1400 audit(1767291150.004:1642756): avc:  denied  { ioctl } for  pid=19010 comm=".osp.app.signin" path="/data/data/com.osp.app.signin/databases/openData.db" dev="dm-50" ino=7933 ioctlcmd=0xf522 scontext=u:r:platform_app:s0:c512,c768 tcontext=u:object_r:app_data_file:s0:c512,c768 tclass=file permissive=0 SEPF_SM-A145P_12_0001 audit_filtered
01-01 18:12:30.011 19010 19028 I DynamiteModule: Considering local module com.google.android.gms.measurement.dynamite:92 and remote module com.google.android.gms.measurement.dynamite:170
01-01 18:12:30.011 19010 19028 I DynamiteModule: Selected remote version of com.google.android.gms.measurement.dynamite, version >= 170
01-01 18:12:30.011 19010 19028 V DynamiteModule: Dynamite loader version >= 2, using loadModule2NoCrashUtils
01-01 18:12:30.013 19010 19010 D DIAGMON_SDK[605066]: setDeviceId : 
01-01 18:12:30.014   773   773 E audit   : type=1400 audit(1767291150.012:1642757): avc:  denied  { ioctl } for  pid=19010 comm=".osp.app.signin" path="/data/data/com.osp.app.signin/databases/profile.db" dev="dm-50" ino=7937 ioctlcmd=0xf522 scontext=u:r:platform_app:s0:c512,c768 tcontext=u:object_r:app_data_file:s0:c512,c768 tclass=file permissive=0 SEPF_SM-A145P_12_0001 audit_filtered
01-01 18:12:30.016 28272 28272 D BoundBrokerSvc: onRebind: Intent { act=com.google.android.gms.auth.aang.events.services.START dat=chimera-action:/... cmp=com.google.android.gms/.chimera.PersistentApiService }
01-01 18:12:30.018   773   773 E audit   : type=1400 audit(1767291150.016:1642758): avc:  denied  { ioctl } for  pid=19010 comm="WM.task-1" path="/data/data/com.osp.app.signin/no_backup/androidx.work.workdb" dev="dm-50" ino=7929 ioctlcmd=0xf522 scontext=u:r:platform_app:s0:c512,c768 tcontext=u:object_r:app_data_file:s0:c512,c768 tclass=file permissive=0 SEPF_SM-A145P_12_0001 audit_filtered
01-01 18:12:30.022  1375  1497 D CompatibilityChangeReporter: Compat change id reported: 161145287; UID 10081; state: ENABLED
01-01 18:12:30.023 27954 16437 I SyncManager: (REDACTED) Executing sync(type=%s%s)
01-01 18:12:30.029 19010 19028 W System  : ClassLoader referenced unknown path: 
01-01 18:12:30.029 19010 19028 D nativeloader: Configuring clns-7 for other apk . target_sdk_version=36, uses_libraries=, library_path=/data/app/~~_Nac8VCqQ_vs8-CqRv5PwQ==/com.google.android.gms-QBQQ4buBT01ws6-94u7_oA==/lib/arm64:/data/app/~~_Nac8VCqQ_vs8-CqRv5PwQ==/com.google.android.gms-QBQQ4buBT01ws6-94u7_oA==/base.apk!/lib/arm64-v8a, permitted_path=/data:/mnt/expand:/data/user/0/com.google.android.gms
01-01 18:12:30.032 19010 19010 I SamsungAccount: [BrandNameUtil] isBrandGalaxy, isCscFeatureEnabled: false
01-01 18:12:30.032 19010 19010 I SamsungAccount: [BrandNameUtil] isBrandGalaxy, oneUiVersion is below 5.1: false
01-01 18:12:30.033 19010 19010 I SamsungAccount: [GlobalSearchProvider] secQueryGetFingerprint : 1490004100en_GB
01-01 18:12:30.034 28272 17683 W aoam    : Failed to retrieve prediction data. [CONTEXT service_id=177 ]
01-01 18:12:30.034 28272 17683 W aoam    : java.util.concurrent.ExecutionException: fqqw: No data was found for the table autofill-domain-predictions-prod-spanner.
01-01 18:12:30.034 28272 17683 W aoam    : 	at gsiv.j(:com.google.android.gms@254730029@25.47.30 (190400-833691957):21)
01-01 18:12:30.034 28272 17683 W aoam    : 	at gsje.v(:com.google.android.gms@254730029@25.47.30 (190400-833691957):107)
01-01 18:12:30.034 28272 17683 W aoam    : 	at gsiv.get(:com.google.android.gms@254730029@25.47.30 (190400-833691957):6)
01-01 18:12:30.034 28272 17683 W aoam    : 	at aoam.e(:com.google.android.gms@254730029@25.47.30 (190400-833691957):81)
01-01 18:12:30.034 28272 17683 W aoam    : 	at aoam.a(:com.google.android.gms@254730029@25.47.30 (190400-833691957):124)
01-01 18:12:30.034 28272 17683 W aoam    : 	at anxw.call(:com.google.android.gms@254730029@25.47.30 (190400-833691957):5)
01-01 18:12:30.034 28272 17683 W aoam    : 	at java.util.concurrent.FutureTask.run(FutureTask.java:317)
01-01 18:12:30.034 28272 17683 W aoam    : 	at bdhp.c(:com.google.android.gms@254730029@25.47.30 (190400-833691957):50)
01-01 18:12:30.034 28272 17683 W aoam    : 	at bdhp.run(:com.google.android.gms@254730029@25.47.30 (190400-833691957):73)
01-01 18:12:30.034 28272 17683 W aoam    : 	at java.util.concurrent.ThreadPoolExecutor.runWorker(ThreadPoolExecutor.java:1156)
01-01 18:12:30.034 28272 17683 W aoam    : 	at java.util.concurrent.ThreadPoolExecutor$Worker.run(ThreadPoolExecutor.java:651)
01-01 18:12:30.034 28272 17683 W aoam    : 	at bdnh.run(:com.google.android.gms@254730029@25.47.30 (190400-833691957):8)
01-01 18:12:30.034 28272 17683 W aoam    : 	at java.lang.Thread.run(Thread.java:1119)
01-01 18:12:30.034 28272 17683 W aoam    : Caused by: fqqw: No data was found for the table autofill-domain-predictions-prod-spanner.
01-01 18:12:30.034 28272 17683 W aoam    : 	at fqrn.a(:com.google.android.gms@254730029@25.47.30 (190400-833691957):217)
01-01 18:12:30.034 28272 17683 W aoam    : 	at gsjg.d(:com.google.android.gms@254730029@25.47.30 (190400-833691957):3)
01-01 18:12:30.034 28272 17683 W aoam    : 	at gsji.run(:com.google.android.gms@254730029@25.47.30 (190400-833691957):38)
01-01 18:12:30.034 28272 17683 W aoam    : 	at gsku.execute(:com.google.android.gms@254730029@25.47.30 (190400-833691957):1)
01-01 18:12:30.034 28272 17683 W aoam    : 	at gsiv.f(:com.google.android.gms@254730029@25.47.30 (190400-833691957):1)
01-01 18:12:30.034 28272 17683 W aoam    : 	at gsiv.m(:com.google.android.gms@254730029@25.47.30 (190400-833691957):99)
01-01 18:12:30.034 28272 17683 W aoam    : 	at gsiv.q(:com.google.android.gms@254730029@25.47.30 (190400-833691957):13)
01-01 18:12:30.034 28272 17683 W aoam    : 	at gsjh.e(:com.google.android.gms@254730029@25.47.30 (190400-833691957):1)
01-01 18:12:30.034 28272 17683 W aoam    : 	at gsji.run(:com.google.android.gms@254730029@25.47.30 (190400-833691957):44)
01-01 18:12:30.034 28272 17683 W aoam    : 	at gsku.execute(:com.google.android.gms@254730029@25.47.30 (190400-833691957):1)
01-01 18:12:30.034 28272 17683 W aoam    : 	at gsiv.f(:com.google.android.gms@254730029@25.47.30 (190400-833691957):1)
01-01 18:12:30.034 28272 17683 W aoam    : 	at gsiv.m(:com.google.android.gms@254730029@25.47.30 (190400-833691957):99)
01-01 18:12:30.034 28272 17683 W aoam    : 	at gsiv.t(:com.google.android.gms@254730029@25.47.30 (190400-833691957):26)
01-01 18:12:30.034 28272 17683 W aoam    : 	at gsjg.e(:com.google.android.gms@254730029@25.47.30 (190400-833691957):3)
01-01 18:12:30.034 28272 17683 W aoam    : 	at gsji.run(:com.google.android.gms@254730029@25.47.30 (190400-833691957):44)
01-01 18:12:30.034 28272 17683 W aoam    : 	at gsku.execute(:com.google.android.gms@254730029@25.47.30 (190400-833691957):1)
01-01 18:12:30.034 28272 17683 W aoam    : 	at gsiv.f(:com.google.android.gms@254730029@25.47.30 (190400-833691957):1)
01-01 18:12:30.034 28272 17683 W aoam    : 	at gsiv.m(:com.google.android.gms@254730029@25.47.30 (190400-833691957):99)
01-01 18:12:30.034 28272 17683 W aoam    : 	at gsiv.t(:com.google.android.gms@254730029@25.47.30 (190400-833691957):26)
01-01 18:12:30.034 28272 17683 W aoam    : 	at gsjg.e(:com.google.android.gms@254730029@25.47.30 (190400-833691957):3)
01-01 18:12:30.034 28272 17683 W aoam    : 	at gsji.run(:com.google.android.gms@254730029@25.47.30 (190400-833691957):44)
01-01 18:12:30.034 28272 17683 W aoam    : 	at gsku.execute(:com.google.android.gms@254730029@25.47.30 (190400-833691957):1)
01-01 18:12:30.034 28272 17683 W aoam    : 	at gsiv.f(:com.google.android.gms@254730029@25.47.30 (190400-833691957):1)
01-01 18:12:30.034 28272 17683 W aoam    : 	at gsiv.m(:com.google.android.gms@254730029@25.47.30 (190400-833691957):99)
01-01 18:12:30.034 28272 17683 W aoam    : 	at gsiv.q(:com.google.android.gms@254730029@25.47.30 (190400-833691957):13)
01-01 18:12:30.034 28272 17683 W aoam    : 	at gsin.run(:com.google.android.gms@254730029@25.47.30 (190400-833691957):120)
01-01 18:12:30.034 28272 17683 W aoam    : 	at gsku.execute(:com.google.android.gms@254730029@25.47.30 (190400-833691957):1)
01-01 18:12:30.034 28272 17683 W aoam    : 	at gsiv.f(:com.google.android.gms@254730029@25.47.30 (190400-833691957):1)
01-01 18:12:30.034 28272 17683 W aoam    : 	at gsiv.m(:com.google.android.gms@254730029@25.47.30 (190400-833691957):99)
01-01 18:12:30.034 28272 17683 W aoam    : 	at gsiv.q(:com.google.android.gms@254730029@25.47.30 (190400-833691957):13)
01-01 18:12:30.034 28272 17683 W aoam    : 	at gsjh.e(:com.google.android.gms@254730029@25.47.30 (190400-833691957):1)
01-01 18:12:30.034 28272 17683 W aoam    : 	at gsji.run(:com.google.android.gms@254730029@25.47.30 (190400-833691957):44)
01-01 18:12:30.034 28272 17683 W aoam    : 	at gsku.execute(:com.google.android.gms@254730029@25.47.30 (190400-833691957):1)
01-01 18:12:30.034 28272 17683 W aoam    : 	at gsiv.f(:com.google.android.gms@254730029@25.47.30 (190400-833691957):1)
01-01 18:12:30.034 28272 17683 W aoam    : 	at gsiv.m(:com.google.android.gms@254730029@25.47.30 (190400-833691957):99)
01-01 18:12:30.034 28272 17683 W aoam    : 	at gsip.run(:com.google.android.gms@254730029@25.47.30 (190400-833691957):25)
01-01 18:12:30.034 28272 17683 W aoam    : 	at gsku.execute(:com.google.android.gms@254730029@25.47.30 (190400-833691957):1)
01-01 18:12:30.034 28272 17683 W aoam    : 	at gsky.c(:com.google.android.gms@254730029@25.47.30 (190400-833691957):1)
01-01 18:12:30.034 28272 17683 W aoam    : 	at gsky.b(:com.google.android.gms@254730029@25.47.30 (190400-833691957):32)
01-01 18:12:30.034 28272 17683 W aoam    : 	at gsmj.done(:com.google.android.gms@254730029@25.47.30 (190400-833691957):3)
01-01 18:12:30.034 28272 17683 W aoam    : 	at java.util.concurrent.FutureTask.finishCompletion(FutureTask.java:434)
01-01 18:12:30.034 28272 17683 W aoam    : 	at java.util.concurrent.FutureTask.set(FutureTask.java:285)
01-01 18:12:30.034 28272 17683 W aoam    : 	at java.util.concurrent.FutureTask.run(FutureTask.java:325)
01-01 18:12:30.034 28272 17683 W aoam    : 	at gsmx.run(:com.google.android.gms@254730029@25.47.30 (190400-833691957):64)
01-01 18:12:30.034 28272 17683 W aoam    : 	... 6 more
01-01 18:12:30.041 19010 19028 W .osp.app.signin: ClassLoaderContext classpath element mismatch. expected=base.apk, found=/system/priv-app/SamsungAccount/SamsungAccount.apk (DLC[];PCL[base.apk*2108145554]{PCL[/system/framework/org.apache.http.legacy.jar*365604909]#PCL[/system/framework/com.android.media.remotedisplay.jar*2114713712]#PCL[/system/framework/com.android.location.provider.jar*3994156537]#PCL[/system/framework/org.apache.http.legacy.jar*365604909]} | DLC[];PCL[/system/priv-app/SamsungAccount/SamsungAccount.apk*179015645]{PCL[/system/framework/org.apache.http.legacy.jar*365604909]#PCL[/system/framework/samsungkeystoreutils.jar*1471022878]})
01-01 18:12:30.041 19010 19010 I SamsungAccount: [SamsungService(Application)] onCreate START
01-01 18:12:30.042 19010 19010 D SamsungAccount$SALogger: init Log Path : /data/user/0/com.osp.app.signin/Log/
01-01 18:12:30.043 19010 19019 I SamsungAccount: [AccountManagerProvider] isChildAccount
01-01 18:12:30.044 19010 19019 I SamsungAccount: [AccountManagerProvider] Calling package : android.honeyboard.
01-01 18:12:30.044 19010 19019 I SamsungAccount: [SignatureCheckUtil] runCheckSignatureAsync
01-01 18:12:30.044 19010 19019 I SamsungAccount: [SignaturePreconditionChecker] getSignatureResult - fromSesSdk : false
01-01 18:12:30.047 19010 19010 D SamsungAccount$SALogger: init success
01-01 18:12:30.049  1375  7834 D CompatibilityChangeReporter: Compat change id reported: 261072174; UID 10081; state: ENABLED
01-01 18:12:30.049 19010 19038 D CompatibilityChangeReporter: Compat change id reported: 160794467; UID 10081; state: ENABLED
01-01 18:12:30.052 27954 16437 I SyncManager: (REDACTED) Executing sync(type=%s) finished in %s
01-01 18:12:30.052 19010 19010 I SamsungAccount: [TestPropertyManager] HiddenModeValueIsSet? false [hiddenModeServerName: NONE, hiddenModeMcc: NONE, isMarketingAgreementToastMode: false, isAgreementHistoryWriteMode: false, isInvalidSimTestMode: false, isSecureScreenDisabled: false]
01-01 18:12:30.054 19010 19010 I SamsungAccount: [TestPropertyManager] property file not exist
01-01 18:12:30.056 19010 19019 I SamsungAccount: [SignatureInfoDbHelper] getSignatureResult - [10/lfgff][android.honeyboard.]
01-01 18:12:30.056 19010 19019 I SamsungAccount: [SignatureInfoDbHelper] searchOnUser
01-01 18:12:30.061 19010 19010 I SamsungAccount: [DeviceManager] init START
01-01 18:12:30.065 19010 19010 I SamsungAccount: [DeviceManager] init END
01-01 18:12:30.066 19010 19010 I SamsungAccount: [OpenDBManager] saveOpenData(Support_SamsungPass_Integration, true)
01-01 18:12:30.066 19010 19010 I SamsungAccount: [OpenContentProvider] query open data
01-01 18:12:30.068 19010 19010 I SamsungAccount: [OpenContentProvider] update openData : true
01-01 18:12:30.069 19010 19010 I SamsungAccount: [PushUtil] enable firebase auto init by AE
01-01 18:12:30.070 19010 19010 I SamsungAccount: [AccountManagerUtil] isSamsungAccountSignedIn : false
01-01 18:12:30.081  1375  1375 W FillRequestEventLogger: Shouldn't be logging AutofillFillRequestReported again for same event
01-01 18:12:30.081  1375  1375 W FillResponseEventLogger: Shouldn't be logging AutofillFillRequestReported again for same event
01-01 18:12:30.081  1375  1375 D AutofillSession: clearPendingIntentLocked
01-01 18:12:30.084 32459 32459 I HBD     : HoneyBoardService onInlineSuggestionsResponse 
