01-01 18:12:36.154 18877 18883 W m.wawapp.driver: ApkAssets: Deleting an ApkAssets object '<empty> and /data/app/~~qmjJ-Ku_Cug2HpjeJRZdJA==/com.docxreader.documentreader.wordoffice-q6FrhmFNz_az2HQKk8Bg9Q==/split_config.arm64_v8a.apk' with 1 weak references
01-01 18:12:36.154 18877 18883 W m.wawapp.driver: ApkAssets: Deleting an ApkAssets object '<empty> and /data/app/~~qmjJ-Ku_Cug2HpjeJRZdJA==/com.docxreader.documentreader.wordoffice-q6FrhmFNz_az2HQKk8Bg9Q==/split_config.xxhdpi.apk' with 1 weak references
01-01 18:12:36.154 18877 18883 W m.wawapp.driver: ApkAssets: Deleting an ApkAssets object '<empty> and /data/app/~~kbElf0qR7vm_L7dZO1d0mQ==/com.openai.chatgpt-zIj9LxVd_UEcjLAHoB_tuQ==/base.apk' with 1 weak references
01-01 18:12:36.154 18877 18883 W m.wawapp.driver: ApkAssets: Deleting an ApkAssets object '<empty> and /data/app/~~kbElf0qR7vm_L7dZO1d0mQ==/com.openai.chatgpt-zIj9LxVd_UEcjLAHoB_tuQ==/split_config.ar.apk' with 1 weak references
01-01 18:12:36.154 18877 18883 W m.wawapp.driver: ApkAssets: Deleting an ApkAssets object '<empty> and /data/app/~~kbElf0qR7vm_L7dZO1d0mQ==/com.openai.chatgpt-zIj9LxVd_UEcjLAHoB_tuQ==/split_config.arm64_v8a.apk' with 1 weak references
01-01 18:12:36.154 18877 18883 W m.wawapp.driver: ApkAssets: Deleting an ApkAssets object '<empty> and /data/app/~~kbElf0qR7vm_L7dZO1d0mQ==/com.openai.chatgpt-zIj9LxVd_UEcjLAHoB_tuQ==/split_config.en.apk' with 1 weak references
01-01 18:12:36.154 18877 18883 W m.wawapp.driver: ApkAssets: Deleting an ApkAssets object '<empty> and /data/app/~~kbElf0qR7vm_L7dZO1d0mQ==/com.openai.chatgpt-zIj9LxVd_UEcjLAHoB_tuQ==/split_config.xxhdpi.apk' with 1 weak references
01-01 18:12:36.154 18877 18883 W m.wawapp.driver: ApkAssets: Deleting an ApkAssets object '<empty> and /data/app/~~5-H0vMX0n9836MOAuJLydQ==/com.opera.mini.native-9aSaU_CY8czVOQ2hm2kIaQ==/base.apk' with 1 weak references
01-01 18:12:36.154 18877 18883 W m.wawapp.driver: ApkAssets: Deleting an ApkAssets object '<empty> and /data/app/~~5-H0vMX0n9836MOAuJLydQ==/com.opera.mini.native-9aSaU_CY8czVOQ2hm2kIaQ==/split_config.ar.apk' with 1 weak references
01-01 18:12:36.155 18877 18883 W m.wawapp.driver: ApkAssets: Deleting an ApkAssets object '<empty> and /data/app/~~5-H0vMX0n9836MOAuJLydQ==/com.opera.mini.native-9aSaU_CY8czVOQ2hm2kIaQ==/split_config.arm64_v8a.apk' with 1 weak references
01-01 18:12:36.155 18877 18883 W m.wawapp.driver: ApkAssets: Deleting an ApkAssets object '<empty> and /data/app/~~5-H0vMX0n9836MOAuJLydQ==/com.opera.mini.native-9aSaU_CY8czVOQ2hm2kIaQ==/split_config.en.apk' with 1 weak references
01-01 18:12:36.155 18877 18883 W m.wawapp.driver: ApkAssets: Deleting an ApkAssets object '<empty> and /data/app/~~5-H0vMX0n9836MOAuJLydQ==/com.opera.mini.native-9aSaU_CY8czVOQ2hm2kIaQ==/split_config.xxhdpi.apk' with 1 weak references
01-01 18:12:36.155 18877 18883 W m.wawapp.driver: ApkAssets: Deleting an ApkAssets object '<empty> and /data/app/~~5-H0vMX0n9836MOAuJLydQ==/com.opera.mini.native-9aSaU_CY8czVOQ2hm2kIaQ==/split_pangle_ads.apk' with 1 weak references
01-01 18:12:36.155 18877 18883 W m.wawapp.driver: ApkAssets: Deleting an ApkAssets object '<empty> and /data/app/~~5-H0vMX0n9836MOAuJLydQ==/com.opera.mini.native-9aSaU_CY8czVOQ2hm2kIaQ==/split_pangle_ads.config.ar.apk' with 1 weak references
01-01 18:12:36.155 18877 18883 W m.wawapp.driver: ApkAssets: Deleting an ApkAssets object '<empty> and /data/app/~~5-H0vMX0n9836MOAuJLydQ==/com.opera.mini.native-9aSaU_CY8czVOQ2hm2kIaQ==/split_pangle_ads.config.arm64_v8a.apk' with 1 weak references
01-01 18:12:36.155 18877 18883 W m.wawapp.driver: ApkAssets: Deleting an ApkAssets object '<empty> and /data/app/~~5-H0vMX0n9836MOAuJLydQ==/com.opera.mini.native-9aSaU_CY8czVOQ2hm2kIaQ==/split_pangle_ads.config.en.apk' with 1 weak references
01-01 18:12:36.166  1375  1400 I GestureDetector: obtain mCurrentMotionEventRaw. action: 2 id: 136302363
01-01 18:12:36.166  1375  1400 I GestureDetector: obtain mCurrentMotionEventRaw. action: 2 id: 136302363
01-01 18:12:36.198  1375  1545 I InputReader: Touch event's action is 0x1 (id=5, t=0) [pCnt=1, s=] when=251117.788796
01-01 18:12:36.198  1375  1544 I InputDispatcher: Delivering touch to (18877): action: 0x1, f=0x0, d=0, '2900cb3', t=1 
01-01 18:12:36.199 18877 18877 I ViewRootImpl@cb238ad[MainActivity]: ViewPostIme pointer 1
01-01 18:12:36.201 18877 18877 I flutter : [Router] NAVIGATION_CHECK | location=/login | user=null | hasPin=false | canOtp=false | otpStage=OtpStage.idle | isLoading=false
01-01 18:12:36.201 18877 18877 I flutter : [Router] ✓ Already on /login
01-01 18:12:36.202 18877 18877 I flutter : [Router] NAVIGATION_CHECK | location=/login | user=null | hasPin=false | canOtp=false | otpStage=OtpStage.idle | isLoading=false
01-01 18:12:36.202 18877 18877 I flutter : [Router] ✓ Already on /login
01-01 18:12:36.209 32459 32459 I HBD     : m1 ous -  8 ,  8 ,  12 ,  12 ,  -1 ,  -1
01-01 18:12:36.211 18877 18877 I flutter : [Router] NAVIGATION_CHECK | location=/ | user=null | hasPin=false | canOtp=true | otpStage=OtpStage.sending | isLoading=true
01-01 18:12:36.211 18877 18877 I flutter : [Router] ⏳ Auth loading - staying on current route
01-01 18:12:36.213 18877 18877 I flutter : [AuthGate] NAVIGATION_DECISION | user: null, isLoading: true, isPinCheckLoading: false, otpStage: OtpStage.sending, hasPin: false
01-01 18:12:36.213 18877 18877 I flutter : [AuthGate] REDIRECT_REASON=AUTH_LOADING → CircularProgressIndicator
01-01 18:12:36.233 18877 18877 W WindowOnBackDispatcher: OnBackInvokedCallback is not enabled for the application.
01-01 18:12:36.233 18877 18877 W WindowOnBackDispatcher: Set 'android:enableOnBackInvokedCallback="true"' in the application manifest.
01-01 18:12:36.239   773   773 E audit   : type=1400 audit(1767291156.236:1642802): avc:  denied  { ioctl } for  pid=18877 comm=4D6561737572656D656E7420576F72 path="/data/data/com.wawapp.driver/databases/google_app_measurement_local.db" dev="dm-50" ino=1439960 ioctlcmd=0xf522 scontext=u:r:untrusted_app:s0:c161,c257,c512,c768 tcontext=u:object_r:app_data_file:s0:c161,c257,c512,c768 tclass=file permissive=0 SEPF_SM-A145P_12_0001 audit_filtered
01-01 18:12:36.243 18877 18877 I ImeTracker: com.wawapp.driver:cfe4cfcb: onRequestHide at ORIGIN_CLIENT_HIDE_SOFT_INPUT reason HIDE_SOFT_INPUT
01-01 18:12:36.243 18877 18877 I InputMethodManager_LC: hsifw() - flag : 0
01-01 18:12:36.243 18877 18877 I InputMethodManager_LC: hsifw() - mService.hideSoftInput
01-01 18:12:36.243  1375  1497 D InputMethodManagerService: hideSoftInput
01-01 18:12:36.244  1375  1497 V InputMethodManagerService: Client requesting input be hidden
01-01 18:12:36.244  1375  1497 D InputMethodManagerService: setWindowStateInner, windowToken=android.os.BinderProxy@24ffa22, state=ImeTargetWindowState{ imeToken android.os.Binder@1f55264 imeFocusChanged false hasEditorFocused false requestedImeVisible false imeDisplayId 0 softInputModeState STATE_UNSPECIFIED|ADJUST_RESIZE isStartInputByGainFocus false}
01-01 18:12:36.244  1375  1497 V InputMethodManagerService: Calling com.android.server.inputmethod.IInputMethodInvoker@7a13707.hideSoftInput(0, android.os.BinderProxy@24ffa22, null) for reason: HIDE_SOFT_INPUT
01-01 18:12:36.246  1375  1497 I ActivityManager: Changes in 10243 5 to 7, 56 to 0
01-01 18:12:36.246  1375  1497 I ActivityManager: Changes in 10140 5 to 7, 63 to 0
01-01 18:12:36.250 18877 18877 I q       : ForceRecaptchaV2Flow from phoneAuthOptions = false, ForceRecaptchav2Flow from firebaseSettings = false
01-01 18:12:36.252 32459 32459 I HBD     : a [PF_KL][HBIC] getSelectedText t, 23 
01-01 18:12:36.258 18877 18896 W System  : Ignoring header X-Firebase-Locale because its value was null.
01-01 18:12:36.259   773   773 E audit   : type=1400 audit(1767291156.256:1642803): avc:  denied  { ioctl } for  pid=18877 comm=4D6561737572656D656E7420576F72 path="/data/data/com.wawapp.driver/databases/google_app_measurement_local.db" dev="dm-50" ino=1439960 ioctlcmd=0xf522 scontext=u:r:untrusted_app:s0:c161,c257,c512,c768 tcontext=u:object_r:app_data_file:s0:c161,c257,c512,c768 tclass=file permissive=0 SEPF_SM-A145P_12_0001 audit_filtered
01-01 18:12:36.261 32459 32459 I HBD     : m0 EBD cm S 0 
01-01 18:12:36.261 32459 32459 I InputMethod: hideSoftInput(): flags=0
01-01 18:12:36.263 32459 32459 I HBD     : HoneyBoardService onFinishInputView finishingInput= false
01-01 18:12:36.263  1375  3560 D InputMethodManagerService: isImeSwitcherDisabledPackage : false
01-01 18:12:36.263  1375  3560 I InputMethodManagerService: setImeWindowStatus: vis=0, backDisposition=0
01-01 18:12:36.263  1375  2529 V InputMethodManagerService: applyImeVisibility state=0
01-01 18:12:36.263  1876  1876 D NavigationBar: setImeWindowStatus displayId=0 vis=0 backDisposition=0 showImeSwitcher=false imeShown=false
01-01 18:12:36.264 32459 32459 I HBD     : a [UpdatePolicy] [post] a: 3 cl: 5308416 kit: [1/0] vt: 0 ir: 2 
01-01 18:12:36.264  1876  1876 D Navbar.Store: handleEvent(0) OnNavBarIconHintChanged(iconHint=0) [Module] NavigationBar
01-01 18:12:36.264  1876  1876 D Navbar.Store: --[Band]SETUPWIZARD_PACK_SET_NAVBAR_ICON_HINT
01-01 18:12:36.264  1876  1876 D Navbar.Store: --[Band]VIS_PACK_REEVAULATE_NAVBAR
01-01 18:12:36.264  1876  1876 D Navbar.Store: ----apply(0) NavBarStoreAction$ReevaluateNavBar
01-01 18:12:36.265 18877 18877 I InsetsController: setRequestedVisibleTypes: visible=false, mask=ime, host=com.wawapp.driver/com.wawapp.driver.MainActivity, from=android.view.InsetsController.controlAnimationUnchecked:1445 android.view.InsetsController.applyAnimation:2005 android.view.InsetsController.applyAnimation:1968 android.view.InsetsController.hide:1403 android.view.ViewRootImpl$ViewRootHandler.handleMessageImpl:7240 android.view.ViewRootImpl$ViewRootHandler.handleMessage:7166 android.os.Handler.dispatchMessage:106 android.os.Looper.loopOnce:230 android.os.Looper.loop:319 android.app.ActivityThread.main:8919 
01-01 18:12:36.266 18877 18877 I InsetsController: controlAnimationUncheckedInner: Added types=ime, animType=1, host=com.wawapp.driver/com.wawapp.driver.MainActivity, from=android.view.InsetsController.controlAnimationUnchecked:1449 android.view.InsetsController.applyAnimation:2005 android.view.InsetsController.applyAnimation:1968 
01-01 18:12:36.266  1876  1876 D Navbar.Store: ----handleEvent(0) OnUpdateRemoteViewContainer(leftContainer=android.widget.LinearLayout{71ba196 V.E...... ........ 0,0-118,135 #7f0a0597 app:id/left_remoteview}, rightContainer=android.widget.LinearLayout{203b117 I.E...... ......I. 962,0-1080,135 #7f0a08aa app:id/right_remoteview}, contextualButtonVisible=false, darkIntensity=0.0, displayId=0) [Module] SamsungNavigationBarView
01-01 18:12:36.267  1876  1876 D Navbar.Store: ------[Band]REMOTE_VIEW_PACK_SET_REMOTEVIEW_CONTAINER
01-01 18:12:36.267  1876  1876 D Navbar.Store: --------apply(0) NavBarStoreAction$UpdateRemoteViewContainer
01-01 18:12:36.267  1375  3560 D InsetsSourceProvider: updateVisibility: serverVisible=true, clientVisible=false, source=InsetsSource: {3 mType=ime mFrame=[0,1400][1080,2408] mVisible=false mFlags=[]}, controlTarget=Window{2900cb3 u0 com.wawapp.driver/com.wawapp.driver.MainActivity}, from=com.android.server.wm.ImeInsetsSourceProvider.updateVisibility:154 com.android.server.wm.InsetsSourceProvider.setClientVisible:606 com.android.server.wm.ImeInsetsSourceProvider.setClientVisible:101 com.android.server.wm.InsetsSourceProvider.updateClientVisibility:593 com.android.server.wm.ImeInsetsSourceProvider.updateClientVisibility:173 com.android.server.wm.InsetsStateController.onInsetsModified:275 com.android.server.wm.InsetsPolicy.onInsetsModified:516 com.android.server.wm.Session.updateRequestedVisibleTypes:797 android.view.IWindowSession$Stub.onTransact:1145 com.android.server.wm.Session.onTransact:204 
01-01 18:12:36.267  1876  1876 D Navbar.Store: --------apply(0) NavBarStoreAction$UpdateRemoteViewDarkIntensity
01-01 18:12:36.268  1375  3560 I WindowManager: Reparenting to leash, surface=Surface(name=6c20be NavigationBar0)/@0xff9475e, leashParent=Surface(name=WindowToken{67cfb79 type=2019 android.os.BinderProxy@d8c2fc3})/@0xb84e80c
01-01 18:12:36.268  1876  1876 D Navbar.Store: handleEvent(0) OnUpdateSysUiStateFlag(noArguments=true) [Module] SamsungNavigationBarView
01-01 18:12:36.268  1876  1876 D Navbar.Store: --[Band]GESTURE_PACK_UPDATE_SYSTEMUI_STATE_FLAG
01-01 18:12:36.268  1876  1876 D Navbar.Store: --[Band] (afterAction) GESTURE_PACK_UPDATE_SYSTEMUI_STATE_FLAG
01-01 18:12:36.268  1876  1876 D SysUiState: SysUiState changed: old=0x10060000 new=0x10020000
01-01 18:12:36.268   841  2841 E BufferQueueDebug: [Surface(name=6c20be NavigationBar0)/@0xff9475e - animation-leash of insets_animation#53251](this:0xb400007a787b4790,id:-1,api:0,p:-1,c:-1) id info cannot be read from 'Surface(name=6c20be NavigationBar0)/@0xff9475e - animation-leash of insets_animation#53251'
01-01 18:12:36.268  2772 31916 I HoneySpace.SystemUiRepository: systemUiFlags: allow_gesture|awake
01-01 18:12:36.268 32459 32459 I HBD     : f processFinishInputView 
01-01 18:12:36.269   841  2841 I BufferQueueDebug: [Surface(name=6c20be NavigationBar0)/@0xff9475e - animation-leash of insets_animation#53251](this:0xb400007a787b4790,id:-1,api:0,p:-1,c:-1) BufferQueue core=(841:/system/bin/surfaceflinger)
01-01 18:12:36.269   841  2841 I SurfaceFlinger: id=53251 createSurf, flag=24000, Surface(name=6c20be NavigationBar0)/@0xff9475e - animation-leash of insets_animation#53251
01-01 18:12:36.270  2772  2829 I HoneySpace.TaskbarEventTracker: invokeEvent() called with: event = SystemUiStateChanged(stateFlags=268566528)
01-01 18:12:36.270  1876  1876 D Navbar.Store: --NavBarStates(0) canUseNavBarBackgroundFrame: false
01-01 18:12:36.271  1375  3560 D WindowManager: makeSurface duration=4 leash=Surface(name=Surface(name=6c20be NavigationBar0)/@0xff9475e - animation-leash of insets_animation)/@0x5446da
01-01 18:12:36.272 18877 18983 I ViewRootImpl@cb238ad[MainActivity]: mWNT: t=0xb400006fb9b50b80 mBlastBufferQueue=0xb400007069851980 fn= 22 mRenderHdrSdrRatio=1.0 caller= android.view.SyncRtSurfaceTransactionApplier.applyTransaction:96 android.view.SyncRtSurfaceTransactionApplier.lambda$scheduleApply$0:69 android.view.SyncRtSurfaceTransactionApplier.$r8$lambda$SgowXC58rj3PR958kHUfRgLZmvE:0 
01-01 18:12:36.272  1375  3560 D InsetsSourceProvider: updateControlForTarget: control=InsetsSourceControl: {ee1e0001 mType=navigationBars initiallyVisible mSurfacePosition=Point(0, 2273) mInsetsHint=Insets{left=0, top=0, right=0, bottom=135}}, target=Window{2900cb3 u0 com.wawapp.driver/com.wawapp.driver.MainActivity}, from=com.android.server.wm.InsetsStateController.onControlTargetChanged:358 com.android.server.wm.InsetsStateController.onBarControlTargetChanged:327 com.android.server.wm.InsetsPolicy.updateBarControlTarget:173 com.android.server.wm.InsetsPolicy.updateSystemBars:805 com.android.server.wm.DisplayPolicy.updateSystemBarsLw:3425 
01-01 18:12:36.272 32459 32459 I HBD     : m1 stopRunningTimers 
01-01 18:12:36.274 18877 18913 I gralloc4: @set_metadata: update dataspace from GM (0x00000000 -> 0x08010000)
01-01 18:12:36.275  1375  3560 D WindowManager: updateSystemBarAttributes: displayId=0, win=Window{2900cb3 u0 com.wawapp.driver/com.wawapp.driver.MainActivity}, navColorWin=Window{2900cb3 u0 com.wawapp.driver/com.wawapp.driver.MainActivity}, focusedCanBeNavColorWin=false, behavior=1, appearance=0, statusBarAppearanceRegions=[AppearanceRegion{ bounds=[0,0][1080,2408]}], requestedVisibilities=-9, from=com.android.server.wm.InsetsStateController.onInsetsModified:281 com.android.server.wm.InsetsPolicy.onInsetsModified:516 com.android.server.wm.Session.updateRequestedVisibleTypes:797 
01-01 18:12:36.275 32459 19078 I HBD     : m1 requestCursorUpdates(0),  1
01-01 18:12:36.276  1876  2061 I gralloc4: @set_metadata: update dataspace from GM (0x00000000 -> 0x08010000)
01-01 18:12:36.276  1876  1876 D NavigationModeController: getCurrentUserContext: contextUser=0 currentUser=0
01-01 18:12:36.278 32459 32459 I HBD     : m0 EBD reset pbc:0 pdc:0 
01-01 18:12:36.279  1876  1876 D NavigationModeController: getCurrentUserContext: contextUser=0 currentUser=0
01-01 18:12:36.280 18877 18886 I ViewRootImpl@cb238ad[MainActivity]: Resizing android.view.ViewRootImpl@661cc57: frame = [0,0][1080,2408] reportDraw = false forceLayout = false syncSeqId = -1
01-01 18:12:36.280  1876 17002 I ViewRootImpl@266dbd4[StatusBar]: Resizing android.view.ViewRootImpl@f7ce344: frame = [0,0][1080,64] reportDraw = false forceLayout = false syncSeqId = -1
01-01 18:12:36.280 18877 18877 I InsetsController: onStateChanged: host=com.wawapp.driver/com.wawapp.driver.MainActivity, from=android.view.ViewRootImpl$ViewRootHandler.handleMessageImpl:7209, state=InsetsState: {mDisplayFrame=Rect(0, 0 - 1080, 2408), mDisplayCutout=DisplayCutout{insets=Rect(0, 64 - 0, 0) waterfall=Insets{left=0, top=0, right=0, bottom=0} boundingRect={Bounds=[Rect(0, 0 - 0, 0), Rect(468, 0 - 612, 64), Rect(0, 0 - 0, 0), Rect(0, 0 - 0, 0)]} cutoutPathParserInfo={CutoutPathParserInfo{displayWidth=1080 displayHeight=2408 physicalDisplayWidth=1080 physicalDisplayHeight=2408 density={2.8125} cutoutSpec={M 0,0 H -25.6‬ V 22.75555555555556 H 25.6‬ V 0 H 0 Z @dp} rotation={0} scale={1.0} physicalPixelDisplaySizeRatio={1.0}}}}, mRoundedCorners=RoundedCorners{[RoundedCorner{position=TopLeft, radius=0, center=Point(0, 0)}, RoundedCorner{position=TopRight, radius=0, center=Point(0, 0)}, RoundedCorner{position=BottomRight, radius=0, center=Point(0, 0)}, RoundedCorner{position=BottomLeft, radius=0, center=Point(0, 0)}]}  mRoundedCornerFrame=Rect(0, 0 - 1080, 2408), mPrivacyIndicatorBounds=PrivacyIndicatorBounds {static bounds=Rect(956, 0 - 1080, 64) rotation=0}, mDisplayShape=DisplayShape{ spec=-311912193 displayWidth=1080 displayHeight=2408 physicalPixelDisplaySizeRatio=1.0 rotation=0 offsetX=0 offsetY=0 scale=1.0}, mSources= { InsetsSource: {ee1e0001 mType=navigationBars mFrame=[0,2273][1080,2408] mVisible=true mFlags=[]}, InsetsSource: {ee1e0004 mType=systemGestures mFrame=[0,0][0,0] mVisible=true mFlags=[]}, InsetsSource: {ee1e0005 mType=mandatorySystemGestures mFrame=[0,2273][1080,2408] mVisible=true mFlags=[]}, InsetsSource: {ee1e0006 mType=tappableElement mFrame=[0,2273][1080,2408] mVisible=true mFlags=[]}, InsetsSource: {ee1e0024 mType=systemGestures mFrame=[0,0][0,0] mVisible=true mFlags=[]}, InsetsSource: {fd270000 mType=statusBars mFrame=[0,0][1080,64] mVisible=true mFlags=[]}, InsetsSource: {fd270005 mType=mandatorySystemGestures mFrame=[0,0][1080,98] mVisible=true mFlags=[]}, InsetsSource: {fd270006 mType=tappableElement mFrame=[0,0][1080,64] mVisible=true mFlags=[]}, InsetsSource: {3 mType=ime mFrame=[0,1400][1080,2408] mVisible=false mFlags=[]}, InsetsSource: {27 mType=displayCutout mFrame=[0,0][1080,64] mVisible=true mFlags=[]} }
01-01 18:12:36.281  1876  1876 D NavigationModeController: getCurrentUserContext: contextUser=0 currentUser=0
01-01 18:12:36.281 18877 18877 I InsetsSourceConsumer: applyRequestedVisibilityToControl: visible=true, type=navigationBars, host=com.wawapp.driver/com.wawapp.driver.MainActivity
01-01 18:12:36.281  1876 17002 I ViewRootImpl@28cc391[NavigationBar0]: Resizing android.view.ViewRootImpl@71c14e3: frame = [0,2273][1080,2408] reportDraw = false forceLayout = false syncSeqId = -1
01-01 18:12:36.282 18877 18877 I ViewRootImpl@cb238ad[MainActivity]: handleResized, msg = 4 frames=ClientWindowFrames{frame=[0,0][1080,2408] display=[0,0][1080,2408] parentFrame=[0,0][0,0]} forceNextWindowRelayout=false displayId=0 dragResizing=false compatScale=1.0 frameChanged=false attachedFrameChanged=false configChanged=false displayChanged=false compatScaleChanged=false
01-01 18:12:36.284  1876  1876 D NavigationModeController: getCurrentUserContext: contextUser=0 currentUser=0
01-01 18:12:36.284   841   841 I BufferQueueProducer: [NavigationBar0$_1876#79](this:0xb400007a78f33790,id:-1,api:0,p:-1,c:841) queueBuffer: fps=0.60 dur=6679.01 max=6579.34 min=16.18
01-01 18:12:36.285   841   841 I BufferQueueProducer: [com.wawapp.driver/com.wawapp.driver.MainActivity$_18877#53241](this:0xb400007a78e33790,id:-1,api:0,p:-1,c:841) queueBuffer: fps=2.87 dur=6960.13 max=6332.31 min=15.27
01-01 18:12:36.286  1876  1876 D NavigationModeController: getCurrentUserContext: contextUser=0 currentUser=0
01-01 18:12:36.287 32459 32459 I HBD     : e unbindCurrentHoneyBoard : text_board 
01-01 18:12:36.287 32459 32459 I HBD     : a onUnbind 
01-01 18:12:36.287 18877 18982 I ViewRootImpl@cb238ad[MainActivity]: mWNT: t=0xb400006fb9b4ff80 mBlastBufferQueue=0xb400007069851980 fn= 23 mRenderHdrSdrRatio=1.0 caller= android.view.SyncRtSurfaceTransactionApplier.applyTransaction:96 android.view.SyncRtSurfaceTransactionApplier.lambda$scheduleApply$0:69 android.view.SyncRtSurfaceTransactionApplier.$r8$lambda$SgowXC58rj3PR958kHUfRgLZmvE:0 
01-01 18:12:36.287 32459 32459 I HBD     : e expression state[false], searchState[0] 
01-01 18:12:36.289  1876  1876 I ViewRootImpl@266dbd4[StatusBar]: handleResized, msg = 4 frames=ClientWindowFrames{frame=[0,0][1080,64] display=[0,0][1080,2408] parentFrame=[0,0][0,0]} forceNextWindowRelayout=false displayId=0 dragResizing=false compatScale=1.0 frameChanged=false attachedFrameChanged=false configChanged=false displayChanged=false compatScaleChanged=false
01-01 18:12:36.289  1876  1876 I ViewRootImpl@28cc391[NavigationBar0]: handleResized, msg = 4 frames=ClientWindowFrames{frame=[0,2273][1080,2408] display=[0,0][1080,2408] parentFrame=[0,0][0,0]} forceNextWindowRelayout=false displayId=0 dragResizing=false compatScale=1.0 frameChanged=false attachedFrameChanged=false configChanged=false displayChanged=false compatScaleChanged=false
01-01 18:12:36.289 18877 18913 I gralloc4: @set_metadata: update dataspace from GM (0x00000000 -> 0x08010000)
01-01 18:12:36.289 32459 32459 I HBD     : a clear BaseLanguageRepo 
01-01 18:12:36.291 32459 32459 I HBD     : x onFinishInputView 
01-01 18:12:36.291 28272 18517 I NetworkScheduler: (REDACTED) Error inserting %s
01-01 18:12:36.292 32459 32459 I HBD     : a [StopHoneyVoiceListeningWithReleaseDecorator] stopListeningWithRelease() 
01-01 18:12:36.293 32459 32459 I IceCone : c HoneyVoice stopListening by stopListeningWithRelease() 
01-01 18:12:36.298 32459 32459 I HBD     : HoneyBoardService [PF_CL][onFinishInputView]  35 ms 
01-01 18:12:36.299 32459 32459 I HBD     : b showInputView requested current = true, applyNow = false 
01-01 18:12:36.299 32459 32459 I HBD     : HoneyBoardService onWindowHidden 
01-01 18:12:36.299 32459 32459 I HBD     : HoneyBoardService [PF_CL][onWindowHidden]  0 ms 
01-01 18:12:36.301 18877 18877 W WindowOnBackDispatcher: sendCancelIfRunning: isInProgress=falsecallback=ImeCallback=ImeOnBackInvokedCallback@197020452 Callback=android.window.IOnBackInvokedCallback$Stub$Proxy@1d77a72
01-01 18:12:36.303  1876  1876 I BLASTBufferQueue_Java: update, w= 1080 h= 135 mName = ViewRootImpl@28cc391[NavigationBar0] mNativeObject= 0xb400006ffa98b200 sc.mNativeObject= 0xb400006fd0fe9180 format= -3 caller= android.view.ViewRootImpl.updateBlastSurfaceIfNeeded:3017 android.view.ViewRootImpl.relayoutWindow:10131 android.view.ViewRootImpl.performTraversals:4110 android.view.ViewRootImpl.doTraversal:3288 android.view.ViewRootImpl$TraversalRunnable.run:11344 android.view.Choreographer$CallbackRecord.run:1689 
01-01 18:12:36.303  1876  1876 I ViewRootImpl@28cc391[NavigationBar0]: Relayout returned: old=(0,2273,1080,2408) new=(0,2273,1080,2408) relayoutAsync=true req=(1080,135)0 dur=2 res=0x0 s={true 0xb400006fd0b97800} ch=false seqId=50
01-01 18:12:36.303 32459 32459 I BLASTBufferQueue_Java: update, w= 1080 h= 2344 mName = ViewRootImpl@2abddcd[InputMethod] mNativeObject= 0xb400006ffbbe1480 sc.mNativeObject= 0xb400006fde16d500 format= -2 caller= android.view.ViewRootImpl.updateBlastSurfaceIfNeeded:3017 android.view.ViewRootImpl.relayoutWindow:10131 android.view.ViewRootImpl.performTraversals:4110 android.view.ViewRootImpl.doTraversal:3288 android.view.ViewRootImpl$TraversalRunnable.run:11344 android.view.Choreographer$CallbackRecord.run:1689 
01-01 18:12:36.303  1876  1876 I ViewRootImpl@28cc391[NavigationBar0]: registerCallbackForPendingTransactions
01-01 18:12:36.303  1375  1497 D CoreBackPreview: Window{2900cb3 u0 com.wawapp.driver/com.wawapp.driver.MainActivity}: Setting back callback OnBackInvokedCallbackInfo{mCallback=android.window.IOnBackInvokedCallback$Stub$Proxy@30049e8, mPriority=0, mIsAnimationCallback=false}
01-01 18:12:36.304 32459 32459 I ViewRootImpl@2abddcd[InputMethod]: Relayout returned: old=(0,64,1080,2408) new=(0,64,1080,2408) relayoutAsync=true req=(1080,2344)0 dur=0 res=0x0 s={true 0xb400006fdb0a0000} ch=false seqId=0
01-01 18:12:36.304  1375  2067 V WindowManager: Relayout Window{eba3da2 u0 InputMethod}: viewVisibility=0 req=1080x2344 ty=2011 d0
01-01 18:12:36.305 32459 32459 I ViewRootImpl@2abddcd[InputMethod]: registerCallbackForPendingTransactions
01-01 18:12:36.305  1876  2533 I ViewRootImpl@28cc391[NavigationBar0]: mWNT: t=0xb400007069a04400 mBlastBufferQueue=0xb400006ffa98b200 fn= 85733 mRenderHdrSdrRatio=1.0 caller= android.view.ViewRootImpl$6.onFrameDraw:5635 android.view.ViewRootImpl$2.onFrameDraw:2146 android.view.ThreadedRenderer$1.onFrameDraw:792 
01-01 18:12:36.305  1876  1876 D NavigationBarController: setNavigationBarShortcut requestClass : com.samsung.android.honeyboard, remoteViews : null, position : 0, priority : 12
01-01 18:12:36.305  1876  1876 D Navbar.Store: handleEvent(0) OnSetRemoteView(requestClass=com.samsung.android.honeyboard, remoteViews=null, position=0, priority=12) [Module] NavigationBarController
01-01 18:12:36.305  1876  1876 D Navbar.Store: --[Band]REMOTE_VIEW_PACK_SET_NAVBAR_SHORTCUT_TO_MANAGER
01-01 18:12:36.305  1876  1876 D Navbar.Store: ----apply(0) NavBarStoreAction$UpdateRemoteViewShortcut
01-01 18:12:36.305  1876  1876 D Navbar.Store: --[Band]GESTURE_PACK_UPDATE_GAMETOOLS_VISIBILITY
01-01 18:12:36.305  1876  1876 D Navbar.Store: --NavBarStates(0) isGameMode: false
01-01 18:12:36.305  1876  1876 D Navbar.Store: ----apply(0) NavBarStoreAction$UpdateSysUiFlags
01-01 18:12:36.305  1876  1876 D Navbar.Store: ----set 4294967296 : false
01-01 18:12:36.305  1876  1876 D Navbar.Store: --[Band]REMOTE_VIEW_PACK_SET_NAVBAR_SHORTCUT_TO_MANAGER
01-01 18:12:36.305  1876  1876 D Navbar.Store: ----apply(0) NavBarStoreAction$InvalidateRemoteView
01-01 18:12:36.306  1876  1876 D Navbar.Store: ----handleEvent(0) OnUpdateRemoteViewContainer(leftContainer=android.widget.LinearLayout{71ba196 V.E...... ........ 0,0-118,135 #7f0a0597 app:id/left_remoteview}, rightContainer=android.widget.LinearLayout{203b117 I.E...... ......I. 962,0-1080,135 #7f0a08aa app:id/right_remoteview}, contextualButtonVisible=false, darkIntensity=0.0, displayId=0) [Module] SamsungNavigationBarView
01-01 18:12:36.306  1876  1876 D Navbar.Store: ------[Band]REMOTE_VIEW_PACK_SET_REMOTEVIEW_CONTAINER
01-01 18:12:36.306  1876  1876 D Navbar.Store: --------apply(0) NavBarStoreAction$UpdateRemoteViewContainer
01-01 18:12:36.306 32459 14026 I ViewRootImpl@2abddcd[InputMethod]: mWNT: t=0xb400006ffbcbef80 mBlastBufferQueue=0xb400006ffbbe1480 fn= 35 mRenderHdrSdrRatio=1.0 caller= android.view.ViewRootImpl$6.onFrameDraw:5635 android.view.ViewRootImpl$2.onFrameDraw:2146 android.view.ThreadedRenderer$1.onFrameDraw:792 
01-01 18:12:36.306  1876  1876 D Navbar.Store: --------apply(0) NavBarStoreAction$UpdateRemoteViewDarkIntensity
01-01 18:12:36.307  1876  2061 I gralloc4: @set_metadata: update dataspace from GM (0x00000000 -> 0x08010000)
01-01 18:12:36.307 27954 27954 D BoundBrokerSvc: onUnbind: Intent { act=com.google.android.gms.auth.api.phone.service.InternalService.START dat=chimera-action:/... cmp=com.google.android.gms/.chimera.GmsInternalApiService }
01-01 18:12:36.308  1375  2529 V WindowManager: Relayout Window{6c20be u0 NavigationBar0}: viewVisibility=0 req=1080x135 ty=2019 d0
01-01 18:12:36.309 18877 18983 I ViewRootImpl@cb238ad[MainActivity]: mWNT: t=0xb4000070899dd680 mBlastBufferQueue=0xb400007069851980 fn= 24 mRenderHdrSdrRatio=1.0 caller= android.view.SyncRtSurfaceTransactionApplier.applyTransaction:96 android.view.SyncRtSurfaceTransactionApplier.lambda$scheduleApply$0:69 android.view.SyncRtSurfaceTransactionApplier.$r8$lambda$SgowXC58rj3PR958kHUfRgLZmvE:0 
01-01 18:12:36.309  1375  2067 V WindowManager: Relayout hash=eba3da2, pid=0, syncId=-1: mAttrs={(0,0)(fillxfill) gr=BOTTOM CENTER_VERTICAL sim={adjust=pan} ty=INPUT_METHOD fmt=TRANSPARENT wanim=0x7f1401b3 preferredMinDisplayRefreshRate=60.0 receive insets ignoring z-order
01-01 18:12:36.309  1375  2067 V WindowManager:   fl=81800108
01-01 18:12:36.309  1375  2067 V WindowManager:   pfl=12000000
01-01 18:12:36.309  1375  2067 V WindowManager:   bhv=DEFAULT
01-01 18:12:36.309  1375  2067 V WindowManager:   fitTypes=STATUS_BARS NAVIGATION_BARS
01-01 18:12:36.309  1375  2067 V WindowManager:   fitSides=LEFT TOP RIGHT
01-01 18:12:36.309  1375  2067 V WindowManager:   fitIgnoreVis dimDuration=150 naviIconColor=0}
01-01 18:12:36.310 18877 18913 I gralloc4: @set_metadata: update dataspace from GM (0x00000000 -> 0x08010000)
01-01 18:12:36.311 32459  1201 I gralloc4: @set_metadata: update dataspace from GM (0x00000000 -> 0x08010000)
01-01 18:12:36.311 32459 32459 I HBD     : HoneyBoardService onTrimMemory 20
01-01 18:12:36.312 32459 32459 I HBD     : k Init expand button state by global layout listener 
01-01 18:12:36.317   841   841 I BufferQueueProducer: [InputMethod$_32459#53250](this:0xb400007a78f39790,id:-1,api:0,p:-1,c:841) queueBuffer: fps=4.18 dur=2391.27 max=1797.71 min=16.36
01-01 18:12:36.318  1876  1876 D Navbar.Store: --------NavBarStates(0) canUseNavBarBackgroundFrame: false
01-01 18:12:36.319  1375  2529 V WindowManager: Relayout hash=6c20be, pid=0, syncId=-1: mAttrs={(0,0)(fillx135) gr=BOTTOM CENTER_VERTICAL sim={adjust=pan} layoutInDisplayCutoutMode=always ty=NAVIGATION_BAR fmt=TRANSLUCENT
01-01 18:12:36.319  1375  2529 V WindowManager:   fl=20840028
01-01 18:12:36.319  1375  2529 V WindowManager:   pfl=33001000
01-01 18:12:36.319  1375  2529 V WindowManager:   bhv=DEFAULT
01-01 18:12:36.319  1375  2529 V WindowManager:   providedInsets:
01-01 18:12:36.319  1375  2529 V WindowManager:     InsetsFrameProvider: {id=#ee1e0001, index=0, type=navigationBars, source=FRAME, flags=[], insetsSize=Insets{left=0, top=0, right=0, bottom=135}, insetsSizeOverrides=[TypedInsetsSize: {windowType=INPUT_METHOD, insetsSize=null}]}
01-01 18:12:36.319  1375  2529 V WindowManager:     InsetsFrameProvider: {id=#ee1e0006, index=0, type=tappableElement, source=FRAME, flags=[]}
01-01 18:12:36.319  1375  2529 V WindowManager:     InsetsFrameProvider: {id=#ee1e0005, index=0, type=mandatorySystemGestures, source=FRAME, flags=[]}
01-01 18:12:36.319  1375  2529 V WindowManager:     InsetsFrameProvider: {id=#ee1e0004, index=0, type=systemGestures, source=DISPLAY, flags=[], insetsSize=Insets{left=0, top=0, right=0, bottom=0}, mMinimalInsetsSizeInDisplayCutoutSafe=Insets{left=0, top=0, right=0, bottom=0}}
01-01 18:12:36.319  1375  2529 V WindowManager:     InsetsFrameProvider: {id=#ee1e0024, index=1, type=systemGestures, source=DISPLAY, flags=[], insetsSize=Insets{left=0, top=0, right=0, bottom=0}, mMinimalInsetsSizeInDisplayCutoutSafe=Insets{left=0, top=0, right=0, bottom=0}}
01-01 18:12:36.319  1375  2529 V WindowManager:   paramsForRotation:
01-01 18:12:36.319  1375  2529 V WindowManager:     ROTATION_0={(0,0)(fillx135) gr=BOTTOM CENTER_VERTICAL layoutInDisplayCutoutMode=always ty=NAVIGATION_BAR fmt=TRANSLUCENT
01-01 18:12:36.319  1375  2529 V WindowManager:       fl=20840028
01-01 18:12:36.319  1375  2529 V WindowManager:       pfl=31001000
01-01 18:12:36.319  1375  2529 V WindowManager:       bhv=DEFAULT
01-01 18:12:36.319  1375  2529 V WindowManager:       providedInsets:
01-01 18:12:36.319  1375  2529 V WindowManager:         InsetsFrameProvider: {id=#ee1e0001, index=0, type=navigationBars, source=FRAME, flags=[], insetsSize=Insets{left=0, top=0, right=0, bottom=135}, insetsSizeOverrides=[TypedInsetsSize: {windowType=INPUT_METHOD, insetsSize=null}]}
01-01 18:12:36.319  1375  2529 V WindowManager:         InsetsFrameProvider: {id=#ee1e0006, index=0, type=tappableElement, source=FRAME, flags=[]}
01-01 18:12:36.319  1375  2529 V WindowManager:         InsetsFrameProvider: {id=#ee1e0005, index=0, type=mandatorySystemGestures, source=FRAME, flags=[]}
01-01 18:12:36.319  1375  2529 V WindowManager:         InsetsFrameProvider: {id=#ee1e0004, index=0, type=systemGestures, source=DISPLAY, flags=[], insetsSize=Insets{left=0, top=0, right=0, bottom=0}, mMinimalInsetsSizeInDisplayCutoutSafe=Insets{left=0, top=0, right=0, bottom=0}}
01-01 18:12:36.319  1375  2529 V WindowManager:         InsetsFrameProvider: {id=#ee1e0024, index=1, type=systemGestures, source=DISPLAY, flags=[], insetsSize=Insets{left=0, top=0, right=0, bottom=0}, mMinimalInsetsSizeInDisplayCutoutSafe=Insets{left=0, top=0, right=0, bottom=0}} naviIconColor=0}
01-01 18:12:36.319  1375  2529 V WindowManager:     ROTATION_90={(0,0)(135xfill) gr=RIGHT CENTER_HORIZONTAL layoutInDisplayCutoutMode=always ty=NAVIGATION_BAR fmt=TRANSLUCENT
01-01 18:12:36.319  1375  2529 V WindowManager:       fl=20840028
01-01 18:12:36.319  1375  2529 V WindowManager:       pfl=31001000
01-01 18:12:36.319  1375  2529 V WindowManager:       bhv=DEFAULT
01-01 18:12:36.319  1375  2529 V WindowManager:       providedInsets:
01-01 18:12:36.319  1375  2529 V WindowManager:         InsetsFrameProvider: {id=#ee1e0001, index=0, type=navigationBars, source=FRAME, flags=[], insetsSizeOverrides=[TypedInsetsSize: {windowType=INPUT_METHOD, insetsSize=null}]}
01-01 18:12:36.319  1375  2529 V WindowManager:         InsetsFrameProvider: {id=#ee1e0006, index=0, type=tappableElement, source=FRAME, flags=[]}
01-01 18:12:36.319  1375  2529 V WindowManager:         InsetsFrameProvider: {id=#ee1e0005, index=0, type=mandatorySystemGestures, source=FRAME, flags=[]}
01-01 18:12:36.319  1375  2529 V WindowManager:         InsetsFrameProvider: {id=#ee1e0004, index=0, type=systemGestures, source=DISPLAY, flags=[], insetsSize=Insets{left=0, top=0, right=0, bottom=0}, mMinimalInsetsSizeInDisplayCutoutSafe=Insets{left=0, top=0, right=0, bottom=0}}
01-01 18:12:36.319  1375  2529 V WindowManager:         InsetsFrameProvider: {id=#ee1e0024, index=1, type=systemGestures, source=DISPLAY, flags=[], insetsSize=Insets{left=0, top=0, right=0, bottom=0}, mMinimalInsetsSizeInDisplayCutoutSafe=Insets{left=0, top=0, right=0, bottom=0}} naviIconColor=0}
01-01 18:12:36.319  1375  2529 V WindowManager:     ROTATION_180={(0,0)(fillx135) gr=BOTTOM CENTER_VERTICAL layoutInDisplayCutoutMode=always ty=NAVIGATION_BAR fmt=TRANSLUCENT
01-01 18:12:36.319  1375  2529 V WindowManager:       fl=20840028
01-01 18:12:36.319  1375  2529 V WindowManager:       pfl=31001000
01-01 18:12:36.319  1375  2529 V WindowManager:       bhv=DEFAULT
01-01 18:12:36.319  1375  2529 V WindowManager:       providedInsets:
01-01 18:12:36.319  1375  2529 V WindowManager:         InsetsFrameProvider: {id=#ee1e0001, index=0, type=navigationBars, source=FRAME, flags=[], insetsSize=Insets{left=0, top=0, right=0, bottom=135}, insetsSizeOverrides=[TypedInsetsSize: {windowType=INPUT_METHOD, insetsSize=null}]}
01-01 18:12:36.319  1375  2529 V WindowManager:         InsetsFrameProvider: {id=#ee1e0006, index=0, type=tappableElement, source=FRAME, flags=[]}
01-01 18:12:36.319  1375  2529 V WindowManager:         InsetsFrameProvider: {id=#ee1e0005, index=0, type=mandatorySystemGestures, source=FRAME, flags=[]}
01-01 18:12:36.319  1375  2529 V WindowManager:         InsetsFrameProvider: {id=#ee1e0004, index=0, type=systemGestures, source=DISPLAY, flags=[], insetsSize=Insets{left=0, top=0, right=0, bottom=0}, mMinimalInsetsSizeInDisplayCutoutSafe=Insets{left=0, top=0, right=0, bottom=0}}
01-01 18:12:36.319  1375  2529 V WindowManager:         InsetsFrameProvider: {id=#ee1e0024, index=1, type=systemGestures, source=DISPLAY, flags=[], insetsSize=Insets{left=0, top=0, right=0, bottom=0}, mMinimalInsetsSizeInDisplayCutoutSafe=Insets{left=0, top=0, right=0, bottom=0}} naviIconColor=0}
01-01 18:12:36.319  1375  2529 V WindowManager:     ROTATION_270={(0,0)(135xfill) gr=LEFT CENTER_HORIZONTAL layoutInDisplayCutoutMode=always ty=NAVIGATION_BAR fmt=TRANSLUCENT
01-01 18:12:36.319  1375  2529 V WindowManager:       fl=20840028
01-01 18:12:36.319  1375  2529 V WindowManager:       pfl=31001000
01-01 18:12:36.319  1375  2529 V WindowManager:       bhv=DEFAULT
01-01 18:12:36.319  1375  2529 V WindowManager:       providedInsets:
01-01 18:12:36.319  1375  2529 V WindowManager:         InsetsFrameProvider: {id=#ee1e0001, index=0, type=navigationBars, source=FRAME, flags=[], insetsSizeOverrides=[TypedInsetsSize: {windowType=INPUT_METHOD, insetsSize=null}]}
01-01 18:12:36.319  1375  2529 V WindowManager:         InsetsFrameProvider: {id=#ee1e0006, index=0, type=tappableElement, source=FRAME, flags=[]}
01-01 18:12:36.319  1375  2529 V WindowManager:         InsetsFrameProvider: {id=#ee1e0005, index=0, type=mandatorySystemGestures, source=FRAME, flags=[]}
01-01 18:12:36.319  1375  2529 V WindowManager:         InsetsFrameProvider: {id=#ee1e0004, index=0, type=systemGestures, source=DISPLAY, flags=[], insetsSize=Insets{left=0, top=0, right=0, bottom=0}, mMinimalInsetsSizeInDisplayCutoutSafe=Insets{left=0, top=0, right=0, bottom=0}}
01-01 18:12:36.319  1375  2529 V WindowManager:         InsetsFrameProvider: {id=#ee1e0024, index=1, type=systemGestures, source=DISPLAY, flags=[], insetsSize=Insets{left=0, top=0, right=0, bottom=0}, mMinimalInsetsSizeInDisplayCutoutSafe=Insets{left=0, top=0, right=0, bottom=0}} naviIconColor=0} naviIconColor=0}
01-01 18:12:36.319 18877 18982 I ViewRootImpl@cb238ad[MainActivity]: mWNT: t=0xb4000070899dd800 mBlastBufferQueue=0xb400007069851980 fn= 25 mRenderHdrSdrRatio=1.0 caller= android.view.SyncRtSurfaceTransactionApplier.applyTransaction:96 android.view.SyncRtSurfaceTransactionApplier.lambda$scheduleApply$0:69 android.view.SyncRtSurfaceTransactionApplier.$r8$lambda$SgowXC58rj3PR958kHUfRgLZmvE:0 
01-01 18:12:36.321 18877 18913 I gralloc4: @set_metadata: update dataspace from GM (0x00000000 -> 0x08010000)
01-01 18:12:36.322  1876  2061 I gralloc4: @set_metadata: update dataspace from GM (0x00000000 -> 0x08010000)
01-01 18:12:36.336 18877 18983 I ViewRootImpl@cb238ad[MainActivity]: mWNT: t=0xb4000070899de280 mBlastBufferQueue=0xb400007069851980 fn= 26 mRenderHdrSdrRatio=1.0 caller= android.view.SyncRtSurfaceTransactionApplier.applyTransaction:96 android.view.SyncRtSurfaceTransactionApplier.lambda$scheduleApply$0:69 android.view.SyncRtSurfaceTransactionApplier.$r8$lambda$SgowXC58rj3PR958kHUfRgLZmvE:0 
01-01 18:12:36.337 18877 18913 I gralloc4: @set_metadata: update dataspace from GM (0x00000000 -> 0x08010000)
01-01 18:12:36.345  1876  1876 D StatusBarIconController: ignoring old pipeline callbacks, because the new mobile icons are enabled
01-01 18:12:36.348  1375  1739 D NetdEventListenerService: DNS Requested by 127, 10417, 83
01-01 18:12:36.351 18877 18982 I ViewRootImpl@cb238ad[MainActivity]: mWNT: t=0xb4000070899de880 mBlastBufferQueue=0xb400007069851980 fn= 27 mRenderHdrSdrRatio=1.0 caller= android.view.SyncRtSurfaceTransactionApplier.applyTransaction:96 android.view.SyncRtSurfaceTransactionApplier.lambda$scheduleApply$0:69 android.view.SyncRtSurfaceTransactionApplier.$r8$lambda$SgowXC58rj3PR958kHUfRgLZmvE:0 
01-01 18:12:36.353 18877 18913 I gralloc4: @set_metadata: update dataspace from GM (0x00000000 -> 0x08010000)
01-01 18:12:36.364  1028  1028 I thermal_repeater: socket -1
01-01 18:12:36.368 18877 18983 I ViewRootImpl@cb238ad[MainActivity]: mWNT: t=0xb4000070899dea00 mBlastBufferQueue=0xb400007069851980 fn= 28 mRenderHdrSdrRatio=1.0 caller= android.view.SyncRtSurfaceTransactionApplier.applyTransaction:96 android.view.SyncRtSurfaceTransactionApplier.lambda$scheduleApply$0:69 android.view.SyncRtSurfaceTransactionApplier.$r8$lambda$SgowXC58rj3PR958kHUfRgLZmvE:0 
01-01 18:12:36.370 18877 18913 I gralloc4: @set_metadata: update dataspace from GM (0x00000000 -> 0x08010000)
01-01 18:12:36.385 18877 18982 I ViewRootImpl@cb238ad[MainActivity]: mWNT: t=0xb4000070899deb80 mBlastBufferQueue=0xb400007069851980 fn= 29 mRenderHdrSdrRatio=1.0 caller= android.view.SyncRtSurfaceTransactionApplier.applyTransaction:96 android.view.SyncRtSurfaceTransactionApplier.lambda$scheduleApply$0:69 android.view.SyncRtSurfaceTransactionApplier.$r8$lambda$SgowXC58rj3PR958kHUfRgLZmvE:0 
01-01 18:12:36.387 18877 18913 I gralloc4: @set_metadata: update dataspace from GM (0x00000000 -> 0x08010000)
01-01 18:12:36.392  1375  1400 I GestureDetector: handleMessage TAP
01-01 18:12:36.393  1375  1375 I GestureDetector: handleMessage TAP
01-01 18:12:36.402 18877 18983 I ViewRootImpl@cb238ad[MainActivity]: mWNT: t=0xb4000070899ded00 mBlastBufferQueue=0xb400007069851980 fn= 30 mRenderHdrSdrRatio=1.0 caller= android.view.SyncRtSurfaceTransactionApplier.applyTransaction:96 android.view.SyncRtSurfaceTransactionApplier.lambda$scheduleApply$0:69 android.view.SyncRtSurfaceTransactionApplier.$r8$lambda$SgowXC58rj3PR958kHUfRgLZmvE:0 
01-01 18:12:36.403 18877 18913 I gralloc4: @set_metadata: update dataspace from GM (0x00000000 -> 0x08010000)
01-01 18:12:36.418 18877 18982 I ViewRootImpl@cb238ad[MainActivity]: mWNT: t=0xb4000070697be200 mBlastBufferQueue=0xb400007069851980 fn= 31 mRenderHdrSdrRatio=1.0 caller= android.view.SyncRtSurfaceTransactionApplier.applyTransaction:96 android.view.SyncRtSurfaceTransactionApplier.lambda$scheduleApply$0:69 android.view.SyncRtSurfaceTransactionApplier.$r8$lambda$SgowXC58rj3PR958kHUfRgLZmvE:0 
01-01 18:12:36.420 18877 18913 I gralloc4: @set_metadata: update dataspace from GM (0x00000000 -> 0x08010000)
01-01 18:12:36.434 18877 18983 I ViewRootImpl@cb238ad[MainActivity]: mWNT: t=0xb4000070697be380 mBlastBufferQueue=0xb400007069851980 fn= 32 mRenderHdrSdrRatio=1.0 caller= android.view.SyncRtSurfaceTransactionApplier.applyTransaction:96 android.view.SyncRtSurfaceTransactionApplier.lambda$scheduleApply$0:69 android.view.SyncRtSurfaceTransactionApplier.$r8$lambda$SgowXC58rj3PR958kHUfRgLZmvE:0 
01-01 18:12:36.435 18877 18913 I gralloc4: @set_metadata: update dataspace from GM (0x00000000 -> 0x08010000)
01-01 18:12:36.451 18877 18982 I ViewRootImpl@cb238ad[MainActivity]: mWNT: t=0xb4000070697be500 mBlastBufferQueue=0xb400007069851980 fn= 33 mRenderHdrSdrRatio=1.0 caller= android.view.SyncRtSurfaceTransactionApplier.applyTransaction:96 android.view.SyncRtSurfaceTransactionApplier.lambda$scheduleApply$0:69 android.view.SyncRtSurfaceTransactionApplier.$r8$lambda$SgowXC58rj3PR958kHUfRgLZmvE:0 
01-01 18:12:36.452 18877 18913 I gralloc4: @set_metadata: update dataspace from GM (0x00000000 -> 0x08010000)
01-01 18:12:36.467 18877 18983 I ViewRootImpl@cb238ad[MainActivity]: mWNT: t=0xb4000070697bfe80 mBlastBufferQueue=0xb400007069851980 fn= 34 mRenderHdrSdrRatio=1.0 caller= android.view.SyncRtSurfaceTransactionApplier.applyTransaction:96 android.view.SyncRtSurfaceTransactionApplier.lambda$scheduleApply$0:69 android.view.SyncRtSurfaceTransactionApplier.$r8$lambda$SgowXC58rj3PR958kHUfRgLZmvE:0 
01-01 18:12:36.469 18877 18913 I gralloc4: @set_metadata: update dataspace from GM (0x00000000 -> 0x08010000)
01-01 18:12:36.482  1375  1497 D InputMethodManagerService: isImeSwitcherDisabledPackage : false
01-01 18:12:36.483  1876  1876 D NavigationBar: setImeWindowStatus displayId=0 vis=0 backDisposition=0 showImeSwitcher=false imeShown=false
01-01 18:12:36.484 18877 18982 I ViewRootImpl@cb238ad[MainActivity]: mWNT: t=0xb400007076cc8480 mBlastBufferQueue=0xb400007069851980 fn= 35 mRenderHdrSdrRatio=1.0 caller= android.view.SyncRtSurfaceTransactionApplier.applyTransaction:96 android.view.SyncRtSurfaceTransactionApplier.lambda$scheduleApply$0:69 android.view.SyncRtSurfaceTransactionApplier.$r8$lambda$SgowXC58rj3PR958kHUfRgLZmvE:0 
01-01 18:12:36.485 18877 18913 I gralloc4: @set_metadata: update dataspace from GM (0x00000000 -> 0x08010000)
01-01 18:12:36.500 18877 18983 I ViewRootImpl@cb238ad[MainActivity]: mWNT: t=0xb400007076cc8780 mBlastBufferQueue=0xb400007069851980 fn= 36 mRenderHdrSdrRatio=1.0 caller= android.view.SyncRtSurfaceTransactionApplier.applyTransaction:96 android.view.SyncRtSurfaceTransactionApplier.lambda$scheduleApply$0:69 android.view.SyncRtSurfaceTransactionApplier.$r8$lambda$SgowXC58rj3PR958kHUfRgLZmvE:0 
01-01 18:12:36.502 18877 18913 I gralloc4: @set_metadata: update dataspace from GM (0x00000000 -> 0x08010000)
01-01 18:12:36.517 18877 18982 I ViewRootImpl@cb238ad[MainActivity]: mWNT: t=0xb400007076cc8900 mBlastBufferQueue=0xb400007069851980 fn= 37 mRenderHdrSdrRatio=1.0 caller= android.view.SyncRtSurfaceTransactionApplier.applyTransaction:96 android.view.SyncRtSurfaceTransactionApplier.lambda$scheduleApply$0:69 android.view.SyncRtSurfaceTransactionApplier.$r8$lambda$SgowXC58rj3PR958kHUfRgLZmvE:0 
01-01 18:12:36.518 18877 18913 I gralloc4: @set_metadata: update dataspace from GM (0x00000000 -> 0x08010000)
01-01 18:12:36.531   841   841 I BufferQueueProducer: [SurfaceView[com.wawapp.driver/com.wawapp.driver.MainActivity]@0(BLAST)#53246](this:0xb400007a7873b790,id:-1,api:0,p:-1,c:841) queueBuffer: fps=22.87 dur=1005.67 max=495.07 min=15.82
01-01 18:12:36.534 18877 18983 I ViewRootImpl@cb238ad[MainActivity]: mWNT: t=0xb400006fc0bfde80 mBlastBufferQueue=0xb400007069851980 fn= 38 mRenderHdrSdrRatio=1.0 caller= android.view.SyncRtSurfaceTransactionApplier.applyTransaction:96 android.view.SyncRtSurfaceTransactionApplier.lambda$scheduleApply$0:69 android.view.SyncRtSurfaceTransactionApplier.$r8$lambda$SgowXC58rj3PR958kHUfRgLZmvE:0 
01-01 18:12:36.537 18877 18913 I gralloc4: @set_metadata: update dataspace from GM (0x00000000 -> 0x08010000)
01-01 18:12:36.550 18877 18982 I ViewRootImpl@cb238ad[MainActivity]: mWNT: t=0xb400006fd1e03c00 mBlastBufferQueue=0xb400007069851980 fn= 39 mRenderHdrSdrRatio=1.0 caller= android.view.SyncRtSurfaceTransactionApplier.applyTransaction:96 android.view.SyncRtSurfaceTransactionApplier.lambda$scheduleApply$0:69 android.view.SyncRtSurfaceTransactionApplier.$r8$lambda$SgowXC58rj3PR958kHUfRgLZmvE:0 
01-01 18:12:36.553 18877 18913 I gralloc4: @set_metadata: update dataspace from GM (0x00000000 -> 0x08010000)
01-01 18:12:36.566 18877 18877 I InsetsController: cancelAnimation: types=ime, animType=1, host=com.wawapp.driver/com.wawapp.driver.MainActivity, from=android.view.InsetsController.notifyFinished:1748 android.view.InsetsAnimationControlImpl.applyChangeInsets:312 android.view.InsetsController.lambda$new$3:918 
01-01 18:12:36.567   543   543 D io_stats: !@ 179,0 r 37789019 534196634 w 5956585 67626928 d 892770 66929880 f 0 0 iot 9708036 0 th 0 0 0 pt 0 inp 0 0 251118.157
01-01 18:12:36.568 18877 18877 I ImeTracker: com.wawapp.driver:385bcab4: onRequestHide at ORIGIN_CLIENT_HIDE_SOFT_INPUT reason HIDE_SOFT_INPUT_BY_INSETS_API
01-01 18:12:36.569 18877 18877 I InputMethodManager_LC: notifyImeHidden: IInputMethodManagerGlobalInvoker.hideSoftInput
01-01 18:12:36.570  1375  1497 D InputMethodManagerService: hideSoftInput
01-01 18:12:36.570  1375  1497 V InputMethodManagerService: Client requesting input be hidden
01-01 18:12:36.570  1375  1497 D InputMethodManagerService: setWindowStateInner, windowToken=android.os.BinderProxy@24ffa22, state=ImeTargetWindowState{ imeToken android.os.Binder@56988fb imeFocusChanged false hasEditorFocused false requestedImeVisible false imeDisplayId 0 softInputModeState STATE_UNSPECIFIED|ADJUST_RESIZE isStartInputByGainFocus false}
01-01 18:12:36.570  1375  1497 I ImeTracker: com.wawapp.driver:385bcab4: onCancelled at PHASE_SERVER_SHOULD_HIDE
01-01 18:12:36.570  1375  1497 V InputMethodManagerService: hideCurrentInputLocked : canceled, shouldHideSoftInput=false, mInputShown=false, mImeWindowVis=0
01-01 18:12:36.570 18877 18877 I ImeTracker: com.wawapp.driver:cfe4cfcb: onHidden
01-01 18:12:36.571 32459 32459 I InputMethodService: scheduleImeSurfaceRemoval: removeImeSurface is posted.
01-01 18:12:36.572 18877 18983 I ViewRootImpl@cb238ad[MainActivity]: mWNT: t=0xb400006fd1e03d80 mBlastBufferQueue=0xb400007069851980 fn= 40 mRenderHdrSdrRatio=1.0 caller= android.view.SyncRtSurfaceTransactionApplier.applyTransaction:96 android.view.SyncRtSurfaceTransactionApplier.lambda$scheduleApply$0:69 android.view.SyncRtSurfaceTransactionApplier.$r8$lambda$SgowXC58rj3PR958kHUfRgLZmvE:0 
01-01 18:12:36.575 18877 18913 I gralloc4: @set_metadata: update dataspace from GM (0x00000000 -> 0x08010000)
01-01 18:12:36.587   841   841 D SurfaceFlinger: Display 0 HWC layers:
01-01 18:12:36.587   841   841 D SurfaceFlinger:      DEVICE | 0xb400007a79376b00 | 0102 | RGBA_8888    |    0.0    0.0 1080.0 2273.0 |    0    0 1080 2273 | SurfaceView[com.wawapp.driver/com.wawapp.driver.MainActivity]@0(BLAST)#53246
01-01 18:12:36.587   841   841 D SurfaceFlinger:      DEVICE | 0xb400007aa09ce600 | 0100 | RGBA_8888    |    0.0    0.0 1080.0 2408.0 |    0    0 1080 2408 | com.wawapp.driver/com.wawapp.driver.MainActivity$_18877#53241
01-01 18:12:36.587   841   841 D SurfaceFlinger:      DEVICE | 0xb400007a78686600 | 0100 | RGBA_8888    |    0.0    0.0 1080.0   64.0 |    0    0 1080   64 | StatusBar$_1876#83
01-01 18:12:36.587   841   841 D SurfaceFlinger:      DEVICE | 0xb400007a753dbc00 | 0100 | RGBA_8888    |    0.0    0.0 1080.0  135.0 |    0 2273 1080 2408 | NavigationBar0$_1876#79
01-01 18:12:36.587   841   841 D SurfaceFlinger: 
01-01 18:12:36.765  1375 19079 I SemInputDeviceManagerService: setMotionControl: maybe not supported or not yet enabled
01-01 18:12:36.766  1375 19079 D SemInputDeviceManager: setProperty: (100) CMD,SIP,0
01-01 18:12:36.766  1375 19079 D SemInputDevice:TSP: setProperty: not support cmd "SIP" at supportCommands
01-01 18:12:36.766  1375 19079 I SemInputCommandService: setPropertyAllTouch: SIP,0 retDefault=-5 retExtra=-2
01-01 18:12:36.766  1375 19079 D TspStateManager: wrote command: cmd=0, type=5
