01-12 07:31:36.456 W/Monkey  (17385): args: [-p, com.wawapp.driver, -c, android.intent.category.LAUNCHER, 1]
01-12 07:31:36.458 W/Monkey  (17385):  arg: "com.wawapp.driver"
01-12 07:31:36.459 W/Monkey  (17385): data="com.wawapp.driver"
01-12 07:31:36.655 I/ChimeraSystemEventListener( 1373): appLaunchIntent package name is: com.wawapp.driver
01-12 07:31:36.657 I/Pageboost( 1373): onAppLaunch : com.wawapp.driver
01-12 07:31:36.658 I/Pageboost( 1373): Record App IO : com.wawapp.driver pid 0
01-12 07:31:36.697 V/WindowManager( 1373): Collecting in transition 120: ActivityRecord{5bfe1ef u0 com.wawapp.driver/.MainActivity, caller=com.android.server.wm.Transition.collect:759 com.android.server.wm.TransitionController.collect:935 com.android.server.wm.ActivityStarter.startActivityUnchecked:2361 com.android.server.wm.ActivityStarter.executeRequest:1950 com.android.server.wm.ActivityStarter.execute:1090 
01-12 07:31:36.698 D/ActivityTaskManager( 1373): TaskLaunchParamsModifier:task=null activity=ActivityRecord{5bfe1ef u0 com.wawapp.driver/.MainActivity t-1} display-id=0 task-display-area-windowing-mode=1 suggested-display-area=DefaultTaskDisplayArea_d0@148267244
01-12 07:31:36.703 D/ActivityTaskManager( 1373): TaskLaunchParamsModifier:task=null activity=ActivityRecord{5bfe1ef u0 com.wawapp.driver/.MainActivity t-1} display-id=0 task-display-area-windowing-mode=1 suggested-display-area=DefaultTaskDisplayArea_d0@148267244 non-freeform-task-display-area display-area=DefaultTaskDisplayArea_d0@148267244 default-portrait freeform-size-mismatch=Rect(81, 566 - 999, 1770)
01-12 07:31:36.716 D/ActivityTaskManager( 1373): TaskLaunchParamsModifier:task=Task{76434fc #11036 type=standard I=com.wawapp.driver/.MainActivity} activity=ActivityRecord{5bfe1ef u0 com.wawapp.driver/.MainActivity t-1} display-from-task=0 display-id=0 task-display-area-windowing-mode=1 suggested-display-area=DefaultTaskDisplayArea_d0@148267244 inherit-from-task=fullscreen non-freeform-task-display-area display-area=DefaultTaskDisplayArea_d0@148267244 default-portrait freeform-size-mismatch=Rect(81, 566 - 999, 1770)
01-12 07:31:36.716 V/WindowManager( 1373): Collecting in transition 120: Task{76434fc #11036 type=standard I=com.wawapp.driver/.MainActivity}, caller=com.android.server.wm.Transition.collect:759 com.android.server.wm.Transition.collectExistenceChange:942 com.android.server.wm.TransitionController.collectExistenceChange:985 com.android.server.wm.ActivityStarter.setNewTask:4712 com.android.server.wm.ActivityStarter.startActivityInner:2929 
01-12 07:31:36.719 E/BufferQueueDebug(  839): [ActivityRecord{5bfe1ef u0 com.wawapp.driver/.MainActivity t11036}#1834](this:0xb4000076dc5a8790,id:-1,api:0,p:-1,c:-1) id info cannot be read from 'ActivityRecord{5bfe1ef u0 com.wawapp.driver/.MainActivity t11036}#1834'
01-12 07:31:36.719 I/BufferQueueDebug(  839): [ActivityRecord{5bfe1ef u0 com.wawapp.driver/.MainActivity t11036}#1834](this:0xb4000076dc5a8790,id:-1,api:0,p:-1,c:-1) BufferQueue core=(839:/system/bin/surfaceflinger)
01-12 07:31:36.720 I/SurfaceFlinger(  839): id=1834 createSurf, flag=84004, ActivityRecord{5bfe1ef u0 com.wawapp.driver/.MainActivity t11036}#1834
01-12 07:31:36.733 V/WindowManager( 1373): Collecting in transition 120: ActivityRecord{5bfe1ef u0 com.wawapp.driver/.MainActivity t11036}, caller=com.android.server.wm.Transition.collect:759 com.android.server.wm.Transition.collectExistenceChange:942 com.android.server.wm.TransitionController.collectExistenceChange:985 com.android.server.wm.ActivityStarter.handleStartResult:2542 com.android.server.wm.ActivityStarter.startActivityUnchecked:2369 
01-12 07:31:36.739 V/WindowManagerShell( 1869): Transition requested: android.os.BinderProxy@db20b46 TransitionRequestInfo { type = OPEN, triggerTask = TaskInfo{userId=0 taskId=11036 displayId=0 isRunning=true baseIntent=Intent { act=android.intent.action.MAIN cat=[android.intent.category.LAUNCHER] flg=0x10200000 cmp=com.wawapp.driver/.MainActivity } baseActivity=ComponentInfo{com.wawapp.driver/com.wawapp.driver.MainActivity} topActivity=ComponentInfo{com.wawapp.driver/com.wawapp.driver.MainActivity} origActivity=null realActivity=ComponentInfo{com.wawapp.driver/com.wawapp.driver.MainActivity} numActivities=1 lastActiveTime=36018733 supportsMultiWindow=true resizeMode=1 isResizeable=true minWidth=-1 minHeight=-1 maxWidth=-1 maxHeight=-1 defaultMinSize=220 token=WCT{android.window.IWindowContainerToken$Stub$Proxy@2625107} topActivityType=1 pictureInPictureParams=null shouldDockBigOverlays=false launchIntoPipHostTaskId=-1 lastParentTaskIdBeforePip=-1 displayCutoutSafeInsets=Rect(0, 64 - 0, 0) topActivityInfo=ActivityInfo{af6d234 com.wawapp.driver.MainActivity} launchCookies=[] positionInParent=Point(0, 0) parentTaskId=-1 isFocused=false isVisible=false isVisibleRequested=false isSleeping=true topActivityInSizeCompat=false topActivityEligibleForLetterboxEducation= false topActivityLetterboxed= false isFromDoubleTap= false topActivityLetterboxVerticalPosition= -1 topActivityLetterboxHorizontalPosition= -1 topActivityLetterboxWidth=-1 topActivityLetterboxHeight=-1 locusId=null displayAreaFeatureId=1 cameraCompatControlState=hidden originallySupportedMultiWindow=true hasWallpaper=false topActivityInFixedAspectRatio=false rootAffinity=null topActivityInDisplayCompat=false topActivityInBoundsCompat=false topActivityBounds=null singleTapFromLetterbox=false isTopTaskInStage=false topActivityUiMode=33 CoverLauncherWidgetTask=false CoverScreenTask=false isAllowedSeamlessRotation=false isTopTransparentActivity=false hasPopOver=false}, remoteTransition = null, displayChange = null }
01-12 07:31:36.739 I/ActivityTaskManager( 1373): START u0 {act=android.intent.action.MAIN cat=[android.intent.category.LAUNCHER] flg=0x10200000 cmp=com.wawapp.driver/.MainActivity} with LAUNCH_SINGLE_TOP from uid 2000 (BAL_ALLOW_PERMISSION) result code=0
01-12 07:31:36.755 I/HoneySpace.TopTaskUseCase( 2178): topTasks 11036 ComponentInfo{com.wawapp.driver/com.wawapp.driver.MainActivity}
01-12 07:31:36.787 I/ActivityManager( 1373): Start proc 17404:com.wawapp.driver/u0a262 for top-activity {com.wawapp.driver/com.wawapp.driver.MainActivity}
01-12 07:31:36.822 D/SGM:PkgDataHelper( 1373): notifyAppCreate(), pkgName: com.wawapp.driver, userId: 0, sendRet: true
01-12 07:31:36.822 D/SGM:FgCheckThread( 1373): onLooperPrepared(), msg: MSG_APP_CREATE, pkgName: com.wawapp.driver, userId: 0
01-12 07:31:36.826 D/SGM:FgCheckThread( 1373):   sendRunningComponentFocus(), pkgName: com.wawapp.driver, userId: 0
01-12 07:31:36.827 D/SGM:FgCheckThread( 1373): onLooperPrepared(), msg: MSG_TASK_FOCUSED, pkgName: com.wawapp.driver, userId: 0
01-12 07:31:36.827 D/SGM:FgCheckThread( 1373):   handleTaskFocused(), pkgName: com.wawapp.driver, userID:0
01-12 07:31:36.827 D/SGM:FgCheckThread( 1373):   handleResume(). pkgName: com.wawapp.driver, userId: 0, isTunableApp: null
01-12 07:31:36.827 D/SGM:FgCheckThread( 1373): notifyFocusInOut(). of pkg: com.wawapp.driver, type: 4, isTunableApp: false, userId: 0
01-12 07:31:36.828 D/InputDispatcher( 1373): Focused application(0): ActivityRecord{5bfe1ef u0 com.wawapp.driver/.MainActivity t11036}
01-12 07:31:36.829 D/SGM:FgCheckThread( 1373):   sendRunningComponentFocus(), pkgName: com.wawapp.driver, userId: 0
01-12 07:31:36.829 D/SGM:FgCheckThread( 1373): onLooperPrepared(), msg: MSG_TASK_FOCUSED, pkgName: com.wawapp.driver, userId: 0
01-12 07:31:36.829 D/SGM:FgCheckThread( 1373):   handleTaskFocused(), pkgName: com.wawapp.driver, userID:0
01-12 07:31:36.829 D/SGM:FgCheckThread( 1373):   handleResume(). pkgName: com.wawapp.driver, userId: 0, isTunableApp: null
01-12 07:31:36.829 D/SGM:FgCheckThread( 1373): notifyFocusInOut(). of pkg: com.wawapp.driver, type: 4, isTunableApp: false, userId: 0
01-12 07:31:36.830 D/ActivityTaskManager( 1373): scheduleTopResumedActivityChanged, onTop=true, r=ActivityRecord{5bfe1ef u0 com.wawapp.driver/.MainActivity t11036}, caller=com.android.server.wm.ActivityTaskSupervisor.scheduleTopResumedActivityStateIfNeeded:2857 com.android.server.wm.ActivityTaskSupervisor.updateTopResumedActivityIfNeeded:2849 com.android.server.wm.TaskFragment.setResumedActivity:579 com.android.server.wm.TaskFragment.onActivityStateChanged:903 com.android.server.wm.ActivityRecord.setState:6811 com.android.server.wm.Task.minimalResumeActivityLocked:6192 
01-12 07:31:36.831 V/WindowManager( 1373): Collecting in transition 120: ActivityRecord{5bfe1ef u0 com.wawapp.driver/.MainActivity t11036}, caller=com.android.server.wm.Transition.collect:759 com.android.server.wm.TransitionController.collect:935 com.android.server.wm.ActivityRecord.setVisibility:6348 com.android.server.wm.ActivityRecord.setVisibility:6300 com.android.server.wm.ActivityRecord.completeResumeLocked:7395 
01-12 07:31:36.833 V/WindowManager( 1373): Collecting in transition 120: ActivityRecord{5bfe1ef u0 com.wawapp.driver/.MainActivity t11036}, caller=com.android.server.wm.Transition.collect:759 com.android.server.wm.TransitionController.collect:935 com.android.server.wm.ActivityRecord.setVisibility:6348 com.android.server.wm.ActivityRecord.setVisibility:6300 com.android.server.wm.ActivityRecord.makeInvisible:7137 
01-12 07:31:36.833 D/WindowManager( 1373): VisibleRequested updated, r=ActivityRecord{5bfe1ef u0 com.wawapp.driver/.MainActivity t11036}
01-12 07:31:36.836 D/SGM:FgCheckThread( 1373): noteResumeComponent(), received pkgName: com.wawapp.driver, userId: 0
01-12 07:31:36.836 D/SGM:FgCheckThread( 1373): onLooperPrepared(), msg: MSG_APP_RESUME, pkgName: com.wawapp.driver, userid: 0
01-12 07:31:36.837 D/SGM:FgCheckThread( 1373):   handleResume(). pkgName: com.wawapp.driver, userId: 0, isTunableApp: null
01-12 07:31:36.837 D/SGM:FgCheckThread( 1373): notifyFocusInOut(). of pkg: com.wawapp.driver, type: 4, isTunableApp: false, userId: 0
01-12 07:31:36.837 D/ActivityTaskManager( 1373): scheduleTopResumedActivityChanged, onTop=false, r=ActivityRecord{5bfe1ef u0 com.wawapp.driver/.MainActivity t11036}, caller=com.android.server.wm.ActivityTaskSupervisor.updateTopResumedActivityIfNeeded:2826 com.android.server.wm.TaskFragment.setResumedActivity:579 com.android.server.wm.TaskFragment.onActivityStateChanged:888 com.android.server.wm.ActivityRecord.setState:6811 com.android.server.wm.TaskFragment.startPausing:2004 com.android.server.wm.TaskFragment.startPausing:1948 
01-12 07:31:36.843 I/GameSDK@LifeCycle( 1373): noteResumeComponent(): package name  : com.wawapp.driver
01-12 07:31:36.848 V/WindowManager( 1373): Start calculating TransitionInfo based on participants: {ActivityRecord{5bfe1ef u0 com.wawapp.driver/.MainActivity t11036}, Task{76434fc #11036 type=standard I=com.wawapp.driver/.MainActivity}}
01-12 07:31:36.850 V/WindowManager( 1373): Sent Transition #120 createdAt=01-12 07:31:36.692 via request=TransitionRequestInfo { type = OPEN, triggerTask = TaskInfo{userId=0 taskId=11036 displayId=0 isRunning=true baseIntent=Intent { act=android.intent.action.MAIN cat=[android.intent.category.LAUNCHER] flg=0x10200000 cmp=com.wawapp.driver/.MainActivity } baseActivity=ComponentInfo{com.wawapp.driver/com.wawapp.driver.MainActivity} topActivity=ComponentInfo{com.wawapp.driver/com.wawapp.driver.MainActivity} origActivity=null realActivity=ComponentInfo{com.wawapp.driver/com.wawapp.driver.MainActivity} numActivities=1 lastActiveTime=36018733 supportsMultiWindow=true resizeMode=1 isResizeable=true minWidth=-1 minHeight=-1 maxWidth=-1 maxHeight=-1 defaultMinSize=220 token=WCT{RemoteToken{dcdb748 Task{76434fc #11036 type=standard I=com.wawapp.driver/.MainActivity}}} topActivityType=1 pictureInPictureParams=null shouldDockBigOverlays=false launchIntoPipHostTaskId=-1 lastParentTaskIdBeforePip=-1 displayCutoutSafeInsets=Rect(0, 64 - 0, 0) topActivityInfo=ActivityInfo{81f29e1 com.wawapp.driver.MainActivity} launchCookies=[] positionInParent=Point(0, 0) parentTaskId=-1 isFocused=false isVisible=false isVisibleRequested=false isSleeping=true topActivityInSizeCompat=false topActivityEligibleForLetterboxEducation= false topActivityLetterboxed= false isFromDoubleTap= false topActivityLetterboxVerticalPosition= -1 topActivityLetterboxHorizontalPosition= -1 topActivityLetterboxWidth=-1 topActivityLetterboxHeight=-1 locusId=null displayAreaFeatureId=1 cameraCompatControlState=hidden originallySupportedMultiWindow=true hasWallpaper=false topActivityInFixedAspectRatio=false rootAffinity=null topActivityInDisplayCompat=false topActivityInBoundsCompat=false topActivityBounds=null singleTapFromLetterbox=false isTopTaskInStage=false topActivityUiMode=33 CoverLauncherWidgetTask=false CoverScreenTask=false isAllowedSeamlessRotation=false isTopTransparentActivity=false hasPopOver=false}, remoteTransition = null, displayChange = null }
01-12 07:31:36.859 D/nativeloader(17404): Configuring clns-4 for other apk /system/framework/org.apache.http.legacy.jar. target_sdk_version=36, uses_libraries=ALL, library_path=/data/app/~~96SQTPwZ34NJ5ytGJYfjjg==/com.wawapp.driver-bo_HF2HhyDVMvbtwOSEzBw==/lib/arm64:/data/app/~~96SQTPwZ34NJ5ytGJYfjjg==/com.wawapp.driver-bo_HF2HhyDVMvbtwOSEzBw==/base.apk!/lib/arm64-v8a, permitted_path=/data:/mnt/expand:/data/user/0/com.wawapp.driver
01-12 07:31:36.864 V/PkgPredictorService-SecIpmManagerServiceImpl( 1373): discard foreground app:com.wawapp.driver 0|false
01-12 07:31:36.872 D/ScreenCurtainController( 1373): onForegroundActivitiesChanged: com.wawapp.driver
01-12 07:31:36.879 D/nativeloader(17404): Configuring clns-5 for other apk /data/app/~~96SQTPwZ34NJ5ytGJYfjjg==/com.wawapp.driver-bo_HF2HhyDVMvbtwOSEzBw==/base.apk. target_sdk_version=36, uses_libraries=, library_path=/data/app/~~96SQTPwZ34NJ5ytGJYfjjg==/com.wawapp.driver-bo_HF2HhyDVMvbtwOSEzBw==/lib/arm64:/data/app/~~96SQTPwZ34NJ5ytGJYfjjg==/com.wawapp.driver-bo_HF2HhyDVMvbtwOSEzBw==/base.apk!/lib/arm64-v8a, permitted_path=/data:/mnt/expand:/data/user/0/com.wawapp.driver
01-12 07:31:36.911 V/GraphicsEnvironment(17404): ANGLE GameManagerService for com.wawapp.driver: false
01-12 07:31:36.911 V/GraphicsEnvironment(17404): com.wawapp.driver is not listed in per-application setting
01-12 07:31:36.994 I/FirebaseCrashlytics(17404): Initializing Firebase Crashlytics 19.4.4 for com.wawapp.driver
01-12 07:31:37.000 W/ProcessStats( 1373): Tracking association SourceState{db0d561 com.wawapp.driver/10262 Top #26987} whose proc state 1 is better than process ProcessState{e9dcf8 com.google.android.gms.persistent/10173 pkg=com.google.android.gms} proc state 4 (3 skipped)
01-12 07:31:37.003 D/MdnieScenarioControlService( 1373):  packageName : com.wawapp.driver    className : com.wawapp.driver.MainActivity
01-12 07:31:37.042 E/audit   (  772): type=1400 audit(1768203097.038:85119): avc:  denied  { ioctl } for  pid=17404 comm="pool-17-thread-" path="/data/data/com.wawapp.driver/databases/com.google.android.datatransport.events" dev="dm-50" ino=1478703 ioctlcmd=0xf522 scontext=u:r:untrusted_app:s0:c6,c257,c512,c768 tcontext=u:object_r:app_data_file:s0:c6,c257,c512,c768 tclass=file permissive=0 SEPF_SM-A145P_12_0001 audit_filtered
01-12 07:31:37.046 E/audit   (  772): type=1400 audit(1768203097.042:85120): avc:  denied  { ioctl } for  pid=17404 comm="pool-17-thread-" path="/data/data/com.wawapp.driver/databases/com.google.android.datatransport.events-journal" dev="dm-50" ino=1478668 ioctlcmd=0xf522 scontext=u:r:untrusted_app:s0:c6,c257,c512,c768 tcontext=u:object_r:app_data_file:s0:c6,c257,c512,c768 tclass=file permissive=0 SEPF_SM-A145P_12_0001 audit_filtered
01-12 07:31:37.112 I/PhenotypeResourceReader( 2437): unable to find any Phenotype resource metadata for com.wawapp.driver
01-12 07:31:37.118 D/nativeloader(17404): Load /data/app/~~96SQTPwZ34NJ5ytGJYfjjg==/com.wawapp.driver-bo_HF2HhyDVMvbtwOSEzBw==/base.apk!/lib/arm64-v8a/libflutter.so using class loader ns clns-5 (caller=/data/app/~~96SQTPwZ34NJ5ytGJYfjjg==/com.wawapp.driver-bo_HF2HhyDVMvbtwOSEzBw==/base.apk): ok
01-12 07:31:37.119 D/libMEOW (17404): applied 2 plugins for [com.wawapp.driver]:
01-12 07:31:37.142 I/FA      (17404):   adb shell setprop debug.firebase.analytics.app com.wawapp.driver
01-12 07:31:37.158 E/audit   (  772): type=1400 audit(1768203097.154:85121): avc:  denied  { ioctl } for  pid=17404 comm=4D6561737572656D656E7420576F72 path="/data/data/com.wawapp.driver/databases/google_app_measurement_local.db" dev="dm-50" ino=1441071 ioctlcmd=0xf522 scontext=u:r:untrusted_app:s0:c6,c257,c512,c768 tcontext=u:object_r:app_data_file:s0:c6,c257,c512,c768 tclass=file permissive=0 SEPF_SM-A145P_12_0001 audit_filtered
01-12 07:31:37.160 E/audit   (  772): type=1400 audit(1768203097.158:85122): avc:  denied  { ioctl } for  pid=17404 comm=4D6561737572656D656E7420576F72 path="/data/data/com.wawapp.driver/databases/google_app_measurement_local.db-journal" dev="dm-50" ino=1486997 ioctlcmd=0xf522 scontext=u:r:untrusted_app:s0:c6,c257,c512,c768 tcontext=u:object_r:app_data_file:s0:c6,c257,c512,c768 tclass=file permissive=0 SEPF_SM-A145P_12_0001 audit_filtered
01-12 07:31:37.213 D/vulkan  (17404): searching for layers in '/data/app/~~96SQTPwZ34NJ5ytGJYfjjg==/com.wawapp.driver-bo_HF2HhyDVMvbtwOSEzBw==/lib/arm64'
01-12 07:31:37.214 D/vulkan  (17404): searching for layers in '/data/app/~~96SQTPwZ34NJ5ytGJYfjjg==/com.wawapp.driver-bo_HF2HhyDVMvbtwOSEzBw==/base.apk!/lib/arm64-v8a'
01-12 07:31:37.338 W/ActivityTaskManager( 1373): Activity top resumed state loss timeout for ActivityRecord{5bfe1ef u0 com.wawapp.driver/.MainActivity t11036}
01-12 07:31:37.338 W/ActivityTaskManager( 1373): Activity pause timeout for ActivityRecord{5bfe1ef u0 com.wawapp.driver/.MainActivity t11036}
01-12 07:31:37.339 D/SGM:FgCheckThread( 1373): notePauseComponent(), received pkgName: com.wawapp.driver, userId: 0
01-12 07:31:37.521 D/SurfaceFlinger(  839): [SF client] NEW(0xb4000076fecc9800) for (17404:com.wawapp.driver)
01-12 07:31:37.582 D/SurfaceFlinger(  839): [SF client] NEW(0xb4000076fecb5b00) for (17404:com.wawapp.driver)
01-12 07:31:37.616 E/BufferQueueDebug(  839): [a189ed0 com.wawapp.driver/com.wawapp.driver.MainActivity#1835](this:0xb4000076d1bd4790,id:-1,api:0,p:-1,c:-1) id info cannot be read from 'a189ed0 com.wawapp.driver/com.wawapp.driver.MainActivity#1835'
01-12 07:31:37.616 I/BufferQueueDebug(  839): [a189ed0 com.wawapp.driver/com.wawapp.driver.MainActivity#1835](this:0xb4000076d1bd4790,id:-1,api:0,p:-1,c:-1) BufferQueue core=(839:/system/bin/surfaceflinger)
01-12 07:31:37.617 I/SurfaceFlinger(  839): id=1835 createSurf, flag=84004, a189ed0 com.wawapp.driver/com.wawapp.driver.MainActivity#1835
01-12 07:31:37.627 I/InsetsController(17404): onStateChanged: host=com.wawapp.driver/com.wawapp.driver.MainActivity, from=android.view.ViewRootImpl.setView:1753, state=InsetsState: {mDisplayFrame=Rect(0, 0 - 1080, 2408), mDisplayCutout=DisplayCutout{insets=Rect(0, 64 - 0, 0) waterfall=Insets{left=0, top=0, right=0, bottom=0} boundingRect={Bounds=[Rect(0, 0 - 0, 0), Rect(468, 0 - 612, 64), Rect(0, 0 - 0, 0), Rect(0, 0 - 0, 0)]} cutoutPathParserInfo={CutoutPathParserInfo{displayWidth=1080 displayHeight=2408 physicalDisplayWidth=1080 physicalDisplayHeight=2408 density={2.8125} cutoutSpec={M 0,0 H -25.6‬ V 22.75555555555556 H 25.6‬ V 0 H 0 Z @dp} rotation={0} scale={1.0} physicalPixelDisplaySizeRatio={1.0}}}}, mRoundedCorners=RoundedCorners{[RoundedCorner{position=TopLeft, radius=0, center=Point(0, 0)}, RoundedCorner{position=TopRight, radius=0, center=Point(0, 0)}, RoundedCorner{position=BottomRight, radius=0, center=Point(0, 0)}, RoundedCorner{position=BottomLeft, radius=0, center=Point(0, 0)}]}  mRoundedCornerFrame=Rect(0, 0 - 1080, 2408), mPrivacyIndicatorBounds=PrivacyIndicatorBounds {static bounds=Rect(956, 0 - 1080, 64) rotation=0}, mDisplayShape=DisplayShape{ spec=-311912193 displayWidth=1080 displayHeight=2408 physicalPixelDisplaySizeRatio=1.0 rotation=0 offsetX=0 offsetY=0 scale=1.0}, mSources= { InsetsSource: {3 mType=ime mFrame=[0,0][0,0] mVisible=false mFlags=[]}, InsetsSource: {27 mType=displayCutout mFrame=[0,0][1080,64] mVisible=true mFlags=[]}, InsetsSource: {32940000 mType=statusBars mFrame=[0,0][1080,64] mVisible=true mFlags=[]}, InsetsSource: {32940005 mType=mandatorySystemGestures mFrame=[0,0][1080,98] mVisible=true mFlags=[]}, InsetsSource: {32940006 mType=tappableElement mFrame=[0,0][1080,64] mVisible=true mFlags=[]}, InsetsSource: {37eb0001 mType=navigationBars mFrame=[0,2273][1080,2408] mVisible=false mFlags=[]}, InsetsSource: {37eb0004 mType=systemGestures mFrame=[0,0][0,0] mVisible=true mFlags=[]}, InsetsSource: {37eb0005 mType=mandatorySystemGestures mFrame=[0,2273][1080,2408] mVisible=true mFlags=[]}, InsetsSource: {37eb0006 mType=tappableElement mFrame=[0,2273][1080,2408] mVisible=true mFlags=[]}, InsetsSource: {37eb0024 mType=systemGestures mFrame=[0,0][0,0] mVisible=true mFlags=[]} }
01-12 07:31:37.666 D/CoreBackPreview( 1373): Window{a189ed0 u0 com.wawapp.driver/com.wawapp.driver.MainActivity}: Setting back callback OnBackInvokedCallbackInfo{mCallback=android.window.IOnBackInvokedCallback$Stub$Proxy@a9d30ef, mPriority=0, mIsAnimationCallback=false}
01-12 07:31:37.666 V/WindowManager( 1373): Relayout Window{a189ed0 u0 com.wawapp.driver/com.wawapp.driver.MainActivity}: viewVisibility=0 req=1080x2408 ty=1 d0
01-12 07:31:37.669 E/BufferQueueDebug(  839): [com.wawapp.driver/com.wawapp.driver.MainActivity$_17404#1836](this:0xb4000076d1be5790,id:-1,api:0,p:-1,c:-1) id info cannot be read from 'com.wawapp.driver/com.wawapp.driver.MainActivity$_17404#1836'
01-12 07:31:37.669 I/BufferQueueDebug(  839): [com.wawapp.driver/com.wawapp.driver.MainActivity$_17404#1836](this:0xb4000076d1be5790,id:-1,api:0,p:-1,c:-1) BufferQueue core=(839:/system/bin/surfaceflinger)
01-12 07:31:37.669 I/SurfaceFlinger(  839): id=1836 createSurf, flag=44004, com.wawapp.driver/com.wawapp.driver.MainActivity$_17404#1836
01-12 07:31:37.670 D/WindowManager( 1373): makeSurface duration=1 name=com.wawapp.driver/com.wawapp.driver.MainActivity$_17404
01-12 07:31:37.689 E/BufferQueueDebug(  839): [Bounds for - com.wawapp.driver/com.wawapp.driver.MainActivity@0#1837](this:0xb4000076d1be8790,id:-1,api:0,p:-1,c:-1) id info cannot be read from 'Bounds for - com.wawapp.driver/com.wawapp.driver.MainActivity@0#1837'
01-12 07:31:37.689 I/BufferQueueDebug(  839): [Bounds for - com.wawapp.driver/com.wawapp.driver.MainActivity@0#1837](this:0xb4000076d1be8790,id:-1,api:0,p:-1,c:-1) BufferQueue core=(839:/system/bin/surfaceflinger)
01-12 07:31:37.689 I/SurfaceFlinger(  839): id=1837 createSurf, flag=20004, Bounds for - com.wawapp.driver/com.wawapp.driver.MainActivity@0#1837
01-12 07:31:37.690 E/BufferQueueDebug(  839): [SurfaceView[com.wawapp.driver/com.wawapp.driver.MainActivity]@0#1838](this:0xb4000076dc5b2790,id:-1,api:0,p:-1,c:-1) id info cannot be read from 'SurfaceView[com.wawapp.driver/com.wawapp.driver.MainActivity]@0#1838'
01-12 07:31:37.691 I/BufferQueueDebug(  839): [SurfaceView[com.wawapp.driver/com.wawapp.driver.MainActivity]@0#1838](this:0xb4000076dc5b2790,id:-1,api:0,p:-1,c:-1) BufferQueue core=(839:/system/bin/surfaceflinger)
01-12 07:31:37.691 I/SurfaceFlinger(  839): id=1838 createSurf, flag=84004, SurfaceView[com.wawapp.driver/com.wawapp.driver.MainActivity]@0#1838
01-12 07:31:37.691 E/BufferQueueDebug(  839): [SurfaceView[com.wawapp.driver/com.wawapp.driver.MainActivity]@0(BLAST)#1839](this:0xb4000076dc5b5790,id:-1,api:0,p:-1,c:-1) id info cannot be read from 'SurfaceView[com.wawapp.driver/com.wawapp.driver.MainActivity]@0(BLAST)#1839'
01-12 07:31:37.691 I/BufferQueueDebug(  839): [SurfaceView[com.wawapp.driver/com.wawapp.driver.MainActivity]@0(BLAST)#1839](this:0xb4000076dc5b5790,id:-1,api:0,p:-1,c:-1) BufferQueue core=(839:/system/bin/surfaceflinger)
01-12 07:31:37.692 I/SurfaceFlinger(  839): id=1839 createSurf, flag=44400, SurfaceView[com.wawapp.driver/com.wawapp.driver.MainActivity]@0(BLAST)#1839
01-12 07:31:37.692 E/BufferQueueDebug(  839): [Background for SurfaceView[com.wawapp.driver/com.wawapp.driver.MainActivity]@0#1840](this:0xb4000076dc5b8790,id:-1,api:0,p:-1,c:-1) id info cannot be read from 'Background for SurfaceView[com.wawapp.driver/com.wawapp.driver.MainActivity]@0#1840'
01-12 07:31:37.692 I/BufferQueueDebug(  839): [Background for SurfaceView[com.wawapp.driver/com.wawapp.driver.MainActivity]@0#1840](this:0xb4000076dc5b8790,id:-1,api:0,p:-1,c:-1) BufferQueue core=(839:/system/bin/surfaceflinger)
01-12 07:31:37.692 I/SurfaceFlinger(  839): id=1840 createSurf, flag=20404, Background for SurfaceView[com.wawapp.driver/com.wawapp.driver.MainActivity]@0#1840
01-12 07:31:37.836 D/ViewRootImpl@a3471e7[MainActivity](17404): WindowStopped on com.wawapp.driver/com.wawapp.driver.MainActivity set to true
01-12 07:31:37.839 D/BLASTBufferQueue(17404): [SurfaceView[com.wawapp.driver/com.wawapp.driver.MainActivity]@0#1](f:0,a:0) destructor()
01-12 07:31:37.839 D/BufferQueueConsumer(17404): [SurfaceView[com.wawapp.driver/com.wawapp.driver.MainActivity]@0#1(BLAST Consumer)1](id:43fc00000001,api:0,p:-1,c:17404) disconnect
01-12 07:31:37.852 V/WindowManager( 1373): Relayout Window{a189ed0 u0 com.wawapp.driver/com.wawapp.driver.MainActivity}: viewVisibility=4 req=1080x2408 ty=1 d0
01-12 07:31:37.853 I/Layer   (  839): id=1837 removeFromCurrentState Bounds for - com.wawapp.driver/com.wawapp.driver.MainActivity@0#1837 (129)
01-12 07:31:37.853 I/Layer   (  839): id=1838 removeFromCurrentState SurfaceView[com.wawapp.driver/com.wawapp.driver.MainActivity]@0#1838 (129)
01-12 07:31:37.853 I/Layer   (  839): id=1839 removeFromCurrentState SurfaceView[com.wawapp.driver/com.wawapp.driver.MainActivity]@0(BLAST)#1839 (129)
01-12 07:31:37.853 I/Layer   (  839): id=1840 removeFromCurrentState Background for SurfaceView[com.wawapp.driver/com.wawapp.driver.MainActivity]@0#1840 (129)
01-12 07:31:37.854 I/SurfaceFlinger(  839): id=1837 Removed Bounds for - com.wawapp.driver/com.wawapp.driver.MainActivity@0#1837 (129)
01-12 07:31:37.870 I/BufferQueueDebug(  839): [Bounds for - com.wawapp.driver/com.wawapp.driver.MainActivity@0#1837](this:0xb4000076d1be8790,id:-1,api:0,p:-1,c:839) onDestructor()
01-12 07:31:37.870 I/Layer   (  839): id=1837 Destroyed Bounds for - com.wawapp.driver/com.wawapp.driver.MainActivity@0#1837
01-12 07:31:37.884 V/WindowManager( 1373): Setting visibility of Window{a189ed0 u0 com.wawapp.driver/com.wawapp.driver.MainActivity}: false, caller=com.android.server.wm.WindowContainer.sendAppVisibilityToClients:1301 com.android.server.wm.WindowToken.setClientVisible:446 com.android.server.wm.ActivityRecord.setClientVisible:8121 com.android.server.wm.ActivityRecord.activityStopped:7631 com.android.server.wm.ActivityClientController.activityStopped:321 
01-12 07:31:37.884 E/WindowManager( 1373): win=Window{a189ed0 u0 com.wawapp.driver/com.wawapp.driver.MainActivity} destroySurfaces: appStopped=true cleanupOnResume=false win.mWindowRemovalAllowed=false win.mRemoveOnExit=false win.mViewVisibility=4 caller=com.android.server.wm.ActivityRecord.destroySurfaces:6952 com.android.server.wm.ActivityRecord.destroySurfaces:6933 com.android.server.wm.ActivityRecord.activityStopped:7633 com.android.server.wm.ActivityClientController.activityStopped:321 android.app.IActivityClientController$Stub.onTransact:702 com.android.server.wm.ActivityClientController.onTransact:186 android.os.Binder.execTransactInternal:1380 
01-12 07:31:37.885 I/WindowManager( 1373): Destroying surface Surface(name=com.wawapp.driver/com.wawapp.driver.MainActivity$_17404)/@0xb08ee01 called by com.android.server.wm.WindowStateAnimator.destroySurface:799 com.android.server.wm.WindowStateAnimator.destroySurfaceLocked:472 com.android.server.wm.WindowState.destroySurfaceUnchecked:4201 com.android.server.wm.WindowState.destroySurface:4175 com.android.server.wm.ActivityRecord.destroySurfaces:6952 com.android.server.wm.ActivityRecord.destroySurfaces:6933 com.android.server.wm.ActivityRecord.activityStopped:7633 com.android.server.wm.ActivityClientController.activityStopped:321 
01-12 07:31:37.887 I/Layer   (  839): id=1836 removeFromCurrentState com.wawapp.driver/com.wawapp.driver.MainActivity$_17404#1836 (128)
01-12 07:31:38.041 E/ClipboardService( 1373): Denying clipboard access to com.wawapp.driver, application is not in focus nor is it a system service for user 0
01-12 07:31:38.104 E/ClipboardService( 1373): Denying clipboard access to com.wawapp.driver, application is not in focus nor is it a system service for user 0
01-12 07:31:38.109 E/audit   (  772): type=1400 audit(1768203098.106:85133): avc:  denied  { ioctl } for  pid=17404 comm=4D6561737572656D656E7420576F72 path="/data/data/com.wawapp.driver/databases/google_app_measurement_local.db" dev="dm-50" ino=1441071 ioctlcmd=0xf522 scontext=u:r:untrusted_app:s0:c6,c257,c512,c768 tcontext=u:object_r:app_data_file:s0:c6,c257,c512,c768 tclass=file permissive=0 SEPF_SM-A145P_12_0001 audit_filtered
01-12 07:31:38.118 E/audit   (  772): type=1400 audit(1768203098.114:85134): avc:  denied  { ioctl } for  pid=17404 comm=4D6561737572656D656E7420576F72 path="/data/data/com.wawapp.driver/databases/google_app_measurement_local.db" dev="dm-50" ino=1441071 ioctlcmd=0xf522 scontext=u:r:untrusted_app:s0:c6,c257,c512,c768 tcontext=u:object_r:app_data_file:s0:c6,c257,c512,c768 tclass=file permissive=0 SEPF_SM-A145P_12_0001 audit_filtered
01-12 07:31:38.159 D/SessionConfigFetcher(17404): Fetched settings: {"settings_version":3,"cache_duration":159836,"features":{"collect_logged_exceptions":true,"collect_reports":true,"collect_analytics":false,"prompt_enabled":false,"push_enabled":false,"firebase_crashlytics_enabled":false,"collect_anrs":true,"collect_metric_kit":false,"collect_build_ids":true},"app":{"status":"activated","update_required":false,"report_upload_variant":2,"native_report_upload_variant":2},"fabric":{"org_id":"695fe3647d99d211559f752a","bundle_id":"com.wawapp.driver"},"on_demand_upload_rate_per_minute":10,"on_demand_backoff_base":1.2,"on_demand_backoff_step_duration_seconds":60,"app_quality":{"sessions_enabled":true,"sampling_rate":1,"session_timeout_seconds":1800},"on_demand_thread_recording_suspension_enabled":true}
01-12 07:31:38.218 D/SGM:GameManager( 1373): identifyGamePackage. com.wawapp.driver, mCurrentUserId: 0, callerUserId: 0, callingMethodInfo: com.android.server.chimera.ICollectionCache$GameAppsCache.update(ChimeraDataCache.java:178)
01-12 07:31:38.218 D/SGM:PkgDataHelper( 1373): getGamePkgData(). com.wawapp.driver
01-12 07:31:38.219 D/PkgPredictorService-SecIpmManagerServiceImpl( 1373): bg information pid:17404 uid:10262 pkgName:com.wawapp.driver
01-12 07:31:38.225 V/PkgPredictorService-SecIpmManagerServiceImpl( 1373): discard foreground app:com.wawapp.driver 0|false
01-12 07:31:38.356 D/MdnieScenarioControlService( 1373):  packageName : com.wawapp.driver    className : com.wawapp.driver.MainActivity
01-12 07:31:38.922 D/BubblesManager( 1869): onNotificationChannelModified : pkg=com.wawapp.driver ,modificationType:1
01-12 07:31:38.924 D/BubblesManager( 1869): onNotificationChannelModified : pkg=com.wawapp.driver ,modificationType:1
01-12 07:31:39.496 D/PkgPredictorService-SecIpmManagerServiceImpl( 1373): bg information pid:17404 uid:10262 pkgName:com.wawapp.driver
01-12 07:31:39.510 V/PkgPredictorService-SecIpmManagerServiceImpl( 1373): discard foreground app:com.wawapp.driver 0|false
01-12 07:31:39.640 D/MdnieScenarioControlService( 1373):  packageName : com.wawapp.driver    className : com.wawapp.driver.MainActivity
01-12 07:31:42.036 I/NSLocationMonitor( 1373): getGPSUsingApps() called
01-12 07:31:42.036 W/NSLocationMonitor( 1373): NSMonitorService is not connected, return null
01-12 07:31:42.090 I/Pageboost( 1373): db update :com.wawapp.driver ret 1
01-12 07:31:42.174 I/Pageboost( 1373): memUsage collected : 58988 0 5540 for com.wawapp.driver 17404
01-12 07:31:43.063 D/ProfileInstaller(17404): Installing profile for com.wawapp.driver
01-12 07:31:49.672 W/ProcessStats( 1373): Tracking association SourceState{d2168f7 com.wawapp.driver/10262 Top #27038} whose proc state 1 is better than process ProcessState{e9dcf8 com.google.android.gms.persistent/10173 pkg=com.google.android.gms} proc state 4 (85 skipped)
01-12 07:31:50.855 D/SGM:GameManager( 1373): identifyForegroundApp. com.wawapp.driver, mCurrentUserId: 0, callerUserId: 0
01-12 07:31:50.855 D/SGM:PkgDataHelper( 1373): getGamePkgData(). com.wawapp.driver
01-12 07:31:57.068 I/NSLocationMonitor( 1373): getGPSUsingApps() called
01-12 07:31:57.069 W/NSLocationMonitor( 1373): NSMonitorService is not connected, return null
01-12 07:31:57.088 D/MARs:ActiveTrafficFilter( 1373): filter : com.wawapp.driver(0)
01-12 07:32:12.109 I/NSLocationMonitor( 1373): getGPSUsingApps() called
01-12 07:32:12.109 W/NSLocationMonitor( 1373): NSMonitorService is not connected, return null
01-12 07:32:12.124 D/MARs:ActiveTrafficFilter( 1373): filter : com.wawapp.driver(0)
01-12 07:32:27.144 I/NSLocationMonitor( 1373): getGPSUsingApps() called
01-12 07:32:27.144 W/NSLocationMonitor( 1373): NSMonitorService is not connected, return null
01-12 07:32:42.183 I/NSLocationMonitor( 1373): getGPSUsingApps() called
01-12 07:32:42.183 W/NSLocationMonitor( 1373): NSMonitorService is not connected, return null
01-12 07:32:42.200 D/MARs:ActiveTrafficFilter( 1373): filter : com.wawapp.driver(0)
01-12 07:32:57.220 I/NSLocationMonitor( 1373): getGPSUsingApps() called
01-12 07:32:57.220 W/NSLocationMonitor( 1373): NSMonitorService is not connected, return null
01-12 07:32:57.228 D/MARs:ActiveTrafficFilter( 1373): filter : com.wawapp.driver(0)
01-12 07:32:57.249 I/artd    (17761): GetBestInfo: odex next to the dex file (/data/app/~~96SQTPwZ34NJ5ytGJYfjjg==/com.wawapp.driver-bo_HF2HhyDVMvbtwOSEzBw==/oat/arm64/base.odex) is kOatUpToDate with filter 'verify' executable 'false'
01-12 07:32:58.863 D/SLocationProxy( 1373): GNSS batching is disabled.
01-12 07:33:12.251 I/NSLocationMonitor( 1373): getGPSUsingApps() called
01-12 07:33:12.251 W/NSLocationMonitor( 1373): NSMonitorService is not connected, return null
01-12 07:33:12.269 D/MARs:ActiveTrafficFilter( 1373): filter : com.wawapp.driver(0)
01-12 07:33:19.517 I/ActivityManager( 1373): Force stopping com.wawapp.driver appid=10262 user=0: from pid 17822
01-12 07:33:19.520 I/ActivityManager( 1373): Killing 17404:com.wawapp.driver/u0a262 (adj 0): stop com.wawapp.driver due to from pid 17822
01-12 07:33:19.527 D/ActivityManager( 1373): proc ProcessRecord{cfc1fe7 17404:com.wawapp.driver/u0a262} already removed. so we skip next process.
01-12 07:33:19.528 W/ActivityTaskManager( 1373): Force removing ActivityRecord{5bfe1ef u0 com.wawapp.driver/.MainActivity t11036 f}}: app died, no saved state
01-12 07:33:19.530 W/UsageStatsService( 1373): Unexpected activity event reported! (com.wawapp.driver/com.wawapp.driver.MainActivity event : 23 instanceId : 79136645)
01-12 07:33:19.533 W/InputManager-JNI( 1373): Input channel object 'a189ed0 com.wawapp.driver/com.wawapp.driver.MainActivity (client)' was disposed without first being removed with the input manager!
01-12 07:33:19.537 V/WindowManager( 1373): Remove Window{a189ed0 u0 com.wawapp.driver/com.wawapp.driver.MainActivity}: mSurfaceController=null mAnimatingExit=false mRemoveOnExit=false mHasSurface=false surfaceShowing=false animating=false app-animation=false mDisplayFrozen=false callers=com.android.server.wm.WindowToken.removeAllWindowsIfPossible:258 com.android.server.wm.ActivityRecord.removeIfPossible:5162 com.android.server.wm.ActivityRecord.onRemovedFromDisplay:5244 com.android.server.wm.DisplayContent.removeAppToken:1893 com.android.server.wm.ActivityRecord.removeFromHistory:4849 com.android.server.wm.ActivityRecord.handleAppDied:5137 
01-12 07:33:19.554 I/Layer   (  839): id=1835 removeFromCurrentState a189ed0 com.wawapp.driver/com.wawapp.driver.MainActivity#1835 (128)
01-12 07:33:19.554 I/Layer   (  839): id=1834 removeFromCurrentState ActivityRecord{5bfe1ef u0 com.wawapp.driver/.MainActivity t11036}#1834 (128)
01-12 07:33:19.556 I/SurfaceFlinger(  839): id=1834 Removed ActivityRecord{5bfe1ef u0 com.wawapp.driver/.MainActivity t11036}#1834 (128)
01-12 07:33:19.556 I/SurfaceFlinger(  839): id=1835 Removed a189ed0 com.wawapp.driver/com.wawapp.driver.MainActivity#1835 (128)
01-12 07:33:19.570 I/BufferQueueDebug(  839): [a189ed0 com.wawapp.driver/com.wawapp.driver.MainActivity#1835](this:0xb4000076d1bd4790,id:-1,api:0,p:-1,c:839) onDestructor()
01-12 07:33:19.570 I/Layer   (  839): id=1835 Destroyed a189ed0 com.wawapp.driver/com.wawapp.driver.MainActivity#1835
01-12 07:33:19.571 I/BufferQueueDebug(  839): [ActivityRecord{5bfe1ef u0 com.wawapp.driver/.MainActivity t11036}#1834](this:0xb4000076dc5a8790,id:-1,api:0,p:-1,c:839) onDestructor()
01-12 07:33:19.571 I/Layer   (  839): id=1834 Destroyed ActivityRecord{5bfe1ef u0 com.wawapp.driver/.MainActivity t11036}#1834
01-12 07:33:19.590 D/CarrierSvcBindHelper( 1763): onHandleForceStop: [com.wawapp.driver]
01-12 07:33:19.592 D/LocationManagerService( 1373): package com.wawapp.driver reset
01-12 07:33:19.611 D/SurfaceFlinger(  839): [SF client] REMOVE (0xb4000076fecc9800) for (17404:com.wawapp.driver)
01-12 07:33:19.611 D/SurfaceFlinger(  839): [SF client] REMOVE (0xb4000076fecb5b00) for (17404:com.wawapp.driver)
01-12 07:33:19.612 I/SurfaceFlinger(  839): id=1836 Removed com.wawapp.driver/com.wawapp.driver.MainActivity$_17404#1836 (125)
01-12 07:33:19.612 I/SurfaceFlinger(  839): id=1840 Removed Background for SurfaceView[com.wawapp.driver/com.wawapp.driver.MainActivity]@0#1840 (125)
01-12 07:33:19.612 I/SurfaceFlinger(  839): id=1838 Removed SurfaceView[com.wawapp.driver/com.wawapp.driver.MainActivity]@0#1838 (125)
01-12 07:33:19.612 I/SurfaceFlinger(  839): id=1839 Removed SurfaceView[com.wawapp.driver/com.wawapp.driver.MainActivity]@0(BLAST)#1839 (125)
01-12 07:33:19.612 V/ActivityManager( 1373): Got obituary of 17404:com.wawapp.driver
01-12 07:33:19.620 I/BufferQueueDebug(  839): [com.wawapp.driver/com.wawapp.driver.MainActivity$_17404#1836](this:0xb4000076d1be5790,id:-1,api:0,p:-1,c:839) onDestructor()
01-12 07:33:19.620 I/Layer   (  839): id=1836 Destroyed com.wawapp.driver/com.wawapp.driver.MainActivity$_17404#1836
01-12 07:33:19.621 I/BufferQueueDebug(  839): [SurfaceView[com.wawapp.driver/com.wawapp.driver.MainActivity]@0#1838](this:0xb4000076dc5b2790,id:-1,api:0,p:-1,c:839) onDestructor()
01-12 07:33:19.621 I/Layer   (  839): id=1838 Destroyed SurfaceView[com.wawapp.driver/com.wawapp.driver.MainActivity]@0#1838
01-12 07:33:19.621 I/BufferQueueDebug(  839): [SurfaceView[com.wawapp.driver/com.wawapp.driver.MainActivity]@0(BLAST)#1839](this:0xb4000076dc5b5790,id:-1,api:0,p:-1,c:839) onDestructor()
01-12 07:33:19.621 I/Layer   (  839): id=1839 Destroyed SurfaceView[com.wawapp.driver/com.wawapp.driver.MainActivity]@0(BLAST)#1839
01-12 07:33:19.621 I/BufferQueueDebug(  839): [Background for SurfaceView[com.wawapp.driver/com.wawapp.driver.MainActivity]@0#1840](this:0xb4000076dc5b8790,id:-1,api:0,p:-1,c:839) onDestructor()
01-12 07:33:19.621 I/Layer   (  839): id=1840 Destroyed Background for SurfaceView[com.wawapp.driver/com.wawapp.driver.MainActivity]@0#1840
01-12 07:33:21.706 W/Monkey  (17825): args: [-p, com.wawapp.driver, -c, android.intent.category.LAUNCHER, 1]
01-12 07:33:21.707 W/Monkey  (17825):  arg: "com.wawapp.driver"
01-12 07:33:21.707 W/Monkey  (17825): data="com.wawapp.driver"
01-12 07:33:21.750 I/ChimeraSystemEventListener( 1373): appLaunchIntent package name is: com.wawapp.driver
01-12 07:33:21.750 I/Pageboost( 1373): onAppLaunch : com.wawapp.driver
01-12 07:33:21.763 V/WindowManager( 1373): Collecting in transition 121: ActivityRecord{90e5884 u0 com.wawapp.driver/.MainActivity, caller=com.android.server.wm.Transition.collect:759 com.android.server.wm.TransitionController.collect:935 com.android.server.wm.ActivityStarter.startActivityUnchecked:2361 com.android.server.wm.ActivityStarter.executeRequest:1950 com.android.server.wm.ActivityStarter.execute:1090 
01-12 07:33:21.764 D/ActivityTaskManager( 1373): TaskLaunchParamsModifier:task=null activity=ActivityRecord{90e5884 u0 com.wawapp.driver/.MainActivity t-1} display-id=0 task-display-area-windowing-mode=1 suggested-display-area=DefaultTaskDisplayArea_d0@148267244
01-12 07:33:21.766 D/ActivityTaskManager( 1373): TaskLaunchParamsModifier:task=null activity=ActivityRecord{90e5884 u0 com.wawapp.driver/.MainActivity t-1} display-id=0 task-display-area-windowing-mode=1 suggested-display-area=DefaultTaskDisplayArea_d0@148267244 non-freeform-task-display-area display-area=DefaultTaskDisplayArea_d0@148267244 default-portrait freeform-size-mismatch=Rect(81, 566 - 999, 1770)
01-12 07:33:21.774 D/ActivityTaskManager( 1373): TaskLaunchParamsModifier:task=Task{42c186d #11037 type=standard I=com.wawapp.driver/.MainActivity} activity=ActivityRecord{90e5884 u0 com.wawapp.driver/.MainActivity t-1} display-from-task=0 display-id=0 task-display-area-windowing-mode=1 suggested-display-area=DefaultTaskDisplayArea_d0@148267244 inherit-from-task=fullscreen non-freeform-task-display-area display-area=DefaultTaskDisplayArea_d0@148267244 default-portrait freeform-size-mismatch=Rect(81, 566 - 999, 1770)
01-12 07:33:21.774 V/WindowManager( 1373): Collecting in transition 121: Task{42c186d #11037 type=standard I=com.wawapp.driver/.MainActivity}, caller=com.android.server.wm.Transition.collect:759 com.android.server.wm.Transition.collectExistenceChange:942 com.android.server.wm.TransitionController.collectExistenceChange:985 com.android.server.wm.ActivityStarter.setNewTask:4712 com.android.server.wm.ActivityStarter.startActivityInner:2929 
01-12 07:33:21.776 E/BufferQueueDebug(  839): [ActivityRecord{90e5884 u0 com.wawapp.driver/.MainActivity t11037}#1842](this:0xb4000076d1aba790,id:-1,api:0,p:-1,c:-1) id info cannot be read from 'ActivityRecord{90e5884 u0 com.wawapp.driver/.MainActivity t11037}#1842'
01-12 07:33:21.776 I/BufferQueueDebug(  839): [ActivityRecord{90e5884 u0 com.wawapp.driver/.MainActivity t11037}#1842](this:0xb4000076d1aba790,id:-1,api:0,p:-1,c:-1) BufferQueue core=(839:/system/bin/surfaceflinger)
01-12 07:33:21.776 I/SurfaceFlinger(  839): id=1842 createSurf, flag=84004, ActivityRecord{90e5884 u0 com.wawapp.driver/.MainActivity t11037}#1842
01-12 07:33:21.783 V/WindowManager( 1373): Collecting in transition 121: ActivityRecord{90e5884 u0 com.wawapp.driver/.MainActivity t11037}, caller=com.android.server.wm.Transition.collect:759 com.android.server.wm.Transition.collectExistenceChange:942 com.android.server.wm.TransitionController.collectExistenceChange:985 com.android.server.wm.ActivityStarter.handleStartResult:2542 com.android.server.wm.ActivityStarter.startActivityUnchecked:2369 
01-12 07:33:21.785 I/ActivityTaskManager( 1373): START u0 {act=android.intent.action.MAIN cat=[android.intent.category.LAUNCHER] flg=0x10200000 cmp=com.wawapp.driver/.MainActivity} with LAUNCH_SINGLE_TOP from uid 2000 (BAL_ALLOW_PERMISSION) result code=0
01-12 07:33:21.785 V/WindowManagerShell( 1869): Transition requested: android.os.BinderProxy@c58a4a6 TransitionRequestInfo { type = OPEN, triggerTask = TaskInfo{userId=0 taskId=11037 displayId=0 isRunning=true baseIntent=Intent { act=android.intent.action.MAIN cat=[android.intent.category.LAUNCHER] flg=0x10200000 cmp=com.wawapp.driver/.MainActivity } baseActivity=ComponentInfo{com.wawapp.driver/com.wawapp.driver.MainActivity} topActivity=ComponentInfo{com.wawapp.driver/com.wawapp.driver.MainActivity} origActivity=null realActivity=ComponentInfo{com.wawapp.driver/com.wawapp.driver.MainActivity} numActivities=1 lastActiveTime=36123782 supportsMultiWindow=true resizeMode=1 isResizeable=true minWidth=-1 minHeight=-1 maxWidth=-1 maxHeight=-1 defaultMinSize=220 token=WCT{android.window.IWindowContainerToken$Stub$Proxy@24cdee7} topActivityType=1 pictureInPictureParams=null shouldDockBigOverlays=false launchIntoPipHostTaskId=-1 lastParentTaskIdBeforePip=-1 displayCutoutSafeInsets=Rect(0, 64 - 0, 0) topActivityInfo=ActivityInfo{44f7a94 com.wawapp.driver.MainActivity} launchCookies=[] positionInParent=Point(0, 0) parentTaskId=-1 isFocused=false isVisible=false isVisibleRequested=false isSleeping=true topActivityInSizeCompat=false topActivityEligibleForLetterboxEducation= false topActivityLetterboxed= false isFromDoubleTap= false topActivityLetterboxVerticalPosition= -1 topActivityLetterboxHorizontalPosition= -1 topActivityLetterboxWidth=-1 topActivityLetterboxHeight=-1 locusId=null displayAreaFeatureId=1 cameraCompatControlState=hidden originallySupportedMultiWindow=true hasWallpaper=false topActivityInFixedAspectRatio=false rootAffinity=null topActivityInDisplayCompat=false topActivityInBoundsCompat=false topActivityBounds=null singleTapFromLetterbox=false isTopTaskInStage=false topActivityUiMode=33 CoverLauncherWidgetTask=false CoverScreenTask=false isAllowedSeamlessRotation=false isTopTransparentActivity=false hasPopOver=false}, remoteTransition = null, displayChange = null }
01-12 07:33:21.797 I/HoneySpace.TopTaskUseCase( 2178): topTasks 11037 ComponentInfo{com.wawapp.driver/com.wawapp.driver.MainActivity}
01-12 07:33:21.815 I/ActivityManager( 1373): Start proc 17838:com.wawapp.driver/u0a262 for top-activity {com.wawapp.driver/com.wawapp.driver.MainActivity}
01-12 07:33:21.844 D/SGM:PkgDataHelper( 1373): notifyAppCreate(), pkgName: com.wawapp.driver, userId: 0, sendRet: true
01-12 07:33:21.844 D/SGM:FgCheckThread( 1373): onLooperPrepared(), msg: MSG_APP_CREATE, pkgName: com.wawapp.driver, userId: 0
01-12 07:33:21.844 D/SGM:FgCheckThread( 1373):   sendRunningComponentFocus(), pkgName: com.wawapp.driver, userId: 0
01-12 07:33:21.845 D/SGM:FgCheckThread( 1373): onLooperPrepared(), msg: MSG_TASK_FOCUSED, pkgName: com.wawapp.driver, userId: 0
01-12 07:33:21.845 D/SGM:FgCheckThread( 1373):   handleTaskFocused(), pkgName: com.wawapp.driver, userID:0
01-12 07:33:21.845 D/InputDispatcher( 1373): Focused application(0): ActivityRecord{90e5884 u0 com.wawapp.driver/.MainActivity t11037}
01-12 07:33:21.845 D/SGM:FgCheckThread( 1373):   handleResume(). pkgName: com.wawapp.driver, userId: 0, isTunableApp: null
01-12 07:33:21.845 D/SGM:FgCheckThread( 1373): notifyFocusInOut(). of pkg: com.wawapp.driver, type: 4, isTunableApp: false, userId: 0
01-12 07:33:21.846 D/SGM:FgCheckThread( 1373):   sendRunningComponentFocus(), pkgName: com.wawapp.driver, userId: 0
01-12 07:33:21.846 D/SGM:FgCheckThread( 1373): onLooperPrepared(), msg: MSG_TASK_FOCUSED, pkgName: com.wawapp.driver, userId: 0
01-12 07:33:21.846 D/SGM:FgCheckThread( 1373):   handleTaskFocused(), pkgName: com.wawapp.driver, userID:0
01-12 07:33:21.846 D/SGM:FgCheckThread( 1373):   handleResume(). pkgName: com.wawapp.driver, userId: 0, isTunableApp: null
01-12 07:33:21.846 D/SGM:FgCheckThread( 1373): notifyFocusInOut(). of pkg: com.wawapp.driver, type: 4, isTunableApp: false, userId: 0
01-12 07:33:21.846 D/ActivityTaskManager( 1373): scheduleTopResumedActivityChanged, onTop=true, r=ActivityRecord{90e5884 u0 com.wawapp.driver/.MainActivity t11037}, caller=com.android.server.wm.ActivityTaskSupervisor.scheduleTopResumedActivityStateIfNeeded:2857 com.android.server.wm.ActivityTaskSupervisor.updateTopResumedActivityIfNeeded:2849 com.android.server.wm.TaskFragment.setResumedActivity:579 com.android.server.wm.TaskFragment.onActivityStateChanged:903 com.android.server.wm.ActivityRecord.setState:6811 com.android.server.wm.Task.minimalResumeActivityLocked:6192 
01-12 07:33:21.847 V/WindowManager( 1373): Collecting in transition 121: ActivityRecord{90e5884 u0 com.wawapp.driver/.MainActivity t11037}, caller=com.android.server.wm.Transition.collect:759 com.android.server.wm.TransitionController.collect:935 com.android.server.wm.ActivityRecord.setVisibility:6348 com.android.server.wm.ActivityRecord.setVisibility:6300 com.android.server.wm.ActivityRecord.completeResumeLocked:7395 
01-12 07:33:21.847 V/WindowManager( 1373): Collecting in transition 121: ActivityRecord{90e5884 u0 com.wawapp.driver/.MainActivity t11037}, caller=com.android.server.wm.Transition.collect:759 com.android.server.wm.TransitionController.collect:935 com.android.server.wm.ActivityRecord.setVisibility:6348 com.android.server.wm.ActivityRecord.setVisibility:6300 com.android.server.wm.ActivityRecord.makeInvisible:7137 
01-12 07:33:21.847 D/WindowManager( 1373): VisibleRequested updated, r=ActivityRecord{90e5884 u0 com.wawapp.driver/.MainActivity t11037}
01-12 07:33:21.849 D/SGM:FgCheckThread( 1373): noteResumeComponent(), received pkgName: com.wawapp.driver, userId: 0
01-12 07:33:21.849 D/SGM:FgCheckThread( 1373): onLooperPrepared(), msg: MSG_APP_RESUME, pkgName: com.wawapp.driver, userid: 0
01-12 07:33:21.850 D/SGM:FgCheckThread( 1373):   handleResume(). pkgName: com.wawapp.driver, userId: 0, isTunableApp: null
01-12 07:33:21.850 D/ActivityTaskManager( 1373): scheduleTopResumedActivityChanged, onTop=false, r=ActivityRecord{90e5884 u0 com.wawapp.driver/.MainActivity t11037}, caller=com.android.server.wm.ActivityTaskSupervisor.updateTopResumedActivityIfNeeded:2826 com.android.server.wm.TaskFragment.setResumedActivity:579 com.android.server.wm.TaskFragment.onActivityStateChanged:888 com.android.server.wm.ActivityRecord.setState:6811 com.android.server.wm.TaskFragment.startPausing:2004 com.android.server.wm.TaskFragment.startPausing:1948 
01-12 07:33:21.850 D/SGM:FgCheckThread( 1373): notifyFocusInOut(). of pkg: com.wawapp.driver, type: 4, isTunableApp: false, userId: 0
01-12 07:33:21.852 I/GameSDK@LifeCycle( 1373): noteResumeComponent(): package name  : com.wawapp.driver
01-12 07:33:21.855 V/WindowManager( 1373): Start calculating TransitionInfo based on participants: {Task{42c186d #11037 type=standard I=com.wawapp.driver/.MainActivity}, ActivityRecord{90e5884 u0 com.wawapp.driver/.MainActivity t11037}}
