01-01 18:03:47.992  1375  2404 D SecContentProvider: SemKnoxPolicyContract.RestrictionPolicy.CLIPBOARD_ALLOWED_AS_USER return = true
01-01 18:03:47.992  1876  2061 I gralloc4: @set_metadata: update dataspace from GM (0x00000000 -> 0x08010000)
01-01 18:03:47.993 16852 16852 I InsetsController: setRequestedVisibleTypes: visible=true, mask=ime, host=com.wawapp.driver/com.wawapp.driver.MainActivity, from=android.view.InsetsController.controlAnimationUnchecked:1445 android.view.InsetsController.applyAnimation:2005 android.view.InsetsController.applyAnimation:1968 android.view.InsetsController.show:1309 android.view.ViewRootImpl$ViewRootHandler.handleMessageImpl:7233 android.view.ViewRootImpl$ViewRootHandler.handleMessage:7166 android.os.Handler.dispatchMessage:106 android.os.Looper.loopOnce:230 android.os.Looper.loop:319 android.app.ActivityThread.main:8919 
01-01 18:03:47.994 32459  6960 I ScsApi@Feature: checkFeature() : FEATURE_SPEECH_RECOGNITION, sdk : 3.1.24
01-01 18:03:47.995 16852 16852 I InsetsController: controlAnimationUncheckedInner: Added types=ime, animType=0, host=com.wawapp.driver/com.wawapp.driver.MainActivity, from=android.view.InsetsController.controlAnimationUnchecked:1449 android.view.InsetsController.applyAnimation:2005 android.view.InsetsController.applyAnimation:1968 
01-01 18:03:47.995 32459 32459 I HBD     : m0 EBD si S 0 
01-01 18:03:47.995 32459  6960 I ScsApi@FeatureHolder: setStatus() : FEATURE_SPEECH_RECOGNITION : 0
01-01 18:03:47.995 32459  6960 I HBD     : m HoneyVoice checkFeature() 0 time: 1
01-01 18:03:47.995 32459  6960 I HBD     : a HoneyVoice isSCSSpeechFeatureEnabled : true 1 ms 
01-01 18:03:47.996  1375  1391 D InsetsSourceProvider: updateVisibility: serverVisible=true, clientVisible=true, source=InsetsSource: {3 mType=ime mFrame=[0,1400][1080,2408] mVisible=true mFlags=[]}, controlTarget=Window{3ea447a u0 com.wawapp.driver/com.wawapp.driver.MainActivity}, from=com.android.server.wm.ImeInsetsSourceProvider.updateVisibility:154 com.android.server.wm.InsetsSourceProvider.setClientVisible:606 com.android.server.wm.ImeInsetsSourceProvider.setClientVisible:101 com.android.server.wm.InsetsSourceProvider.updateClientVisibility:593 com.android.server.wm.ImeInsetsSourceProvider.updateClientVisibility:173 com.android.server.wm.InsetsStateController.onInsetsModified:275 com.android.server.wm.InsetsPolicy.onInsetsModified:516 com.android.server.wm.Session.updateRequestedVisibleTypes:797 android.view.IWindowSession$Stub.onTransact:1145 com.android.server.wm.Session.onTransact:204 
01-01 18:03:47.997  1375  1391 I WindowManager: Cancelling animation restarting=false, leash=Surface(name=Surface(name=6c20be NavigationBar0)/@0xff9475e - animation-leash of insets_animation)/@0xc9bfa01
01-01 18:03:47.997  1375  1391 I WindowManager: Reparenting to original parent: Surface(name=WindowToken{67cfb79 type=2019 android.os.BinderProxy@d8c2fc3})/@0xb84e80c, destroy=false, surface=Surface(name=6c20be NavigationBar0)/@0xff9475e
01-01 18:03:47.999  1375  1391 D WindowManager: updateSystemBarAttributes: displayId=0, win=Window{3ea447a u0 com.wawapp.driver/com.wawapp.driver.MainActivity}, navColorWin=Window{eba3da2 u0 InputMethod}, focusedCanBeNavColorWin=false, behavior=1, appearance=0, statusBarAppearanceRegions=[AppearanceRegion{ bounds=[0,0][1080,2408]}], requestedVisibilities=-1, from=com.android.server.wm.InsetsStateController.onInsetsModified:281 com.android.server.wm.InsetsPolicy.onInsetsModified:516 com.android.server.wm.Session.updateRequestedVisibleTypes:797 
01-01 18:03:48.000   841   841 I gralloc4: @set_metadata: update dataspace from GM (0x08010000 -> 0x00000000)
01-01 18:03:48.001  1876  1876 D NavigationModeController: getCurrentUserContext: contextUser=0 currentUser=0
01-01 18:03:48.003  1375  1403 V WindowManager: performShowLocked: mDrawState=HAS_DRAWN in Window{eba3da2 u0 InputMethod}
01-01 18:03:48.004 17557 17557 I .osp.app.signin: Using CollectorTypeCC GC.
01-01 18:03:48.004  1375  3575 D InputMethodManagerService: isImeSwitcherDisabledPackage : false
01-01 18:03:48.006 16852 16973 I ViewRootImpl@3ab9635[MainActivity]: mWNT: t=0xb400006fc914ef00 mBlastBufferQueue=0xb400006faffa0380 fn= 6 mRenderHdrSdrRatio=1.0 caller= android.view.SyncRtSurfaceTransactionApplier.applyTransaction:96 android.view.SyncRtSurfaceTransactionApplier.lambda$scheduleApply$0:69 android.view.SyncRtSurfaceTransactionApplier.$r8$lambda$SgowXC58rj3PR958kHUfRgLZmvE:0 
01-01 18:03:48.008 16852 16895 I gralloc4: @set_metadata: update dataspace from GM (0x00000000 -> 0x08010000)
01-01 18:03:48.008  1876  9068 I ViewRootImpl@266dbd4[StatusBar]: Resizing android.view.ViewRootImpl@f7ce344: frame = [0,0][1080,64] reportDraw = false forceLayout = false syncSeqId = -1
01-01 18:03:48.009  1876  1876 D NavigationModeController: getCurrentUserContext: contextUser=0 currentUser=0
01-01 18:03:48.009  1876 17003 I ViewRootImpl@28cc391[NavigationBar0]: Resizing android.view.ViewRootImpl@71c14e3: frame = [0,2273][1080,2408] reportDraw = false forceLayout = false syncSeqId = -1
01-01 18:03:48.009 16852 16948 I ViewRootImpl@3ab9635[MainActivity]: Resizing android.view.ViewRootImpl@117a820: frame = [0,0][1080,2408] reportDraw = false forceLayout = false syncSeqId = -1
01-01 18:03:48.010 17557 17557 E .osp.app.signin: Not starting debugger since process cannot load the jdwp agent.
01-01 18:03:48.010 16852 16852 I InsetsController: onStateChanged: host=com.wawapp.driver/com.wawapp.driver.MainActivity, from=android.view.ViewRootImpl$ViewRootHandler.handleMessageImpl:7209, state=InsetsState: {mDisplayFrame=Rect(0, 0 - 1080, 2408), mDisplayCutout=DisplayCutout{insets=Rect(0, 64 - 0, 0) waterfall=Insets{left=0, top=0, right=0, bottom=0} boundingRect={Bounds=[Rect(0, 0 - 0, 0), Rect(468, 0 - 612, 64), Rect(0, 0 - 0, 0), Rect(0, 0 - 0, 0)]} cutoutPathParserInfo={CutoutPathParserInfo{displayWidth=1080 displayHeight=2408 physicalDisplayWidth=1080 physicalDisplayHeight=2408 density={2.8125} cutoutSpec={M 0,0 H -25.6 V 22.75555555555556 H 25.6 V 0 H 0 Z @dp} rotation={0} scale={1.0} physicalPixelDisplaySizeRatio={1.0}}}}, mRoundedCorners=RoundedCorners{[RoundedCorner{position=TopLeft, radius=0, center=Point(0, 0)}, RoundedCorner{position=TopRight, radius=0, center=Point(0, 0)}, RoundedCorner{position=BottomRight, radius=0, center=Point(0, 0)}, RoundedCorner{position=BottomLeft, radius=0, center=Point(0, 0)}]}  mRoundedCornerFrame=Rect(0, 0 - 1080, 2408), mPrivacyIndicatorBounds=PrivacyIndicatorBounds {static bounds=Rect(956, 0 - 1080, 64) rotation=0}, mDisplayShape=DisplayShape{ spec=-311912193 displayWidth=1080 displayHeight=2408 physicalPixelDisplaySizeRatio=1.0 rotation=0 offsetX=0 offsetY=0 scale=1.0}, mSources= { InsetsSource: {ee1e0001 mType=navigationBars mFrame=[0,2273][1080,2408] mVisible=true mFlags=[]}, InsetsSource: {ee1e0004 mType=systemGestures mFrame=[0,0][0,0] mVisible=true mFlags=[]}, InsetsSource: {ee1e0005 mType=mandatorySystemGestures mFrame=[0,2273][1080,2408] mVisible=true mFlags=[]}, InsetsSource: {ee1e0006 mType=tappableElement mFrame=[0,2273][1080,2408] mVisible=true mFlags=[]}, InsetsSource: {ee1e0024 mType=systemGestures mFrame=[0,0][0,0] mVisible=true mFlags=[]}, InsetsSource: {fd270000 mType=statusBars mFrame=[0,0][1080,64] mVisible=true mFlags=[]}, InsetsSource: {fd270005 mType=mandatorySystemGestures mFrame=[0,0][1080,98] mVisible=true mFlags=[]}, InsetsSource: {fd270006 mType=tappableElement mFrame=[0,0][1080,64] mVisible=true mFlags=[]}, InsetsSource: {3 mType=ime mFrame=[0,1400][1080,2408] mVisible=true mFlags=[]}, InsetsSource: {27 mType=displayCutout mFrame=[0,0][1080,64] mVisible=true mFlags=[]} }
01-01 18:03:48.011 16852 16852 I ViewRootImpl@3ab9635[MainActivity]: handleResized, msg = 4 frames=ClientWindowFrames{frame=[0,0][1080,2408] display=[0,0][1080,2408] parentFrame=[0,0][0,0]} forceNextWindowRelayout=false displayId=0 dragResizing=false compatScale=1.0 frameChanged=false attachedFrameChanged=false configChanged=false displayChanged=false compatScaleChanged=false
01-01 18:03:48.012 32459 15288 I ViewRootImpl@2abddcd[InputMethod]: Resizing android.view.ViewRootImpl@2ce2e13: frame = [0,64][1080,2408] reportDraw = false forceLayout = false syncSeqId = -1
01-01 18:03:48.012 32459 32459 I ViewRootImpl@2abddcd[InputMethod]: handleResized, msg = 4 frames=ClientWindowFrames{frame=[0,64][1080,2408] display=[0,64][1080,2408] parentFrame=[0,0][0,0]} forceNextWindowRelayout=false displayId=0 dragResizing=false compatScale=1.0 frameChanged=false attachedFrameChanged=false configChanged=false displayChanged=false compatScaleChanged=false
01-01 18:03:48.012  1876  1876 D NavigationModeController: getCurrentUserContext: contextUser=0 currentUser=0
01-01 18:03:48.015   841   841 I RefreshRateSelector: Display 0 policy changed
01-01 18:03:48.015   841   841 I RefreshRateSelector: Previous: {defaultModeId=0, allowGroupSwitching=false, primaryRanges={physical=[0.00 Hz, inf Hz], render=[0.00 Hz, 60.00 Hz]}, appRequestRanges={physical=[0.00 Hz, inf Hz], render=[0.00 Hz, 60.00 Hz]}}
01-01 18:03:48.015   841   841 I RefreshRateSelector: Current:  DisplayManagerPolicy{defaultModeId=0, allowGroupSwitching=false, primaryRanges={physical=[60.00 Hz, inf Hz], render=[60.00 Hz, 60.00 Hz]}, appRequestRanges={physical=[60.00 Hz, inf Hz], render=[60.00 Hz, 60.00 Hz]}}
01-01 18:03:48.015   841   841 I RefreshRateSelector: 0 mode changes were performed under the previous policy
01-01 18:03:48.016  1876  1876 D NavigationModeController: getCurrentUserContext: contextUser=0 currentUser=0
01-01 18:03:48.016   841   841 I Layer   : id=53138 removeFromCurrentState Surface(name=6c20be NavigationBar0)/@0xff9475e - animation-leash of insets_animation#53138 (132)
01-01 18:03:48.016   841   841 I Layer   : Layer [InputMethod$_32459#53139] hidden!! flag(0)
01-01 18:03:48.016 17557 17557 D nativeloader: Load libframework-connectivity-tiramisu-jni.so using APEX ns com_android_tethering for caller /apex/com.android.tethering/javalib/framework-connectivity-t.jar: ok
01-01 18:03:48.017   841   841 I gralloc4: @set_metadata: update dataspace from GM (0x08010000 -> 0x00000000)
01-01 18:03:48.017   841   841 I SurfaceFlinger: id=53138 Removed Surface(name=6c20be NavigationBar0)/@0xff9475e - animation-leash of insets_animation#53138 (132)
01-01 18:03:48.019 16852 16974 I ViewRootImpl@3ab9635[MainActivity]: mWNT: t=0xb400006fb03ba780 mBlastBufferQueue=0xb400006faffa0380 fn= 7 mRenderHdrSdrRatio=1.0 caller= android.view.SyncRtSurfaceTransactionApplier.applyTransaction:96 android.view.SyncRtSurfaceTransactionApplier.lambda$scheduleApply$0:69 android.view.SyncRtSurfaceTransactionApplier.$r8$lambda$SgowXC58rj3PR958kHUfRgLZmvE:0 
01-01 18:03:48.019 17557 17557 D ActivityThread: setConscryptValidator
01-01 18:03:48.020 17557 17557 D ActivityThread: setConscryptValidator - put
01-01 18:03:48.020  1876  1876 D NavigationModeController: getCurrentUserContext: contextUser=0 currentUser=0
01-01 18:03:48.021   572  2576 E android.system.suspend-service: Error opening kernel wakelock stats for: wakeup127 (../../devices/platform/mt_charger/power_supply/otg/wakeup127): Permission denied
01-01 18:03:48.023  1375  1391 D CompatibilityChangeReporter: Compat change id reported: 168419799; UID 10081; state: DISABLED
01-01 18:03:48.023  1375  1391 D CompatibilityChangeReporter: Compat change id reported: 273564678; UID 10081; state: DISABLED
01-01 18:03:48.025  1876  1876 I ViewRootImpl@266dbd4[StatusBar]: handleResized, msg = 4 frames=ClientWindowFrames{frame=[0,0][1080,64] display=[0,0][1080,2408] parentFrame=[0,0][0,0]} forceNextWindowRelayout=false displayId=0 dragResizing=false compatScale=1.0 frameChanged=false attachedFrameChanged=false configChanged=false displayChanged=false compatScaleChanged=false
01-01 18:03:48.025  1375  1391 I ActivityManager: Changes in 10081 20 to 5, 0 to 56
01-01 18:03:48.025  1876  1876 I ViewRootImpl@28cc391[NavigationBar0]: handleResized, msg = 4 frames=ClientWindowFrames{frame=[0,2273][1080,2408] display=[0,0][1080,2408] parentFrame=[0,0][0,0]} forceNextWindowRelayout=false displayId=0 dragResizing=false compatScale=1.0 frameChanged=false attachedFrameChanged=false configChanged=false displayChanged=false compatScaleChanged=false
01-01 18:03:48.026  1876  1876 D NavigationBar: setImeWindowStatus displayId=0 vis=9 backDisposition=0 showImeSwitcher=false imeShown=false
01-01 18:03:48.026  1876  1876 D Navbar.Store: handleEvent(0) OnNavBarIconHintChanged(iconHint=0) [Module] NavigationBar
01-01 18:03:48.026  1876  1876 D Navbar.Store: --[Band]SETUPWIZARD_PACK_SET_NAVBAR_ICON_HINT
01-01 18:03:48.026  1876  1876 D Navbar.Store: --[Band]VIS_PACK_REEVAULATE_NAVBAR
01-01 18:03:48.026  1876  1876 D Navbar.Store: ----apply(0) NavBarStoreAction$ReevaluateNavBar
01-01 18:03:48.029  1375  1508 D CompatibilityChangeReporter: Compat change id reported: 265195908; UID 10081; state: ENABLED
01-01 18:03:48.030  1876  1876 D Navbar.Store: ----handleEvent(0) OnUpdateRemoteViewContainer(leftContainer=android.widget.LinearLayout{71ba196 V.E...... ........ 0,0-118,135 #7f0a0597 app:id/left_remoteview}, rightContainer=android.widget.LinearLayout{203b117 I.E...... ......I. 962,0-1080,135 #7f0a08aa app:id/right_remoteview}, contextualButtonVisible=false, darkIntensity=0.0, displayId=0) [Module] SamsungNavigationBarView
01-01 18:03:48.030  1876  1876 D Navbar.Store: ------[Band]REMOTE_VIEW_PACK_SET_REMOTEVIEW_CONTAINER
01-01 18:03:48.030  1876  1876 D Navbar.Store: --------apply(0) NavBarStoreAction$UpdateRemoteViewContainer
01-01 18:03:48.030  1876  1876 D Navbar.Store: --------apply(0) NavBarStoreAction$UpdateRemoteViewDarkIntensity
01-01 18:03:48.031  1876  1876 D Navbar.Store: handleEvent(0) OnUpdateSysUiStateFlag(noArguments=true) [Module] SamsungNavigationBarView
01-01 18:03:48.031  1876  1876 D Navbar.Store: --[Band]GESTURE_PACK_UPDATE_SYSTEMUI_STATE_FLAG
01-01 18:03:48.031  1876  1876 D Navbar.Store: --[Band] (afterAction) GESTURE_PACK_UPDATE_SYSTEMUI_STATE_FLAG
01-01 18:03:48.031  1876  1876 D SysUiState: SysUiState changed: old=0x10060000 new=0x10020000
01-01 18:03:48.031  2772 19528 I HoneySpace.SystemUiRepository: systemUiFlags: allow_gesture|awake
01-01 18:03:48.032  1876  1876 W Choreographer: Frame time is 0.180642 ms in the future!  Check that graphics HAL is generating vsync timestamps using the correct timebase.
01-01 18:03:48.032  2772  2829 I HoneySpace.TaskbarEventTracker: invokeEvent() called with: event = SystemUiStateChanged(stateFlags=268566528)
01-01 18:03:48.032 17557 17557 D CompatibilityChangeReporter: Compat change id reported: 171979766; UID 10081; state: ENABLED
01-01 18:03:48.032 17557 17557 D CompatibilityChangeReporter: Compat change id reported: 242716250; UID 10081; state: ENABLED
01-01 18:03:48.032   841   841 I BufferQueueDebug: [Surface(name=6c20be NavigationBar0)/@0xff9475e - animation-leash of insets_animation#53138](this:0xb400007a78ead790,id:-1,api:0,p:-1,c:841) onDestructor()
01-01 18:03:48.032   841   841 I Layer   : id=53138 Destroyed Surface(name=6c20be NavigationBar0)/@0xff9475e - animation-leash of insets_animation#53138
01-01 18:03:48.033   841   841 I gralloc4: @set_metadata: update dataspace from GM (0x08010000 -> 0x00000000)
01-01 18:03:48.035  1876  1876 I BLASTBufferQueue_Java: update, w= 1080 h= 135 mName = ViewRootImpl@28cc391[NavigationBar0] mNativeObject= 0xb400006ffa98b200 sc.mNativeObject= 0xb400006fd0fe9180 format= -3 caller= android.view.ViewRootImpl.updateBlastSurfaceIfNeeded:3017 android.view.ViewRootImpl.relayoutWindow:10131 android.view.ViewRootImpl.performTraversals:4110 android.view.ViewRootImpl.doTraversal:3288 android.view.ViewRootImpl$TraversalRunnable.run:11344 android.view.Choreographer$CallbackRecord.run:1689 
01-01 18:03:48.035  1876  1876 I ViewRootImpl@28cc391[NavigationBar0]: Relayout returned: old=(0,2273,1080,2408) new=(0,2273,1080,2408) relayoutAsync=true req=(1080,135)0 dur=2 res=0x0 s={true 0xb400006fd0b97800} ch=false seqId=50
01-01 18:03:48.035  1375  1391 V WindowManager: Relayout Window{6c20be u0 NavigationBar0}: viewVisibility=0 req=1080x135 ty=2019 d0
01-01 18:03:48.035  1876  1876 I ViewRootImpl@28cc391[NavigationBar0]: registerCallbackForPendingTransactions
01-01 18:03:48.035  1876  1876 D Navbar.Store: --NavBarStates(0) canUseNavBarBackgroundFrame: false
01-01 18:03:48.036  1375  3575 D CompatibilityChangeReporter: Compat change id reported: 170503758; UID 10081; state: ENABLED
01-01 18:03:48.037  1876  2534 I ViewRootImpl@28cc391[NavigationBar0]: mWNT: t=0xb400006fd17cc280 mBlastBufferQueue=0xb400006ffa98b200 fn= 85556 mRenderHdrSdrRatio=1.0 caller= android.view.ViewRootImpl$6.onFrameDraw:5635 android.view.ViewRootImpl$2.onFrameDraw:2146 android.view.ThreadedRenderer$1.onFrameDraw:792 
01-01 18:03:48.037 16852 16973 I ViewRootImpl@3ab9635[MainActivity]: mWNT: t=0xb400006fb03bb080 mBlastBufferQueue=0xb400006faffa0380 fn= 8 mRenderHdrSdrRatio=1.0 caller= android.view.SyncRtSurfaceTransactionApplier.applyTransaction:96 android.view.SyncRtSurfaceTransactionApplier.lambda$scheduleApply$0:69 android.view.SyncRtSurfaceTransactionApplier.$r8$lambda$SgowXC58rj3PR958kHUfRgLZmvE:0 
01-01 18:03:48.040 16852 16895 I gralloc4: @set_metadata: update dataspace from GM (0x00000000 -> 0x08010000)
01-01 18:03:48.040  1375  1391 V WindowManager: Relayout hash=6c20be, pid=0, syncId=-1: mAttrs={(0,0)(fillx135) gr=BOTTOM CENTER_VERTICAL sim={adjust=pan} layoutInDisplayCutoutMode=always ty=NAVIGATION_BAR fmt=TRANSLUCENT
01-01 18:03:48.040  1375  1391 V WindowManager:   fl=20840028
01-01 18:03:48.040  1375  1391 V WindowManager:   pfl=33001000
01-01 18:03:48.040  1375  1391 V WindowManager:   bhv=DEFAULT
01-01 18:03:48.040  1375  1391 V WindowManager:   providedInsets:
01-01 18:03:48.040  1375  1391 V WindowManager:     InsetsFrameProvider: {id=#ee1e0001, index=0, type=navigationBars, source=FRAME, flags=[], insetsSize=Insets{left=0, top=0, right=0, bottom=135}, insetsSizeOverrides=[TypedInsetsSize: {windowType=INPUT_METHOD, insetsSize=null}]}
01-01 18:03:48.040  1375  1391 V WindowManager:     InsetsFrameProvider: {id=#ee1e0006, index=0, type=tappableElement, source=FRAME, flags=[]}
01-01 18:03:48.040  1375  1391 V WindowManager:     InsetsFrameProvider: {id=#ee1e0005, index=0, type=mandatorySystemGestures, source=FRAME, flags=[]}
01-01 18:03:48.040  1375  1391 V WindowManager:     InsetsFrameProvider: {id=#ee1e0004, index=0, type=systemGestures, source=DISPLAY, flags=[], insetsSize=Insets{left=0, top=0, right=0, bottom=0}, mMinimalInsetsSizeInDisplayCutoutSafe=Insets{left=0, top=0, right=0, bottom=0}}
01-01 18:03:48.040  1375  1391 V WindowManager:     InsetsFrameProvider: {id=#ee1e0024, index=1, type=systemGestures, source=DISPLAY, flags=[], insetsSize=Insets{left=0, top=0, right=0, bottom=0}, mMinimalInsetsSizeInDisplayCutoutSafe=Insets{left=0, top=0, right=0, bottom=0}}
01-01 18:03:48.040  1375  1391 V WindowManager:   paramsForRotation:
01-01 18:03:48.040  1375  1391 V WindowManager:     ROTATION_0={(0,0)(fillx135) gr=BOTTOM CENTER_VERTICAL layoutInDisplayCutoutMode=always ty=NAVIGATION_BAR fmt=TRANSLUCENT
01-01 18:03:48.040  1375  1391 V WindowManager:       fl=20840028
01-01 18:03:48.040  1375  1391 V WindowManager:       pfl=31001000
01-01 18:03:48.040  1375  1391 V WindowManager:       bhv=DEFAULT
01-01 18:03:48.040  1375  1391 V WindowManager:       providedInsets:
01-01 18:03:48.040  1375  1391 V WindowManager:         InsetsFrameProvider: {id=#ee1e0001, index=0, type=navigationBars, source=FRAME, flags=[], insetsSize=Insets{left=0, top=0, right=0, bottom=135}, insetsSizeOverrides=[TypedInsetsSize: {windowType=INPUT_METHOD, insetsSize=null}]}
01-01 18:03:48.040  1375  1391 V WindowManager:         InsetsFrameProvider: {id=#ee1e0006, index=0, type=tappableElement, source=FRAME, flags=[]}
01-01 18:03:48.040  1375  1391 V WindowManager:         InsetsFrameProvider: {id=#ee1e0005, index=0, type=mandatorySystemGestures, source=FRAME, flags=[]}
01-01 18:03:48.040  1375  1391 V WindowManager:         InsetsFrameProvider: {id=#ee1e0004, index=0, type=systemGestures, source=DISPLAY, flags=[], insetsSize=Insets{left=0, top=0, right=0, bottom=0}, mMinimalInsetsSizeInDisplayCutoutSafe=Insets{left=0, top=0, right=0, bottom=0}}
01-01 18:03:48.040  1375  1391 V WindowManager:         InsetsFrameProvider: {id=#ee1e0024, index=1, type=systemGestures, source=DISPLAY, flags=[], insetsSize=Insets{left=0, top=0, right=0, bottom=0}, mMinimalInsetsSizeInDisplayCutoutSafe=Insets{left=0, top=0, right=0, bottom=0}} naviIconColor=0}
01-01 18:03:48.040  1375  1391 V WindowManager:     ROTATION_90={(0,0)(135xfill) gr=RIGHT CENTER_HORIZONTAL layoutInDisplayCutoutMode=always ty=NAVIGATION_BAR fmt=TRANSLUCENT
01-01 18:03:48.040  1375  1391 V WindowManager:       fl=20840028
01-01 18:03:48.040  1375  1391 V WindowManager:       pfl=31001000
01-01 18:03:48.040  1375  1391 V WindowManager:       bhv=DEFAULT
01-01 18:03:48.040  1375  1391 V WindowManager:       providedInsets:
01-01 18:03:48.040  1375  1391 V WindowManager:         InsetsFrameProvider: {id=#ee1e0001, index=0, type=navigationBars, source=FRAME, flags=[], insetsSizeOverrides=[TypedInsetsSize: {windowType=INPUT_METHOD, insetsSize=null}]}
01-01 18:03:48.040  1375  1391 V WindowManager:         InsetsFrameProvider: {id=#ee1e0006, index=0, type=tappableElement, source=FRAME, flags=[]}
01-01 18:03:48.040  1375  1391 V WindowManager:         InsetsFrameProvider: {id=#ee1e0005, index=0, type=mandatorySystemGestures, source=FRAME, flags=[]}
01-01 18:03:48.040  1375  1391 V WindowManager:         InsetsFrameProvider: {id=#ee1e0004, index=0, type=systemGestures, source=DISPLAY, flags=[], insetsSize=Insets{left=0, top=0, right=0, bottom=0}, mMinimalInsetsSizeInDisplayCutoutSafe=Insets{left=0, top=0, right=0, bottom=0}}
01-01 18:03:48.040  1375  1391 V WindowManager:         InsetsFrameProvider: {id=#ee1e0024, index=1, type=systemGestures, source=DISPLAY, flags=[], insetsSize=Insets{left=0, top=0, right=0, bottom=0}, mMinimalInsetsSizeInDisplayCutoutSafe=Insets{left=0, top=0, right=0, bottom=0}} naviIconColor=0}
01-01 18:03:48.040  1375  1391 V WindowManager:     ROTATION_180={(0,0)(fillx135) gr=BOTTOM CENTER_VERTICAL layoutInDisplayCutoutMode=always ty=NAVIGATION_BAR fmt=TRANSLUCENT
01-01 18:03:48.040  1375  1391 V WindowManager:       fl=20840028
01-01 18:03:48.040  1375  1391 V WindowManager:       pfl=31001000
01-01 18:03:48.040  1375  1391 V WindowManager:       bhv=DEFAULT
01-01 18:03:48.040  1375  1391 V WindowManager:       providedInsets:
01-01 18:03:48.040  1375  1391 V WindowManager:         InsetsFrameProvider: {id=#ee1e0001, index=0, type=navigationBars, source=FRAME, flags=[], insetsSize=Insets{left=0, top=0, right=0, bottom=135}, insetsSizeOverrides=[TypedInsetsSize: {windowType=INPUT_METHOD, insetsSize=null}]}
01-01 18:03:48.040  1375  1391 V WindowManager:         InsetsFrameProvider: {id=#ee1e0006, index=0, type=tappableElement, source=FRAME, flags=[]}
01-01 18:03:48.040  1375  1391 V WindowManager:         InsetsFrameProvider: {id=#ee1e0005, index=0, type=mandatorySystemGestures, source=FRAME, flags=[]}
01-01 18:03:48.040  1375  1391 V WindowManager:         InsetsFrameProvider: {id=#ee1e0004, index=0, type=systemGestures, source=DISPLAY, flags=[], insetsSize=Insets{left=0, top=0, right=0, bottom=0}, mMinimalInsetsSizeInDisplayCutoutSafe=Insets{left=0, top=0, right=0, bottom=0}}
01-01 18:03:48.040  1375  1391 V WindowManager:         InsetsFrameProvider: {id=#ee1e0024, index=1, type=systemGestures, source=DISPLAY, flags=[], insetsSize=Insets{left=0, top=0, right=0, bottom=0}, mMinimalInsetsSizeInDisplayCutoutSafe=Insets{left=0, top=0, right=0, bottom=0}} naviIconColor=0}
01-01 18:03:48.040  1375  1391 V WindowManager:     ROTATION_270={(0,0)(135xfill) gr=LEFT CENTER_HORIZONTAL layoutInDisplayCutoutMode=always ty=NAVIGATION_BAR fmt=TRANSLUCENT
01-01 18:03:48.040  1375  1391 V WindowManager:       fl=20840028
01-01 18:03:48.040  1375  1391 V WindowManager:       pfl=31001000
01-01 18:03:48.040  1375  1391 V WindowManager:       bhv=DEFAULT
01-01 18:03:48.040  1375  1391 V WindowManager:       providedInsets:
01-01 18:03:48.040  1375  1391 V WindowManager:         InsetsFrameProvider: {id=#ee1e0001, index=0, type=navigationBars, source=FRAME, flags=[], insetsSizeOverrides=[TypedInsetsSize: {windowType=INPUT_METHOD, insetsSize=null}]}
01-01 18:03:48.040  1375  1391 V WindowManager:         InsetsFrameProvider: {id=#ee1e0006, index=0, type=tappableElement, source=FRAME, flags=[]}
01-01 18:03:48.040  1375  1391 V WindowManager:         InsetsFrameProvider: {id=#ee1e0005, index=0, type=mandatorySystemGestures, source=FRAME, flags=[]}
01-01 18:03:48.040  1375  1391 V WindowManager:         InsetsFrameProvider: {id=#ee1e0004, index=0, type=systemGestures, source=DISPLAY, flags=[], insetsSize=Insets{left=0, top=0, right=0, bottom=0}, mMinimalInsetsSizeInDisplayCutoutSafe=Insets{left=0, top=0, right=0, bottom=0}}
01-01 18:03:48.040  1375  1391 V WindowManager:         InsetsFrameProvider: {id=#ee1e0024, index=1, type=systemGestures, source=DISPLAY, flags=[], insetsSize=Insets{left=0, top=0, right=0, bottom=0}, mMinimalInsetsSizeInDisplayCutoutSafe=Insets{left=0, top=0, right=0, bottom=0}} naviIconColor=0} naviIconColor=0}
01-01 18:03:48.041  1876  2061 I gralloc4: @set_metadata: update dataspace from GM (0x00000000 -> 0x08010000)
01-01 18:03:48.047 17557 17557 D nativeloader: Configuring clns-shared-4 for other apk /system/framework/org.apache.http.legacy.jar. target_sdk_version=34, uses_libraries=ALL, library_path=/system/priv-app/SamsungAccount/lib/arm64:/system/priv-app/SamsungAccount/SamsungAccount.apk!/lib/arm64-v8a:/system/lib64:/system_ext/lib64, permitted_path=/data:/mnt/expand:/data/user/0/com.osp.app.signin:/system/priv-app/SamsungAccount:/system/lib64:/system_ext/lib64
01-01 18:03:48.047 17557 17557 D nativeloader: Extending system_exposed_libraries: libaudiomirroring_jni.audiomirroring.samsung.so:libexifa.camera.samsung.so:libjpega.camera.samsung.so:libOpenCv.camera.samsung.so:libImageScreener.camera.samsung.so:libHpr_RecGAE_cvFeature_v1.0.camera.samsung.so:libHprFace_GAE_api.camera.samsung.so:libHprFace_GAE_jni.camera.samsung.so:libObjectAndSceneClassification_2.5_OD.camera.samsung.so:libQREngine.camera.samsung.so:libInteractiveSegmentation.camera.samsung.so:libsmart_cropping.camera.samsung.so:libFacePreProcessing.camera.samsung.so:libFacePreProcessing_jni.camera.samsung.so:libhumantracking_util.camera.samsung.so:libsurfaceutil.camera.samsung.so:libsecimaging.camera.samsung.so:libsce_v1.crypto.samsung.so:lib_vnd_client.dk.samsung.so:lib_native_client.dk.samsung.so:lib_nativeJni.dk.samsung.so:lib.engmodejni.samsung.so:libSFEffect.fonteffect.samsung.so:libknox_remotedesktopclient.knox.samsung.so:libheifcapture_jni.media.samsung.so:libjpegsq.media.samsung.so:libslljpeg.media.samsung.so:libsemimagecrop_jni.media.samsung.
01-01 18:03:48.049   572  2576 I android.system.suspend-service: Could not open event_count for wakeup115: Original kwl [Path]=../../devices/platform/11012000.spi2/spi_master/spi2/spi2.2/wakeup/wakeup115
01-01 18:03:48.050  1375  3575 D InputMethodManagerService: isImeSwitcherDisabledPackage : false
01-01 18:03:48.050 17557 17557 D nativeloader: Configuring clns-shared-5 for other apk /system/framework/samsungkeystoreutils.jar. target_sdk_version=34, uses_libraries=ALL, library_path=/system/priv-app/SamsungAccount/lib/arm64:/system/priv-app/SamsungAccount/SamsungAccount.apk!/lib/arm64-v8a:/system/lib64:/system_ext/lib64, permitted_path=/data:/mnt/expand:/data/user/0/com.osp.app.signin:/system/priv-app/SamsungAccount:/system/lib64:/system_ext/lib64
01-01 18:03:48.051 17557 17557 D nativeloader: Extending system_exposed_libraries: libaudiomirroring_jni.audiomirroring.samsung.so:libexifa.camera.samsung.so:libjpega.camera.samsung.so:libOpenCv.camera.samsung.so:libImageScreener.camera.samsung.so:libHpr_RecGAE_cvFeature_v1.0.camera.samsung.so:libHprFace_GAE_api.camera.samsung.so:libHprFace_GAE_jni.camera.samsung.so:libObjectAndSceneClassification_2.5_OD.camera.samsung.so:libQREngine.camera.samsung.so:libInteractiveSegmentation.camera.samsung.so:libsmart_cropping.camera.samsung.so:libFacePreProcessing.camera.samsung.so:libFacePreProcessing_jni.camera.samsung.so:libhumantracking_util.camera.samsung.so:libsurfaceutil.camera.samsung.so:libsecimaging.camera.samsung.so:libsce_v1.crypto.samsung.so:lib_vnd_client.dk.samsung.so:lib_native_client.dk.samsung.so:lib_nativeJni.dk.samsung.so:lib.engmodejni.samsung.so:libSFEffect.fonteffect.samsung.so:libknox_remotedesktopclient.knox.samsung.so:libheifcapture_jni.media.samsung.so:libjpegsq.media.samsung.so:libslljpeg.media.samsung.so:libsemimagecrop_jni.media.samsung.
01-01 18:03:48.051  1876  1876 D NavigationBar: setImeWindowStatus displayId=0 vis=3 backDisposition=0 showImeSwitcher=false imeShown=true
01-01 18:03:48.051  1876  1876 D Navbar.Store: handleEvent(0) OnNavBarIconHintChanged(iconHint=3) [Module] NavigationBar
01-01 18:03:48.051  1876  1876 D Navbar.Store: --[Band]SETUPWIZARD_PACK_SET_NAVBAR_ICON_HINT
01-01 18:03:48.052  1876  1876 D Navbar.Store: --[Band]VIS_PACK_REEVAULATE_NAVBAR
01-01 18:03:48.052  1876  1876 D Navbar.Store: ----apply(0) NavBarStoreAction$ReevaluateNavBar
01-01 18:03:48.052   572  2576 I android.system.suspend-service: Could not open event_count for wakeup1: Original kwl [Path]=../../devices/platform/10238000.gce/wakeup/wakeup1
01-01 18:03:48.053  1876  1876 D Navbar.Store: ----handleEvent(0) OnUpdateRemoteViewContainer(leftContainer=android.widget.LinearLayout{71ba196 V.E...... ........ 0,0-118,135 #7f0a0597 app:id/left_remoteview}, rightContainer=android.widget.LinearLayout{203b117 I.E...... ......I. 962,0-1080,135 #7f0a08aa app:id/right_remoteview}, contextualButtonVisible=false, darkIntensity=0.0, displayId=0) [Module] SamsungNavigationBarView
01-01 18:03:48.053  1876  1876 D Navbar.Store: ------[Band]REMOTE_VIEW_PACK_SET_REMOTEVIEW_CONTAINER
01-01 18:03:48.053  1876  1876 D Navbar.Store: --------apply(0) NavBarStoreAction$UpdateRemoteViewContainer
01-01 18:03:48.053  1876  1876 D Navbar.Store: --------apply(0) NavBarStoreAction$UpdateRemoteViewDarkIntensity
01-01 18:03:48.053 16852 16974 I ViewRootImpl@3ab9635[MainActivity]: mWNT: t=0xb400006fb03bb200 mBlastBufferQueue=0xb400006faffa0380 fn= 9 mRenderHdrSdrRatio=1.0 caller= android.view.SyncRtSurfaceTransactionApplier.applyTransaction:96 android.view.SyncRtSurfaceTransactionApplier.lambda$scheduleApply$0:69 android.view.SyncRtSurfaceTransactionApplier.$r8$lambda$SgowXC58rj3PR958kHUfRgLZmvE:0 
01-01 18:03:48.054  1876  1876 D Navbar.Store: handleEvent(0) OnUpdateSysUiStateFlag(noArguments=true) [Module] SamsungNavigationBarView
01-01 18:03:48.054  1876  1876 D Navbar.Store: --[Band]GESTURE_PACK_UPDATE_SYSTEMUI_STATE_FLAG
01-01 18:03:48.054  1876  1876 D Navbar.Store: --[Band] (afterAction) GESTURE_PACK_UPDATE_SYSTEMUI_STATE_FLAG
01-01 18:03:48.054  1876  1876 D SysUiState: SysUiState changed: old=0x10020000 new=0x10060000
01-01 18:03:48.054  2772 19528 I HoneySpace.SystemUiRepository: systemUiFlags: allow_gesture|ime_visible|awake
01-01 18:03:48.055  2772  2829 I HoneySpace.TaskbarEventTracker: invokeEvent() called with: event = SystemUiStateChanged(stateFlags=268828672)
01-01 18:03:48.056   841   841 D SurfaceFlinger: Display 0 HWC layers:
01-01 18:03:48.056   841   841 D SurfaceFlinger:      DEVICE | 0xb400007aa0829680 | 0102 | RGBA_8888    |    0.0    0.0 1080.0 2273.0 |    0    0 1080 2273 | SurfaceView[com.wawapp.driver/com.wawapp.driver.MainActivity]@0(BLAST)#53130
01-01 18:03:48.056   841   841 D SurfaceFlinger:      DEVICE | 0xb400007aa09ce600 | 0100 | RGBA_8888    |    0.0    0.0 1080.0 2408.0 |    0    0 1080 2408 | com.wawapp.driver/com.wawapp.driver.MainActivity$_16852#53127
01-01 18:03:48.056   841   841 D SurfaceFlinger:      DEVICE | 0xb400007aa082aa00 | 0100 | RGBA_8888    |    0.0    0.0 1080.0 1382.0 |    0 1026 1080 2408 | InputMethod$_32459#53139
01-01 18:03:48.056   841   841 D SurfaceFlinger:      DEVICE | 0xb400007a79376f80 | 0100 | RGBA_8888    |    0.0    0.0 1080.0   64.0 |    0    0 1080   64 | StatusBar$_1876#83
01-01 18:03:48.056   841   841 D SurfaceFlinger:      DEVICE | 0xb400007a78686000 | 0100 | RGBA_8888    |    0.0    0.0 1080.0  135.0 |    0 2273 1080 2408 | NavigationBar0$_1876#79
01-01 18:03:48.056   841   841 D SurfaceFlinger: 
01-01 18:03:48.056 16852 16895 I gralloc4: @set_metadata: update dataspace from GM (0x00000000 -> 0x08010000)
01-01 18:03:48.056   572  2576 I android.system.suspend-service: Could not open event_count for wakeup133: Original kwl [Path]=../../devices/platform/1100d000.i2c6/i2c-6/6-0022/dual_role_usb/otg_default/wakeup133
01-01 18:03:48.066  1876  1876 D Navbar.Store: --NavBarStates(0) canUseNavBarBackgroundFrame: false
01-01 18:03:48.070  1876  2061 I gralloc4: @set_metadata: update dataspace from GM (0x00000000 -> 0x08010000)
01-01 18:03:48.079 16852 16973 I ViewRootImpl@3ab9635[MainActivity]: mWNT: t=0xb400007094c71680 mBlastBufferQueue=0xb400006faffa0380 fn= 10 mRenderHdrSdrRatio=1.0 caller= android.view.SyncRtSurfaceTransactionApplier.applyTransaction:96 android.view.SyncRtSurfaceTransactionApplier.lambda$scheduleApply$0:69 android.view.SyncRtSurfaceTransactionApplier.$r8$lambda$SgowXC58rj3PR958kHUfRgLZmvE:0 
01-01 18:03:48.083 16852 16895 I gralloc4: @set_metadata: update dataspace from GM (0x00000000 -> 0x08010000)
01-01 18:03:48.086 16852 16974 I ViewRootImpl@3ab9635[MainActivity]: mWNT: t=0xb4000070899dd680 mBlastBufferQueue=0xb400006faffa0380 fn= 11 mRenderHdrSdrRatio=1.0 caller= android.view.SyncRtSurfaceTransactionApplier.applyTransaction:96 android.view.SyncRtSurfaceTransactionApplier.lambda$scheduleApply$0:69 android.view.SyncRtSurfaceTransactionApplier.$r8$lambda$SgowXC58rj3PR958kHUfRgLZmvE:0 
01-01 18:03:48.088 16852 16895 I gralloc4: @set_metadata: update dataspace from GM (0x00000000 -> 0x08010000)
01-01 18:03:48.088   572  2576 I android.system.suspend-service: !@ getWakeLockStats(Kernel) (148ms)
01-01 18:03:48.088   572  2576 W android.system.suspend-service: getWakeLockStats -
01-01 18:03:48.089  1375  1418 D KernelWakelockReader: name=PowerManagerService.WakeLocks	 isActive=true	 lastChange=250589531	 activeCount=33891	 activeTime=30154	 totalTime=96331450	 version=1900	 time_delta=67975000
01-01 18:03:48.089  1375  1418 D KernelWakelockReader: name=PowerManagerService.Broadcasts	 isActive=false	 lastChange=250502581	 activeCount=1044	 activeTime=0	 totalTime=328135	 version=1900	 time_delta=346000
01-01 18:03:48.089  1375  1418 D KernelWakelockReader: name=PowerManagerService.Display	 isActive=true	 lastChange=250589531	 activeCount=1186	 activeTime=87292	 totalTime=139116540	 version=1900	 time_delta=87292000
01-01 18:03:48.089  1375  1418 D KernelWakelockReader: name=PowerManager.SuspendLockout	 isActive=true	 lastChange=250589531	 activeCount=1186	 activeTime=87293	 totalTime=139088015	 version=1900	 time_delta=87293000
01-01 18:03:48.089  1375  1418 D KernelWakelockReader: name=PowerManagerService.Booting	 isActive=false	 lastChange=33130	 activeCount=1	 activeTime=0	 totalTime=18063	 version=1900	 time_delta=0
01-01 18:03:48.089  1375  1418 I BatteryStatsImpl: updateKernelWakelocksLocked:: name=PowerManager.SuspendLockout / totalTime=139088015000 / mCount=1186 / version=1900
01-01 18:03:48.089  1375  1418 I BatteryStatsImpl: updateKernelWakelocksLocked:: name=PowerManagerService.Display / totalTime=139116540000 / mCount=1186 / version=1900
01-01 18:03:48.089  1375  1418 I BatteryStatsImpl: updateKernelWakelocksLocked:: name=PowerManagerService.WakeLocks / totalTime=96331450000 / mCount=33891 / version=1900
01-01 18:03:48.089  1375  1418 I BatteryStatsImpl: updateKernelWakelocksLocked:: name=PowerManagerService.Broadcasts / totalTime=328135000 / mCount=1044 / version=1900
01-01 18:03:48.089  1375  1418 I BatteryStatsImpl: updateKernelWakelocksLocked:: name=PowerManagerService.Booting / totalTime=18063000 / mCount=1 / version=1900
01-01 18:03:48.090  1375  1418 D BatteryExternalStatsWorker: Update Kernel wakelock & memory state
01-01 18:03:48.090  1375  1418 D BatteryExternalStatsWorker: Update RPM state
01-01 18:03:48.090  1375  1418 D BatteryExternalStatsWorker: mStats lock released
01-01 18:03:48.097  1375  1418 D BatteryExternalStatsWorker: Update modem state
01-01 18:03:48.097  1375  1418 D BatteryExternalStatsWorker: done updateExternalStatsLocked
01-01 18:03:48.105 16852 16973 I ViewRootImpl@3ab9635[MainActivity]: mWNT: t=0xb4000070697bd780 mBlastBufferQueue=0xb400006faffa0380 fn= 12 mRenderHdrSdrRatio=1.0 caller= android.view.SyncRtSurfaceTransactionApplier.applyTransaction:96 android.view.SyncRtSurfaceTransactionApplier.lambda$scheduleApply$0:69 android.view.SyncRtSurfaceTransactionApplier.$r8$lambda$SgowXC58rj3PR958kHUfRgLZmvE:0 
01-01 18:03:48.107 16852 16895 I gralloc4: @set_metadata: update dataspace from GM (0x00000000 -> 0x08010000)
01-01 18:03:48.114 27954 17574 I GmscoreIpa: Starting mediastore instant index [CONTEXT service_id=255 ]
01-01 18:03:48.119 16852 16974 I ViewRootImpl@3ab9635[MainActivity]: mWNT: t=0xb4000070697bd900 mBlastBufferQueue=0xb400006faffa0380 fn= 13 mRenderHdrSdrRatio=1.0 caller= android.view.SyncRtSurfaceTransactionApplier.applyTransaction:96 android.view.SyncRtSurfaceTransactionApplier.lambda$scheduleApply$0:69 android.view.SyncRtSurfaceTransactionApplier.$r8$lambda$SgowXC58rj3PR958kHUfRgLZmvE:0 
01-01 18:03:48.123 16852 16895 I gralloc4: @set_metadata: update dataspace from GM (0x00000000 -> 0x08010000)
01-01 18:03:48.124  1375  1400 I GestureDetector: handleMessage TAP
01-01 18:03:48.127  1375  1375 I GestureDetector: handleMessage TAP
01-01 18:03:48.136 16852 16973 I ViewRootImpl@3ab9635[MainActivity]: mWNT: t=0xb40000706990e680 mBlastBufferQueue=0xb400006faffa0380 fn= 14 mRenderHdrSdrRatio=1.0 caller= android.view.SyncRtSurfaceTransactionApplier.applyTransaction:96 android.view.SyncRtSurfaceTransactionApplier.lambda$scheduleApply$0:69 android.view.SyncRtSurfaceTransactionApplier.$r8$lambda$SgowXC58rj3PR958kHUfRgLZmvE:0 
01-01 18:03:48.139 16852 16895 I gralloc4: @set_metadata: update dataspace from GM (0x00000000 -> 0x08010000)
01-01 18:03:48.144  1375  1419 I MARsExemptionManager: com.sec.android.app.shealth is exempted from MARs
01-01 18:03:48.149 16852 16974 I ViewRootImpl@3ab9635[MainActivity]: mWNT: t=0xb40000706990fa00 mBlastBufferQueue=0xb400006faffa0380 fn= 15 mRenderHdrSdrRatio=1.0 caller= android.view.SyncRtSurfaceTransactionApplier.applyTransaction:96 android.view.SyncRtSurfaceTransactionApplier.lambda$scheduleApply$0:69 android.view.SyncRtSurfaceTransactionApplier.$r8$lambda$SgowXC58rj3PR958kHUfRgLZmvE:0 
01-01 18:03:48.150 17557 17557 D nativeloader: Configuring clns-shared-6 for other apk /system/priv-app/SamsungAccount/SamsungAccount.apk. target_sdk_version=34, uses_libraries=, library_path=/system/priv-app/SamsungAccount/lib/arm64:/system/priv-app/SamsungAccount/SamsungAccount.apk!/lib/arm64-v8a:/system/lib64:/system_ext/lib64, permitted_path=/data:/mnt/expand:/data/user/0/com.osp.app.signin:/system/priv-app/SamsungAccount:/system/lib64:/system_ext/lib64
01-01 18:03:48.155 16852 16895 I gralloc4: @set_metadata: update dataspace from GM (0x00000000 -> 0x08010000)
01-01 18:03:48.166 16852 16973 I ViewRootImpl@3ab9635[MainActivity]: mWNT: t=0xb400006fc913e180 mBlastBufferQueue=0xb400006faffa0380 fn= 16 mRenderHdrSdrRatio=1.0 caller= android.view.SyncRtSurfaceTransactionApplier.applyTransaction:96 android.view.SyncRtSurfaceTransactionApplier.lambda$scheduleApply$0:69 android.view.SyncRtSurfaceTransactionApplier.$r8$lambda$SgowXC58rj3PR958kHUfRgLZmvE:0 
01-01 18:03:48.172 16852 16895 I gralloc4: @set_metadata: update dataspace from GM (0x00000000 -> 0x08010000)
01-01 18:03:48.176  1876  1876 D StatusBarIconController: ignoring old pipeline callbacks, because the new mobile icons are enabled
01-01 18:03:48.184 16852 16974 I ViewRootImpl@3ab9635[MainActivity]: mWNT: t=0xb400006fb03bb380 mBlastBufferQueue=0xb400006faffa0380 fn= 17 mRenderHdrSdrRatio=1.0 caller= android.view.SyncRtSurfaceTransactionApplier.applyTransaction:96 android.view.SyncRtSurfaceTransactionApplier.lambda$scheduleApply$0:69 android.view.SyncRtSurfaceTransactionApplier.$r8$lambda$SgowXC58rj3PR958kHUfRgLZmvE:0 
01-01 18:03:48.188  1876  2061 I gralloc4: @set_metadata: update dataspace from GM (0x00000000 -> 0x08010000)
01-01 18:03:48.189 16852 16895 I gralloc4: @set_metadata: update dataspace from GM (0x00000000 -> 0x08010000)
01-01 18:03:48.197   841   841 I BufferQueueProducer: [StatusBar$_1876#83](this:0xb400007a78f3f790,id:-1,api:0,p:-1,c:841) queueBuffer: fps=0.67 dur=2984.24 max=2011.87 min=972.36
01-01 18:03:48.204 15317 15376 I WM-WorkerWrapper: Worker result SUCCESS for Work [ id=55903721-108c-4eae-ac53-eeb8f0400cd9, tags={ com.whatsapp.xmpp.messaging.XmppLifecycleWorker } ]
01-01 18:03:48.208 16852 16973 I ViewRootImpl@3ab9635[MainActivity]: mWNT: t=0xb4000070899dc300 mBlastBufferQueue=0xb400006faffa0380 fn= 18 mRenderHdrSdrRatio=1.0 caller= android.view.SyncRtSurfaceTransactionApplier.applyTransaction:96 android.view.SyncRtSurfaceTransactionApplier.lambda$scheduleApply$0:69 android.view.SyncRtSurfaceTransactionApplier.$r8$lambda$SgowXC58rj3PR958kHUfRgLZmvE:0 
01-01 18:03:48.210 15317 15317 D WM-Processor: 1DT 55903721-108c-4eae-ac53-eeb8f0400cd9 executed; reschedule = false
01-01 18:03:48.210 15317 15317 D WM-GreedyScheduler: Stopping tracking for WorkGenerationalId(workSpecId=55903721-108c-4eae-ac53-eeb8f0400cd9, generation=0)
01-01 18:03:48.210 15317 15317 D WM-SystemJobService: 55903721-108c-4eae-ac53-eeb8f0400cd9 executed on JobScheduler
01-01 18:03:48.211 16852 16895 I gralloc4: @set_metadata: update dataspace from GM (0x00000000 -> 0x08010000)
01-01 18:03:48.215  1375  1391 I ActivityManager: Changes in 10351 8 to 10, 8 to 0
01-01 18:03:48.216 16852 16974 I ViewRootImpl@3ab9635[MainActivity]: mWNT: t=0xb4000070899dc480 mBlastBufferQueue=0xb400006faffa0380 fn= 19 mRenderHdrSdrRatio=1.0 caller= android.view.SyncRtSurfaceTransactionApplier.applyTransaction:96 android.view.SyncRtSurfaceTransactionApplier.lambda$scheduleApply$0:69 android.view.SyncRtSurfaceTransactionApplier.$r8$lambda$SgowXC58rj3PR958kHUfRgLZmvE:0 
01-01 18:03:48.217  3126  3552 I dxzo    : (REDACTED) appOpsListener %s %s
01-01 18:03:48.217  3126  3552 I dxzo    : (REDACTED) Ignoring irrelevant audio permission changes for package %s
01-01 18:03:48.218 15317 15376 D WM-GreedyScheduler: Cancelling work ID 55903721-108c-4eae-ac53-eeb8f0400cd9
01-01 18:03:48.222 16852 16895 I gralloc4: @set_metadata: update dataspace from GM (0x00000000 -> 0x08010000)
01-01 18:03:48.222 15317 15376 D WM-GreedyScheduler: Starting tracking for 2ca326d3-e740-46b5-a736-56783084e28f
01-01 18:03:48.234 16852 16973 I ViewRootImpl@3ab9635[MainActivity]: mWNT: t=0xb400006fc913e480 mBlastBufferQueue=0xb400006faffa0380 fn= 20 mRenderHdrSdrRatio=1.0 caller= android.view.SyncRtSurfaceTransactionApplier.applyTransaction:96 android.view.SyncRtSurfaceTransactionApplier.lambda$scheduleApply$0:69 android.view.SyncRtSurfaceTransactionApplier.$r8$lambda$SgowXC58rj3PR958kHUfRgLZmvE:0 
01-01 18:03:48.237   543   543 D io_stats: !@ 179,0 r 37685876 533029746 w 5947597 67448704 d 892652 66632536 f 0 0 iot 9688336 0 th 0 0 0 pt 0 inp 0 1 250589.827
01-01 18:03:48.240 16852 16895 I gralloc4: @set_metadata: update dataspace from GM (0x00000000 -> 0x08010000)
01-01 18:03:48.253 16852 16974 I ViewRootImpl@3ab9635[MainActivity]: mWNT: t=0xb400006fc913e780 mBlastBufferQueue=0xb400006faffa0380 fn= 21 mRenderHdrSdrRatio=1.0 caller= android.view.SyncRtSurfaceTransactionApplier.applyTransaction:96 android.view.SyncRtSurfaceTransactionApplier.lambda$scheduleApply$0:69 android.view.SyncRtSurfaceTransactionApplier.$r8$lambda$SgowXC58rj3PR958kHUfRgLZmvE:0 
01-01 18:03:48.255 16852 16895 I gralloc4: @set_metadata: update dataspace from GM (0x00000000 -> 0x08010000)
01-01 18:03:48.266 16852 16973 I ViewRootImpl@3ab9635[MainActivity]: mWNT: t=0xb400006fc913e900 mBlastBufferQueue=0xb400006faffa0380 fn= 22 mRenderHdrSdrRatio=1.0 caller= android.view.SyncRtSurfaceTransactionApplier.applyTransaction:96 android.view.SyncRtSurfaceTransactionApplier.lambda$scheduleApply$0:69 android.view.SyncRtSurfaceTransactionApplier.$r8$lambda$SgowXC58rj3PR958kHUfRgLZmvE:0 
01-01 18:03:48.272 16852 16895 I gralloc4: @set_metadata: update dataspace from GM (0x00000000 -> 0x08010000)
01-01 18:03:48.284 16852 16974 I ViewRootImpl@3ab9635[MainActivity]: mWNT: t=0xb400006fc9140580 mBlastBufferQueue=0xb400006faffa0380 fn= 23 mRenderHdrSdrRatio=1.0 caller= android.view.SyncRtSurfaceTransactionApplier.applyTransaction:96 android.view.SyncRtSurfaceTransactionApplier.lambda$scheduleApply$0:69 android.view.SyncRtSurfaceTransactionApplier.$r8$lambda$SgowXC58rj3PR958kHUfRgLZmvE:0 
01-01 18:03:48.286 17557 17557 D nativeloader: Load libframework-connectivity-jni.so using APEX ns com_android_tethering for caller /apex/com.android.tethering/javalib/framework-connectivity.jar: ok
01-01 18:03:48.288  1375  1391 D VpnManagerService: Exception: java.lang.NullPointerException: Attempt to invoke interface method 'int com.samsung.android.knox.zt.networktrust.filter.IKnoxNetworkFilterService.getKnoxNwFilterHttpProxyPort(int, java.lang.String)' on a null object reference
01-01 18:03:48.288  1375  1391 D VpnManagerService: 	at com.android.server.VpnManagerService.getKnoxNwFilterHttpProxyPort(VpnManagerService.java:1945)
01-01 18:03:48.288  1375  1391 D VpnManagerService: 	at android.net.IVpnManager$Stub.onTransact(IVpnManager.java:1075)
01-01 18:03:48.288  1375  1391 D VpnManagerService: 	at android.os.Binder.execTransactInternal(Binder.java:1375)
01-01 18:03:48.288  1375  1391 D VpnManagerService: 	at android.os.Binder.execTransact(Binder.java:1311)
01-01 18:03:48.290 16852 16895 I gralloc4: @set_metadata: update dataspace from GM (0x00000000 -> 0x08010000)
01-01 18:03:48.292 17557 17557 V GraphicsEnvironment: Currently set values for:
01-01 18:03:48.292 17557 17557 V GraphicsEnvironment:   angle_gl_driver_selection_pkgs=[]
01-01 18:03:48.292 17557 17557 V GraphicsEnvironment:   angle_gl_driver_selection_values=[]
01-01 18:03:48.292 17557 17557 V GraphicsEnvironment: ANGLE GameManagerService for com.osp.app.signin: false
01-01 18:03:48.292 17557 17557 V GraphicsEnvironment: com.osp.app.signin is not listed in per-application setting
01-01 18:03:48.292 17557 17557 V GraphicsEnvironment: Neither updatable production driver nor prerelease driver is supported.
01-01 18:03:48.298 16852 16852 I InsetsController: cancelAnimation: types=ime, animType=0, host=com.wawapp.driver/com.wawapp.driver.MainActivity, from=android.view.InsetsController.notifyFinished:1748 android.view.InsetsAnimationControlImpl.applyChangeInsets:312 android.view.InsetsController.lambda$new$3:918 
01-01 18:03:48.299 16852 16852 I ImeTracker: com.wawapp.driver:ad16b314: onShown
01-01 18:03:48.302 16852 16973 I ViewRootImpl@3ab9635[MainActivity]: mWNT: t=0xb400006fc914ef00 mBlastBufferQueue=0xb400006faffa0380 fn= 24 mRenderHdrSdrRatio=1.0 caller= android.view.SyncRtSurfaceTransactionApplier.applyTransaction:96 android.view.SyncRtSurfaceTransactionApplier.lambda$scheduleApply$0:69 android.view.SyncRtSurfaceTransactionApplier.$r8$lambda$SgowXC58rj3PR958kHUfRgLZmvE:0 
01-01 18:03:48.302 16852 16973 I ViewRootImpl@3ab9635[MainActivity]: mWNT: t=0xb400006fb03ba900 mBlastBufferQueue=0xb400006faffa0380 fn= 24 mRenderHdrSdrRatio=1.0 caller= android.view.SyncRtSurfaceTransactionApplier.applyTransaction:96 android.view.SyncRtSurfaceTransactionApplier.lambda$scheduleApply$0:69 android.view.SyncRtSurfaceTransactionApplier.$r8$lambda$SgowXC58rj3PR958kHUfRgLZmvE:0 
01-01 18:03:48.306 16852 16895 I gralloc4: @set_metadata: update dataspace from GM (0x00000000 -> 0x08010000)
01-01 18:03:48.316 17557 17557 D CompatibilityChangeReporter: Compat change id reported: 183155436; UID 10081; state: ENABLED
01-01 18:03:48.318 17557 17557 I FirebaseApp: Device unlocked: initializing all Firebase APIs for app [DEFAULT]
01-01 18:03:48.324 17557 17557 I FirebaseInitProvider: FirebaseApp initialization successful
01-01 18:03:48.325 17557 17557 I CapsuleProvider_1.0.23: onCreate
01-01 18:03:48.329   806 17550 I mtkpower_client: perf_lock_rel, hdl:54017, tid:17550
01-01 18:03:48.329   806 17550 I HYPER-HAL: [RequestManager.cpp]releaseLocked(): Released ID : 526842031
01-01 18:03:48.331   813   869 I libPowerHal: [perfLockRel] hdl:54017, idx:1
01-01 18:03:48.331   813   869 I libPowerHal: vendor.samsung.: cpu_ctrl set cpu freq: -1 -1 -1 -1
01-01 18:03:48.332 17557 17557 D WM-WrkMgrInitializer: Initializing WorkManager with default configuration.
01-01 18:03:48.336  1375  1391 D PackageManager: setEnabledSetting : userId = 0 packageName = com.osp.app.signin cmp = androidx.work.impl.background.systemjob.SystemJobService newState = 1 callingPackage = com.osp.app.signin
01-01 18:03:48.337  1375  1391 D ApplicationPolicy: getApplicationStateEnabled : pkg = com.osp.app.signin userId : 0
01-01 18:03:48.338  1375  1391 D ApplicationPolicy: getApplicationComponentState : pkg = com.osp.app.signin userId : 0
01-01 18:03:48.339 17557 17583 W .osp.app.signin: ClassLoaderContext classpath size mismatch. expected=1, found=0 (DLC[];PCL[base.apk*2108145554]{PCL[/system/framework/org.apache.http.legacy.jar*365604909]#PCL[/system/framework/com.android.media.remotedisplay.jar*2114713712]#PCL[/system/framework/com.android.location.provider.jar*3994156537]#PCL[/system/framework/org.apache.http.legacy.jar*365604909]} | DLC[];PCL[])
01-01 18:03:48.344 17557 17583 I DynamiteModule: Considering local module com.google.android.gms.measurement.dynamite:92 and remote module com.google.android.gms.measurement.dynamite:170
01-01 18:03:48.344 17557 17583 I DynamiteModule: Selected remote version of com.google.android.gms.measurement.dynamite, version >= 170
