01-01 18:12:41.834  1375  1386 I system_server: Background concurrent copying GC freed 16MB AllocSpace bytes, 592(11MB) LOS objects, 20% free, 90MB/114MB, paused 1.347ms,270us total 377.157ms
01-01 18:12:41.834  1020  1078 D Qst     : Qst_doCaliApi input:-87.400002,77.599998,-343.299988,
01-01 18:12:41.835  1020  1078 D Qst     : Qst_doCaliApi output:-4.932267,19.163736,-11.486934,3
01-01 18:12:41.835  1020  1078 D Qst     : Qst_caliApiSetMagData:-4.932267,19.163736,-11.486934
01-01 18:12:41.835  1375  1387 W JavaBinder: BinderProxy is being destroyed but the application did not call unlinkToDeath to unlink all of its death recipients beforehand.  Releasing leaked death recipient: com.android.server.art.ArtdRefCache$CacheDeathRecipient
01-01 18:12:41.835  1375  1387 I BpBinder: onLastStrongRef automatically unlinking death recipients: 
01-01 18:12:41.844  1020  1078 D Qst     : Qst_caliApiSetAccData:0.357000,0.024000,9.703000
01-01 18:12:41.844  1020  1078 D Qst     : Qst_getRotationVector:-0.000992,-0.018298,-0.115132,0.993181,0.000000,0.000000
01-01 18:12:41.845  1020  1078 D Qst     : Qst_getLinearaccel:-0.001219,0.000560,0.001677
01-01 18:12:41.855  1020  1078 D Qst     : Qst_doCaliApi input:-87.300003,77.699997,-343.500000,
01-01 18:12:41.855  1020  1078 D Qst     : Qst_doCaliApi output:-4.921601,19.149870,-11.463468,3
01-01 18:12:41.855  1020  1078 D Qst     : Qst_caliApiSetMagData:-4.921601,19.149870,-11.463468
01-01 18:12:41.864  1020  1078 D Qst     : Qst_caliApiSetAccData:0.357000,-0.051000,9.684000
01-01 18:12:41.864  1020  1078 D Qst     : Qst_getRotationVector:-0.001105,-0.018253,-0.115005,0.993197,0.000000,0.000000
01-01 18:12:41.865  1020  1078 D Qst     : Qst_getLinearaccel:-0.001482,-0.001552,0.000835
01-01 18:12:41.875  1020  1078 D Qst     : Qst_doCaliApi input:-87.500000,77.699997,-343.700012,
01-01 18:12:41.876  1020  1078 D Qst     : Qst_doCaliApi output:-4.915201,19.139202,-11.456000,3
01-01 18:12:41.876  1020  1078 D Qst     : Qst_caliApiSetMagData:-4.915201,19.139202,-11.456000
01-01 18:12:41.884  1020  1078 D Qst     : Qst_caliApiSetAccData:0.338000,0.044000,9.684000
01-01 18:12:41.884  1020  1078 D Qst     : Qst_getRotationVector:-0.001064,-0.018193,-0.114948,0.993204,0.000000,0.000000
01-01 18:12:41.884  1020  1078 D Qst     : Qst_getLinearaccel:-0.002199,-0.000708,-0.000372
01-01 18:12:41.895  1020  1078 D Qst     : Qst_doCaliApi input:-87.699997,77.599998,-343.299988,
01-01 18:12:41.896  1020  1078 D Qst     : Qst_doCaliApi output:-4.918401,19.123203,-11.425068,3
01-01 18:12:41.896  1020  1078 D Qst     : Qst_caliApiSetMagData:-4.918401,19.123203,-11.425068
01-01 18:12:41.905  1020  1078 D Qst     : Qst_caliApiSetAccData:0.395000,0.044000,9.703000
01-01 18:12:41.905  1020  1078 D Qst     : Qst_getRotationVector:-0.001043,-0.018261,-0.115105,0.993185,0.000000,0.000000
01-01 18:12:41.905  1020  1078 D Qst     : Qst_getLinearaccel:-0.000746,-0.000033,-0.000298
01-01 18:12:41.914  1020  1078 D Qst     : Qst_doCaliApi input:-87.599998,77.900002,-343.600006,
01-01 18:12:41.915  1020  1078 D Qst     : Qst_doCaliApi output:-4.912001,19.116802,-11.400535,3
01-01 18:12:41.915  1020  1078 D Qst     : Qst_caliApiSetMagData:-4.912001,19.116802,-11.400535
01-01 18:12:41.924  1020  1078 D Qst     : Qst_caliApiSetAccData:0.357000,0.024000,9.723000
01-01 18:12:41.924  1020  1078 D Qst     : Qst_getRotationVector:-0.001078,-0.018323,-0.114974,0.993199,0.000000,0.000000
01-01 18:12:41.924  1020  1078 D Qst     : Qst_getLinearaccel:0.000444,-0.000560,0.000296
01-01 18:12:41.935  1020  1078 D Qst     : Qst_doCaliApi input:-87.300003,77.800003,-343.899994,
01-01 18:12:41.935  1020  1078 D Qst     : Qst_doCaliApi output:-4.908800,19.115734,-11.400534,3
01-01 18:12:41.935  1020  1078 D Qst     : Qst_caliApiSetMagData:-4.908800,19.115734,-11.400534
01-01 18:12:41.944  1020  1078 D Qst     : Qst_caliApiSetAccData:0.395000,0.024000,9.703000
01-01 18:12:41.944  1020  1078 D Qst     : Qst_getRotationVector:-0.001085,-0.018388,-0.114864,0.993210,0.000000,0.000000
01-01 18:12:41.944  1020  1078 D Qst     : Qst_getLinearaccel:0.001368,-0.000448,0.000237
01-01 18:12:41.955  1020  1078 D Qst     : Qst_doCaliApi input:-87.500000,77.900002,-344.000000,
01-01 18:12:41.956  1020  1078 D Qst     : Qst_doCaliApi output:-4.905601,19.109335,-11.414400,3
01-01 18:12:41.956  1020  1078 D Qst     : Qst_caliApiSetMagData:-4.905601,19.109335,-11.414400
01-01 18:12:41.964  1020  1078 D Qst     : Qst_caliApiSetAccData:0.376000,-0.032000,9.703000
01-01 18:12:41.964  1020  1078 D Qst     : Qst_getRotationVector:-0.001145,-0.018380,-0.114819,0.993216,0.000000,0.000000
01-01 18:12:41.965  1020  1078 D Qst     : Qst_getLinearaccel:0.001095,-0.001345,0.001204
01-01 18:12:41.975  1020  1078 D Qst     : Qst_doCaliApi input:-87.599998,77.900002,-343.200012,
01-01 18:12:41.976  1020  1078 D Qst     : Qst_doCaliApi output:-4.915200,19.109335,-11.397334,3
01-01 18:12:41.976  1020  1078 D Qst     : Qst_caliApiSetMagData:-4.915200,19.109335,-11.397334
01-01 18:12:41.984  1020  1078 D Qst     : Qst_caliApiSetAccData:0.338000,-0.013000,9.761000
01-01 18:12:41.985  1020  1078 D Qst     : Qst_getRotationVector:-0.001208,-0.018305,-0.115115,0.993183,0.000000,0.000000
01-01 18:12:41.985  1020  1078 D Qst     : Qst_getLinearaccel:-0.000138,-0.002063,0.001469
01-01 18:12:41.995  1020  1078 D Qst     : Qst_doCaliApi input:-87.199997,77.699997,-343.200012,
01-01 18:12:41.995  1020  1078 D Qst     : Qst_doCaliApi output:-4.910933,19.101868,-11.380267,3
01-01 18:12:41.995  1020  1078 D Qst     : Qst_caliApiSetMagData:-4.910933,19.101868,-11.380267
01-01 18:12:42.004  1020  1078 D Qst     : Qst_caliApiSetAccData:0.357000,0.063000,9.684000
01-01 18:12:42.004  1020  1078 D Qst     : Qst_getRotationVector:-0.001145,-0.018281,-0.115079,0.993187,0.000000,0.000000
01-01 18:12:42.004  1020  1078 D Qst     : Qst_getLinearaccel:-0.000617,-0.000610,0.000668
01-01 18:12:42.015  1020  1078 D Qst     : Qst_doCaliApi input:-87.300003,77.800003,-343.700012,
01-01 18:12:42.015  1020  1078 D Qst     : Qst_doCaliApi output:-4.904533,19.100798,-11.386667,3
01-01 18:12:42.015  1020  1078 D Qst     : Qst_caliApiSetMagData:-4.904533,19.100798,-11.386667
01-01 18:12:42.024  1020  1078 D Qst     : Qst_caliApiSetAccData:0.318000,0.063000,9.742000
01-01 18:12:42.024  1020  1078 D Qst     : Qst_getRotationVector:-0.001139,-0.018247,-0.114942,0.993204,0.000000,0.000000
01-01 18:12:42.024  1020  1078 D Qst     : Qst_getLinearaccel:-0.001027,-0.000488,0.001041
01-01 18:12:42.035  1020  1078 D Qst     : Qst_doCaliApi input:-87.400002,78.000000,-343.100006,
01-01 18:12:42.035  1020  1078 D Qst     : Qst_doCaliApi output:-4.903467,19.107201,-11.369600,3
01-01 18:12:42.035  1020  1078 D Qst     : Qst_caliApiSetMagData:-4.903467,19.107201,-11.369600
01-01 18:12:42.044  1020  1078 D Qst     : Qst_caliApiSetAccData:0.338000,0.024000,9.742000
01-01 18:12:42.044  1020  1078 D Qst     : Qst_getRotationVector:-0.001064,-0.018286,-0.114869,0.993212,0.000000,0.000000
01-01 18:12:42.044  1020  1078 D Qst     : Qst_getLinearaccel:-0.000288,0.000596,0.001873
01-01 18:12:42.055  1020  1078 D Qst     : Qst_doCaliApi input:-87.500000,77.900002,-343.700012,
01-01 18:12:42.055  1020  1078 D Qst     : Qst_doCaliApi output:-4.903467,19.114666,-11.372800,3
01-01 18:12:42.055  1020  1078 D Qst     : Qst_caliApiSetMagData:-4.903467,19.114666,-11.372800
01-01 18:12:42.059   799   799 I hwcomposer: [HWCDisplay] [Display_0 (type:1)] fps:60.578373,dur:1006.96,max:18.48,min:14.39  
01-01 18:12:42.064  1020  1078 D Qst     : Qst_caliApiSetAccData:0.357000,0.024000,9.703000
01-01 18:12:42.064  1020  1078 D Qst     : Qst_getRotationVector:-0.001105,-0.018316,-0.114808,0.993218,0.000000,0.000000
01-01 18:12:42.064  1020  1078 D Qst     : Qst_getLinearaccel:0.000276,-0.000056,0.000966
01-01 18:12:42.075  1020  1078 D Qst     : Qst_doCaliApi input:-87.400002,78.000000,-343.799988,
01-01 18:12:42.075  1020  1078 D Qst     : Qst_doCaliApi output:-4.907733,19.125334,-11.393066,3
01-01 18:12:42.075  1020  1078 D Qst     : Qst_caliApiSetMagData:-4.907733,19.125334,-11.393066
01-01 18:12:42.084  1020  1078 D Qst     : Qst_caliApiSetAccData:0.357000,0.024000,9.703000
01-01 18:12:42.084  1020  1078 D Qst     : Qst_getRotationVector:-0.001043,-0.018288,-0.114846,0.993214,0.000000,0.000000
01-01 18:12:42.084  1020  1078 D Qst     : Qst_getLinearaccel:-0.000286,0.000942,0.001786
01-01 18:12:42.095  1020  1078 D Qst     : Qst_doCaliApi input:-87.599998,77.900002,-343.600006,
01-01 18:12:42.095  1020  1078 D Qst     : Qst_doCaliApi output:-4.918401,19.132803,-11.403732,3
01-01 18:12:42.095  1020  1078 D Qst     : Qst_caliApiSetMagData:-4.918401,19.132803,-11.403732
01-01 18:12:42.104  1020  1078 D Qst     : Qst_caliApiSetAccData:0.376000,0.024000,9.646000
01-01 18:12:42.104  1020  1078 D Qst     : Qst_getRotationVector:-0.001014,-0.018327,-0.115031,0.993192,0.000000,0.000000
01-01 18:12:42.104  1020  1078 D Qst     : Qst_getLinearaccel:0.000278,0.001260,0.000416
01-01 18:12:42.115  1020  1078 D Qst     : Qst_doCaliApi input:-87.300003,77.800003,-343.700012,
01-01 18:12:42.115  1020  1078 D Qst     : Qst_doCaliApi output:-4.922668,19.139200,-11.414399,3
01-01 18:12:42.115  1020  1078 D Qst     : Qst_caliApiSetMagData:-4.922668,19.139200,-11.414399
01-01 18:12:42.123  1020  1078 D Qst     : Qst_caliApiSetAccData:0.376000,0.024000,9.703000
01-01 18:12:42.123  1020  1078 D Qst     : Qst_getRotationVector:-0.000992,-0.018327,-0.115087,0.993186,0.000000,0.000000
01-01 18:12:42.124  1020  1078 D Qst     : Qst_getLinearaccel:0.000222,0.001515,0.001346
01-01 18:12:42.125  1375  2904 I SemWifiApDataUsage: handleMessage: 14
01-01 18:12:42.126  1375  2904 I SemWifiApEbpf: DATA_USAGE_STATS_START_POLL,mhs= true,upstream= 2,client size 1
01-01 18:12:42.126  1375  2904 D SemWifiApEbpf: getWifiApDataUsageForOverAllMhs():  overall data is215770382
01-01 18:12:42.126  1375  2904 I SemWifiApEbpf: updating the overall dataUsage , overall =215770382 , global = {mTotalDataBytes=215747950,mTotalDataIngressBytes=0,mTotalDataEgressBytes=0,mCellularBytes=215747950,mCurrentDayAndSimCellularBytes=215747950}
01-01 18:12:42.135  1020  1078 D Qst     : Qst_doCaliApi input:-87.300003,77.800003,-343.399994,
01-01 18:12:42.135  1020  1078 D Qst     : Qst_doCaliApi output:-4.925867,19.143467,-11.420798,3
01-01 18:12:42.135  1020  1078 D Qst     : Qst_caliApiSetMagData:-4.925867,19.143467,-11.420798
01-01 18:12:42.143  1020  1078 D Qst     : Qst_caliApiSetAccData:0.357000,0.044000,9.684000
01-01 18:12:42.144  1020  1078 D Qst     : Qst_getRotationVector:-0.000969,-0.018297,-0.115150,0.993179,0.000000,0.000000
01-01 18:12:42.144  1020  1078 D Qst     : Qst_getLinearaccel:-0.000329,0.001745,0.001582
01-01 18:12:42.155  1020  1078 D Qst     : Qst_doCaliApi input:-87.400002,77.800003,-343.500000,
01-01 18:12:42.155  1020  1078 D Qst     : Qst_doCaliApi output:-4.925867,19.140266,-11.425066,3
01-01 18:12:42.155  1020  1078 D Qst     : Qst_caliApiSetMagData:-4.925867,19.140266,-11.425066
01-01 18:12:42.163  1020  1078 D Qst     : Qst_caliApiSetAccData:0.357000,0.082000,9.703000
01-01 18:12:42.163  1020  1078 D Qst     : Qst_getRotationVector:-0.000889,-0.018305,-0.115157,0.993178,0.000000,0.000000
01-01 18:12:42.163  1020  1078 D Qst     : Qst_getLinearaccel:-0.000263,0.002409,0.001266
01-01 18:12:42.175  1020  1078 D Qst     : Qst_doCaliApi input:-87.400002,77.800003,-343.899994,
01-01 18:12:42.175  1020  1078 D Qst     : Qst_doCaliApi output:-4.930134,19.147732,-11.429333,3
01-01 18:12:42.175  1020  1078 D Qst     : Qst_caliApiSetMagData:-4.930134,19.147732,-11.429333
01-01 18:12:42.183  1020  1078 D Qst     : Qst_caliApiSetAccData:0.357000,0.005000,9.684000
01-01 18:12:42.183  1020  1078 D Qst     : Qst_getRotationVector:-0.000854,-0.018246,-0.115248,0.993169,0.000000,0.000000
01-01 18:12:42.184  1020  1078 D Qst     : Qst_getLinearaccel:-0.001224,0.002407,0.000505
01-01 18:12:42.195  1020  1078 D Qst     : Qst_doCaliApi input:-87.300003,77.599998,-343.700012,
01-01 18:12:42.195  1020  1078 D Qst     : Qst_doCaliApi output:-4.923734,19.147734,-11.435732,3
01-01 18:12:42.195  1020  1078 D Qst     : Qst_caliApiSetMagData:-4.923734,19.147734,-11.435732
01-01 18:12:42.203  1020  1078 D Qst     : Qst_caliApiSetAccData:0.357000,-0.013000,9.703000
01-01 18:12:42.203  1020  1078 D Qst     : Qst_getRotationVector:-0.000946,-0.018203,-0.115114,0.993185,0.000000,0.000000
01-01 18:12:42.203  1020  1078 D Qst     : Qst_getLinearaccel:-0.001486,0.000406,-0.000129
01-01 18:12:42.215  1020  1078 D Qst     : Qst_doCaliApi input:-87.400002,77.599998,-343.799988,
01-01 18:12:42.215  1020  1078 D Qst     : Qst_doCaliApi output:-4.928000,19.147734,-11.445332,3
01-01 18:12:42.215  1020  1078 D Qst     : Qst_caliApiSetMagData:-4.928000,19.147734,-11.445332
01-01 18:12:42.223  1020  1078 D Qst     : Qst_caliApiSetAccData:0.357000,0.024000,9.684000
01-01 18:12:42.223  1020  1078 D Qst     : Qst_getRotationVector:-0.000897,-0.018211,-0.115202,0.993175,0.000000,0.000000
01-01 18:12:42.223  1020  1078 D Qst     : Qst_getLinearaccel:-0.001188,0.001311,-0.000610
01-01 18:12:42.235  1020  1078 D Qst     : Qst_doCaliApi input:-87.400002,77.800003,-343.500000,
01-01 18:12:42.235  1020  1078 D Qst     : Qst_doCaliApi output:-4.932267,19.155201,-11.435733,3
01-01 18:12:42.235  1020  1078 D Qst     : Qst_caliApiSetMagData:-4.932267,19.155201,-11.435733
01-01 18:12:42.243  1020  1078 D Qst     : Qst_caliApiSetAccData:0.338000,0.005000,9.684000
01-01 18:12:42.243  1020  1078 D Qst     : Qst_getRotationVector:-0.000872,-0.018213,-0.115272,0.993167,0.000000,0.000000
01-01 18:12:42.243  1020  1078 D Qst     : Qst_getLinearaccel:-0.000951,0.001049,-0.000994
01-01 18:12:42.255  1020  1078 D Qst     : Qst_doCaliApi input:-87.300003,77.599998,-343.500000,
01-01 18:12:42.255  1020  1078 D Qst     : Qst_doCaliApi output:-4.929067,19.152000,-11.435734,3
01-01 18:12:42.255  1020  1078 D Qst     : Qst_caliApiSetMagData:-4.929067,19.152000,-11.435734
01-01 18:12:42.263  1020  1078 D Qst     : Qst_caliApiSetAccData:0.357000,0.044000,9.703000
01-01 18:12:42.263  1020  1078 D Qst     : Qst_getRotationVector:-0.000946,-0.018237,-0.115201,0.993174,0.000000,0.000000
01-01 18:12:42.263  1020  1078 D Qst     : Qst_getLinearaccel:-0.000254,-0.000174,-0.000795
01-01 18:12:42.274  1020  1078 D Qst     : Qst_doCaliApi input:-87.599998,77.699997,-343.299988,
01-01 18:12:42.275  1020  1078 D Qst     : Qst_doCaliApi output:-4.939734,19.156269,-11.435735,3
01-01 18:12:42.276  1020  1078 D Qst     : Qst_caliApiSetMagData:-4.939734,19.156269,-11.435735
01-01 18:12:42.283  1020  1078 D Qst     : Qst_caliApiSetAccData:0.376000,0.005000,9.703000
01-01 18:12:42.283  1020  1078 D Qst     : Qst_getRotationVector:-0.000946,-0.018269,-0.115420,0.993148,0.000000,0.000000
01-01 18:12:42.283  1020  1078 D Qst     : Qst_getLinearaccel:0.000304,-0.000139,-0.000130
01-01 18:12:42.294  1020  1078 D Qst     : Qst_doCaliApi input:-87.400002,77.599998,-343.700012,
01-01 18:12:42.295  1020  1078 D Qst     : Qst_doCaliApi output:-4.939734,19.159468,-11.474134,3
01-01 18:12:42.296  1020  1078 D Qst     : Qst_caliApiSetMagData:-4.939734,19.159468,-11.474134
01-01 18:12:42.303  1020  1078 D Qst     : Qst_caliApiSetAccData:0.357000,0.082000,9.723000
01-01 18:12:42.303  1020  1078 D Qst     : Qst_getRotationVector:-0.000897,-0.018307,-0.115341,0.993157,0.000000,0.000000
01-01 18:12:42.303  1020  1078 D Qst     : Qst_getLinearaccel:0.000749,0.000902,0.000430
01-01 18:12:42.315  1020  1078 D Qst     : Qst_doCaliApi input:-87.500000,77.800003,-344.100006,
01-01 18:12:42.315  1020  1078 D Qst     : Qst_doCaliApi output:-4.953600,19.156271,-11.498669,3
01-01 18:12:42.315  1020  1078 D Qst     : Qst_caliApiSetMagData:-4.953600,19.156271,-11.498669
01-01 18:12:42.323  1020  1078 D Qst     : Qst_caliApiSetAccData:0.357000,0.005000,9.703000
01-01 18:12:42.323  1020  1078 D Qst     : Qst_getRotationVector:-0.000922,-0.018272,-0.115696,0.993116,0.000000,0.000000
01-01 18:12:42.323  1020  1078 D Qst     : Qst_getLinearaccel:0.000093,0.000722,0.000852
01-01 18:12:42.335  1020  1078 D Qst     : Qst_doCaliApi input:-87.599998,77.900002,-344.000000,
01-01 18:12:42.335  1020  1078 D Qst     : Qst_doCaliApi output:-4.953600,19.156271,-11.526402,3
01-01 18:12:42.335  1020  1078 D Qst     : Qst_caliApiSetMagData:-4.953600,19.156271,-11.526402
01-01 18:12:42.343  1020  1078 D Qst     : Qst_caliApiSetAccData:0.376000,0.044000,9.684000
01-01 18:12:42.343  1020  1078 D Qst     : Qst_getRotationVector:-0.000872,-0.018343,-0.115629,0.993123,0.000000,0.000000
01-01 18:12:42.343  1020  1078 D Qst     : Qst_getLinearaccel:0.001088,0.001111,0.000680
01-01 18:12:42.350  1020  1020 I ApFusion: enable, handle:10, en:0
01-01 18:12:42.351 13409 14080 D SensorManager: unregisterListener
01-01 18:12:42.353  1020  1020 I ApFusion: enable, handle:9, en:0
01-01 18:12:42.353  1020  1020 I Accelerometer: batch: handle:0, flag:0,samplingPeriodNs:20000000 maxBatchReportLatencyNs:0
01-01 18:12:42.355  1020  1078 D Qst     : Qst_doCaliApi input:-87.500000,78.400002,-343.799988,
01-01 18:12:42.355  1020  1078 D Qst     : Qst_doCaliApi output:-4.957867,19.179739,-11.540268,3
01-01 18:12:42.355  1020  1078 D Qst     : Qst_caliApiSetMagData:-4.957867,19.179739,-11.540268
01-01 18:12:42.357  1020  1020 I Magnetic: enable: handle:1, en:0 
01-01 18:12:42.359  1020  1020 D Qst     : Qst_enableLib 0 0x80
01-01 18:12:42.359  1020  1020 D Qst     : QstAlgolib vision:QST-V2.7
01-01 18:12:42.359 13409 14080 D SensorManager: unregisterListener
01-01 18:12:42.414  1375  3560 W ProcessStats: Tracking association SourceState{135d666 com.google.android.gms.persistent/10173 BTop #548565} whose proc state 2 is better than process ProcessState{ae5b82b com.google.android.gms/10173 pkg=com.google.android.gms} proc state 8 (155 skipped)
01-01 18:12:42.450   773   773 E audit   : type=1400 audit(1767291162.444:1642806): avc:  denied  { ioctl } for  pid=1375 comm="binder:1375_13" path="/data/system_ce/0/accounts_ce.db-journal" dev="dm-50" ino=1417503 ioctlcmd=0xf522 scontext=u:r:system_server:s0 tcontext=u:object_r:system_data_file:s0 tclass=file permissive=0 SEPF_SM-A145P_12_0001 audit_filtered
01-01 18:12:42.479   773   773 E audit   : type=1400 audit(1767291162.476:1642807): avc:  denied  { ioctl } for  pid=1375 comm="binder:1375_13" path="/data/system_ce/0/accounts_ce.db-journal" dev="dm-50" ino=1425064 ioctlcmd=0xf522 scontext=u:r:system_server:s0 tcontext=u:object_r:system_data_file:s0 tclass=file permissive=0 SEPF_SM-A145P_12_0001 audit_filtered
01-01 18:12:42.521   773   773 E audit   : type=1400 audit(1767291162.516:1642808): avc:  denied  { ioctl } for  pid=1375 comm="binder:1375_13" path="/data/system_ce/0/accounts_ce.db-journal" dev="dm-50" ino=1396378 ioctlcmd=0xf522 scontext=u:r:system_server:s0 tcontext=u:object_r:system_data_file:s0 tclass=file permissive=0 SEPF_SM-A145P_12_0001 audit_filtered
01-01 18:12:42.552   773   773 E audit   : type=1400 audit(1767291162.548:1642809): avc:  denied  { ioctl } for  pid=1375 comm="binder:1375_13" path="/data/system_ce/0/accounts_ce.db-journal" dev="dm-50" ino=1447973 ioctlcmd=0xf522 scontext=u:r:system_server:s0 tcontext=u:object_r:system_data_file:s0 tclass=file permissive=0 SEPF_SM-A145P_12_0001 audit_filtered
01-01 18:12:42.567   841   841 I BufferQueueProducer: [SurfaceView[com.wawapp.driver/com.wawapp.driver.MainActivity]@0(BLAST)#53246](this:0xb400007a7873b790,id:-1,api:0,p:-1,c:841) queueBuffer: fps=60.68 dur=1005.25 max=17.34 min=15.83
01-01 18:12:42.578   543   543 D io_stats: !@ 179,0 r 37810441 534315618 w 5957152 67629596 d 892770 66929880 f 0 0 iot 9710428 0 th 0 0 0 pt 0 inp 0 0 251124.168
01-01 18:12:42.596  1375  1739 D NetdEventListenerService: DNS Requested by 127, 10172, 66
01-01 18:12:43.065   799   799 I hwcomposer: [HWCDisplay] [Display_0 (type:1)] fps:60.619495,dur:1006.28,max:18.56,min:15.16  
01-01 18:12:43.154  8338  8447 I Finsky  : [444] requestIntegrityToken() finished for com.wawapp.driver.
01-01 18:12:43.157 18877 18886 I PlayCore: UID: [10417]  PID: [18877] OnRequestIntegrityTokenCallback : onRequestIntegrityToken
01-01 18:12:43.158 18877 19084 I PlayCore: UID: [10417]  PID: [18877] IntegrityService : Unbind from service.
01-01 18:12:43.162  1375  3560 I ActivityManager: Changes in 10172 3 to 10, 56 to 0
01-01 18:12:43.180  1375  1506 D SensorService: [SO] 0.376 0.024 9.723
01-01 18:12:43.188 18877 18896 W System  : Ignoring header X-Firebase-Locale because its value was null.
01-01 18:12:43.194 27954 27954 D BoundBrokerSvc: onBind: Intent { act=com.google.android.gms.auth.api.phone.service.SmsRetrieverApiService.START pkg=com.google.android.gms }
01-01 18:12:43.194 27954 27954 D BoundBrokerSvc: Loading bound service for intent: Intent { act=com.google.android.gms.auth.api.phone.service.SmsRetrieverApiService.START pkg=com.google.android.gms }
01-01 18:12:43.221 27954 27954 D BoundBrokerSvc: onBind: Intent { act=com.google.android.gms.auth.api.phone.service.InternalService.START dat=chimera-action:/... cmp=com.google.android.gms/.chimera.GmsInternalApiService }
01-01 18:12:43.221 27954 27954 D BoundBrokerSvc: Loading bound service for intent: Intent { act=com.google.android.gms.auth.api.phone.service.InternalService.START dat=chimera-action:/... cmp=com.google.android.gms/.chimera.GmsInternalApiService }
01-01 18:12:43.318 13409 13413 W id.gms.unstable: Reducing the number of considered missed Gc histogram windows from 232 to 100
01-01 18:12:43.391  1876  1876 D StatusBarIconController: ignoring old pipeline callbacks, because the new mobile icons are enabled
01-01 18:12:43.433  1876  1876 D StatusBarIconController: ignoring old pipeline callbacks, because the new mobile icons are enabled
01-01 18:12:43.441  1764  1764 D TelephonyManager: requestModemActivityInfo: Sending result to app: ModemActivityInfo{ mTimestamp=512983172 mSleepTimeMs=7589 mIdleTimeMs=336719 mActivityStatsTechSpecificInfo=[{mRat=UNKNOWN,mFrequencyRange=UNKNOWN,mTxTimeMs[]=[0, 55, 0, 1487, 2898],mRxTimeMs=135173738}]}
01-01 18:12:43.462  1876  2061 I gralloc4: @set_metadata: update dataspace from GM (0x00000000 -> 0x08010000)
01-01 18:12:43.462 18877 18896 E FirebaseAuth: [SmsRetrieverHelper] SMS verification code request failed: unknown status code: 18002 Invalid PlayIntegrity token; app not Recognized by Play Store.
01-01 18:12:43.465 18877 18877 D FirebaseAuth: Re-triggering phone verification with Recaptcha flow forced for phone number +22231035373
01-01 18:12:43.465 18877 18877 I q       : ForceRecaptchaV2Flow from phoneAuthOptions = true, ForceRecaptchav2Flow from firebaseSettings = false
01-01 18:12:43.474   841   841 I BufferQueueProducer: [StatusBar$_1876#83](this:0xb400007a78f3f790,id:-1,api:0,p:-1,c:841) queueBuffer: fps=0.50 dur=2011.33 max=2011.33 min=2011.33
01-01 18:12:43.475  1375  2529 D ActivityTaskManager: startActivityAsUser: callingPid=18877, callingUid=10417, caller=com.android.server.wm.ActivityTaskManagerService.startActivityAsUser:1844 com.android.server.wm.ActivityTaskManagerService.startActivity:1818 android.app.IActivityTaskManager$Stub.onTransact:1353 com.android.server.wm.ActivityTaskManagerService.onTransact:6972 android.os.Binder.execTransactInternal:1375 android.os.Binder.execTransact:1311 <bottom of call stack> 
01-01 18:12:43.475  1375  1402 I ChimeraSystemEventListener: appLaunchIntent package name is: com.wawapp.driver
01-01 18:12:43.477  1375  2529 D CompatibilityChangeReporter: Compat change id reported: 265464455; UID 10417; state: DISABLED
01-01 18:12:43.477  1375  2529 D CompatibilityChangeReporter: Compat change id reported: 265452344; UID 10417; state: DISABLED
01-01 18:12:43.478  1375  2529 D CompatibilityChangeReporter: Compat change id reported: 266124927; UID 10417; state: DISABLED
01-01 18:12:43.478  1375  2529 D CompatibilityChangeReporter: Compat change id reported: 265451093; UID 10417; state: DISABLED
01-01 18:12:43.478  1375  2529 D CompatibilityChangeReporter: Compat change id reported: 265456536; UID 10417; state: DISABLED
01-01 18:12:43.478  1375  2529 D CompatibilityChangeReporter: Compat change id reported: 255940284; UID 10417; state: DISABLED
01-01 18:12:43.478  1375  2529 D CompatibilityChangeReporter: Compat change id reported: 236283604; UID 10417; state: DISABLED
01-01 18:12:43.478  1375  2529 D CompatibilityChangeReporter: Compat change id reported: 263959004; UID 10417; state: DISABLED
01-01 18:12:43.479  1375  2529 D CompatibilityChangeReporter: Compat change id reported: 264304459; UID 10417; state: DISABLED
01-01 18:12:43.479  1375  2529 D CompatibilityChangeReporter: Compat change id reported: 264301586; UID 10417; state: DISABLED
01-01 18:12:43.479  1375  2529 D CompatibilityChangeReporter: Compat change id reported: 254631730; UID 10417; state: DISABLED
01-01 18:12:43.479  1375  2529 D CompatibilityChangeReporter: Compat change id reported: 273509367; UID 10417; state: DISABLED
01-01 18:12:43.479  1375  2529 D CompatibilityChangeReporter: Compat change id reported: 263259275; UID 10417; state: DISABLED
01-01 18:12:43.479  1375  2529 D CompatibilityChangeReporter: Compat change id reported: 174042980; UID 10417; state: DISABLED
01-01 18:12:43.480  1375  2529 D CompatibilityChangeReporter: Compat change id reported: 174042936; UID 10417; state: DISABLED
01-01 18:12:43.480  1375  2529 D CompatibilityChangeReporter: Compat change id reported: 181136395; UID 10417; state: DISABLED
01-01 18:12:43.481  1375  2529 D CompatibilityChangeReporter: Compat change id reported: 194480991; UID 10417; state: ENABLED
01-01 18:12:43.482  1375  2529 D WindowManager: Transition is created, t=TransitionRecord{3209ba id=-1 type=OPEN flags=0x0}, caller=com.android.server.wm.TransitionController.createAndStartCollecting:1765 com.android.server.wm.ActivityStarter.startActivityUnchecked:2357 com.android.server.wm.ActivityStarter.executeRequest:1950 com.android.server.wm.ActivityStarter.execute:1090 com.android.server.wm.ActivityTaskManagerService.startActivityAsUser:1985 
01-01 18:12:43.482  1375  2529 D WindowManager: SyncGroup is created, id=3460, name=Transition, caller=com.android.server.wm.BLASTSyncEngine$SyncGroup.<init>:0 com.android.server.wm.BLASTSyncEngine.prepareSyncSet:513 com.android.server.wm.BLASTSyncEngine.startSyncSet:518 com.android.server.wm.Transition.startCollecting:710 com.android.server.wm.TransitionController.moveToCollecting:360 com.android.server.wm.TransitionController.createAndStartCollecting:1766 com.android.server.wm.ActivityStarter.startActivityUnchecked:2357 
01-01 18:12:43.482  1375  2529 W WindowManager: setSyncMethod, id=3460, method=0, caller=com.android.server.wm.Transition.startCollecting:712 com.android.server.wm.TransitionController.moveToCollecting:360 com.android.server.wm.TransitionController.createAndStartCollecting:1766 
01-01 18:12:43.483  1375  2529 V WindowManager: Start collecting in Transition: TransitionRecord{3209ba id=3460 type=OPEN flags=0x0}, caller=com.android.server.wm.TransitionController.createAndStartCollecting:1766 com.android.server.wm.ActivityStarter.startActivityUnchecked:2357 com.android.server.wm.ActivityStarter.executeRequest:1950 com.android.server.wm.ActivityStarter.execute:1090 com.android.server.wm.ActivityTaskManagerService.startActivityAsUser:1985 
01-01 18:12:43.483  1375  2529 V WindowManager: Collecting in transition 3460: ActivityRecord{2e70786 u0 com.wawapp.driver/com.google.firebase.auth.internal.RecaptchaActivity, caller=com.android.server.wm.Transition.collect:759 com.android.server.wm.TransitionController.collect:935 com.android.server.wm.ActivityStarter.startActivityUnchecked:2361 com.android.server.wm.ActivityStarter.executeRequest:1950 com.android.server.wm.ActivityStarter.execute:1090 
01-01 18:12:43.483  1375  2529 D ActivityTaskManager: TaskLaunchParamsModifier:task=null activity=ActivityRecord{2e70786 u0 com.wawapp.driver/com.google.firebase.auth.internal.RecaptchaActivity t-1} display-area-from-source=DefaultTaskDisplayArea_d0@19795558 display-id=0 task-display-area-windowing-mode=1 suggested-display-area=DefaultTaskDisplayArea_d0@19795558
01-01 18:12:43.484  1375  2529 D ActivityTaskManager: TaskLaunchParamsModifier:task=null activity=ActivityRecord{2e70786 u0 com.wawapp.driver/com.google.firebase.auth.internal.RecaptchaActivity t-1} display-area-from-source=DefaultTaskDisplayArea_d0@19795558 display-id=0 task-display-area-windowing-mode=1 suggested-display-area=DefaultTaskDisplayArea_d0@19795558 inherit-from-source=fullscreen non-freeform-task-display-area display-area=DefaultTaskDisplayArea_d0@19795558 default-portrait freeform-size-mismatch=Rect(81, 566 - 999, 1770)
01-01 18:12:43.484  1375  2529 I SemDvfsHyPerManager: acquire hyper - AMS_ACT_START/1375@16, type = -999
01-01 18:12:43.485  1375  2529 D ActivityManagerPerformance: AMP_acquire() ACT_START
01-01 18:12:43.485   806   850 I HYPER-HAL: [RequestManager.cpp]acquire(): Acquired ID : 968152  [1375 / 16]    HINT : AMS_ACT_START    list : 
01-01 18:12:43.486   806   850 I mtkpower_client: perf_lock_acq, hdl:0, dur:0, num:2, tid:850
01-01 18:12:43.486   841  1175 E BufferQueueDebug: [Task=9550#53252](this:0xb400007a78e70790,id:-1,api:0,p:-1,c:-1) id info cannot be read from 'Task=9550#53252'
01-01 18:12:43.487   806   850 I mtkpower_client: ret_hdl:54099
01-01 18:12:43.487   806   850 I mtkpower_client: perf_lock_acq, hdl:0, dur:0, num:2, tid:850
01-01 18:12:43.487   841  1175 I BufferQueueDebug: [Task=9550#53252](this:0xb400007a78e70790,id:-1,api:0,p:-1,c:-1) BufferQueue core=(841:/system/bin/surfaceflinger)
01-01 18:12:43.487   813   869 I libPowerHal: [perfLockAcq] idx:1 hdl:54099 hint:-1 pid:806 duration:0 lock_user:vendor.samsung. => ret_hdl:54099
01-01 18:12:43.487   841  1175 I SurfaceFlinger: id=53252 createSurf, flag=24004, Task=9550#53252
01-01 18:12:43.487   813   869 I libPowerHal: vendor.samsung.: cpu_ctrl set cpu freq: 1800000 -1 -1 -1
01-01 18:12:43.488   806   850 I mtkpower_client: ret_hdl:54100
01-01 18:12:43.488   806   850 I mtkpower_client: perf_lock_acq, hdl:0, dur:0, num:2, tid:850
01-01 18:12:43.488  1375  2529 D ActivityTaskManager: TaskLaunchParamsModifier:task=Task{59c1612 #9550 type=standard A=10417:com.wawapp.driver} activity=ActivityRecord{2e70786 u0 com.wawapp.driver/com.google.firebase.auth.internal.RecaptchaActivity t-1} display-area-from-source=DefaultTaskDisplayArea_d0@19795558 display-id=0 task-display-area-windowing-mode=1 suggested-display-area=DefaultTaskDisplayArea_d0@19795558 inherit-from-source=fullscreen non-freeform-task-display-area display-area=DefaultTaskDisplayArea_d0@19795558 default-portrait freeform-size-mismatch=Rect(81, 566 - 999, 1770)
01-01 18:12:43.489  1375  2529 V WindowManager: Collecting in transition 3460: Task{59c1612 #9550 type=standard A=10417:com.wawapp.driver}, caller=com.android.server.wm.Transition.collect:759 com.android.server.wm.Transition.collectExistenceChange:942 com.android.server.wm.TransitionController.collectExistenceChange:985 com.android.server.wm.ActivityStarter.setNewTask:4712 com.android.server.wm.ActivityStarter.startActivityInner:2929 
01-01 18:12:43.489   813   869 I libPowerHal: [perfLockAcq] idx:2 hdl:54100 hint:-1 pid:806 duration:0 lock_user:vendor.samsung. => ret_hdl:54100
01-01 18:12:43.489   813   869 I libPowerHal: [PE] (more) /proc/mcdi/state set +prefix:enable 0;
01-01 18:12:43.490  1375  2529 D CompatibilityChangeReporter: Compat change id reported: 184838306; UID 10417; state: DISABLED
01-01 18:12:43.490  1375  2529 D CompatibilityChangeReporter: Compat change id reported: 185004937; UID 10417; state: DISABLED
01-01 18:12:43.490   806   850 I mtkpower_client: ret_hdl:54101
01-01 18:12:43.490   806   850 I mtkpower_client: perf_lock_acq, hdl:0, dur:0, num:2, tid:850
01-01 18:12:43.490   813   869 I libPowerHal: [perfLockAcq] idx:3 hdl:54101 hint:-1 pid:806 duration:0 lock_user:vendor.samsung. => ret_hdl:54101
01-01 18:12:43.490   841  1175 E BufferQueueDebug: [ActivityRecord{2e70786 u0 com.wawapp.driver/com.google.firebase.auth.internal.RecaptchaActivity t9550}#53253](this:0xb400007a78f0d790,id:-1,api:0,p:-1,c:-1) id info cannot be read from 'ActivityRecord{2e70786 u0 com.wawapp.driver/com.google.firebase.auth.internal.RecaptchaActivity t9550}#53253'
01-01 18:12:43.490   841  1175 I BufferQueueDebug: [ActivityRecord{2e70786 u0 com.wawapp.driver/com.google.firebase.auth.internal.RecaptchaActivity t9550}#53253](this:0xb400007a78f0d790,id:-1,api:0,p:-1,c:-1) BufferQueue core=(841:/system/bin/surfaceflinger)
01-01 18:12:43.491   813   869 I libPowerHal: [PE] vendor.samsung. update cmd:1000000, param:0
01-01 18:12:43.491   813   869 I libPowerHal: [PE] vendor.samsung. update cmd:1000000 param:0
01-01 18:12:43.491   841  1175 I SurfaceFlinger: id=53253 createSurf, flag=84004, ActivityRecord{2e70786 u0 com.wawapp.driver/com.google.firebase.auth.internal.RecaptchaActivity t9550}#53253
01-01 18:12:43.491   806   850 I mtkpower_client: ret_hdl:54102
01-01 18:12:43.491   813   869 I libPowerHal: [perfLockAcq] idx:4 hdl:54102 hint:-1 pid:806 duration:0 lock_user:vendor.samsung. => ret_hdl:54102
01-01 18:12:43.491   813   869 I libPowerHal: vendor.samsung.: cpu_ctrl set cpu freq: 1800000 -1 2000000 -1
01-01 18:12:43.493  1375  2529 D ActivityTaskManager: scheduleTopResumedActivityChanged, onTop=false, r=ActivityRecord{e23a300 u0 com.wawapp.driver/.MainActivity t9549}, caller=com.android.server.wm.ActivityTaskSupervisor.updateTopResumedActivityIfNeeded:2826 com.android.server.wm.TaskDisplayArea.positionChildTaskAt:567 com.android.server.wm.TaskDisplayArea.positionChildAt:483 com.android.server.wm.Task.moveToFront:6077 com.android.server.wm.ActivityStarter.startActivityInner:2957 com.android.server.wm.ActivityStarter.startActivityUnchecked:2364 
01-01 18:12:43.494  1375  2529 V WindowManager: Checking theme of starting window: 0x1030010
01-01 18:12:43.494  1375  2529 V WindowManager: Translucent=true Floating=false ShowWallpaper=false Disable=false
01-01 18:12:43.494  1375  2529 D CompatibilityChangeReporter: Compat change id reported: 205907456; UID 10417; state: ENABLED
01-01 18:12:43.497  1375  2529 V WindowManager: Collecting in transition 3460: ActivityRecord{2e70786 u0 com.wawapp.driver/com.google.firebase.auth.internal.RecaptchaActivity t9550}, caller=com.android.server.wm.Transition.collect:759 com.android.server.wm.Transition.collectExistenceChange:942 com.android.server.wm.TransitionController.collectExistenceChange:985 com.android.server.wm.ActivityStarter.handleStartResult:2542 com.android.server.wm.ActivityStarter.startActivityUnchecked:2369 
01-01 18:12:43.497  1375  2529 V WindowManager: Requesting StartTransition: TransitionRecord{3209ba id=3460 type=OPEN flags=0x0}, caller=com.android.server.wm.ActivityStarter.handleStartResult:2576 com.android.server.wm.ActivityStarter.startActivityUnchecked:2369 com.android.server.wm.ActivityStarter.executeRequest:1950 com.android.server.wm.ActivityStarter.execute:1090 com.android.server.wm.ActivityTaskManagerService.startActivityAsUser:1985 
01-01 18:12:43.499  1876  2015 V WindowManagerShell: Transition requested: android.os.BinderProxy@2af214c TransitionRequestInfo { type = OPEN, triggerTask = TaskInfo{userId=0 taskId=9550 displayId=0 isRunning=true baseIntent=Intent { act=com.google.firebase.auth.internal.ACTION_SHOW_RECAPTCHA flg=0x10800000 pkg=com.wawapp.driver cmp=com.wawapp.driver/com.google.firebase.auth.internal.RecaptchaActivity } baseActivity=ComponentInfo{com.wawapp.driver/com.google.firebase.auth.internal.RecaptchaActivity} topActivity=ComponentInfo{com.wawapp.driver/com.google.firebase.auth.internal.RecaptchaActivity} origActivity=null realActivity=ComponentInfo{com.wawapp.driver/com.google.firebase.auth.internal.RecaptchaActivity} numActivities=1 lastActiveTime=512983229 supportsMultiWindow=true resizeMode=1 isResizeable=true minWidth=-1 minHeight=-1 maxWidth=-1 maxHeight=-1 defaultMinSize=220 token=WCT{android.window.IWindowContainerToken$Stub$Proxy@d7e8595} topActivityType=1 pictureInPictureParams=null shouldDockBigOverlays=false launchIntoPipHostTaskId=-1 lastParentTaskIdBeforePip=-1 displayCutoutSafeInsets=Rect(0, 64 - 0, 0) topActivityInfo=ActivityInfo{1d076aa com.google.firebase.auth.internal.RecaptchaActivity} launchCookies=[] positionInParent=Point(0, 0) parentTaskId=-1 isFocused=false isVisible=false isVisibleRequested=false isSleeping=false topActivityInSizeCompat=false topActivityEligibleForLetterboxEducation= false topActivityLetterboxed= false isFromDoubleTap= false topActivityLetterboxVerticalPosition= -1 topActivityLetterboxHorizontalPosition= -1 topActivityLetterboxWidth=-1 topActivityLetterboxHeight=-1 locusId=null displayAreaFeatureId=1 cameraCompatControlState=hidden originallySupportedMultiWindow=true hasWallpaper=false topActivityInFixedAspectRatio=false rootAffinity=10417:com.wawapp.driver topActivityInDisplayCompat=false topActivityInBoundsCompat=false topActivityBounds=null singleTapFromLetterbox=false isTopTaskInStage=false topActivityUiMode=33 CoverLauncherWidgetTask=false CoverScreenTask=false isAllowedSeamlessRotation=false isTopTransparentActivity=false hasPopOver=false}, remoteTransition = null, displayChange = null }
01-01 18:12:43.499  1375  2529 I ActivityTaskManager: START u0 {act=com.google.firebase.auth.internal.ACTION_SHOW_RECAPTCHA pkg=com.wawapp.driver cmp=com.wawapp.driver/com.google.firebase.auth.internal.RecaptchaActivity (has extras)} with LAUNCH_SINGLE_TASK from uid 10417 (BAL_ALLOW_VISIBLE_WINDOW) result code=0
01-01 18:12:43.499  1375  2529 I Pageboost: stop alp
01-01 18:12:43.501  1375  3560 V WindowManager: Starting Transition 3460, caller=com.android.server.wm.WindowOrganizerController.startTransition:384 com.android.server.wm.WindowOrganizerController.startTransition:315 android.window.IWindowOrganizerController$Stub.onTransact:257 
01-01 18:12:43.501  1375  3560 V Transition:  allReady query: used=true, override=false, defer=0, states=Display{#0 state=ON size=1080x2408 ROTATION_0}:false
01-01 18:12:43.503  2929  2929 E pageboostd: Received HALT command code 2
01-01 18:12:43.503  2772  2830 I HoneySpace.TopTaskSource: onTaskMovedToFront : taskId = 9550
01-01 18:12:43.504  2772 18855 I HoneySpace.RecentTasks: onRecentTasksChanged
01-01 18:12:43.505  2772  2832 I HoneySpace.TopTaskUseCase: topTasks 9550 ComponentInfo{com.wawapp.driver/com.google.firebase.auth.internal.RecaptchaActivity}
01-01 18:12:43.505 18877 18903 D SessionLifecycleClient: Sending lifecycle 2 to service
01-01 18:12:43.505 18877 18971 D SessionLifecycleService: Activity backgrounding at 251125095
01-01 18:12:43.506  1375  1402 D SGM:FgCheckThread: notePauseComponent(), received pkgName: com.wawapp.driver, userId: 0
01-01 18:12:43.509  1375  1497 V WindowManager: Collecting in transition 3460: ActivityRecord{2e70786 u0 com.wawapp.driver/com.google.firebase.auth.internal.RecaptchaActivity t9550}, caller=com.android.server.wm.Transition.collect:759 com.android.server.wm.TransitionController.collect:935 com.android.server.wm.ActivityRecord.setVisibility:6348 com.android.server.wm.ActivityRecord.setVisibility:6300 com.android.server.wm.ActivityRecord.makeVisibleIfNeeded:7102 
01-01 18:12:43.509  1375  1497 V WindowManager: rotationForOrientation(orient=SCREEN_ORIENTATION_UNSPECIFIED (-1), last=ROTATION_0 (0)); user=ROTATION_0 (0) USER_ROTATION_LOCKED
01-01 18:12:43.509  1375  1497 D WindowManager: rotationForOrientation, orientationSource=ActivityRecord{e23a300 u0 com.wawapp.driver/.MainActivity t9549}
01-01 18:12:43.510  1375  1497 V WindowManager: Computed rotation=ROTATION_0 (0) for display id=0 based on lastOrientation=SCREEN_ORIENTATION_UNSPECIFIED (-1) and oldRotation=ROTATION_0 (0), caller=com.android.server.wm.DisplayRotation.updateOrientation:517 com.android.server.wm.DisplayContent.updateOrientation:2176 com.android.server.wm.DisplayContent.updateOrientation:2092 com.android.server.wm.RootWindowContainer.ensureVisibilityAndConfig:2091 com.android.server.wm.ActivityTaskSupervisor.realStartActivityLocked:932 com.android.server.wm.ActivityTaskSupervisor.startSpecificActivity:1267 
01-01 18:12:43.510  1375  1497 V WindowManager: Collecting in transition 3460: ActivityRecord{2e70786 u0 com.wawapp.driver/com.google.firebase.auth.internal.RecaptchaActivity t9550}, caller=com.android.server.wm.Transition.collect:759 com.android.server.wm.TransitionController.collect:935 com.android.server.wm.ActivityRecord.setVisibility:6348 com.android.server.wm.ActivityRecord.setVisibility:6300 com.android.server.wm.ActivityTaskSupervisor.realStartActivityLocked:941 
01-01 18:12:43.510  1375  1497 D SGM:PkgDataHelper: notifyAppCreate(), pkgName: com.wawapp.driver, userId: 0, sendRet: true
01-01 18:12:43.511  1375  1497 D SGM:FgCheckThread: TaskStackListener.onTaskFocusChanged(), taskId=9549, focused=false
01-01 18:12:43.511  1375  1497 D SGM:FgCheckThread: TaskStackListener.onTaskFocusChanged(), taskId=9550, focused=true
01-01 18:12:43.512  1375  1497 D SGM:FgCheckThread:   sendRunningComponentFocus(), pkgName: com.wawapp.driver, userId: 0
01-01 18:12:43.512  1375  1497 D InputDispatcher: Focused application(0): ActivityRecord{2e70786 u0 com.wawapp.driver/com.google.firebase.auth.internal.RecaptchaActivity t9550}
01-01 18:12:43.513  1375  1566 D SGM:FgCheckThread: onLooperPrepared(), msg: MSG_APP_CREATE, pkgName: com.wawapp.driver, userId: 0
01-01 18:12:43.513  1375  1566 D SGM:FgCheckThread: onLooperPrepared(), msg: MSG_TASK_FOCUSED, pkgName: com.wawapp.driver, userId: 0
01-01 18:12:43.513  1375  1566 D SGM:FgCheckThread: handleTaskFocused().
01-01 18:12:43.513  1375  1566 D SGM:FgCheckThread:   handleTaskFocused(), pkgName: com.wawapp.driver, userID:0
01-01 18:12:43.513  1375  1566 D SGM:FgCheckThread: handleResume().
01-01 18:12:43.513  1375  1566 D SGM:FgCheckThread: sendFocusOutConditionally() - mPrevNotiPkg: com.samsung.android.game.gamehome, userId: 0
01-01 18:12:43.513   773   773 E audit   : type=1400 audit(1767291163.508:1642810): avc:  denied  { ioctl } for  pid=18877 comm=4D6561737572656D656E7420576F72 path="/data/data/com.wawapp.driver/databases/google_app_measurement_local.db" dev="dm-50" ino=1439960 ioctlcmd=0xf522 scontext=u:r:untrusted_app:s0:c161,c257,c512,c768 tcontext=u:object_r:app_data_file:s0:c161,c257,c512,c768 tclass=file permissive=0 SEPF_SM-A145P_12_0001 audit_filtered
01-01 18:12:43.513  1375  1566 D SGM:FgCheckThread:   handleResume(). pkgName: com.wawapp.driver, userId: 0, isTunableApp: null
01-01 18:12:43.513  1375  1566 D SGM:FgCheckThread: notifyFocusInOut(). of pkg: com.wawapp.driver, type: 4, isTunableApp: false, userId: 0
01-01 18:12:43.513  1375  1566 D SGM:FgCheckThread:   notifyFocusInOut(). do nothing. mKillNotiCount: 1
01-01 18:12:43.513  1375  1566 D SGM:SystemHelper: callReleaseBlock needReleaseBlock:false
01-01 18:12:43.513  1375  1497 V WindowManager: Changing focus from Window{2900cb3 u0 com.wawapp.driver/com.wawapp.driver.MainActivity} to null displayId=0 Callers=com.android.server.wm.RootWindowContainer.updateFocusedWindowLocked:578 com.android.server.wm.WindowManagerService.updateFocusedWindowLocked:6833 com.android.server.wm.ActivityTaskManagerService.setLastResumedActivityUncheckLocked:6118 com.android.server.wm.ActivityTaskSupervisor.updateTopResumedActivityIfNeeded:2847 
01-01 18:12:43.514  1375  1497 D SGM:FgCheckThread: TaskStackListener.onTaskFocusChanged(), taskId=9549, focused=false
01-01 18:12:43.514  1375  1497 D SGM:FgCheckThread: TaskStackListener.onTaskFocusChanged(), taskId=9550, focused=true
01-01 18:12:43.514  1375  1497 D SGM:FgCheckThread:   sendRunningComponentFocus(), pkgName: com.wawapp.driver, userId: 0
01-01 18:12:43.514  1375  1566 D SGM:FgCheckThread: onLooperPrepared(), msg: MSG_TASK_FOCUSED, pkgName: com.wawapp.driver, userId: 0
01-01 18:12:43.514  1375  1566 D SGM:FgCheckThread: handleTaskFocused().
01-01 18:12:43.514  1375  1566 D SGM:FgCheckThread:   handleTaskFocused(), pkgName: com.wawapp.driver, userID:0
01-01 18:12:43.514  1375  1566 D SGM:FgCheckThread: handleResume().
01-01 18:12:43.514  1375  1566 D SGM:FgCheckThread: sendFocusOutConditionally() - mPrevNotiPkg: com.samsung.android.game.gamehome, userId: 0
01-01 18:12:43.514  1375  1566 D SGM:FgCheckThread:   handleResume(). pkgName: com.wawapp.driver, userId: 0, isTunableApp: null
01-01 18:12:43.514  1375  1566 D SGM:FgCheckThread: notifyFocusInOut(). of pkg: com.wawapp.driver, type: 4, isTunableApp: false, userId: 0
01-01 18:12:43.515  1375  1566 D SGM:FgCheckThread:   notifyFocusInOut(). do nothing. mKillNotiCount: 1
01-01 18:12:43.515  1375  1566 D SGM:SystemHelper: callReleaseBlock needReleaseBlock:false
01-01 18:12:43.515  1375  1497 D ActivityTaskManager: scheduleTopResumedActivityChanged, onTop=true, r=ActivityRecord{2e70786 u0 com.wawapp.driver/com.google.firebase.auth.internal.RecaptchaActivity t9550}, caller=com.android.server.wm.ActivityTaskSupervisor.scheduleTopResumedActivityStateIfNeeded:2857 com.android.server.wm.ActivityTaskSupervisor.updateTopResumedActivityIfNeeded:2849 com.android.server.wm.TaskFragment.setResumedActivity:579 com.android.server.wm.TaskFragment.onActivityStateChanged:903 com.android.server.wm.ActivityRecord.setState:6811 com.android.server.wm.Task.minimalResumeActivityLocked:6192 
01-01 18:12:43.516  1375  1497 V WindowManager: Collecting in transition 3460: ActivityRecord{2e70786 u0 com.wawapp.driver/com.google.firebase.auth.internal.RecaptchaActivity t9550}, caller=com.android.server.wm.Transition.collect:759 com.android.server.wm.TransitionController.collect:935 com.android.server.wm.ActivityRecord.setVisibility:6348 com.android.server.wm.ActivityRecord.setVisibility:6300 com.android.server.wm.ActivityRecord.completeResumeLocked:7395 
01-01 18:12:43.516  1375  1497 V Transition:  allReady query: used=true, override=false, defer=0, states=Display{#0 state=ON size=1080x2408 ROTATION_0}:true
01-01 18:12:43.519  1375  1497 D WindowManager: SyncGroup 3460:  Unfinished container: Task{59c1612 #9550 type=standard A=10417:com.wawapp.driver} mSyncState=2
01-01 18:12:43.522  2772  2830 I HoneySpace.TopTaskSource: onTaskFocusChanged(): taskId = 9550
01-01 18:12:43.522  2772  2830 I HoneySpace.TopTaskSource: onTaskMovedToFront : taskId = 9550
01-01 18:12:43.523  2772  2830 I HoneySpace.TopTaskSource: onTaskFocusChanged(): taskId = 9550
01-01 18:12:43.523  2772  2830 I HoneySpace.TopTaskSource: onTaskMovedToFront : taskId = 9550
01-01 18:12:43.524  1375  1403 D SurfaceComposerClient: Transaction::apply InputWindowCommands.focusRequests timestamp=251125112957121, windowName=<null>
01-01 18:12:43.524   841   841 I BpBinder: onLastStrongRef automatically unlinking death recipients: 
01-01 18:12:43.525  1375  1402 D SGM:FgCheckThread: noteResumeComponent(), received pkgName: com.wawapp.driver, userId: 0
01-01 18:12:43.525  1375  2959 D AutoRotationHandler: no