01-09 07:30:49.869   812   863 I libPowerHal: [PE] vendor.samsung. update cmd:300c000, param:15
01-09 07:30:49.870  1371  8460 D WindowManager: VisibleRequested updated, r=ActivityRecord{282a2b3 u0 com.sec.android.app.launcher/.activities.LauncherActivity t10079}
01-09 07:30:49.871   808   844 I mtkpower_client: perf_lock_acq, hdl:0, dur:0, num:2, tid:844
01-09 07:30:49.872   812   863 I libPowerHal: [perfLockRel] hdl:50599, idx:2
01-09 07:30:49.872   812   863 I libPowerHal: [PD] vendor.samsung. update cmd:1c3c000 param:1
01-09 07:30:49.872   812   863 I libPowerHal: [PD] (more) /proc/mcdi/state set +prefix:enable 1;
01-09 07:30:49.872   808   844 I mtkpower_client: ret_hdl:50604
01-09 07:30:49.873   812   863 I libPowerHal: [perfLockAcq] idx:1 hdl:50604 hint:-1 pid:808 duration:0 lock_user:vendor.samsung. => ret_hdl:50604
01-09 07:30:49.873   808   844 I mtkpower_client: perf_lock_rel, hdl:50600, tid:844
01-09 07:30:49.873  2177  2301 I HoneySpace.TopTaskSource: onTaskFocusChanged(): taskId = 10079
01-09 07:30:49.873  2177  2301 I HoneySpace.TopTaskSource: onTaskFocusChanged(): taskId = 10079
01-09 07:30:49.873  2177  2301 I HoneySpace.TopTaskSource: onTaskMovedToFront : taskId = 10569
01-09 07:30:49.873  2177  2301 I HoneySpace.TopTaskSource: onTaskMovedToFront : taskId = 10079
01-09 07:30:49.873  2177  2301 I HoneySpace.TopTaskSource: onTaskMovedToFront : taskId = 10079
01-09 07:30:49.873   812   863 I libPowerHal: [PE] (more) /proc/mcdi/state set +prefix:enable 0;
01-09 07:30:49.874   808   844 I mtkpower_client: perf_lock_acq, hdl:0, dur:0, num:2, tid:844
01-09 07:30:49.874   812   863 I libPowerHal: [perfLockRel] hdl:50600, idx:3
01-09 07:30:49.874   812   863 I libPowerHal: vendor.samsung.: cpu_ctrl set cpu freq: -1 -1 2000000 -1
01-09 07:30:49.874   808   844 I mtkpower_client: ret_hdl:50605
01-09 07:30:49.874   808   844 I mtkpower_client: perf_lock_rel, hdl:50601, tid:844
01-09 07:30:49.874   812   863 I libPowerHal: [perfLockAcq] idx:2 hdl:50605 hint:-1 pid:808 duration:0 lock_user:vendor.samsung. => ret_hdl:50605
01-09 07:30:49.875   812   863 I libPowerHal: vendor.samsung.: cpu_ctrl set cpu freq: 1800000 -1 2000000 -1
01-09 07:30:49.875   808   844 I mtkpower_client: perf_lock_acq, hdl:0, dur:0, num:2, tid:844
01-09 07:30:49.875   812   863 I libPowerHal: [perfLockRel] hdl:50601, idx:4
01-09 07:30:49.875   812   863 I libPowerHal: [PD] vendor.samsung. update cmd:1000000, param:-1
01-09 07:30:49.875   812   863 I libPowerHal: [PD] vendor.samsung. update cmd:1000000 param:-1
01-09 07:30:49.875  1371  3521 D KNOX_MDM_SettingsProvider: isChangeAllowed() : name = accelerometer_rotation
01-09 07:30:49.876   808   844 I mtkpower_client: ret_hdl:50606
01-09 07:30:49.876   808   844 I mtkpower_client: perf_lock_rel, hdl:50602, tid:844
01-09 07:30:49.876   812   863 I libPowerHal: [perfLockAcq] idx:3 hdl:50606 hint:-1 pid:808 duration:0 lock_user:vendor.samsung. => ret_hdl:50606
01-09 07:30:49.876   812   863 I libPowerHal: [PE] vendor.samsung. update cmd:1000000, param:0
01-09 07:30:49.876   812   863 I libPowerHal: [PE] vendor.samsung. update cmd:1000000 param:0
01-09 07:30:49.876  1371  3521 D KNOX_MDM_SettingsProvider: isChangeAllowed() : name = user_rotation
01-09 07:30:49.876   808   844 I mtkpower_client: perf_lock_acq, hdl:0, dur:0, num:2, tid:844
01-09 07:30:49.877   812   863 I libPowerHal: [perfLockRel] hdl:50602, idx:5
01-09 07:30:49.877   812   863 I libPowerHal: vendor.samsung.: cpu_ctrl set cpu freq: 1800000 -1 -1 -1
01-09 07:30:49.877  1371  3521 V WindowManager: rotationForOrientation(orient=SCREEN_ORIENTATION_NOSENSOR (5), last=ROTATION_0 (0)); user=ROTATION_0 (0) USER_ROTATION_LOCKED
01-09 07:30:49.877  1371  3521 D WindowManager: rotationForOrientation, orientationSource=ActivityRecord{282a2b3 u0 com.sec.android.app.launcher/.activities.LauncherActivity t10079}
01-09 07:30:49.878   808   844 I mtkpower_client: ret_hdl:50607
01-09 07:30:49.878   833  1216 D SurfaceFlinger: [SF client] NEW(0xb400007a7385ab00) for (1873:com.android.systemui)
01-09 07:30:49.878  1371  3521 V WindowManager: Computed rotation=ROTATION_0 (0) for display id=0 based on lastOrientation=SCREEN_ORIENTATION_NOSENSOR (5) and oldRotation=ROTATION_0 (0), caller=com.android.server.wm.DisplayContent.updateRotationUnchecked:2674 com.android.server.wm.WindowManagerService.updateRotationUnchecked:4859 com.android.server.wm.WindowManagerService.freezeDisplayRotation:4759 com.android.server.wm.WindowManagerService.freezeRotation:4718 android.view.IWindowManager$Stub.onTransact:2712 com.android.server.wm.WindowManagerService.onTransact:1540 
01-09 07:30:49.878   812   863 I libPowerHal: [perfLockAcq] idx:4 hdl:50607 hint:-1 pid:808 duration:0 lock_user:vendor.samsung. => ret_hdl:50607
01-09 07:30:49.879   812   863 I libPowerHal: vendor.samsung.: cpu_ctrl set cpu freq: 1800000 -1 2000000 -1
01-09 07:30:49.880  1371  3521 D KNOX_MDM_SettingsProvider: isChangeAllowed() : name = accelerometer_rotation
01-09 07:30:49.880  1371  1397 D CompatibilityChangeReporter: Compat change id reported: 135634846; UID 10237; state: DISABLED
01-09 07:30:49.880  1371  1397 D CompatibilityChangeReporter: Compat change id reported: 177438394; UID 10237; state: DISABLED
01-09 07:30:49.881  1371  1397 D CompatibilityChangeReporter: Compat change id reported: 135772972; UID 10237; state: DISABLED
01-09 07:30:49.881  1371  1397 D CompatibilityChangeReporter: Compat change id reported: 135754954; UID 10237; state: ENABLED
01-09 07:30:49.881  1873  2025 D NativeCustomFrequencyManager: [NativeCFMS] BpCustomFrequencyManager::BpCustomFrequencyManager()
01-09 07:30:49.882  1371  1407 D CompatibilityChangeReporter: Compat change id reported: 143937733; UID 10237; state: ENABLED
01-09 07:30:49.883   978  1998 I CameraService: onUidStateChanged: uid=10046, procState is changed. (0 -> 1)
01-09 07:30:49.883   833   833 I BpBinder: onLastStrongRef automatically unlinking death recipients: 
01-09 07:30:49.884  2177 32014 I HoneySpace.RecentTasks: onRecentTasksChanged
01-09 07:30:49.887  1371  3521 D KNOX_MDM_SettingsProvider: isChangeAllowed() : name = user_rotation
01-09 07:30:49.887  1371  2073 D InputDispatcher: Focus left window (0): fc7c337 com.sec.android.app.launcher/com.sec.android.app.launcher.activities.LauncherActivity
01-09 07:30:49.888  1371  4838 D InputTransport: Input channel constructed: 'a853893', fd=828
01-09 07:30:49.888  1371  4838 D InputTransport: Input channel constructed: 'a853893', fd=836
01-09 07:30:49.888  1371  4838 D InputTransport: Input channel constructed: 'a853893', fd=845
01-09 07:30:49.888  1371  4838 D WindowManager: prepareSync <SYNC_STATE_WAITING_FOR_DRAW>, mPrepareSyncSeqId=0, win=Window{a853893 u0 Splash Screen com.wawapp.driver}
01-09 07:30:49.889  2177  2177 I ViewRootImpl@c707074[LauncherActivity]: handleWindowFocusChanged: 0 0 call from android.view.ViewRootImpl.-$$Nest$mhandleWindowFocusChanged:0
01-09 07:30:49.889  2177  2177 I ImeFocusController: onPreWindowFocus: skipped, hasWindowFocus=false mHasImeFocus=true
01-09 07:30:49.889   833  1216 E BufferQueueDebug: [a853893 Splash Screen com.wawapp.driver#58155](this:0xb400007a4e78b790,id:-1,api:0,p:-1,c:-1) id info cannot be read from 'a853893 Splash Screen com.wawapp.driver#58155'
01-09 07:30:49.889   833  1216 I BufferQueueDebug: [a853893 Splash Screen com.wawapp.driver#58155](this:0xb400007a4e78b790,id:-1,api:0,p:-1,c:-1) BufferQueue core=(833:/system/bin/surfaceflinger)
01-09 07:30:49.889   833  1216 I SurfaceFlinger: id=58155 createSurf, flag=84004, a853893 Splash Screen com.wawapp.driver#58155
01-09 07:30:49.890  1371  4838 V WindowManager: addWindow: ActivityRecord{c20e3ff u0 com.wawapp.driver/.MainActivity t10569} startingWindow=Window{a853893 u0 Splash Screen com.wawapp.driver}
01-09 07:30:49.890  2177  2177 I ImeFocusController: onPostWindowFocus: skipped, hasWindowFocus=false mHasImeFocus=true
01-09 07:30:49.891  1371  4838 V WindowManager: rotationForOrientation(orient=SCREEN_ORIENTATION_UNSPECIFIED (-1), last=ROTATION_0 (0)); user=ROTATION_0 (0) USER_ROTATION_LOCKED
01-09 07:30:49.891  1371  4838 D WindowManager: rotationForOrientation, orientationSource=ActivityRecord{c20e3ff u0 com.wawapp.driver/.MainActivity t10569}
01-09 07:30:49.891  1371  4838 V WindowManager: rotationForOrientation(orient=SCREEN_ORIENTATION_UNSPECIFIED (-1), last=ROTATION_0 (0)); user=ROTATION_0 (0) USER_ROTATION_LOCKED
01-09 07:30:49.891  1371  4838 D WindowManager: rotationForOrientation, orientationSource=ActivityRecord{c20e3ff u0 com.wawapp.driver/.MainActivity t10569}
01-09 07:30:49.891  1371  4838 V WindowManager: Computed rotation=ROTATION_0 (0) for display id=0 based on lastOrientation=SCREEN_ORIENTATION_UNSPECIFIED (-1) and oldRotation=ROTATION_0 (0), caller=com.android.server.wm.DisplayRotation.updateOrientation:517 com.android.server.wm.DisplayContent.updateOrientation:2176 com.android.server.wm.DisplayContent.updateOrientation:2066 com.android.server.wm.WindowManagerService.addWindow:2007 com.android.server.wm.Session.addToDisplayAsUser:240 android.view.IWindowSession$Stub.onTransact:702 
01-09 07:30:49.892  1371  4838 D InputTransport: Input channel destroyed: 'a853893', fd=845
01-09 07:30:49.893  1371  1411 W libprocessgroup: SetCgroup::ExecuteForProcess: failed to open /dev/blkio//cgroup.procs: No such file or directory
01-09 07:30:49.895  1873  1977 I InsetsController: onStateChanged: host=Splash Screen com.wawapp.driver, from=android.view.ViewRootImpl.setView:1753, state=InsetsState: {mDisplayFrame=Rect(0, 0 - 1080, 2408), mDisplayCutout=DisplayCutout{insets=Rect(0, 64 - 0, 0) waterfall=Insets{left=0, top=0, right=0, bottom=0} boundingRect={Bounds=[Rect(0, 0 - 0, 0), Rect(468, 0 - 612, 64), Rect(0, 0 - 0, 0), Rect(0, 0 - 0, 0)]} cutoutPathParserInfo={CutoutPathParserInfo{displayWidth=1080 displayHeight=2408 physicalDisplayWidth=1080 physicalDisplayHeight=2408 density={2.8125} cutoutSpec={M 0,0 H -25.6 V 22.75555555555556 H 25.6 V 0 H 0 Z @dp} rotation={0} scale={1.0} physicalPixelDisplaySizeRatio={1.0}}}}, mRoundedCorners=RoundedCorners{[RoundedCorner{position=TopLeft, radius=0, center=Point(0, 0)}, RoundedCorner{position=TopRight, radius=0, center=Point(0, 0)}, RoundedCorner{position=BottomRight, radius=0, center=Point(0, 0)}, RoundedCorner{position=BottomLeft, radius=0, center=Point(0, 0)}]}  mRoundedCornerFrame=Rect(0, 0 - 1080, 2408), mPrivacyIndicatorBounds=PrivacyIndicatorBounds {static bounds=Rect(956, 0 - 1080, 64) rotation=0}, mDisplayShape=DisplayShape{ spec=-311912193 displayWidth=1080 displayHeight=2408 physicalPixelDisplaySizeRatio=1.0 rotation=0 offsetX=0 offsetY=0 scale=1.0}, mSources= { InsetsSource: {98150001 mType=navigationBars mFrame=[0,2273][1080,2408] mVisible=true mFlags=[]}, InsetsSource: {98150004 mType=systemGestures mFrame=[0,0][0,0] mVisible=true mFlags=[]}, InsetsSource: {98150005 mType=mandatorySystemGestures mFrame=[0,2273][1080,2408] mVisible=true mFlags=[]}, InsetsSource: {98150006 mType=tappableElement mFrame=[0,2273][1080,2408] mVisible=true mFlags=[]}, InsetsSource: {98150024 mType=systemGestures mFrame=[0,0][0,0] mVisible=true mFlags=[]}, InsetsSource: {3 mType=ime mFrame=[0,0][0,0] mVisible=false mFlags=[]}, InsetsSource: {27 mType=displayCutout mFrame=[0,0][1080,64] mVisible=true mFlags=[]}, InsetsSource: {79c30000 mType=statusBars mFrame=[0,0][1080,64] mVisible=true mFlags=[]}, InsetsSource: {79c30005 mType=mandatorySystemGestures mFrame=[0,0][1080,98] mVisible=true mFlags=[]}, InsetsSource: {79c30006 mType=tappableElement mFrame=[0,0][1080,64] mVisible=true mFlags=[]} }
01-09 07:30:49.896  1371  3521 V WindowManager: rotationForOrientation(orient=SCREEN_ORIENTATION_UNSPECIFIED (-1), last=ROTATION_0 (0)); user=ROTATION_0 (0) USER_ROTATION_LOCKED
01-09 07:30:49.896  1371  3521 D WindowManager: rotationForOrientation, orientationSource=ActivityRecord{c20e3ff u0 com.wawapp.driver/.MainActivity t10569}
01-09 07:30:49.896  1371  3521 V WindowManager: Computed rotation=ROTATION_0 (0) for display id=0 based on lastOrientation=SCREEN_ORIENTATION_UNSPECIFIED (-1) and oldRotation=ROTATION_0 (0), caller=com.android.server.wm.DisplayContent.updateRotationUnchecked:2674 com.android.server.wm.WindowManagerService.updateRotationUnchecked:4859 com.android.server.wm.WindowManagerService.thawDisplayRotation:4800 com.android.server.wm.WindowManagerService.thawRotation:4764 android.view.IWindowManager$Stub.onTransact:2718 com.android.server.wm.WindowManagerService.onTransact:1540 
01-09 07:30:49.896  1873  1977 I ViewRootImpl@9a11309[driver]: synced displayState. AttachInfo displayState=2
01-09 07:30:49.896  1873  1977 I ViewRootImpl@9a11309[driver]: setView = android.widget.FrameLayout@906f527 TM=true
01-09 07:30:49.896  1371  3521 W ActivityTaskManager: setActivityController controller: null  mControllerDescription: pid = 3909 uid = 2000
01-09 07:30:49.897  1371  1395 V WindowManager: rotationForOrientation(orient=SCREEN_ORIENTATION_UNSPECIFIED (-1), last=ROTATION_0 (0)); user=ROTATION_0 (0) 
01-09 07:30:49.897  3909  3909 I Monkey  : ## Network stats: elapsed time=90ms (0ms mobile, 0ms wifi, 90ms not connected)
01-09 07:30:49.897  1371  1395 D WindowManager: rotationForOrientation, orientationSource=ActivityRecord{c20e3ff u0 com.wawapp.driver/.MainActivity t10569}
01-09 07:30:49.898  1371  1397 D SGM:FgCheckThread: notePauseComponent(), received pkgName: com.sec.android.app.launcher, userId: 0
01-09 07:30:49.898  1371  1395 V WindowManager: Computed rotation=ROTATION_0 (0) for display id=0 based on lastOrientation=SCREEN_ORIENTATION_UNSPECIFIED (-1) and oldRotation=ROTATION_0 (0), caller=com.android.server.wm.DisplayContent.updateRotationUnchecked:2674 com.android.server.wm.WindowManagerService.updateRotationUnchecked:4859 com.android.server.wm.WindowManagerService.updateRotation:4840 com.android.server.wm.DisplayRotation$SettingsObserver.onChange:2429 android.database.ContentObserver.onChange:154 android.database.ContentObserver.onChange:170 
01-09 07:30:49.898  3909  3909 I app_process: System.exit called, status: 0
01-09 07:30:49.898  3909  3909 I AndroidRuntime: VM exiting with result code 0.
01-09 07:30:49.908  2177 32014 I HoneySpace.GlobalSettingDataSourceImpl: Setting accelerometer_rotation changed to 1
01-09 07:30:49.909  1371  1395 D TspStateManager: updateCustomValue customSetting=
01-09 07:30:49.911  1873  1873 D Navbar.Store: handleEvent(0) OnRotationLockedChanged(rotationLocked=false) [Module] NavBarStoreImpl
01-09 07:30:49.912  1873  2025 D OpenGLRenderer: HWUI - treat SMPTE_170M as sRGB
01-09 07:30:49.913   784   784 D Zygote  : Forked child process 3930
01-09 07:30:49.914  1371  1407 I ActivityManager: Start proc 3930:com.wawapp.driver/u0a237 for next-top-activity {com.wawapp.driver/com.wawapp.driver.MainActivity}
01-09 07:30:49.915  1371  5733 V WindowManager: Relayout Window{a853893 u0 Splash Screen com.wawapp.driver}: viewVisibility=0 req=1080x2408 ty=3 d0
01-09 07:30:49.915  1371  5733 D RestrictionPolicy: isScreenCaptureEnabled : ret=true userId=0
01-09 07:30:49.916   833  1216 E BufferQueueDebug: [Splash Screen com.wawapp.driver$_1873#58156](this:0xb400007a4e7fb790,id:-1,api:0,p:-1,c:-1) id info cannot be read from 'Splash Screen com.wawapp.driver$_1873#58156'
01-09 07:30:49.916   833  1216 I BufferQueueDebug: [Splash Screen com.wawapp.driver$_1873#58156](this:0xb400007a4e7fb790,id:-1,api:0,p:-1,c:-1) BufferQueue core=(833:/system/bin/surfaceflinger)
01-09 07:30:49.916   833  1216 I SurfaceFlinger: id=58156 createSurf, flag=44004, Splash Screen com.wawapp.driver$_1873#58156
01-09 07:30:49.917  1371  5733 D WindowManager: makeSurface duration=2 name=Splash Screen com.wawapp.driver$_1873
01-09 07:30:49.919  1873  1873 D SettingsHelper: onChange() COMPLETED elapsed= 3
01-09 07:30:49.921  1371  5733 V WindowManager: Changing focus from Window{fc7c337 u0 com.sec.android.app.launcher/com.sec.android.app.launcher.activities.LauncherActivity} to null displayId=0 Callers=com.android.server.wm.RootWindowContainer.updateFocusedWindowLocked:578 com.android.server.wm.WindowManagerService.updateFocusedWindowLocked:6833 com.android.server.wm.WindowManagerService.relayoutWindow:2755 com.android.server.wm.Session.relayout:282 
01-09 07:30:49.921  1371  5733 V WindowManager: rotationForOrientation(orient=SCREEN_ORIENTATION_UNSPECIFIED (-1), last=ROTATION_0 (0)); user=ROTATION_0 (0) 
01-09 07:30:49.921  1371  5733 D WindowManager: rotationForOrientation, orientationSource=ActivityRecord{c20e3ff u0 com.wawapp.driver/.MainActivity t10569}
01-09 07:30:49.922  1371  5733 V WindowManager: Relayout hash=a853893, pid=1873, syncId=-1: mAttrs={(0,0)(fillxfill) sim={adjust=pan} ty=APPLICATION_STARTING fmt=TRANSLUCENT wanim=0x1030001
01-09 07:30:49.922  1371  5733 V WindowManager:   fl=81030118
01-09 07:30:49.922  1371  5733 V WindowManager:   pfl=16000010
01-09 07:30:49.922  1371  5733 V WindowManager:   bhv=DEFAULT
01-09 07:30:49.922  1371  5733 V WindowManager:   fitSides= naviIconColor=0}
01-09 07:30:49.922  1873  2002 D SRotationLockTile:  mRotationLocked: false handleUpdateState: true orientation = true
01-09 07:30:49.922  1371  8460 D CoreBackPreview: Window{a853893 u0 Splash Screen com.wawapp.driver}: Setting back callback OnBackInvokedCallbackInfo{mCallback=android.window.IOnBackInvokedCallback$Stub$Proxy@bc2dd18, mPriority=0, mIsAnimationCallback=false}
01-09 07:30:49.923  1873  1977 D BufferQueueConsumer: [](id:75100000ed2,api:0,p:-1,c:1873) connect: controlledByApp=false
01-09 07:30:49.924  1873  1977 I BLASTBufferQueue_Java: new BLASTBufferQueue, mName= ViewRootImpl@9a11309[driver] mNativeObject= 0xb400007a0d6cfc00 sc.mNativeObject= 0xb400007a10277780 caller= android.view.ViewRootImpl.updateBlastSurfaceIfNeeded:3028 android.view.ViewRootImpl.relayoutWindow:10131 android.view.ViewRootImpl.performTraversals:4110 android.view.ViewRootImpl.doTraversal:3288 android.view.ViewRootImpl$TraversalRunnable.run:11344 android.view.Choreographer$CallbackRecord.run:1689 android.view.Choreographer$CallbackRecord.run:1698 android.view.Choreographer.doCallbacks:1153 android.view.Choreographer.doFrame:1079 android.view.Choreographer$FrameDisplayEventReceiver.run:1646 
01-09 07:30:49.924  1873  1977 I BLASTBufferQueue_Java: update, w= 1080 h= 2408 mName = ViewRootImpl@9a11309[driver] mNativeObject= 0xb400007a0d6cfc00 sc.mNativeObject= 0xb400007a10277780 format= -3 caller= android.graphics.BLASTBufferQueue.<init>:89 android.view.ViewRootImpl.updateBlastSurfaceIfNeeded:3028 android.view.ViewRootImpl.relayoutWindow:10131 android.view.ViewRootImpl.performTraversals:4110 android.view.ViewRootImpl.doTraversal:3288 android.view.ViewRootImpl$TraversalRunnable.run:11344 
01-09 07:30:49.925  1873  1977 I ViewRootImpl@9a11309[driver]: Relayout returned: old=(0,0,1080,2408) new=(0,0,1080,2408) relayoutAsync=false req=(1080,2408)0 dur=9 res=0x403 s={true 0xb400007a0d31f000} ch=true seqId=0
01-09 07:30:49.926  1873  1977 D ViewRootImpl@9a11309[driver]: mThreadedRenderer.initialize() mSurface={isValid=true 0xb400007a0d31f000} hwInitialized=true
01-09 07:30:49.926  1873  1873 D SRotationLockTile:  OnChangedCallback : 
01-09 07:30:49.927  1873  1977 D ViewRootImpl@9a11309[driver]: reportNextDraw android.view.ViewRootImpl.performTraversals:4718 android.view.ViewRootImpl.doTraversal:3288 android.view.ViewRootImpl$TraversalRunnable.run:11344 android.view.Choreographer$CallbackRecord.run:1689 android.view.Choreographer$CallbackRecord.run:1698 
01-09 07:30:49.927  1873  1977 I ViewRootImpl@9a11309[driver]: Setup new sync=wmsSync-ViewRootImpl@9a11309[driver]#55
01-09 07:30:49.927  1873  1977 I ViewRootImpl@9a11309[driver]: Creating new active sync group ViewRootImpl@9a11309[driver]#56
01-09 07:30:49.928  1873  1977 I ViewRootImpl@9a11309[driver]: registerCallbacksForSync syncBuffer=false
01-09 07:30:49.931  1873  2475 I ViewRootImpl@9a11309[driver]: Received frameDrawingCallback syncResult=0 frameNum=1.
01-09 07:30:49.931  1873  2475 I ViewRootImpl@9a11309[driver]: mWNT: t=0xb400007a0cb80780 mBlastBufferQueue=0xb400007a0d6cfc00 fn= 1 mRenderHdrSdrRatio=1.0 caller= android.view.ViewRootImpl$8.onFrameDraw:13841 android.view.ThreadedRenderer$1.onFrameDraw:792 <bottom of call stack> 
01-09 07:30:49.931  1873  2475 I ViewRootImpl@9a11309[driver]: Setting up sync and frameCommitCallback
01-09 07:30:49.938  1873  2025 D BLASTBufferQueue: [ViewRootImpl@9a11309[driver]#3794](f:0,a:0) onFrameAvailable the first frame is available
01-09 07:30:49.940  1873  2025 D BLASTBufferQueue: [ViewRootImpl@9a11309[driver]#3794](f:0,a:1) acquireNextBufferLocked size=1080x2408 mFrameNumber=1 applyTransaction=true mTimestamp=169457822566560(auto) mPendingTransactions.size=0 graphicBufferId=8044473797340 transform=0
01-09 07:30:49.940  1873  2025 I ViewRootImpl@9a11309[driver]: Received frameCommittedCallback lastAttemptedDrawFrameNum=1 didProduceBuffer=true
01-09 07:30:49.943  1873  2025 D OpenGLRenderer: CFMS:: SetUp Pid : 1873    Tid : 2025
01-09 07:30:49.943  1873  1977 I ViewRootImpl@9a11309[driver]: reportDrawFinished seqId=0
01-09 07:30:49.944  1371  5733 D WindowManager: finishDrawingWindow: Window{a853893 u0 Splash Screen com.wawapp.driver} mDrawState=DRAW_PENDING seqId=0
01-09 07:30:49.945  1371  5733 V WindowManager: Finishing drawing window Window{a853893 u0 Splash Screen com.wawapp.driver}: mDrawState=DRAW_PENDING
01-09 07:30:49.945  1371  5733 V WindowManager: Draw state now committed in Window{a853893 u0 Splash Screen com.wawapp.driver}
01-09 07:30:49.947  1371  1398 V Transition:  allReady query: used=true, override=false, defer=0, states=Display{#0 state=ON size=1080x2408 ROTATION_0}:true
01-09 07:30:49.947  3930  3930 I m.wawapp.driver: Late-enabling -Xcheck:jni
01-09 07:30:49.948  1371  1398 V WindowManager: SyncGroup 3757: Finished!
01-09 07:30:49.948   833   833 I gralloc4: @set_metadata: update dataspace from GM (0x08010000 -> 0x00000000)
01-09 07:30:49.949  1371  1398 V WindowManager: performShowLocked: mDrawState=HAS_DRAWN in Window{a853893 u0 Splash Screen com.wawapp.driver}
01-09 07:30:49.949  1371  1398 D ChangeTransitionController: onTransactionReady: TransitionRecord{c03af1e id=3757 type=OPEN flags=0x0}
01-09 07:30:49.949  1371  1398 V WindowManager: Start calculating TransitionInfo based on participants: {ActivityRecord{282a2b3 u0 com.sec.android.app.launcher/.activities.LauncherActivity t10079}, WallpaperWindowToken{3f538f9 token=android.os.Binder@174b3c0}, Task{5b2f5cc #10569 type=standard I=com.wawapp.driver/.MainActivity}, ActivityRecord{c20e3ff u0 com.wawapp.driver/.MainActivity t10569}}
01-09 07:30:49.949  1371  1398 V WindowManager:   Final targets: [Task{5b2f5cc #10569 type=standard I=com.wawapp.driver/.MainActivity}, Task{11f554f #1 type=home}]
01-09 07:30:49.949   833   893 E BufferQueueDebug: [Transition Root: Task=10569#58157](this:0xb400007a4e918790,id:-1,api:0,p:-1,c:-1) id info cannot be read from 'Transition Root: Task=10569#58157'
01-09 07:30:49.950   833   893 I BufferQueueDebug: [Transition Root: Task=10569#58157](this:0xb400007a4e918790,id:-1,api:0,p:-1,c:-1) BufferQueue core=(833:/system/bin/surfaceflinger)
01-09 07:30:49.950   833   893 I SurfaceFlinger: id=58157 createSurf, flag=84004, Transition Root: Task=10569#58157
01-09 07:30:49.952  1371  1398 I SurfaceControl: show, t=StartTransaction_SyncId<3757>, sc=Surface(name=ActivityRecord{c20e3ff u0 com.wawapp.driver/.MainActivity t10569})/@0x3954ae1, caller=com.android.server.wm.Transition.onTransactionReady:1992 com.android.server.wm.BLASTSyncEngine$SyncGroup.finishNow:315 com.android.server.wm.BLASTSyncEngine$SyncGroup.tryFinish:242 com.android.server.wm.BLASTSyncEngine$SyncGroup.-$$Nest$mtryFinish:0 com.android.server.wm.BLASTSyncEngine.onSurfacePlacement:675 com.android.server.wm.RootWindowContainer.performSurfacePlacementNoTrace:990 
01-09 07:30:49.954  1371  1398 V WindowManager: Calling onTransitionReady: {id=3757 t=OPEN f=0x0 trk=0 r=[0@Point(0, 0)] c=[
01-09 07:30:49.954  1371  1398 V WindowManager:         {WCT{RemoteToken{2bab41d Task{5b2f5cc #10569 type=standard I=com.wawapp.driver/.MainActivity}}} m=OPEN f=NONE leash=Surface(name=Task=10569)/@0xf8526c7 sb=Rect(0, 0 - 1080, 2408) eb=Rect(0, 0 - 1080, 2408) d=0 dim=true inset=Rect(0, 64 - 0, 135)},
01-09 07:30:49.954  1371  1398 V WindowManager:         {WCT{RemoteToken{cde948 Task{11f554f #1 type=home}}} m=TO_BACK f=SHOW_WALLPAPER|EDGE_EXTENSION_RESTRICTION leash=Surface(name=Task=1)/@0xa94db52 sb=Rect(0, 0 - 1080, 2408) eb=Rect(0, 0 - 1080, 2408) d=0 inset=Rect(0, 64 - 0, 135)}
01-09 07:30:49.954  1371  1398 V WindowManager:     ]}
01-09 07:30:49.956  1371  1394 V WindowManager: Sent Transition #3757 createdAt=01-09 07:30:49.826 via request=TransitionRequestInfo { type = OPEN, triggerTask = TaskInfo{userId=0 taskId=10569 displayId=0 isRunning=true baseIntent=Intent { act=android.intent.action.MAIN cat=[android.intent.category.LAUNCHER] flg=0x10200000 cmp=com.wawapp.driver/.MainActivity } baseActivity=ComponentInfo{com.wawapp.driver/com.wawapp.driver.MainActivity} topActivity=ComponentInfo{com.wawapp.driver/com.wawapp.driver.MainActivity} origActivity=null realActivity=ComponentInfo{com.wawapp.driver/com.wawapp.driver.MainActivity} numActivities=1 lastActiveTime=290467082 supportsMultiWindow=true resizeMode=1 isResizeable=true minWidth=-1 minHeight=-1 maxWidth=-1 maxHeight=-1 defaultMinSize=220 token=WCT{RemoteToken{2bab41d Task{5b2f5cc #10569 type=standard I=com.wawapp.driver/.MainActivity}}} topActivityType=1 pictureInPictureParams=null shouldDockBigOverlays=false launchIntoPipHostTaskId=-1 lastParentTaskIdBeforePip=-1 displayCutoutSafeInsets=Rect(0, 64 - 0, 0) topActivityInfo=ActivityInfo{7cdb692 com.wawapp.driver.MainActivity} launchCookies=[] positionInParent=Point(0, 0) parentTaskId=-1 isFocused=false isVisible=false isVisibleRequested=false isSleeping=false topActivityInSizeCompat=false topActivityEligibleForLetterboxEducation= false topActivityLetterboxed= false isFromDoubleTap= false topActivityLetterboxVerticalPosition= -1 topActivityLetterboxHorizontalPosition= -1 topActivityLetterboxWidth=-1 topActivityLetterboxHeight=-1 locusId=null displayAreaFeatureId=1 cameraCompatControlState=hidden originallySupportedMultiWindow=true hasWallpaper=false topActivityInFixedAspectRatio=false rootAffinity=null topActivityInDisplayCompat=false topActivityInBoundsCompat=false topActivityBounds=null singleTapFromLetterbox=false isTopTaskInStage=false topActivityUiMode=33 CoverLauncherWidgetTask=false CoverScreenTask=false isAllowedSeamlessRotation=false isTopTransparentActivity=false hasPopOver=false}, remoteTransition = null, displayChange = null }
01-09 07:30:49.956  1371  1394 V WindowManager:     startWCT=WindowContainerTransaction { changes = {} hops = [] errorCallbackToken=null taskFragmentOrganizer=null }
01-09 07:30:49.956  1371  1394 V WindowManager:     info={id=3757 t=OPEN f=0x0 trk=0 r=[0@Point(0, 0)] c=[
01-09 07:30:49.956  1371  1394 V WindowManager:         {WCT{RemoteToken{2bab41d Task{5b2f5cc #10569 type=standard I=com.wawapp.driver/.MainActivity}}} m=OPEN f=NONE leash=Surface(name=Task=10569)/@0xf8526c7 sb=Rect(0, 0 - 1080, 2408) eb=Rect(0, 0 - 1080, 2408) d=0 dim=true inset=Rect(0, 64 - 0, 135)},
01-09 07:30:49.956  1371  1394 V WindowManager:         {WCT{RemoteToken{cde948 Task{11f554f #1 type=home}}} m=TO_BACK f=SHOW_WALLPAPER|EDGE_EXTENSION_RESTRICTION leash=Surface(name=Task=1)/@0xa94db52 sb=Rect(0, 0 - 1080, 2408) eb=Rect(0, 0 - 1080, 2408) d=0 inset=Rect(0, 64 - 0, 135)}
01-09 07:30:49.956  1371  1394 V WindowManager:     ]}
01-09 07:30:49.957  1371  1398 I WindowManager: Cancelling animation restarting=true, leash=Surface(name=Surface(name=e994ac8 StatusBar)/@0xe9dea32 - animation-leash of insets_animation)/@0x85835fa
01-09 07:30:49.957  1371  1398 I WindowManager: Reparenting to original parent: Surface(name=WindowToken{11fbf6b type=2000 android.os.BinderProxy@fa821e5})/@0xb442383, destroy=false, surface=Surface(name=e994ac8 StatusBar)/@0xe9dea32
01-09 07:30:49.957  1371  1398 I WindowManager: Reparenting to leash, surface=Surface(name=e994ac8 StatusBar)/@0xe9dea32, leashParent=Surface(name=WindowToken{11fbf6b type=2000 android.os.BinderProxy@fa821e5})/@0xb442383
01-09 07:30:49.958   833   893 E BufferQueueDebug: [Surface(name=e994ac8 StatusBar)/@0xe9dea32 - animation-leash of insets_animation#58158](this:0xb400007a4e9d3790,id:-1,api:0,p:-1,c:-1) id info cannot be read from 'Surface(name=e994ac8 StatusBar)/@0xe9dea32 - animation-leash of insets_animation#58158'
01-09 07:30:49.958   833   893 I BufferQueueDebug: [Surface(name=e994ac8 StatusBar)/@0xe9dea32 - animation-leash of insets_animation#58158](this:0xb400007a4e9d3790,id:-1,api:0,p:-1,c:-1) BufferQueue core=(833:/system/bin/surfaceflinger)
01-09 07:30:49.958   833   893 I SurfaceFlinger: id=58158 createSurf, flag=24000, Surface(name=e994ac8 StatusBar)/@0xe9dea32 - animation-leash of insets_animation#58158
01-09 07:30:49.959  1371  1398 D WindowManager: makeSurface duration=2 leash=Surface(name=Surface(name=e994ac8 StatusBar)/@0xe9dea32 - animation-leash of insets_animation)/@0x373cc60
01-09 07:30:49.960  1371  1398 D InsetsSourceProvider: updateControlForTarget: control=InsetsSourceControl: {79c30000 mType=statusBars initiallyVisible mSurfacePosition=Point(0, 0) mInsetsHint=Insets{left=0, top=64, right=0, bottom=0}}, target=Window{a853893 u0 Splash Screen com.wawapp.driver}, from=com.android.server.wm.InsetsStateController.onControlTargetChanged:358 com.android.server.wm.InsetsStateController.onBarControlTargetChanged:324 com.android.server.wm.InsetsPolicy.updateBarControlTarget:173 com.android.server.wm.InsetsPolicy.updateSystemBars:805 com.android.server.wm.DisplayPolicy.updateSystemBarsLw:3425 
01-09 07:30:49.960  1873  1939 V WindowManagerShell: onTransitionReady android.os.BinderProxy@65530d: {id=3757 t=OPEN f=0x0 trk=0 r=[0@Point(0, 0)] c=[{WCT{android.window.IWindowContainerToken$Stub$Proxy@3b13270} m=OPEN f=NONE leash=Surface(name=Task=10569)/@0xd0d5bed sb=Rect(0, 0 - 1080, 2408) eb=Rect(0, 0 - 1080, 2408) d=0 dim=true inset=Rect(0, 64 - 0, 135)},{WCT{android.window.IWindowContainerToken$Stub$Proxy@270c9e9} m=TO_BACK f=SHOW_WALLPAPER|EDGE_EXTENSION_RESTRICTION leash=Surface(name=Task=1)/@0x7008a22 sb=Rect(0, 0 - 1080, 2408) eb=Rect(0, 0 - 1080, 2408) d=0 inset=Rect(0, 64 - 0, 135)}]}
01-09 07:30:49.960  1371  1398 I WindowManager: Cancelling animation restarting=true, leash=Surface(name=Surface(name=3a0b63c NavigationBar0)/@0xf117539 - animation-leash of insets_animation)/@0xcb69e08
01-09 07:30:49.960  1371  1398 I WindowManager: Reparenting to original parent: Surface(name=WindowToken{9bb1910 type=2019 android.os.BinderProxy@42027c2})/@0xf3c777e, destroy=false, surface=Surface(name=3a0b63c NavigationBar0)/@0xf117539
01-09 07:30:49.960  1371  1398 I WindowManager: Reparenting to leash, surface=Surface(name=3a0b63c NavigationBar0)/@0xf117539, leashParent=Surface(name=WindowToken{9bb1910 type=2019 android.os.BinderProxy@42027c2})/@0xf3c777e
01-09 07:30:49.961   833   893 E BufferQueueDebug: [Surface(name=3a0b63c NavigationBar0)/@0xf117539 - animation-leash of insets_animation#58159](this:0xb400007a404e6790,id:-1,api:0,p:-1,c:-1) id info cannot be read from 'Surface(name=3a0b63c NavigationBar0)/@0xf117539 - animation-leash of insets_animation#58159'
01-09 07:30:49.961   833   893 I BufferQueueDebug: [Surface(name=3a0b63c NavigationBar0)/@0xf117539 - animation-leash of insets_animation#58159](this:0xb400007a404e6790,id:-1,api:0,p:-1,c:-1) BufferQueue core=(833:/system/bin/surfaceflinger)
01-09 07:30:49.961   833   893 I SurfaceFlinger: id=58159 createSurf, flag=24000, Surface(name=3a0b63c NavigationBar0)/@0xf117539 - animation-leash of insets_animation#58159
01-09 07:30:49.961  1873  1939 I SurfaceControl: hide, t=FinishTransaction_SyncId<3757>, sc=Surface(name=Task=1)/@0x7008a22, caller=com.android.wm.shell.transition.Transitions.dispatchReady:682 com.android.wm.shell.transition.Transitions.onTransitionReady:119 com.android.wm.shell.transition.Transitions$TransitionPlayerImpl$$ExternalSyntheticLambda0.run:13 android.os.Handler.handleCallback:958 android.os.Handler.dispatchMessage:99 android.os.Looper.loopOnce:230 
01-09 07:30:49.961  1873  1939 I SurfaceControl: show, t=StartTransaction_SyncId<3757>, sc=Surface(name=Task=10569)/@0xd0d5bed, caller=com.android.wm.shell.transition.Transitions.dispatchReady:687 com.android.wm.shell.transition.Transitions.onTransitionReady:119 com.android.wm.shell.transition.Transitions$TransitionPlayerImpl$$ExternalSyntheticLambda0.run:13 android.os.Handler.handleCallback:958 android.os.Handler.dispatchMessage:99 android.os.Looper.loopOnce:230 
01-09 07:30:49.962  1873  1939 I SurfaceControl: show, t=FinishTransaction_SyncId<3757>, sc=Surface(name=Task=10569)/@0xd0d5bed, caller=com.android.wm.shell.transition.Transitions.dispatchReady:744 com.android.wm.shell.transition.Transitions.onTransitionReady:119 com.android.wm.shell.transition.Transitions$TransitionPlayerImpl$$ExternalSyntheticLambda0.run:13 android.os.Handler.handleCallback:958 android.os.Handler.dispatchMessage:99 android.os.Looper.loopOnce:230 
01-09 07:30:49.962  1371  1398 D WindowManager: makeSurface duration=1 leash=Surface(name=Surface(name=3a0b63c NavigationBar0)/@0xf117539 - animation-leash of insets_animation)/@0xc0ca9de
01-09 07:30:49.962  1873  1939 V WindowManagerShell: Playing animation for (#3757)android.os.BinderProxy@65530d@0
01-09 07:30:49.962  1873  1939 I SurfaceControl: show, t=StartTransaction_SyncId<3757>, sc=Surface(name=Transition Root: Task=10569)/@0xd9d5cb3, caller=com.android.wm.shell.transition.Transitions.playTransition:80 com.android.wm.shell.transition.Transitions.processReadyQueue:195 com.android.wm.shell.transition.Transitions.dispatchReady:762 com.android.wm.shell.transition.Transitions.onTransitionReady:119 com.android.wm.shell.transition.Transitions$TransitionPlayerImpl$$ExternalSyntheticLambda0.run:13 android.os.Handler.handleCallback:958 
01-09 07:30:49.962  1371  1398 D InsetsSourceProvider: updateControlForTarget: control=InsetsSourceControl: {98150001 mType=navigationBars initiallyVisible mSurfacePosition=Point(0, 2273) mInsetsHint=Insets{left=0, top=0, right=0, bottom=135}}, target=Window{a853893 u0 Splash Screen com.wawapp.driver}, from=com.android.server.wm.InsetsStateController.onControlTargetChanged:358 com.android.server.wm.InsetsStateController.onBarControlTargetChanged:327 com.android.server.wm.InsetsPolicy.updateBarControlTarget:173 com.android.server.wm.InsetsPolicy.updateSystemBars:805 com.android.server.wm.DisplayPolicy.updateSystemBarsLw:3425 
01-09 07:30:49.962  1873  1939 V WindowManagerShell:  try handler com.android.wm.shell.taskview.TaskViewTransitions@2557a64
01-09 07:30:49.962  1873  1939 E TaskViewTransitions: Found a launching TaskView in the wrong transition. All TaskView launches should be initiated by shell and in their own transition: 10569
01-09 07:30:49.962  1873  1939 V WindowManagerShell:  try handler com.android.wm.shell.transition.DefaultMixedHandler@da98239
01-09 07:30:49.962  1873  1939 V WindowManagerShell:  try handler com.android.wm.shell.keyguard.KeyguardTransitionHandler@7f0007e
01-09 07:30:49.962  1873  1939 V WindowManagerShell:  try handler com.android.wm.shell.activityembedding.ActivityEmbeddingController@e095932
01-09 07:30:49.962  1873  1939 V WindowManagerShell:  try handler com.android.wm.shell.recents.RecentsTransitionHandler@1d46683
01-09 07:30:49.962  1873  1939 V ShellRecents: RecentsTransitionHandler.startAnimation: no controller found
01-09 07:30:49.962  1873  1939 V WindowManagerShell:  try handler com.android.wm.shell.pip.PipTransition@30ff19
01-09 07:30:49.962  1873  1939 V WindowManagerShell:  try handler com.android.wm.shell.splitscreen.StageCoordinator@13bc1bf
01-09 07:30:49.962  1873  1939 V WindowManagerShell:  try handler com.android.wm.shell.transition.RemoteTransitionHandler@433e08c
01-09 07:30:49.962  1873  1939 V WindowManagerShell: Transition doesn't have explicit remote, search filters for match for {id=3757 t=OPEN f=0x0 trk=0 r=[0@Point(0, 0)] c=[{WCT{android.window.IWindowContainerToken$Stub$Proxy@3b13270} m=OPEN f=NONE leash=Surface(name=Task=10569)/@0xd0d5bed sb=Rect(0, 0 - 1080, 2408) eb=Rect(0, 0 - 1080, 2408) d=0 dim=true inset=Rect(0, 64 - 0, 135)},{WCT{android.window.IWindowContainerToken$Stub$Proxy@270c9e9} m=TO_BACK f=SHOW_WALLPAPER|EDGE_EXTENSION_RESTRICTION leash=Surface(name=Task=1)/@0x7008a22 sb=Rect(0, 0 - 1080, 2408) eb=Rect(0, 0 - 1080, 2408) d=0 inset=Rect(0, 64 - 0, 135)}]}
01-09 07:30:49.963  1873  1939 V WindowManagerShell:  Checking filter Pair{{types=[] flags=0x0] notFlags=0x100 checks=[{atype=home independent=true modes=[OPEN,TO_FRONT] flags=NONE mustBeTask=false order=TOP topActivity=ComponentInfo{com.sec.android.app.launcher/com.sec.android.app.launcher.Launcher}},{atype=recents independent=true modes=[CLOSE,TO_BACK] flags=NONE mustBeTask=false order=ANY topActivity=null}]} RemoteTransition { remoteTransition = android.window.IRemoteTransition$Stub$Proxy@c973d5, appThread = android.app.IApplicationThread$Stub$Proxy@2cf67ea, debugName = QuickstepLaunchHomeFromRecents }}
01-09 07:30:49.963  1873  1939 V WindowManagerShell:  Checking filter Pair{{types=[] flags=0x0] notFlags=0x100 checks=[{atype=home independent=true modes=[OPEN,TO_FRONT] flags=NONE mustBeTask=false order=TOP topActivity=ComponentInfo{com.sec.android.app.launcher/com.sec.android.app.launcher.Launcher}},{atype=standard independent=true modes=[CLOSE,TO_BACK] flags=NONE mustBeTask=false order=ANY topActivity=null}]} RemoteTransition { remoteTransition = android.window.IRemoteTransition$Stub$Proxy@cf4badb, appThread = android.app.IApplicationThread$Stub$Proxy@5847978, debugName = QuickstepLaunchHome }}
01-09 07:30:49.963  1873  1939 V WindowManagerShell:  Delegate animation for #3757 to null
01-09 07:30:49.963  1873  1939 V WindowManagerShell:  try handler com.android.wm.shell.transition.DefaultTransitionHandler@13a7851
01-09 07:30:49.963  1873  1939 V WindowManagerShell: start default transition animation, info = {id=3757 t=OPEN f=0x0 trk=0 r=[0@Point(0, 0)] c=[{WCT{android.window.IWindowContainerToken$Stub$Proxy@3b13270} m=OPEN f=NONE leash=Surface(name=Task=10569)/@0xd0d5bed sb=Rect(0, 0 - 1080, 2408) eb=Rect(0, 0 - 1080, 2408) d=0 dim=true inset=Rect(0, 64 - 0, 135)},{WCT{android.window.IWindowContainerToken$Stub$Proxy@270c9e9} m=TO_BACK f=SHOW_WALLPAPER|EDGE_EXTENSION_RESTRICTION leash=Surface(name=Task=1)/@0x7008a22 sb=Rect(0, 0 - 1080, 2408) eb=Rect(0, 0 - 1080, 2408) d=0 inset=Rect(0, 64 - 0, 135)}]}
01-09 07:30:49.963 29255 29255 I bpbk    : onPause
01-09 07:30:49.963  1371  1398 D WindowManager: updateSystemBarAttributes: displayId=0, win=Window{a853893 u0 Splash Screen com.wawapp.driver}, navColorWin=Window{a853893 u0 Splash Screen com.wawapp.driver}, focusedCanBeNavColorWin=false, behavior=1, appearance=0, statusBarAppearanceRegions=[AppearanceRegion{ bounds=[0,0][1080,2408]}], requestedVisibilities=-9, from=com.android.server.wm.DisplayPolicy.finishPostLayoutPolicyLw:2320 com.android.server.wm.DisplayContent.applySurfaceChangesTransaction:6130 com.android.server.wm.RootWindowContainer.applySurfaceChangesTransaction:1180 
01-09 07:30:49.964  1873  1939 V WindowManagerShell: loadAnimation: anim=android.view.animation.AnimationSet@507110f animAttr=0x13 type=OPEN isEntrance=false
01-09 07:30:49.964   833   893 E BufferQueueDebug: [c5a4759 ActivityRecordInputSink com.wawapp.driver/.MainActivity#58160](this:0xb400007a404f9790,id:-1,api:0,p:-1,c:-1) id info cannot be read from 'c5a4759 ActivityRecordInputSink com.wawapp.driver/.MainActivity#58160'
01-09 07:30:49.964   833   893 I BufferQueueDebug: [c5a4759 ActivityRecordInputSink com.wawapp.driver/.MainActivity#58160](this:0xb400007a404f9790,id:-1,api:0,p:-1,c:-1) BufferQueue core=(833:/system/bin/surfaceflinger)
01-09 07:30:49.965   833   893 I SurfaceFlinger: id=58160 createSurf, flag=84000, c5a4759 ActivityRecordInputSink com.wawapp.driver/.MainActivity#58160
01-09 07:30:49.965  1873  1939 V WindowManagerShell: loadAnimation: anim=android.view.animation.AnimationSet@5adaf2b animAttr=0x12 type=OPEN isEntrance=true
01-09 07:30:49.966  1873  1939 I SurfaceControl: apply is called, name=StartTransaction_SyncId<3757>, caller=android.view.SurfaceControl$Transaction.apply:2921 com.android.wm.shell.transition.DefaultTransitionHandler.startAnimation:3226 com.android.wm.shell.transition.Transitions.dispatchTransition:80 com.android.wm.shell.transition.Transitions.playTransition:793 com.android.wm.shell.transition.Transitions.processReadyQueue:195 com.android.wm.shell.transition.Transitions.dispatchReady:762 
01-09 07:30:49.968  1873  1977 I InsetsSourceConsumer: applyRequestedVisibilityToControl: visible=true, type=statusBars, host=Splash Screen com.wawapp.driver
01-09 07:30:49.969  1873  1977 I InsetsSourceConsumer: applyRequestedVisibilityToControl: visible=true, type=navigationBars, host=Splash Screen com.wawapp.driver
01-09 07:30:49.969  1873  1939 V WindowManagerShell:  animated by com.android.wm.shell.transition.DefaultTransitionHandler@13a7851
01-09 07:30:49.969  1873  2002 D SRotationLockTile:  mRotationLocked: false handleUpdateState: true orientation = true
01-09 07:30:49.971  1873  1873 D SysUiState: SysUiState changed: old=0x10000000 new=0x10020000
01-09 07:30:49.972  3452 11640 I SDHMS:l : onTaskStackChanged
01-09 07:30:49.973  2177 23020 I HoneySpace.RecentTasks: onRecentTasksChanged
01-09 07:30:49.973  2177 32014 I HoneySpace.SystemUiRepository: systemUiFlags: allow_gesture|awake
01-09 07:30:49.975  2177  2300 I HoneySpace.TaskbarEventTracker: invokeEvent() called with: event = SystemUiStateChanged(stateFlags=268566528)
01-09 07:30:49.975  1873  1873 D NavigationModeController: getCurrentUserContext: contextUser=0 currentUser=0
01-09 07:30:49.980  1873  1873 D NavigationModeController: getCurrentUserContext: contextUser=0 currentUser=0
01-09 07:30:49.981  1371  1398 W Choreographer: Frame time is 0.086665 ms in the future!  Check that graphics HAL is generating vsync timestamps using the correct timebase.
01-09 07:30:49.982   833   833 I Layer   : id=58149 removeFromCurrentState Surface(name=e994ac8 StatusBar)/@0xe9dea32 - animation-leash of insets_animation#58149 (134)
01-09 07:30:49.982   833   833 I Layer   : id=58150 removeFromCurrentState Surface(name=3a0b63c NavigationBar0)/@0xf117539 - animation-leash of insets_animation#58150 (134)
01-09 07:30:49.982   833   833 I Layer   : Layer [Splash Screen com.wawapp.driver$_1873#58156] hidden!! flag(0)
01-09 07:30:49.983   833   833 I gralloc4: @set_metadata: update dataspace from GM (0x00000000 -> 0x08010000)
01-09 07:30:49.984   833   833 I SurfaceFlinger: id=58150 Removed Surface(name=3a0b63c NavigationBar0)/@0xf117539 - animation-leash of insets_animation#58150 (134)
01-09 07:30:49.984   833   833 I SurfaceFlinger: id=58149 Removed Surface(name=e994ac8 StatusBar)/@0xe9dea32 - animation-leash of insets_animation#58149 (134)
01-09 07:30:49.985  1873  1873 D NavigationModeController: getCurrentUserContext: contextUser=0 currentUser=0
01-09 07:30:49.989  1873  1873 D NavigationModeController: getCurrentUserContext: contextUser=0 currentUser=0
01-09 07:30:49.993  3930  3930 I m.wawapp.driver: Using CollectorTypeCC GC.
01-09 07:30:49.993  1873  1873 D NavigationModeController: getCurrentUserContext: contextUser=0 currentUser=0
01-09 07:30:49.997  9498  9503 I adbd    : jdwp connection from 3930
01-09 07:30:49.998   833   833 I BufferQueueDebug: [Surface(name=3a0b63c NavigationBar0)/@0xf117539 - animation-leash of insets_animation#58150](this:0xb400007a40516790,id:-1,api:0,p:-1,c:833) onDestructor()
01-09 07:30:49.998   833   833 I Layer   : id=58150 Destroyed Surface(name=3a0b63c NavigationBar0)/@0xf117539 - animation-leash of insets_animation#58150
01-09 07:30:49.999   833   833 I BufferQueueDebug: [Surface(name=e994ac8 StatusBar)/@0xe9dea32 - animation-leash of insets_animation#58149](this:0xb400007a4e8d3790,id:-1,api:0,p:-1,c:833) onDestructor()
01-09 07:30:49.999   833   833 I Layer   : id=58149 Destroyed Surface(name=e994ac8 StatusBar)/@0xe9dea32 - animation-leash of insets_animation#58149
01-09 07:30:50.001  1873  1873 I BLASTBufferQueue_Java: update, w= 1080 h= 135 mName = ViewRootImpl@48b2a64[NavigationBar0] mNativeObject= 0xb400007aa2266c80 sc.mNativeObject= 0xb4000079fbe27f80 format= -3 caller= android.view.ViewRootImpl.updateBlastSurfaceIfNeeded:3017 android.view.ViewRootImpl.relayoutWindow:10131 android.view.ViewRootImpl.performTraversals:4110 android.view.ViewRootImpl.doTraversal:3288 android.view.ViewRootImpl$TraversalRunnable.run:11344 android.view.Choreographer$CallbackRecord.run:1689 
01-09 07:30:50.002  1873  1873 I ViewRootImpl@48b2a64[NavigationBar0]: Relayout returned: old=(0,2273,1080,2408) new=(0,2273,1080,2408) relayoutAsync=true req=(1080,135)0 dur=1 res=0x0 s={true 0xb400007a3aab0800} ch=false seqId=11
01-09 07:30:50.002  1371  2073 V WindowManager: Relayout Window{3a0b63c u0 NavigationBar0}: viewVisibility=0 req=1080x135 ty=2019 d0
01-09 07:30:50.002  1873  1873 I ViewRootImpl@48b2a64[NavigationBar0]: registerCallbackForPendingTransactions
01-09 07:30:50.004  1873  2475 I ViewRootImpl@48b2a64[NavigationBar0]: mWNT: t=0xb4000079fad27400 mBlastBufferQueue=0xb400007aa2266c80 fn= 80503 mRenderHdrSdrRatio=1.0 caller= android.view.ViewRootImpl$6.onFrameDraw:5635 android.view.ViewRootImpl$2.onFrameDraw:2146 android.view.ThreadedRenderer$1.onFrameDraw:792 
01-09 07:30:50.005  3930  3930 D nativeloader: Load libframework-connectivity-tiramisu-jni.so using APEX ns com_android_tethering for caller /apex/com.android.tethering/javalib/framework-connectivity-t.jar: ok
01-09 07:30:50.007  1873  2025 I gralloc4: @set_metadata: update dataspace from GM (0x00000000 -> 0x08010000)
01-09 07:30:50.010  3930  3930 D ActivityThread: setConscryptValidator
01-09 07:30:50.010  3930  3930 D ActivityThread: setConscryptValidator - put
01-09 07:30:50.013  1371  2073 V WindowManager: Relayout hash=3a0b63c, pid=0, syncId=-1: mAttrs={(0,0)(fillx135) gr=BOTTOM CENTER_VERTICAL sim={adjust=pan} layoutInDisplayCutoutMode=always ty=NAVIGATION_BAR fmt=TRANSLUCENT
01-09 07:30:50.013  1371  2073 V WindowManager:   fl=20840028
01-09 07:30:50.013  1371  2073 V WindowManager:   pfl=33001000
01-09 07:30:50.013  1371  2073 V WindowManager:   bhv=DEFAULT
01-09 07:30:50.013  1371  2073 V WindowManager:   providedInsets:
01-09 07:30:50.013  1371  2073 V WindowManager:     InsetsFrameProvider: {id=#98150001, index=0, type=navigationBars, source=FRAME, flags=[], insetsSize=Insets{left=0, top=0, right=0, bottom=135}, insetsSizeOverrides=[TypedInsetsSize: {windowType=INPUT_METHOD, insetsSize=null}]}
01-09 07:30:50.013  1371  2073 V WindowManager:     InsetsFrameProvider: {id=#98150006, index=0, type=tappableElement, source=FRAME, flags=[]}
01-09 07:30:50.013  1371  2073 V WindowManager:     InsetsFrameProvider: {id=#98150005, index=0, type=mandatorySystemGestures, source=FRAME, flags=[]}
01-09 07:30:50.013  1371  2073 V WindowManager:     InsetsFrameProvider: {id=#98150004, index=0, type=systemGestures, source=DISPLAY, flags=[], insetsSize=Insets{left=0, top=0, right=0, bottom=0}, mMinimalInsetsSizeInDisplayCutoutSafe=Insets{left=0, top=0, right=0, bottom=0}}
01-09 07:30:50.013  1371  2073 V WindowManager:     InsetsFrameProvider: {id=#98150024, index=1, type=systemGestures, source=DISPLAY, flags=[], insetsSize=Insets{left=0, top=0, right=0, bottom=0}, mMinimalInsetsSizeInDisplayCutoutSafe=Insets{left=0, top=0, right=0, bottom=0}}
01-09 07:30:50.013  1371  2073 V WindowManager:   paramsForRotation:
01-09 07:30:50.013  1371  2073 V WindowManager:     ROTATION_0={(0,0)(fillx135) gr=BOTTOM CENTER_VERTICAL layoutInDisplayCutoutMode=always ty=NAVIGATION_BAR fmt=TRANSLUCENT
01-09 07:30:50.013  1371  2073 V WindowManager:       fl=20840028
01-09 07:30:50.013  1371  2073 V WindowManager:       pfl=31001000
01-09 07:30:50.013  1371  2073 V WindowManager:       bhv=DEFAULT
01-09 07:30:50.013  1371  2073 V WindowManager:       providedInsets:
01-09 07:30:50.013  1371  2073 V WindowManager:         InsetsFrameProvider: {id=#98150001, index=0, type=navigationBars, source=FRAME, flags=[], insetsSize=Insets{left=0, top=0, right=0, bottom=135}, insetsSizeOverrides=[TypedInsetsSize: {windowType=INPUT_METHOD, insetsSize=null}]}
01-09 07:30:50.013  1371  2073 V WindowManager:         InsetsFrameProvider: {id=#98150006, index=0, type=tappableElement, source=FRAME, flags=[]}
01-09 07:30:50.013  1371  2073 V WindowManager:         InsetsFrameProvider: {id=#98150005, index=0, type=mandatorySystemGestures, source=FRAME, flags=[]}
01-09 07:30:50.013  1371  2073 V WindowManager:         InsetsFrameProvider: {id=#98150004, index=0, type=systemGestures, source=DISPLAY, flags=[], insetsSize=Insets{left=0, top=0, right=0, bottom=0}, mMinimalInsetsSizeInDisplayCutoutSafe=Insets{left=0, top=0, right=0, bottom=0}}
01-09 07:30:50.013  1371  2073 V WindowManager:         InsetsFrameProvider: {id=#98150024, index=1, type=systemGestures, source=DISPLAY, flags=[], insetsSize=Insets{left=0, top=0, right=0, bottom=0}, mMinimalInsetsSizeInDisplayCutoutSafe=Insets{left=0, top=0, right=0, bottom=0}} naviIconColor=0}
01-09 07:30:50.013  1371  2073 V WindowManager:     ROTATION_90={(0,0)(135xfill) gr=RIGHT CENTER_HORIZONTAL layoutInDisplayCutoutMode=always ty=NAVIGATION_BAR fmt=TRANSLUCENT
01-09 07:30:50.013  1371  2073 V WindowManager:       fl=20840028
01-09 07:30:50.013  1371  2073 V WindowManager:       pfl=31001000
01-09 07:30:50.013  1371  2073 V WindowManager:       bhv=DEFAULT
01-09 07:30:50.013  1371  2073 V WindowManager:       providedInsets:
01-09 07:30:50.013  1371  2073 V WindowManager:         InsetsFrameProvider: {id=#98150001, index=0, type=navigationBars, source=FRAME, flags=[], insetsSizeOverrides=[TypedInsetsSize: {windowType=INPUT_METHOD, insetsSize=null}]}
