01-09 07:30:51.749   772   772 E audit   : type=1400 audit(1767943851.746:918258): avc:  denied  { ioctl } for  pid=3930 comm=4D6561737572656D656E7420576F72 path="/data/data/com.wawapp.driver/databases/google_app_measurement_local.db" dev="dm-50" ino=1457581 ioctlcmd=0xf522 scontext=u:r:untrusted_app:s0:c237,c256,c512,c768 tcontext=u:object_r:app_data_file:s0:c237,c256,c512,c768 tclass=file permissive=0 SEPF_SM-A145P_12_0001 audit_filtered
01-09 07:30:51.753  1371  5733 D InputTransport: Input channel constructed: '581468b', fd=845
01-09 07:30:51.753  1371  5733 D InputTransport: Input channel constructed: '581468b', fd=857
01-09 07:30:51.753  1371  5733 D InputTransport: Input channel constructed: '581468b', fd=918
01-09 07:30:51.754   833  2653 D SurfaceFlinger: [SF client] NEW(0xb400007a7385ae80) for (1371:system_server)
01-09 07:30:51.755   833   893 E BufferQueueDebug: [581468b com.wawapp.driver/com.wawapp.driver.MainActivity#58161](this:0xb400007a404fc790,id:-1,api:0,p:-1,c:-1) id info cannot be read from '581468b com.wawapp.driver/com.wawapp.driver.MainActivity#58161'
01-09 07:30:51.755   833   893 I BufferQueueDebug: [581468b com.wawapp.driver/com.wawapp.driver.MainActivity#58161](this:0xb400007a404fc790,id:-1,api:0,p:-1,c:-1) BufferQueue core=(833:/system/bin/surfaceflinger)
01-09 07:30:51.755   833   893 I SurfaceFlinger: id=58161 createSurf, flag=84004, 581468b com.wawapp.driver/com.wawapp.driver.MainActivity#58161
01-09 07:30:51.756  1371  5733 D RestrictionPolicy: isScreenCaptureEnabled : ret=true userId=0
01-09 07:30:51.757  1371  5733 D InputTransport: Input channel destroyed: '581468b', fd=918
01-09 07:30:51.759  3930  3930 I InsetsController: onStateChanged: host=com.wawapp.driver/com.wawapp.driver.MainActivity, from=android.view.ViewRootImpl.setView:1753, state=InsetsState: {mDisplayFrame=Rect(0, 0 - 1080, 2408), mDisplayCutout=DisplayCutout{insets=Rect(0, 64 - 0, 0) waterfall=Insets{left=0, top=0, right=0, bottom=0} boundingRect={Bounds=[Rect(0, 0 - 0, 0), Rect(468, 0 - 612, 64), Rect(0, 0 - 0, 0), Rect(0, 0 - 0, 0)]} cutoutPathParserInfo={CutoutPathParserInfo{displayWidth=1080 displayHeight=2408 physicalDisplayWidth=1080 physicalDisplayHeight=2408 density={2.8125} cutoutSpec={M 0,0 H -25.6 V 22.75555555555556 H 25.6 V 0 H 0 Z @dp} rotation={0} scale={1.0} physicalPixelDisplaySizeRatio={1.0}}}}, mRoundedCorners=RoundedCorners{[RoundedCorner{position=TopLeft, radius=0, center=Point(0, 0)}, RoundedCorner{position=TopRight, radius=0, center=Point(0, 0)}, RoundedCorner{position=BottomRight, radius=0, center=Point(0, 0)}, RoundedCorner{position=BottomLeft, radius=0, center=Point(0, 0)}]}  mRoundedCornerFrame=Rect(0, 0 - 1080, 2408), mPrivacyIndicatorBounds=PrivacyIndicatorBounds {static bounds=Rect(956, 0 - 1080, 64) rotation=0}, mDisplayShape=DisplayShape{ spec=-311912193 displayWidth=1080 displayHeight=2408 physicalPixelDisplaySizeRatio=1.0 rotation=0 offsetX=0 offsetY=0 scale=1.0}, mSources= { InsetsSource: {98150001 mType=navigationBars mFrame=[0,2273][1080,2408] mVisible=true mFlags=[]}, InsetsSource: {98150004 mType=systemGestures mFrame=[0,0][0,0] mVisible=true mFlags=[]}, InsetsSource: {98150005 mType=mandatorySystemGestures mFrame=[0,2273][1080,2408] mVisible=true mFlags=[]}, InsetsSource: {98150006 mType=tappableElement mFrame=[0,2273][1080,2408] mVisible=true mFlags=[]}, InsetsSource: {98150024 mType=systemGestures mFrame=[0,0][0,0] mVisible=true mFlags=[]}, InsetsSource: {27 mType=displayCutout mFrame=[0,0][1080,64] mVisible=true mFlags=[]}, InsetsSource: {79c30000 mType=statusBars mFrame=[0,0][1080,64] mVisible=true mFlags=[]}, InsetsSource: {79c30005 mType=mandatorySystemGestures mFrame=[0,0][1080,98] mVisible=true mFlags=[]}, InsetsSource: {79c30006 mType=tappableElement mFrame=[0,0][1080,64] mVisible=true mFlags=[]} }
01-09 07:30:51.760  3930  3930 I ViewRootImpl@f203bd4[MainActivity]: synced displayState. AttachInfo displayState=2
01-09 07:30:51.761  3930  3930 I ViewRootImpl@f203bd4[MainActivity]: setView = com.android.internal.policy.DecorView@667316c TM=true
01-09 07:30:51.761  3930  3930 I IDS_TAG : Starting IDS observe window
01-09 07:30:51.761  3930  3930 I IDS_TAG : Getting Shared Preference for android.app.Application@edc17dd uid = 10237
01-09 07:30:51.764   796   873 I hwcomposer: [HWCDisplay] [Display_0 (type:1)] fps:17.771893,dur:1913.13,max:1367.86,min:12.26  
01-09 07:30:51.764  3930  3930 I IDS_TAG : App android.app.Application@edc17dd has not finished training
01-09 07:30:51.800  3930  3930 I flutter :  WawApp Driver starting...
01-09 07:30:52.014  1873  1873 D StatusBarIconController: ignoring old pipeline callbacks, because the new mobile icons are enabled
01-09 07:30:52.020  3930  3930 I IDS_TAG : Closing IDS observe window
01-09 07:30:52.020  3930  3930 I IDS_TAG : Getting Shared Preference for android.app.Application@edc17dd uid = 10237
01-09 07:30:52.020  3930  3930 I IDS_TAG : IDS count updated to 2 for android.app.Application@edc17dd
01-09 07:30:52.020  3930  3930 I Choreographer: Skipped 66 frames!  The application may be doing too much work on its main thread.
01-09 07:30:52.059  3930  3930 I SurfaceView@7e082d1: onWindowVisibilityChanged(0) true io.flutter.embedding.android.FlutterSurfaceView{7e082d1 V.E...... ......I. 0,0-0,0} of ViewRootImpl@f203bd4[MainActivity]
01-09 07:30:52.059  3930  3930 D SurfaceView@7e082d1: 132154065 updateSurface: has no frame
01-09 07:30:52.062  1371  5733 D CoreBackPreview: Window{581468b u0 com.wawapp.driver/com.wawapp.driver.MainActivity}: Setting back callback OnBackInvokedCallbackInfo{mCallback=android.window.IOnBackInvokedCallback$Stub$Proxy@d181c26, mPriority=0, mIsAnimationCallback=false}
01-09 07:30:52.063  1371  5733 V WindowManager: Relayout Window{581468b u0 com.wawapp.driver/com.wawapp.driver.MainActivity}: viewVisibility=0 req=1080x2408 ty=1 d0
01-09 07:30:52.063  1371  5733 D RestrictionPolicy: isScreenCaptureEnabled : ret=true userId=0
01-09 07:30:52.064   833   893 E BufferQueueDebug: [com.wawapp.driver/com.wawapp.driver.MainActivity$_3930#58162](this:0xb400007a404ff790,id:-1,api:0,p:-1,c:-1) id info cannot be read from 'com.wawapp.driver/com.wawapp.driver.MainActivity$_3930#58162'
01-09 07:30:52.064   833   893 I BufferQueueDebug: [com.wawapp.driver/com.wawapp.driver.MainActivity$_3930#58162](this:0xb400007a404ff790,id:-1,api:0,p:-1,c:-1) BufferQueue core=(833:/system/bin/surfaceflinger)
01-09 07:30:52.064   833   893 I SurfaceFlinger: id=58162 createSurf, flag=44004, com.wawapp.driver/com.wawapp.driver.MainActivity$_3930#58162
01-09 07:30:52.065  1371  5733 D WindowManager: makeSurface duration=1 name=com.wawapp.driver/com.wawapp.driver.MainActivity$_3930
01-09 07:30:52.067  1371  5733 V WindowManager: Changing focus from null to Window{581468b u0 com.wawapp.driver/com.wawapp.driver.MainActivity} displayId=0 Callers=com.android.server.wm.RootWindowContainer.updateFocusedWindowLocked:578 com.android.server.wm.WindowManagerService.updateFocusedWindowLocked:6833 com.android.server.wm.WindowManagerService.relayoutWindow:2755 com.android.server.wm.Session.relayout:282 
01-09 07:30:52.067  1371  5733 I WindowManager: Cancelling animation restarting=true, leash=Surface(name=Surface(name=e994ac8 StatusBar)/@0xe9dea32 - animation-leash of insets_animation)/@0x373cc60
01-09 07:30:52.068  1371  5733 I WindowManager: Reparenting to original parent: Surface(name=WindowToken{11fbf6b type=2000 android.os.BinderProxy@fa821e5})/@0xb442383, destroy=false, surface=Surface(name=e994ac8 StatusBar)/@0xe9dea32
01-09 07:30:52.068  1371  5733 I WindowManager: Reparenting to leash, surface=Surface(name=e994ac8 StatusBar)/@0xe9dea32, leashParent=Surface(name=WindowToken{11fbf6b type=2000 android.os.BinderProxy@fa821e5})/@0xb442383
01-09 07:30:52.068   833  2653 E BufferQueueDebug: [Surface(name=e994ac8 StatusBar)/@0xe9dea32 - animation-leash of insets_animation#58163](this:0xb400007a4e8f7790,id:-1,api:0,p:-1,c:-1) id info cannot be read from 'Surface(name=e994ac8 StatusBar)/@0xe9dea32 - animation-leash of insets_animation#58163'
01-09 07:30:52.068   833  2653 I BufferQueueDebug: [Surface(name=e994ac8 StatusBar)/@0xe9dea32 - animation-leash of insets_animation#58163](this:0xb400007a4e8f7790,id:-1,api:0,p:-1,c:-1) BufferQueue core=(833:/system/bin/surfaceflinger)
01-09 07:30:52.068   833  2653 I SurfaceFlinger: id=58163 createSurf, flag=24000, Surface(name=e994ac8 StatusBar)/@0xe9dea32 - animation-leash of insets_animation#58163
01-09 07:30:52.069  1371  5733 D WindowManager: makeSurface duration=2 leash=Surface(name=Surface(name=e994ac8 StatusBar)/@0xe9dea32 - animation-leash of insets_animation)/@0xfba7e14
01-09 07:30:52.070  1371  5733 D InsetsSourceProvider: updateControlForTarget: control=InsetsSourceControl: {79c30000 mType=statusBars initiallyVisible mSurfacePosition=Point(0, 0) mInsetsHint=Insets{left=0, top=64, right=0, bottom=0}}, target=Window{581468b u0 com.wawapp.driver/com.wawapp.driver.MainActivity}, from=com.android.server.wm.InsetsStateController.onControlTargetChanged:358 com.android.server.wm.InsetsStateController.onBarControlTargetChanged:324 com.android.server.wm.InsetsPolicy.updateBarControlTarget:173 com.android.server.wm.InsetsPolicy.updateSystemBars:805 com.android.server.wm.DisplayPolicy.updateSystemBarsLw:3425 
01-09 07:30:52.070  1371  5733 I WindowManager: Cancelling animation restarting=true, leash=Surface(name=Surface(name=3a0b63c NavigationBar0)/@0xf117539 - animation-leash of insets_animation)/@0xc0ca9de
01-09 07:30:52.070  1371  5733 I WindowManager: Reparenting to original parent: Surface(name=WindowToken{9bb1910 type=2019 android.os.BinderProxy@42027c2})/@0xf3c777e, destroy=false, surface=Surface(name=3a0b63c NavigationBar0)/@0xf117539
01-09 07:30:52.070  1371  5733 I WindowManager: Reparenting to leash, surface=Surface(name=3a0b63c NavigationBar0)/@0xf117539, leashParent=Surface(name=WindowToken{9bb1910 type=2019 android.os.BinderProxy@42027c2})/@0xf3c777e
01-09 07:30:52.070   833  2653 E BufferQueueDebug: [Surface(name=3a0b63c NavigationBar0)/@0xf117539 - animation-leash of insets_animation#58164](this:0xb400007a4e9a1790,id:-1,api:0,p:-1,c:-1) id info cannot be read from 'Surface(name=3a0b63c NavigationBar0)/@0xf117539 - animation-leash of insets_animation#58164'
01-09 07:30:52.070   833  2653 I BufferQueueDebug: [Surface(name=3a0b63c NavigationBar0)/@0xf117539 - animation-leash of insets_animation#58164](this:0xb400007a4e9a1790,id:-1,api:0,p:-1,c:-1) BufferQueue core=(833:/system/bin/surfaceflinger)
01-09 07:30:52.071   833  2653 I SurfaceFlinger: id=58164 createSurf, flag=24000, Surface(name=3a0b63c NavigationBar0)/@0xf117539 - animation-leash of insets_animation#58164
01-09 07:30:52.071  1371  5733 D WindowManager: makeSurface duration=1 leash=Surface(name=Surface(name=3a0b63c NavigationBar0)/@0xf117539 - animation-leash of insets_animation)/@0x7d9d4b2
01-09 07:30:52.072  1371  5733 D InsetsSourceProvider: updateControlForTarget: control=InsetsSourceControl: {98150001 mType=navigationBars initiallyVisible mSurfacePosition=Point(0, 2273) mInsetsHint=Insets{left=0, top=0, right=0, bottom=135}}, target=Window{581468b u0 com.wawapp.driver/com.wawapp.driver.MainActivity}, from=com.android.server.wm.InsetsStateController.onControlTargetChanged:358 com.android.server.wm.InsetsStateController.onBarControlTargetChanged:327 com.android.server.wm.InsetsPolicy.updateBarControlTarget:173 com.android.server.wm.InsetsPolicy.updateSystemBars:805 com.android.server.wm.DisplayPolicy.updateSystemBarsLw:3425 
01-09 07:30:52.074  1371  5733 V WindowManager: Relayout hash=581468b, pid=3930, syncId=-1: mAttrs={(0,0)(fillxfill) sim={adjust=resize forwardNavigation} ty=BASE_APPLICATION fmt=TRANSLUCENT wanim=0x1030001
01-09 07:30:52.074  1371  5733 V WindowManager:   fl=81810100
01-09 07:30:52.074  1371  5733 V WindowManager:   pfl=12008040
01-09 07:30:52.074  1371  5733 V WindowManager:   vsysui=500
01-09 07:30:52.074  1371  5733 V WindowManager:   bhv=DEFAULT
01-09 07:30:52.074  1371  5733 V WindowManager:   fitSides= naviIconColor=0}
01-09 07:30:52.075   833   833 I SurfaceFlinger: SFWD update time=169459960225945
01-09 07:30:52.076  1371  1398 D SurfaceComposerClient: Transaction::apply InputWindowCommands.focusRequests timestamp=169459958554945, windowName=581468b com.wawapp.driver/com.wawapp.driver.MainActivity
01-09 07:30:52.077  3930  3930 D BufferQueueConsumer: [](id:f5a00000000,api:0,p:-1,c:3930) connect: controlledByApp=false
01-09 07:30:52.078  3930  3930 I BLASTBufferQueue_Java: new BLASTBufferQueue, mName= ViewRootImpl@f203bd4[MainActivity] mNativeObject= 0xb400007aa2266900 sc.mNativeObject= 0xb400007ab13f7a00 caller= android.view.ViewRootImpl.updateBlastSurfaceIfNeeded:3028 android.view.ViewRootImpl.relayoutWindow:10131 android.view.ViewRootImpl.performTraversals:4110 android.view.ViewRootImpl.doTraversal:3288 android.view.ViewRootImpl$TraversalRunnable.run:11344 android.view.Choreographer$CallbackRecord.run:1689 android.view.Choreographer$CallbackRecord.run:1698 android.view.Choreographer.doCallbacks:1153 android.view.Choreographer.doFrame:1079 android.view.Choreographer$FrameDisplayEventReceiver.run:1646 
01-09 07:30:52.078  1873  1977 I InsetsController: onStateChanged: host=Splash Screen com.wawapp.driver, from=android.view.ViewRootImpl$ViewRootHandler.handleMessageImpl:7209, state=InsetsState: {mDisplayFrame=Rect(0, 0 - 1080, 2408), mDisplayCutout=DisplayCutout{insets=Rect(0, 64 - 0, 0) waterfall=Insets{left=0, top=0, right=0, bottom=0} boundingRect={Bounds=[Rect(0, 0 - 0, 0), Rect(468, 0 - 612, 64), Rect(0, 0 - 0, 0), Rect(0, 0 - 0, 0)]} cutoutPathParserInfo={CutoutPathParserInfo{displayWidth=1080 displayHeight=2408 physicalDisplayWidth=1080 physicalDisplayHeight=2408 density={2.8125} cutoutSpec={M 0,0 H -25.6 V 22.75555555555556 H 25.6 V 0 H 0 Z @dp} rotation={0} scale={1.0} physicalPixelDisplaySizeRatio={1.0}}}}, mRoundedCorners=RoundedCorners{[RoundedCorner{position=TopLeft, radius=0, center=Point(0, 0)}, RoundedCorner{position=TopRight, radius=0, center=Point(0, 0)}, RoundedCorner{position=BottomRight, radius=0, center=Point(0, 0)}, RoundedCorner{position=BottomLeft, radius=0, center=Point(0, 0)}]}  mRoundedCornerFrame=Rect(0, 0 - 1080, 2408), mPrivacyIndicatorBounds=PrivacyIndicatorBounds {static bounds=Rect(956, 0 - 1080, 64) rotation=0}, mDisplayShape=DisplayShape{ spec=-311912193 displayWidth=1080 displayHeight=2408 physicalPixelDisplaySizeRatio=1.0 rotation=0 offsetX=0 offsetY=0 scale=1.0}, mSources= { InsetsSource: {98150001 mType=navigationBars mFrame=[0,2273][1080,2408] mVisible=true mFlags=[]}, InsetsSource: {98150004 mType=systemGestures mFrame=[0,0][0,0] mVisible=true mFlags=[]}, InsetsSource: {98150005 mType=mandatorySystemGestures mFrame=[0,2273][1080,2408] mVisible=true mFlags=[]}, InsetsSource: {98150006 mType=tappableElement mFrame=[0,2273][1080,2408] mVisible=true mFlags=[]}, InsetsSource: {98150024 mType=systemGestures mFrame=[0,0][0,0] mVisible=true mFlags=[]}, InsetsSource: {27 mType=displayCutout mFrame=[0,0][1080,64] mVisible=true mFlags=[]}, InsetsSource: {79c30000 mType=statusBars mFrame=[0,0][1080,64] mVisible=true mFlags=[]}, InsetsSource: {79c30005 mType=mandatorySystemGestures mFrame=[0,0][1080,98] mVisible=true mFlags=[]}, InsetsSource: {79c30006 mType=tappableElement mFrame=[0,0][1080,64] mVisible=true mFlags=[]} }
01-09 07:30:52.078  3930  3930 I BLASTBufferQueue_Java: update, w= 1080 h= 2408 mName = ViewRootImpl@f203bd4[MainActivity] mNativeObject= 0xb400007aa2266900 sc.mNativeObject= 0xb400007ab13f7a00 format= -3 caller= android.graphics.BLASTBufferQueue.<init>:89 android.view.ViewRootImpl.updateBlastSurfaceIfNeeded:3028 android.view.ViewRootImpl.relayoutWindow:10131 android.view.ViewRootImpl.performTraversals:4110 android.view.ViewRootImpl.doTraversal:3288 android.view.ViewRootImpl$TraversalRunnable.run:11344 
01-09 07:30:52.080  3930  3930 E FBI     : Can't load library: dlopen failed: library "libmagtsync.so" not found
01-09 07:30:52.081  3930  3930 I ViewRootImpl@f203bd4[MainActivity]: Relayout returned: old=(0,0,1080,2408) new=(0,0,1080,2408) relayoutAsync=false req=(1080,2408)0 dur=14 res=0x403 s={true 0xb400007a0eaf9000} ch=true seqId=0
01-09 07:30:52.082  3930  3930 D ViewRootImpl@f203bd4[MainActivity]: mThreadedRenderer.initialize() mSurface={isValid=true 0xb400007a0eaf9000} hwInitialized=true
01-09 07:30:52.083   833   893 E HWComposer: getSupportedContentTypes: getSupportedContentTypes failed for display 0: Unsupported (8)
01-09 07:30:52.089  3930  3930 D SurfaceView@7e082d1: 132154065 updateSurface: has no frame
01-09 07:30:52.089  3930  3930 I SurfaceView@7e082d1: windowStopped(false) true io.flutter.embedding.android.FlutterSurfaceView{7e082d1 V.E...... ......ID 0,0-1080,2273} of ViewRootImpl@f203bd4[MainActivity]
01-09 07:30:52.089  3930  3930 D SurfaceView@7e082d1: 132154065 updateSurface: has no frame
01-09 07:30:52.090  3930  3930 D ViewRootImpl@f203bd4[MainActivity]: reportNextDraw android.view.ViewRootImpl.performTraversals:4718 android.view.ViewRootImpl.doTraversal:3288 android.view.ViewRootImpl$TraversalRunnable.run:11344 android.view.Choreographer$CallbackRecord.run:1689 android.view.Choreographer$CallbackRecord.run:1698 
01-09 07:30:52.090  3930  3930 I SurfaceView: 132154065 Changes: creating=true format=true size=true visible=true alpha=false hint=false visible=true left=true top=true z=false attached=true lifecycleStrategy=false
01-09 07:30:52.091   833   893 E BufferQueueDebug: [Bounds for - com.wawapp.driver/com.wawapp.driver.MainActivity@0#58165](this:0xb400007a40502790,id:-1,api:0,p:-1,c:-1) id info cannot be read from 'Bounds for - com.wawapp.driver/com.wawapp.driver.MainActivity@0#58165'
01-09 07:30:52.091   833   893 I BufferQueueDebug: [Bounds for - com.wawapp.driver/com.wawapp.driver.MainActivity@0#58165](this:0xb400007a40502790,id:-1,api:0,p:-1,c:-1) BufferQueue core=(833:/system/bin/surfaceflinger)
01-09 07:30:52.091   833   893 I SurfaceFlinger: id=58165 createSurf, flag=20004, Bounds for - com.wawapp.driver/com.wawapp.driver.MainActivity@0#58165
01-09 07:30:52.092   833   833 I Layer   : id=58158 removeFromCurrentState Surface(name=e994ac8 StatusBar)/@0xe9dea32 - animation-leash of insets_animation#58158 (136)
01-09 07:30:52.092   833   893 E BufferQueueDebug: [SurfaceView[com.wawapp.driver/com.wawapp.driver.MainActivity]@0#58166](this:0xb400007a40505790,id:-1,api:0,p:-1,c:-1) id info cannot be read from 'SurfaceView[com.wawapp.driver/com.wawapp.driver.MainActivity]@0#58166'
01-09 07:30:52.092   833   893 I BufferQueueDebug: [SurfaceView[com.wawapp.driver/com.wawapp.driver.MainActivity]@0#58166](this:0xb400007a40505790,id:-1,api:0,p:-1,c:-1) BufferQueue core=(833:/system/bin/surfaceflinger)
01-09 07:30:52.092   833   833 I Layer   : id=58159 removeFromCurrentState Surface(name=3a0b63c NavigationBar0)/@0xf117539 - animation-leash of insets_animation#58159 (136)
01-09 07:30:52.092   833   833 D SurfaceFlinger: Focus addInputWindowCommands timestamp=169459958554945, windowName=581468b com.wawapp.driver/com.wawapp.driver.MainActivity
01-09 07:30:52.092   833   893 I SurfaceFlinger: id=58166 createSurf, flag=84004, SurfaceView[com.wawapp.driver/com.wawapp.driver.MainActivity]@0#58166
01-09 07:30:52.093  1371  1508 D SensorService: [SO] 0.108 0.178 9.761
01-09 07:30:52.093   833   893 E BufferQueueDebug: [SurfaceView[com.wawapp.driver/com.wawapp.driver.MainActivity]@0(BLAST)#58167](this:0xb400007a40508790,id:-1,api:0,p:-1,c:-1) id info cannot be read from 'SurfaceView[com.wawapp.driver/com.wawapp.driver.MainActivity]@0(BLAST)#58167'
01-09 07:30:52.093   833   893 I BufferQueueDebug: [SurfaceView[com.wawapp.driver/com.wawapp.driver.MainActivity]@0(BLAST)#58167](this:0xb400007a40508790,id:-1,api:0,p:-1,c:-1) BufferQueue core=(833:/system/bin/surfaceflinger)
01-09 07:30:52.093   833   893 I SurfaceFlinger: id=58167 createSurf, flag=44400, SurfaceView[com.wawapp.driver/com.wawapp.driver.MainActivity]@0(BLAST)#58167
01-09 07:30:52.093   833   833 I SurfaceFlinger: id=58159 Removed Surface(name=3a0b63c NavigationBar0)/@0xf117539 - animation-leash of insets_animation#58159 (138)
01-09 07:30:52.093   833   833 I SurfaceFlinger: id=58158 Removed Surface(name=e994ac8 StatusBar)/@0xe9dea32 - animation-leash of insets_animation#58158 (138)
01-09 07:30:52.094   833   893 E BufferQueueDebug: [Background for SurfaceView[com.wawapp.driver/com.wawapp.driver.MainActivity]@0#58168](this:0xb400007a4050b790,id:-1,api:0,p:-1,c:-1) id info cannot be read from 'Background for SurfaceView[com.wawapp.driver/com.wawapp.driver.MainActivity]@0#58168'
01-09 07:30:52.094   833   893 I BufferQueueDebug: [Background for SurfaceView[com.wawapp.driver/com.wawapp.driver.MainActivity]@0#58168](this:0xb400007a4050b790,id:-1,api:0,p:-1,c:-1) BufferQueue core=(833:/system/bin/surfaceflinger)
01-09 07:30:52.094   833   893 I SurfaceFlinger: id=58168 createSurf, flag=20404, Background for SurfaceView[com.wawapp.driver/com.wawapp.driver.MainActivity]@0#58168
01-09 07:30:52.094   833   833 D SurfaceFlinger: Find Focus windowName=581468b com.wawapp.driver/com.wawapp.driver.MainActivity, notVisible=1
01-09 07:30:52.094   833   833 D Layer   : Focus: com.wawapp.driver/com.wawapp.driver.MainActivity$_3930#58162 isHiddenByPolicy s.flags&layer_state_t::eLayerHidden=1
01-09 07:30:52.094   833   833 D SurfaceFlinger: Focus inVisible Reason:isVisibleForInput(){hasInputInfo()?canReceiveInput():isVisible()}=0 has=1 can{!isHiddenByPolicy()&&(mBuffer==nullptr||getAlpha()>0.0f)}=0 Hidden=1 Buf=1 getA=1
01-09 07:30:52.094  3930  3930 D BufferQueueConsumer: [](id:f5a00000001,api:0,p:-1,c:3930) connect: controlledByApp=false
01-09 07:30:52.095  3930  3930 I BLASTBufferQueue_Java: update, w= 1080 h= 2273 mName = null mNativeObject= 0xb400007a4e191880 sc.mNativeObject= 0xb400007a0e933000 format= 4 caller= android.view.SurfaceView.createBlastSurfaceControls:1517 android.view.SurfaceView.updateSurface:1193 android.view.SurfaceView.lambda$new$0:258 android.view.SurfaceView.$r8$lambda$cm3nmzErr-srXoT_KjIYQgdhFN0:0 android.view.SurfaceView$$ExternalSyntheticLambda2.onPreDraw:2 android.view.ViewTreeObserver.dispatchOnPreDraw:1204 
01-09 07:30:52.095  3930  3930 I SurfaceView@7e082d1: 132154065 Cur surface: Surface(name=null)/@0x36fd5cc
01-09 07:30:52.095   833  1125 D SurfaceFlinger: updateWinowInfo=1, setFocusedWindow timestamp=169459958554945, windowName=581468b com.wawapp.driver/com.wawapp.driver.MainActivity
01-09 07:30:52.095  1371  2073 D InputDispatcher: Focus request (0): 581468b com.wawapp.driver/com.wawapp.driver.MainActivity but waiting because NO_WINDOW
01-09 07:30:52.095  3930  3930 I SurfaceView@7e082d1: pST: sr = Rect(0, 0 - 1080, 2273) sw = 1080 sh = 2273
01-09 07:30:52.095  3930  3930 D SurfaceView@7e082d1: 132154065 performSurfaceTransaction RenderWorker position = [0, 0, 1080, 2273] surfaceSize = 1080x2273
01-09 07:30:52.096  3930  3930 I SurfaceView@7e082d1: updateSurface: mVisible = true mSurface.isValid() = true
01-09 07:30:52.096  3930  3930 I SurfaceView@7e082d1: updateSurface: mSurfaceCreated = false surfaceChanged = true visibleChanged = true
01-09 07:30:52.096  3930  3930 I SurfaceView: 132154065 visibleChanged -- surfaceCreated
01-09 07:30:52.096  3930  3930 I SurfaceView@7e082d1: surfaceCreated 1 #8 io.flutter.embedding.android.FlutterSurfaceView{7e082d1 V.E...... ......ID 0,0-1080,2273}
01-09 07:30:52.099  3930  4017 E gralloc4: ERROR: Format allocation info not found for format: 38
01-09 07:30:52.099  3930  4017 E gralloc4: ERROR: Format allocation info not found for format: 0
01-09 07:30:52.099  3930  4017 E gralloc4: Invalid base format! req_base_format = 0x0, req_format = 0x38, type = 0x0
01-09 07:30:52.099  3930  4017 E gralloc4: ERROR: Unrecognized and/or unsupported format 0x38 and usage 0xb00
01-09 07:30:52.099  3930  4017 E gralloc4: Allocation for the given description will not succeed. error: -22
01-09 07:30:52.099  3930  4017 E Gralloc4: isSupported(1, 1, 56, 1, ...) failed with 5
01-09 07:30:52.100   795  6492 E gralloc4: ERROR: Format allocation info not found for format: 38
01-09 07:30:52.100   795  6492 E gralloc4: ERROR: Format allocation info not found for format: 0
01-09 07:30:52.100   795  6492 E gralloc4: Invalid base format! req_base_format = 0x0, req_format = 0x38, type = 0x0
01-09 07:30:52.100   795  6492 E gralloc4: ERROR: Unrecognized and/or unsupported format 0x38 and usage 0xb00
01-09 07:30:52.100   795  6492 E gralloc4: allocate, buffer allocation failed with 2
01-09 07:30:52.100  3930  4017 E GraphicBufferAllocator: Failed to allocate (4 x 4) layerCount 1 format 56 usage b00: 5
01-09 07:30:52.100  3930  4017 E AHardwareBuffer: GraphicBuffer(w=4, h=4, lc=1) failed (Unknown error -5), handle=0x0
01-09 07:30:52.100  3930  4017 E gralloc4: ERROR: Format allocation info not found for format: 3b
01-09 07:30:52.100  3930  4017 E gralloc4: ERROR: Format allocation info not found for format: 0
01-09 07:30:52.100  3930  4017 E gralloc4: Invalid base format! req_base_format = 0x0, req_format = 0x3b, type = 0x0
01-09 07:30:52.100  3930  4017 E gralloc4: ERROR: Unrecognized and/or unsupported format 0x3b and usage 0xb00
01-09 07:30:52.100  3930  4017 E gralloc4: Allocation for the given description will not succeed. error: -22
01-09 07:30:52.100  3930  4017 E Gralloc4: isSupported(1, 1, 59, 1, ...) failed with 5
01-09 07:30:52.100   795  6492 E gralloc4: ERROR: Format allocation info not found for format: 3b
01-09 07:30:52.100   795  6492 E gralloc4: ERROR: Format allocation info not found for format: 0
01-09 07:30:52.100   795  6492 E gralloc4: Invalid base format! req_base_format = 0x0, req_format = 0x3b, type = 0x0
01-09 07:30:52.100   795  6492 E gralloc4: ERROR: Unrecognized and/or unsupported format 0x3b and usage 0xb00
01-09 07:30:52.100   795  6492 E gralloc4: allocate, buffer allocation failed with 2
01-09 07:30:52.100  3930  4017 E GraphicBufferAllocator: Failed to allocate (4 x 4) layerCount 1 format 59 usage b00: 5
01-09 07:30:52.100  3930  4017 E AHardwareBuffer: GraphicBuffer(w=4, h=4, lc=1) failed (Unknown error -5), handle=0x0
01-09 07:30:52.100  3930  4017 E gralloc4: ERROR: Format allocation info not found for format: 38
01-09 07:30:52.100  3930  4017 E gralloc4: ERROR: Format allocation info not found for format: 0
01-09 07:30:52.100  3930  4017 E gralloc4: Invalid base format! req_base_format = 0x0, req_format = 0x38, type = 0x0
01-09 07:30:52.100  3930  4017 E gralloc4: ERROR: Unrecognized and/or unsupported format 0x38 and usage 0xb00
01-09 07:30:52.100  3930  4017 E gralloc4: Allocation for the given description will not succeed. error: -22
01-09 07:30:52.100  3930  4017 E Gralloc4: isSupported(1, 1, 56, 1, ...) failed with 5
01-09 07:30:52.100   795  6492 E gralloc4: ERROR: Format allocation info not found for format: 38
01-09 07:30:52.100   795  6492 E gralloc4: ERROR: Format allocation info not found for format: 0
01-09 07:30:52.101   795  6492 E gralloc4: Invalid base format! req_base_format = 0x0, req_format = 0x38, type = 0x0
01-09 07:30:52.101   795  6492 E gralloc4: ERROR: Unrecognized and/or unsupported format 0x38 and usage 0xb00
01-09 07:30:52.101   795  6492 E gralloc4: allocate, buffer allocation failed with 2
01-09 07:30:52.101  3930  4017 E GraphicBufferAllocator: Failed to allocate (4 x 4) layerCount 1 format 56 usage b00: 5
01-09 07:30:52.101  3930  4017 E AHardwareBuffer: GraphicBuffer(w=4, h=4, lc=1) failed (Unknown error -5), handle=0x0
01-09 07:30:52.101  3930  4017 E gralloc4: ERROR: Format allocation info not found for format: 3b
01-09 07:30:52.101  3930  4017 E gralloc4: ERROR: Format allocation info not found for format: 0
01-09 07:30:52.101  3930  4017 E gralloc4: Invalid base format! req_base_format = 0x0, req_format = 0x3b, type = 0x0
01-09 07:30:52.101  3930  4017 E gralloc4: ERROR: Unrecognized and/or unsupported format 0x3b and usage 0xb00
01-09 07:30:52.101  3930  4017 E gralloc4: Allocation for the given description will not succeed. error: -22
01-09 07:30:52.101  3930  4017 E Gralloc4: isSupported(1, 1, 59, 1, ...) failed with 5
01-09 07:30:52.101   795  6492 E gralloc4: ERROR: Format allocation info not found for format: 3b
01-09 07:30:52.101   795  6492 E gralloc4: ERROR: Format allocation info not found for format: 0
01-09 07:30:52.101   795  6492 E gralloc4: Invalid base format! req_base_format = 0x0, req_format = 0x3b, type = 0x0
01-09 07:30:52.101   795  6492 E gralloc4: ERROR: Unrecognized and/or unsupported format 0x3b and usage 0xb00
01-09 07:30:52.101   795  6492 E gralloc4: allocate, buffer allocation failed with 2
01-09 07:30:52.101  3930  4017 E GraphicBufferAllocator: Failed to allocate (4 x 4) layerCount 1 format 59 usage b00: 5
01-09 07:30:52.101  3930  4017 E AHardwareBuffer: GraphicBuffer(w=4, h=4, lc=1) failed (Unknown error -5), handle=0x0
01-09 07:30:52.103  3930  4017 D hw-ProcessState: Binder ioctl to enable oneway spam detection failed: Invalid argument
01-09 07:30:52.109   833   833 I BufferQueueDebug: [Surface(name=3a0b63c NavigationBar0)/@0xf117539 - animation-leash of insets_animation#58159](this:0xb400007a404e6790,id:-1,api:0,p:-1,c:833) onDestructor()
01-09 07:30:52.109   833   833 I Layer   : id=58159 Destroyed Surface(name=3a0b63c NavigationBar0)/@0xf117539 - animation-leash of insets_animation#58159
01-09 07:30:52.109   833   833 I BufferQueueDebug: [Surface(name=e994ac8 StatusBar)/@0xe9dea32 - animation-leash of insets_animation#58158](this:0xb400007a4e9d3790,id:-1,api:0,p:-1,c:833) onDestructor()
01-09 07:30:52.109   833   833 I Layer   : id=58158 Destroyed Surface(name=e994ac8 StatusBar)/@0xe9dea32 - animation-leash of insets_animation#58158
01-09 07:30:52.148  3930  3930 I SurfaceView: 132154065 surfaceChanged -- format=4 w=1080 h=2273
01-09 07:30:52.148  3930  3930 I SurfaceView@7e082d1: surfaceChanged (1080,2273) 1 #8 io.flutter.embedding.android.FlutterSurfaceView{7e082d1 V.E...... ......ID 0,0-1080,2273}
01-09 07:30:52.151  3930  3930 I SurfaceView: 132154065 surfaceRedrawNeeded
01-09 07:30:52.152  3930  3930 V SurfaceView@7e082d1: Layout: x=0 y=0 w=1080 h=2273, frame=Rect(0, 0 - 1080, 2273)
01-09 07:30:52.156  3930  3930 D SessionLifecycleService: Service created on process 3930
01-09 07:30:52.156  3930  3930 D SessionLifecycleService: Service bound to new client on process 3930
01-09 07:30:52.161  3930  3930 D FlutterGeolocator: Creating service.
01-09 07:30:52.162  3930  3930 D FlutterGeolocator: Binding to location service.
01-09 07:30:52.164  3930  3984 D OpenGLRenderer: HWUI - treat SMPTE_170M as sRGB
01-09 07:30:52.165  3930  4049 D SessionLifecycleService: App has not yet foregrounded. Using previously stored session.
01-09 07:30:52.165  3930  4049 D SessionLifecycleService: Client android.os.Messenger@ade63f6 bound at 169460041. Clients: 1
01-09 07:30:52.187   542   542 D io_stats: !@ 179,0 r 29693191 420041670 w 3884314 40509468 d 680953 45957680 f 0 0 iot 7642720 0 th 0 0 0 pt 0 inp 0 0 169460.071
01-09 07:30:52.216  3930  3930 I InsetsSourceConsumer: applyRequestedVisibilityToControl: visible=true, type=statusBars, host=com.wawapp.driver/com.wawapp.driver.MainActivity
01-09 07:30:52.218  3930  3930 I InsetsSourceConsumer: applyRequestedVisibilityToControl: visible=true, type=navigationBars, host=com.wawapp.driver/com.wawapp.driver.MainActivity
01-09 07:30:52.219  3930  3930 D SessionLifecycleClient: Connected to SessionLifecycleService. Queue size 1
01-09 07:30:52.221  3930  3959 D SessionLifecycleClient: Sending lifecycle 1 to service
01-09 07:30:52.221  3930  4049 D SessionLifecycleService: Activity foregrounding at 169460106.
01-09 07:30:52.222  3930  4049 D SessionLifecycleService: Cold start detected.
01-09 07:30:52.224  3930  4049 D SessionLifecycleService: Generated new session.
01-09 07:30:52.224  3930  4049 D SessionLifecycleService: Broadcasting new session
01-09 07:30:52.227  3930  3930 D FlutterGeolocator: Geolocator foreground service connected
01-09 07:30:52.227  3930  3930 D FlutterGeolocator: Initializing Geolocator services
01-09 07:30:52.227  3930  3930 D FlutterGeolocator: Flutter engine connected. Connected engine count 1
01-09 07:30:52.228  3930  3959 D SessionFirelogPublisher: Data Collection is enabled for at least one Subscriber
01-09 07:30:52.238  3930  3930 D SessionLifecycleClient: Session update received.
01-09 07:30:52.240  3930  3976 D SessionLifecycleClient: Notified CRASHLYTICS of new session 32ef7196dc414a8e8675e79552900b11
01-09 07:30:52.244   772   772 E audit   : type=1400 audit(1767943852.242:918259): avc:  denied  { ioctl } for  pid=3930 comm=4D6561737572656D656E7420576F72 path="/data/data/com.wawapp.driver/databases/google_app_measurement_local.db" dev="dm-50" ino=1457581 ioctlcmd=0xf522 scontext=u:r:untrusted_app:s0:c237,c256,c512,c768 tcontext=u:object_r:app_data_file:s0:c237,c256,c512,c768 tclass=file permissive=0 SEPF_SM-A145P_12_0001 audit_filtered
01-09 07:30:52.250  3930  3969 D EventGDTLogger: Session Event Type: SESSION_START
01-09 07:30:52.251  3930  3969 D SessionFirelogPublisher: Successfully logged Session Start event.
01-09 07:30:52.255   772   772 E audit   : type=1400 audit(1767943852.250:918260): avc:  denied  { ioctl } for  pid=3930 comm=4D6561737572656D656E7420576F72 path="/data/data/com.wawapp.driver/databases/google_app_measurement_local.db" dev="dm-50" ino=1457581 ioctlcmd=0xf522 scontext=u:r:untrusted_app:s0:c237,c256,c512,c768 tcontext=u:object_r:app_data_file:s0:c237,c256,c512,c768 tclass=file permissive=0 SEPF_SM-A145P_12_0001 audit_filtered
01-09 07:30:52.255 16993  4054 D AdvertisingIdClient: AdvertisingIdClient already created.
01-09 07:30:52.255 16993  4054 D AdvertisingIdClient: AdvertisingIdClient is not bounded. Starting to bind it...
01-09 07:30:52.270 16993  4054 D AdvertisingIdClient: AdvertisingIdClient is bounded
01-09 07:30:52.273 16993  4054 I AdvertisingIdClient: shouldSendLog 289259994
01-09 07:30:52.273 16993  4054 I AdvertisingIdClient: GetInfoInternal elapse 18ms
01-09 07:30:52.278  3930  3973 D CompatibilityChangeReporter: Compat change id reported: 194532703; UID 10237; state: ENABLED
01-09 07:30:52.278  3930  3973 D CompatibilityChangeReporter: Compat change id reported: 253665015; UID 10237; state: ENABLED
01-09 07:30:52.280  1371  8460 D CompatibilityChangeReporter: Compat change id reported: 271850009; UID 10237; state: ENABLED
01-09 07:30:52.281  1371  8460 D CompatibilityChangeReporter: Compat change id reported: 253665015; UID 10237; state: ENABLED
01-09 07:30:52.281  1371  8460 D CompatibilityChangeReporter: Compat change id reported: 194532703; UID 10237; state: ENABLED
01-09 07:30:52.287 24664 24664 D BoundBrokerSvc: onRebind: Intent { act=com.google.android.gms.common.telemetry.service.START dat=chimera-action:/... cmp=com.google.android.gms/.chimera.PersistentApiService }
01-09 07:30:52.291  3930  3935 I m.wawapp.driver: Compiler allocated 6794KB to compile void android.view.ViewRootImpl.performTraversals()
01-09 07:30:52.304   772   772 E audit   : type=1400 audit(1767943852.302:918261): avc:  denied  { ioctl } for  pid=24664 comm="lowpool[163]" path="/data/data/com.google.android.gms/databases/ns.db" dev="dm-50" ino=4614 ioctlcmd=0xf522 scontext=u:r:gmscore_app:s0:c512,c768 tcontext=u:object_r:privapp_data_file:s0:c512,c768 tclass=file permissive=0 SEPF_SM-A145P_12_0001 audit_filtered
01-09 07:30:52.308 24664  3505 I NetworkScheduler: (REDACTED) Error inserting %s
01-09 07:30:52.311   772   772 E audit   : type=1400 audit(1767943852.306:918262): avc:  denied  { ioctl } for  pid=3930 comm=4D6561737572656D656E7420576F72 path="/data/data/com.wawapp.driver/databases/google_app_measurement_local.db" dev="dm-50" ino=1457581 ioctlcmd=0xf522 scontext=u:r:untrusted_app:s0:c237,c256,c512,c768 tcontext=u:object_r:app_data_file:s0:c237,c256,c512,c768 tclass=file permissive=0 SEPF_SM-A145P_12_0001 audit_filtered
01-09 07:30:52.335  3930  3930 I flutter :  Uncaught error: [core/duplicate-app] A Firebase App named "[DEFAULT]" already exists
01-09 07:30:52.336  3930  3930 I flutter : Stack trace: #0      MethodChannelFirebase.initializeApp (package:firebase_core_platform_interface/src/method_channel/method_channel_firebase.dart:131:11)
01-09 07:30:52.336  3930  3930 I flutter : <asynchronous suspension>
01-09 07:30:52.336  3930  3930 I flutter : #1      Firebase.initializeApp (package:firebase_core/src/firebase.dart:66:31)
01-09 07:30:52.336  3930  3930 I flutter : <asynchronous suspension>
01-09 07:30:52.336  3930  3930 I flutter : #2      main.<anonymous closure> (package:wawapp_driver/main.dart:27:5)
01-09 07:30:52.336  3930  3930 I flutter : <asynchronous suspension>
01-09 07:30:52.339  3930  3930 I flutter : ----------------FIREBASE CRASHLYTICS----------------
01-09 07:30:52.340  3930  3930 I flutter : [core/duplicate-app] A Firebase App named "[DEFAULT]" already exists
01-09 07:30:52.340  3930  3930 I flutter : #0      MethodChannelFirebase.initializeApp (package:firebase_core_platform_interface/src/method_channel/method_channel_firebase.dart:131:11)
01-09 07:30:52.340  3930  3930 I flutter : <asynchronous suspension>
01-09 07:30:52.340  3930  3930 I flutter : #1      Firebase.initializeApp (package:firebase_core/src/firebase.dart:66:31)
01-09 07:30:52.340  3930  3930 I flutter : <asynchronous suspension>
01-09 07:30:52.340  3930  3930 I flutter : #2      main.<anonymous closure> (package:wawapp_driver/main.dart:27:5)
01-09 07:30:52.340  3930  3930 I flutter : <asynchronous suspension>
01-09 07:30:52.340  3930  3930 I flutter : ----------------------------------------------------
01-09 07:30:52.682  1873  1873 D StatusBarIconController: ignoring old pipeline callbacks, because the new mobile icons are enabled
01-09 07:30:52.798   772   772 E audit   : type=1400 audit(1767943852.794:918263): avc:  denied  { ioctl } for  pid=3930 comm=4D6561737572656D656E7420576F72 path="/data/data/com.wawapp.driver/databases/google_app_measurement_local.db" dev="dm-50" ino=1457581 ioctlcmd=0xf522 scontext=u:r:untrusted_app:s0:c237,c256,c512,c768 tcontext=u:object_r:app_data_file:s0:c237,c256,c512,c768 tclass=file permissive=0 SEPF_SM-A145P_12_0001 audit_filtered
01-09 07:30:52.822   772   772 E audit   : type=1400 audit(1767943852.818:918264): avc:  denied  { ioctl } for  pid=3930 comm=4D6561737572656D656E7420576F72 path="/data/data/com.wawapp.driver/databases/google_app_measurement_local.db" dev="dm-50" ino=1457581 ioctlcmd=0xf522 scontext=u:r:untrusted_app:s0:c237,c256,c512,c768 tcontext=u:object_r:app_data_file:s0:c237,c256,c512,c768 tclass=file permissive=0 SEPF_SM-A145P_12_0001 audit_filtered
01-09 07:30:52.848 24664  3763 I NetworkScheduler: (REDACTED) Error inserting %s
01-09 07:30:53.174  1873  1873 D StatusBarIconController: ignoring old pipeline callbacks, because the new mobile icons are enabled
01-09 07:30:53.188  1873  2025 I gralloc4: @set_metadata: update dataspace from GM (0x00000000 -> 0x08010000)
01-09 07:30:53.196   833   833 I BufferQueueProducer: [StatusBar$_1873#84](this:0xb400007a4ef24790,id:-1,api:0,p:-1,c:833) queueBuffer: fps=0.33 dur=3000.86 max=3000.86 min=3000.86
01-09 07:30:53.198   796   873 I hwcomposer: [HWCDisplay] [Display_0 (type:1)] fps:3.486737,dur:1434.01,max:1086.25,min:15.82  
01-09 07:30:53.293  1873  1873 D StatusBarIconController: ignoring old pipeline callbacks, because the new mobile icons are enabled
01-09 07:30:53.429  1371  1734 D NetdEventListenerService: DNS Requested by 106, 10173, 63
01-09 07:30:53.515  1371  2753 I SemWifiApDataUsage: handleMessage: 14
01-09 07:30:53.515  1371  2753 I SemWifiApEbpf: DATA_USAGE_STATS_START_POLL,mhs= true,upstream= 2,client size 1
01-09 07:30:53.516  1371  2753 D SemWifiApEbpf: getWifiApDataUsageForOverAllMhs():  overall data is196987558
01-09 07:30:53.516  1371  2753 I SemWifiApEbpf: updating the overall dataUsage , overall =196987558 , global = {mTotalDataBytes=196944624,mTotalDataIngressBytes=0,mTotalDataEgressBytes=0,mCellularBytes=196944624,mCurrentDayAndSimCellularBytes=196944624}
01-09 07:30:53.626 24664  3505 I NetworkScheduler: (REDACTED) Error inserting %s
01-09 07:30:53.700  1873  1873 D StatusBarIconController: ignoring old pipeline callbacks, because the new mobile icons are enabled
01-09 07:30:53.716  1371  1415 D BatteryExternalStatsWorker: update stats : update-network-download (6)
01-09 07:30:53.716  1371  1415 I WifiService: getSupportedFeatures uid=1000 returns f8106ac889459
01-09 07:30:53.716  1371  1415 D BatteryExternalStatsWorker: Update Rail Energy data
01-09 07:30:53.716  1371  1415 D BatteryExternalStatsWorker: Fetch modem data
01-09 07:30:53.738  1371  5733 D TelephonyManager: requestModemActivityInfo: Sending result to app: ModemActivityInfo{ mTimestamp=290470961 mSleepTimeMs=80645056 mIdleTimeMs=205528633 mActivityStatsTechSpecificInfo=[{mRat=UNKNOWN,mFrequencyRange=UNKNOWN,mTxTimeMs[]=[26381, 2041, 11071, 26245, 50125],mRxTimeMs=2400369}]}
01-09 07:30:53.738  1371  1415 D BatteryExternalStatsWorker: mStats lock released
01-09 07:30:53.744  1371  1415 D BatteryExternalStatsWorker: Update modem state
01-09 07:30:53.744  1371  1415 D BatteryExternalStatsWorker: done updateExternalStatsLocked
01-09 07:30:53.796   812   859 I libPerfCtl: xgfGetFPS pid:-1 fps:0
01-09 07:30:53.796   812   859 I libPerfCtl: xgfGetFPS ioctl_ret:-1
01-09 07:30:54.031  3930  3973 I TRuntime.CctTransportBackend: Making request to: https://crashlyticsreports-pa.googleapis.com/v1/firelog/legacy/batchlog
01-09 07:30:54.123  1371  1734 D NetdEventListenerService: DNS Requested by 106, 10237, 81
01-09 07:30:54.188   542   542 D io_stats: !@ 179,0 r 29693202 420041818 w 3884428 40509964 d 680953 45957680 f 0 0 iot 7642740 0 th 0 0 0 pt 0 inp 0 0 169462.073
01-09 07:30:54.342  1023  1023 I thermal_repeater: socket -1
01-09 07:30:54.574  1873  1873 D StatusBarIconController: ignoring old pipeline callbacks, because the new mobile icons are enabled
01-09 07:30:54.700  1873  1873 D StatusBarIconController: ignoring old pipeline callbacks, because the new mobile icons are enabled
01-09 07:30:55.699  1873  1873 D StatusBarIconController: ignoring old pipeline callbacks, because the new mobile icons are enabled
01-09 07:30:55.839  1371  2325 I SemDvfsHyPerManager: acquire hyper - AMS_RESUME_TAIL/1371@18, type = -999
01-09 07:30:55.839  1371  2325 I SemDvfsHyPerManager: acquire hyper - AMS_ACT_LAZY/1371@19, type = -999
01-09 07:30:55.839  1371  2325 D ActivityManagerPerformance: AMP_acquire() TAIL
01-09 07:30:55.839  1371  2325 D ActivityManagerPerformance: AMP_release() APP_SWITCH
01-09 07:30:55.839   808   844 I HYPER-HAL: [RequestManager.cpp]acquire(): Acquired ID : 965373  [1371 / 18]    HINT : AMS_RESUME_TAIL    list : 
01-09 07:30:55.840   808   844 I mtkpower_client: perf_lock_rel, hdl:50609, tid:844
01-09 07:30:55.840   812   863 I libPowerHal: [perfLockRel] hdl:50609, idx:1
01-09 07:30:55.840   812   863 I libPowerHal: [PD] vendor.samsung. update cmd:1c3c000 param:1
01-09 07:30:55.841   812   863 I libPowerHal: [PD] (more) /proc/mcdi/state set +prefix:enable 1;
01-09 07:30:55.841   808   844 I mtkpower_client: perf_lock_acq, hdl:0, dur:0, num:2, tid:844
01-09 07:30:55.842   812   863 I libPowerHal: [perfLockAcq] idx:1 hdl:50613 hint:-1 pid:808 duration:0 lock_user:vendor.samsung. => ret_hdl:50613
01-09 07:30:55.842   812   863 I libPowerHal: [PE] (more) /proc/mcdi/state set +prefix:enable 0;
01-09 07:30:55.842   808   844 I mtkpower_client: ret_hdl:50613
01-09 07:30:55.843   808   844 I mtkpower_client: perf_lock_rel, hdl:50611, tid:844
01-09 07:30:55.843   812   863 I libPowerHal: [perfLockRel] hdl:50611, idx:6
01-09 07:30:55.843   812   863 I libPowerHal: [PD] vendor.samsung. update cmd:1000000, param:-1
01-09 07:30:55.844   808   844 I mtkpower_client: perf_lock_acq, hdl:0, dur:0, num:2, tid:844
01-09 07:30:55.844   812   863 I libPowerHal: [PD] vendor.samsung. update cmd:1000000 param:-1
01-09 07:30:55.844   808   844 I mtkpower_client: ret_hdl:50614
01-09 07:30:55.844   808   844 I mtkpower_client: perf_lock_rel, hdl:50612, tid:844
01-09 07:30:55.844   812   863 I libPowerHal: [perfLockAcq] idx:4 hdl:50614 hint:-1 pid:808 duration:0 lock_user:vendor.samsung. => ret_hdl:50614
01-09 07:30:55.844   812   863 I libPowerHal: [PE] vendor.samsung. update cmd:1000000, param:0
01-09 07:30:55.844   812   863 I libPowerHal: [PE] vendor.samsung. update cmd:1000000 param:0
01-09 07:30:55.845   812   863 I libPowerHal: [perfLockRel] hdl:50612, idx:3
01-09 07:30:55.845   808   844 I mtkpower_client: perf_lock_acq, hdl:0, dur:0, num:2, tid:844
01-09 07:30:55.845   812   863 I libPowerHal: vendor.samsung.: cpu_ctrl set cpu freq: 1800000 -1 -1 -1
01-09 07:30:55.846   808   844 I mtkpower_client: ret_hdl:50615
01-09 07:30:55.846   812   863 I libPowerHal: [perfLockAcq] idx:3 hdl:50615 hint:-1 pid:808 duration:0 lock_user:vendor.samsung. => ret_hdl:50615
01-09 07:30:55.846   808   844 I mtkpower_client: perf_lock_rel, hdl:50608, tid:844
01-09 07:30:55.846   812   863 I libPowerHal: vendor.samsung.: cpu_ctrl set cpu freq: 1800000 -1 2000000 -1
01-09 07:30:55.846   812   863 I libPowerHal: [perfLockRel] hdl:50608, idx:5
01-09 07:30:55.846   808   844 I mtkpower_client: perf_lock_rel, hdl:50613, tid:844
01-09 07:30:55.846   812   863 I libPowerHal: [PD] vendor.samsung. update cmd:300c000 param:0
01-09 07:30:55.848   808   844 I mtkpower_client: perf_lock_acq, hdl:0, dur:0, num:2, tid:844
01-09 07:30:55.848   812   863 I libPowerHal: [perfLockRel] hdl:50613, idx:1
01-09 07:30:55.849   812   863 I libPowerHal: [PD] vendor.samsung. update cmd:1c3c000 param:1
01-09 07:30:55.849   812   863 I libPowerHal: [PD] (more) /proc/mcdi/state set +prefix:enable 1;
01-09 07:30:55.849   808   844 I mtkpower_client: ret_hdl:50616
01-09 07:30:55.849   812   863 I libPowerHal: [perfLockAcq] idx:1 hdl:50616 hint:-1 pid:808 duration:0 lock_user:vendor.samsung. => ret_hdl:50616
01-09 07:30:55.849   808   844 I mtkpower_client: perf_lock_rel, hdl:50610, tid:844
01-09 07:30:55.849   812   863 I libPowerHal: [PE] (more) /proc/mcdi/state set +prefix:enable 0;
01-09 07:30:55.850   808   844 I mtkpower_client: perf_lock_rel, hdl:50614, tid:844
01-09 07:30:55.850   812   863 I libPowerHal: [perfLockRel] hdl:50610, idx:2
01-09 07:30:55.850   812   863 I libPowerHal: vendor.samsung.: cpu_ctrl set cpu freq: -1 -1 2000000 -1
01-09 07:30:55.851   808   844 I mtkpower_client: perf_lock_acq, hdl:0, dur:0, num:2, tid:844
01-09 07:30:55.851   812   863 I libPowerHal: [perfLockRel] hdl:50614, idx:4
01-09 07:30:55.851   812   863 I libPowerHal: [PD] vendor.samsung. update cmd:1000000, param:-1
01-09 07:30:55.851   812   863 I libPowerHal: [PD] vendor.samsung. update cmd:1000000 param:-1
01-09 07:30:55.851   808   844 I mtkpower_client: ret_hdl:50617
01-09 07:30:55.851   808   844 I mtkpower_client: perf_lock_rel, hdl:50615, tid:844
01-09 07:30:55.852   812   863 I libPowerHal: [perfLockAcq] idx:2 hdl:50617 hint:-1 pid:808 duration:0 lock_user:vendor.samsung. => ret_hdl:50617
01-09 07:30:55.853   812   863 I libPowerHal: [PE] vendor.samsung. update cmd:1000000, param:1
01-09 07:30:55.853   812   863 I libPowerHal: [PE] vendor.samsung. update cmd:1000000 param:1
01-09 07:30:55.854   808   844 I mtkpower_client: perf_lock_acq, hdl:0, dur:0, num:2, tid:844
01-09 07:30:55.854   812   863 I libPowerHal: [perfLockRel] hdl:50615, idx:3
01-09 07:30:55.855   812   863 I libPowerHal: vendor.samsung.: cpu_ctrl set cpu freq: -1 -1 -1 -1
01-09 07:30:55.856   808   844 I mtkpower_client: ret_hdl:50618
01-09 07:30:55.856   808   844 I HYPER-HAL: [RequestManager.cpp]releaseLocked(): Released ID : 975131
01-09 07:30:55.856   812   863 I libPowerHal: [perfLockAcq] idx:3 hdl:50618 hint:-1 pid:808 duration:0 lock_user:vendor.samsung. => ret_hdl:50618
01-09 07:30:55.856  1873  1873 D StatusBarIconController: ignoring old pipeline callbacks, because the new mobile icons are enabled
01-09 07:30:55.856   812   863 I libPowerHal: vendor.samsung.: cpu_ctrl set cpu freq: -1 -1 1354000 -1
01-09 07:30:56.038  3930  3973 I TRuntime.CctTransportBackend: Status Code: 200
01-09 07:30:56.146   808  4074 I mtkpower_client: perf_lock_rel, hdl:50616, tid:4074
01-09 07:30:56.146   808  4074 I mtkpower_client: perf_lock_rel, hdl:50617, tid:4074
01-09 07:30:56.147   812   863 I libPowerHal: [perfLockRel] hdl:50616, idx:1
01-09 07:30:56.148   812   863 I libPowerHal: [PD] vendor.samsung. update cmd:1c3c000 param:1
01-09 07:30:56.148   812   863 I libPowerHal: [PD] (more) /proc/mcdi/state set +prefix:enable 1;
01-09 07:30:56.149   812   863 I libPowerHal: [perfLockRel] hdl:50617, idx:2
01-09 07:30:56.149   808  4074 I mtkpower_client: perf_lock_rel, hdl:50618, tid:4074
01-09 07:30:56.149   812   863 I libPowerHal: [PD] vendor.samsung. update cmd:1000000, param:-1
01-09 07:30:56.150   812   863 I libPowerHal: [PD] vendor.samsung. update cmd:1000000 param:-1
01-09 07:30:56.150   808  4074 I HYPER-HAL: [RequestManager.cpp]releaseLocked(): Released ID : 965373
01-09 07:30:56.151   812   863 I libPowerHal: [perfLockRel] hdl:50618, idx:3
01-09 07:30:56.151   812   863 I libPowerHal: vendor.samsung.: cpu_ctrl set cpu freq: -1 -1 -1 -1
01-09 07:30:56.189   542   542 D io_stats: !@ 179,0 r 29693202 420041818 w 3884449 40510156 d 680953 45957680 f 0 0 iot 7642744 0 th 0 0 0 pt 0 inp 0 0 169464.074
01-09 07:30:56.710  1873  1873 D StatusBarIconController: ignoring old pipeline callbacks, because the new mobile icons are enabled
01-09 07:30:57.144  1873  1873 D StatusBarIconController: ignoring old pipeline callbacks, because the new mobile icons are enabled
01-09 07:30:57.194  1873  1873 D StatusBarIconController: ignoring old pipeline callbacks, because the new mobile icons are enabled
01-09 07:30:57.228  1873  2025 I gralloc4: @set_metadata: update dataspace from GM (0x00000000 -> 0x08010000)
01-09 07:30:57.237   833   833 I BufferQueueProducer: [StatusBar$_1873#84](this:0xb400007a4ef24790,id:-1,api:0,p:-1,c:833) queueBuffer: fps=0.25 dur=4040.64 max=4040.64 min=4040.64
