01-09 07:30:50.013  1371  2073 V WindowManager:         InsetsFrameProvider: {id=#98150006, index=0, type=tappableElement, source=FRAME, flags=[]}
01-09 07:30:50.013  1371  2073 V WindowManager:         InsetsFrameProvider: {id=#98150005, index=0, type=mandatorySystemGestures, source=FRAME, flags=[]}
01-09 07:30:50.013  1371  2073 V WindowManager:         InsetsFrameProvider: {id=#98150004, index=0, type=systemGestures, source=DISPLAY, flags=[], insetsSize=Insets{left=0, top=0, right=0, bottom=0}, mMinimalInsetsSizeInDisplayCutoutSafe=Insets{left=0, top=0, right=0, bottom=0}}
01-09 07:30:50.013  1371  2073 V WindowManager:         InsetsFrameProvider: {id=#98150024, index=1, type=systemGestures, source=DISPLAY, flags=[], insetsSize=Insets{left=0, top=0, right=0, bottom=0}, mMinimalInsetsSizeInDisplayCutoutSafe=Insets{left=0, top=0, right=0, bottom=0}} naviIconColor=0}
01-09 07:30:50.013  1371  2073 V WindowManager:     ROTATION_180={(0,0)(fillx135) gr=BOTTOM CENTER_VERTICAL layoutInDisplayCutoutMode=always ty=NAVIGATION_BAR fmt=TRANSLUCENT
01-09 07:30:50.013  1371  2073 V WindowManager:       fl=20840028
01-09 07:30:50.013  1371  2073 V WindowManager:       pfl=31001000
01-09 07:30:50.013  1371  2073 V WindowManager:       bhv=DEFAULT
01-09 07:30:50.013  1371  2073 V WindowManager:       providedInsets:
01-09 07:30:50.013  1371  2073 V WindowManager:         InsetsFrameProvider: {id=#98150001, index=0, type=navigationBars, source=FRAME, flags=[], insetsSize=Insets{left=0, top=0, right=0, bottom=135}, insetsSizeOverrides=[TypedInsetsSize: {windowType=INPUT_METHOD, insetsSize=null}]}
01-09 07:30:50.013  1371  2073 V WindowManager:         InsetsFrameProvider: {id=#98150006, index=0, type=tappableElement, source=FRAME, flags=[]}
01-09 07:30:50.013  1371  2073 V WindowManager:         InsetsFrameProvider: {id=#98150005, index=0, type=mandatorySystemGestures, source=FRAME, flags=[]}
01-09 07:30:50.013  1371  2073 V WindowManager:         InsetsFrameProvider: {id=#98150004, index=0, type=systemGestures, source=DISPLAY, flags=[], insetsSize=Insets{left=0, top=0, right=0, bottom=0}, mMinimalInsetsSizeInDisplayCutoutSafe=Insets{left=0, top=0, right=0, bottom=0}}
01-09 07:30:50.013  1371  2073 V WindowManager:         InsetsFrameProvider: {id=#98150024, index=1, type=systemGestures, source=DISPLAY, flags=[], insetsSize=Insets{left=0, top=0, right=0, bottom=0}, mMinimalInsetsSizeInDisplayCutoutSafe=Insets{left=0, top=0, right=0, bottom=0}} naviIconColor=0}
01-09 07:30:50.013  1371  2073 V WindowManager:     ROTATION_270={(0,0)(135xfill) gr=LEFT CENTER_HORIZONTAL layoutInDisplayCutoutMode=always ty=NAVIGATION_BAR fmt=TRANSLUCENT
01-09 07:30:50.013  1371  2073 V WindowManager:       fl=20840028
01-09 07:30:50.013  1371  2073 V WindowManager:       pfl=31001000
01-09 07:30:50.013  1371  2073 V WindowManager:       bhv=DEFAULT
01-09 07:30:50.013  1371  2073 V WindowManager:       providedInsets:
01-09 07:30:50.013  1371  2073 V WindowManager:         InsetsFrameProvider: {id=#98150001, index=0, type=navigationBars, source=FRAME, flags=[], insetsSizeOverrides=[TypedInsetsSize: {windowType=INPUT_METHOD, insetsSize=null}]}
01-09 07:30:50.013  1371  2073 V WindowManager:         InsetsFrameProvider: {id=#98150006, index=0, type=tappableElement, source=FRAME, flags=[]}
01-09 07:30:50.013  1371  2073 V WindowManager:         InsetsFrameProvider: {id=#98150005, index=0, type=mandatorySystemGestures, source=FRAME, flags=[]}
01-09 07:30:50.013  1371  2073 V WindowManager:         InsetsFrameProvider: {id=#98150004, index=0, type=systemGestures, source=DISPLAY, flags=[], insetsSize=Insets{left=0, top=0, right=0, bottom=0}, mMinimalInsetsSizeInDisplayCutoutSafe=Insets{left=0, top=0, right=0, bottom=0}}
01-09 07:30:50.013  1371  2073 V WindowManager:         InsetsFrameProvider: {id=#98150024, index=1, type=systemGestures, source=DISPLAY, flags=[], insetsSize=Insets{left=0, top=0, right=0, bottom=0}, mMinimalInsetsSizeInDisplayCutoutSafe=Insets{left=0, top=0, right=0, bottom=0}} naviIconColor=0} naviIconColor=0}
01-09 07:30:50.015   833   833 I BufferQueueProducer: [NavigationBar0$_1873#80](this:0xb400007a4ef0d790,id:-1,api:0,p:-1,c:833) queueBuffer: fps=0.14 dur=14379.55 max=14363.08 min=16.47
01-09 07:30:50.020   833   906 E RenderEngine: updatePQFlag: get gralloc GRALLOC_EXTRA_GET_AI_PQ_INFO fail, return
01-09 07:30:50.020  1371  2073 V WindowManager: rotationForOrientation(orient=SCREEN_ORIENTATION_UNSPECIFIED (-1), last=ROTATION_0 (0)); user=ROTATION_0 (0) 
01-09 07:30:50.020  1371  2073 D WindowManager: rotationForOrientation, orientationSource=ActivityRecord{c20e3ff u0 com.wawapp.driver/.MainActivity t10569}
01-09 07:30:50.022  1371  2073 V WindowManager: Computed rotation=ROTATION_0 (0) for display id=0 based on lastOrientation=SCREEN_ORIENTATION_UNSPECIFIED (-1) and oldRotation=ROTATION_0 (0), caller=com.android.server.wm.DisplayRotation.updateOrientation:517 com.android.server.wm.DisplayContent.updateOrientation:2176 com.android.server.wm.DisplayContent.updateOrientation:2092 com.android.server.wm.RootWindowContainer.ensureVisibilityAndConfig:2091 com.android.server.wm.ActivityTaskSupervisor.realStartActivityLocked:932 com.android.server.wm.RootWindowContainer$AttachApplicationHelper.test:4345 
01-09 07:30:50.023   833   833 I BufferQueueProducer: [FramebufferSurface](this:0xb400007a7392b8d0,id:-1,api:1,p:833,c:833) queueBuffer: fps=1.82 dur=14293.97 max=13887.67 min=13.10
01-09 07:30:50.024  1371  1566 D SGM:FgCheckThread: onLooperPrepared(), msg: MSG_APP_CREATE, pkgName: com.wawapp.driver, userId: 0
01-09 07:30:50.024  1371  2073 D SGM:PkgDataHelper: notifyAppCreate(), pkgName: com.wawapp.driver, userId: 0, sendRet: true
01-09 07:30:50.026  1371  2073 D SGM:FgCheckThread: TaskStackListener.onTaskFocusChanged(), taskId=10079, focused=false
01-09 07:30:50.026   833   833 D SurfaceFlinger: Display 0 HWC layers:
01-09 07:30:50.026   833   833 D SurfaceFlinger:      DEVICE | 0xb400007a73829980 | 0100 | RGBA_8888    |  662.0    0.0 1738.0 2400.0 |    0    0 1080 2408 | Wallpaper BBQ wrapper 5_system#70
01-09 07:30:50.026   833   833 D SurfaceFlinger:      DEVICE | 0xb400007a7382a100 | 0100 | RGBA_8888    |    0.0    0.0 1080.0 2408.0 |    0    0 1080 2408 | com.sec.android.app.launcher/com.sec[...]ivities.LauncherActivity$_2177#58148
01-09 07:30:50.026   833   833 D SurfaceFlinger:      CLIENT | 0xb400007a7382a880 | 0100 | RGBA_8888    |    0.0    0.0 1080.0 2408.0 |   76  168 1004 2240 | Splash Screen com.wawapp.driver$_1873#58156
01-09 07:30:50.026   833   833 D SurfaceFlinger:      DEVICE | 0xb400007a4e7c9400 | 0100 | RGBA_8888    |    0.0    0.0 1080.0   64.0 |    0    0 1080   64 | StatusBar$_1873#84
01-09 07:30:50.026   833   833 D SurfaceFlinger:      DEVICE | 0xb400007a71c57680 | 0100 | RGBA_8888    |    0.0    0.0 1080.0  135.0 |    0 2273 1080 2408 | NavigationBar0$_1873#80
01-09 07:30:50.026   833   833 D SurfaceFlinger: 
01-09 07:30:50.026  1371  2073 D SGM:FgCheckThread: TaskStackListener.onTaskFocusChanged(), taskId=10569, focused=true
01-09 07:30:50.026  1371  2073 D SGM:FgCheckThread:   sendRunningComponentFocus(), pkgName: com.wawapp.driver, userId: 0
01-09 07:30:50.026  1371  1566 D SGM:FgCheckThread: onLooperPrepared(), msg: MSG_TASK_FOCUSED, pkgName: com.wawapp.driver, userId: 0
01-09 07:30:50.026  1371  1566 D SGM:FgCheckThread: handleTaskFocused().
01-09 07:30:50.026  1371  1566 D SGM:FgCheckThread:   handleTaskFocused(), pkgName: com.wawapp.driver, userID:0
01-09 07:30:50.026  1371  1566 D SGM:FgCheckThread: handleResume().
01-09 07:30:50.027  1371  1566 D SGM:FgCheckThread: sendFocusOutConditionally() - mPrevNotiPkg: (unknown), userId: 0
01-09 07:30:50.027  1371  1566 D SGM:FgCheckThread:   handleResume(). pkgName: com.wawapp.driver, userId: 0, isTunableApp: null
01-09 07:30:50.027  1371  1566 D SGM:FgCheckThread: notifyFocusInOut(). of pkg: com.wawapp.driver, type: 4, isTunableApp: false, userId: 0
01-09 07:30:50.027  1371  1566 D SGM:FgCheckThread:   notifyFocusInOut(). unexpected mPrevNotiType: -1
01-09 07:30:50.027  1371  1566 D SGM:SystemHelper: callReleaseBlock needReleaseBlock:false
01-09 07:30:50.027  1371  2073 D InputDispatcher: Focused application(0): ActivityRecord{c20e3ff u0 com.wawapp.driver/.MainActivity t10569}
01-09 07:30:50.027  1371  2073 D SGM:FgCheckThread: TaskStackListener.onTaskFocusChanged(), taskId=10079, focused=false
01-09 07:30:50.027  1371  2073 D SGM:FgCheckThread: TaskStackListener.onTaskFocusChanged(), taskId=10569, focused=true
01-09 07:30:50.028  1371  2073 D SGM:FgCheckThread:   sendRunningComponentFocus(), pkgName: com.wawapp.driver, userId: 0
01-09 07:30:50.028  1371  1566 D SGM:FgCheckThread: onLooperPrepared(), msg: MSG_TASK_FOCUSED, pkgName: com.wawapp.driver, userId: 0
01-09 07:30:50.028  1371  1566 D SGM:FgCheckThread: handleTaskFocused().
01-09 07:30:50.028  1371  1566 D SGM:FgCheckThread:   handleTaskFocused(), pkgName: com.wawapp.driver, userID:0
01-09 07:30:50.028  1371  1566 D SGM:FgCheckThread: handleResume().
01-09 07:30:50.028  2177  2301 I HoneySpace.TopTaskSource: onTaskFocusChanged(): taskId = 10569
01-09 07:30:50.028  1371  1566 D SGM:FgCheckThread: sendFocusOutConditionally() - mPrevNotiPkg: (unknown), userId: 0
01-09 07:30:50.028  2177  2301 I HoneySpace.TopTaskSource: onTaskMovedToFront : taskId = 10569
01-09 07:30:50.028  1371  1566 D SGM:FgCheckThread:   handleResume(). pkgName: com.wawapp.driver, userId: 0, isTunableApp: null
01-09 07:30:50.028  1371  1566 D SGM:FgCheckThread: notifyFocusInOut(). of pkg: com.wawapp.driver, type: 4, isTunableApp: false, userId: 0
01-09 07:30:50.028  1371  1566 D SGM:FgCheckThread:   notifyFocusInOut(). unexpected mPrevNotiType: -1
01-09 07:30:50.028  1371  1566 D SGM:SystemHelper: callReleaseBlock needReleaseBlock:false
01-09 07:30:50.028  2177  2303 I HoneySpace.TopTaskUseCase: topTasks 10569 ComponentInfo{com.wawapp.driver/com.wawapp.driver.MainActivity}
01-09 07:30:50.029  1371  2073 D ActivityTaskManager: scheduleTopResumedActivityChanged, onTop=true, r=ActivityRecord{c20e3ff u0 com.wawapp.driver/.MainActivity t10569}, caller=com.android.server.wm.ActivityTaskSupervisor.scheduleTopResumedActivityStateIfNeeded:2857 com.android.server.wm.ActivityTaskSupervisor.updateTopResumedActivityIfNeeded:2849 com.android.server.wm.TaskFragment.setResumedActivity:579 com.android.server.wm.TaskFragment.onActivityStateChanged:903 com.android.server.wm.ActivityRecord.setState:6811 com.android.server.wm.Task.minimalResumeActivityLocked:6192 
01-09 07:30:50.030  1371  2073 D WindowManagerServiceExt: notifyOccludeChangeNotice: cn=ComponentInfo{com.wawapp.driver/com.wawapp.driver.MainActivity} occludesParent=true isInSplitScreenMode=false styleFloating=false caller=com.android.server.wm.ActivityRecord.completeResumeLocked:7452 com.android.server.wm.Task.minimalResumeActivityLocked:6193 com.android.server.wm.ActivityTaskSupervisor.realStartActivityLocked:1158 com.android.server.wm.RootWindowContainer$AttachApplicationHelper.test:4345 com.android.server.wm.RootWindowContainer$AttachApplicationHelper.test:4281 
01-09 07:30:50.030  2177  2301 I HoneySpace.TopTaskSource: onTaskFocusChanged(): taskId = 10569
01-09 07:30:50.030  2177  2301 I HoneySpace.TopTaskSource: onTaskMovedToFront : taskId = 10569
01-09 07:30:50.032  1371  2939 D AutoRotationHandler: not support this mode 
01-09 07:30:50.032  1371  2939 D AutoRotationHandler: not support this mode 
01-09 07:30:50.032  1371  1634 D AS.MultiSoundManager: mForegroundUid = 10237
01-09 07:30:50.032  1371  1634 D AS.MultiSoundManager: mForegroundUid = 10237
01-09 07:30:50.035   833   906 E RenderEngine: updatePQFlag: get gralloc GRALLOC_EXTRA_GET_AI_PQ_INFO fail, return
01-09 07:30:50.036  1371  1397 D SGM:FgCheckThread: noteResumeComponent(), received pkgName: com.wawapp.driver, userId: 0
01-09 07:30:50.036  1371  1397 I GameSDK@LifeCycle: noteResumeComponent(): package name  : com.wawapp.driver
01-09 07:30:50.036  1371  1566 D SGM:FgCheckThread: onLooperPrepared(), msg: MSG_APP_RESUME, pkgName: com.wawapp.driver, userid: 0
01-09 07:30:50.036  1371  1566 D SGM:FgCheckThread: handleResume().
01-09 07:30:50.036  1371  1566 D SGM:FgCheckThread: sendFocusOutConditionally() - mPrevNotiPkg: (unknown), userId: 0
01-09 07:30:50.036  1371  1566 D SGM:FgCheckThread:   handleResume(). pkgName: com.wawapp.driver, userId: 0, isTunableApp: null
01-09 07:30:50.036  1371  1566 D SGM:FgCheckThread: notifyFocusInOut(). of pkg: com.wawapp.driver, type: 4, isTunableApp: false, userId: 0
01-09 07:30:50.036  1371  1566 D SGM:FgCheckThread:   notifyFocusInOut(). unexpected mPrevNotiType: -1
01-09 07:30:50.036  1371  1566 D SGM:SystemHelper: callReleaseBlock needReleaseBlock:false
01-09 07:30:50.036  1371  1397 I ActivityManager: Changes in 10237 19 to 2, 0 to 63
01-09 07:30:50.042  3930  3930 D CompatibilityChangeReporter: Compat change id reported: 171979766; UID 10237; state: ENABLED
01-09 07:30:50.043  3930  3930 D CompatibilityChangeReporter: Compat change id reported: 242716250; UID 10237; state: ENABLED
01-09 07:30:50.043  1371  1395 D PkgPredictorService-SecIpmManagerServiceImpl: onForegroundActivitiesChanged pid:3930 uid:10237
01-09 07:30:50.044 28285 28328 I Rubin   : [409] zb.a.c(Unknown Source) : Notify com.samsung.android.rubin.inferenceengine.contextanalytics.engine.loggers.AppUsageLogger's database is updated.
01-09 07:30:50.051  1371  8460 D CompatibilityChangeReporter: Compat change id reported: 170503758; UID 10237; state: ENABLED
01-09 07:30:50.051   833   906 E RenderEngine: updatePQFlag: get gralloc GRALLOC_EXTRA_GET_AI_PQ_INFO fail, return
01-09 07:30:50.066  3930  3930 D nativeloader: Configuring clns-4 for other apk /system/framework/org.apache.http.legacy.jar. target_sdk_version=36, uses_libraries=ALL, library_path=/data/app/~~6FeS_Gqqpzl7V9nRqsy20w==/com.wawapp.driver-lDMQc6dY3NTKyDudyMquww==/lib/arm64:/data/app/~~6FeS_Gqqpzl7V9nRqsy20w==/com.wawapp.driver-lDMQc6dY3NTKyDudyMquww==/base.apk!/lib/arm64-v8a, permitted_path=/data:/mnt/expand:/data/user/0/com.wawapp.driver
01-09 07:30:50.066  3930  3930 D nativeloader: Extending system_exposed_libraries: libaudiomirroring_jni.audiomirroring.samsung.so:libexifa.camera.samsung.so:libjpega.camera.samsung.so:libOpenCv.camera.samsung.so:libImageScreener.camera.samsung.so:libHpr_RecGAE_cvFeature_v1.0.camera.samsung.so:libHprFace_GAE_api.camera.samsung.so:libHprFace_GAE_jni.camera.samsung.so:libObjectAndSceneClassification_2.5_OD.camera.samsung.so:libQREngine.camera.samsung.so:libInteractiveSegmentation.camera.samsung.so:libsmart_cropping.camera.samsung.so:libFacePreProcessing.camera.samsung.so:libFacePreProcessing_jni.camera.samsung.so:libhumantracking_util.camera.samsung.so:libsurfaceutil.camera.samsung.so:libsecimaging.camera.samsung.so:libsce_v1.crypto.samsung.so:lib_vnd_client.dk.samsung.so:lib_native_client.dk.samsung.so:lib_nativeJni.dk.samsung.so:lib.engmodejni.samsung.so:libSFEffect.fonteffect.samsung.so:libknox_remotedesktopclient.knox.samsung.so:libheifcapture_jni.media.samsung.so:libjpegsq.media.samsung.so:libslljpeg.media.samsung.so:libsemimagecrop_jni.media.samsung.
01-09 07:30:50.067   833   906 E RenderEngine: updatePQFlag: get gralloc GRALLOC_EXTRA_GET_AI_PQ_INFO fail, return
01-09 07:30:50.084   833   906 E RenderEngine: updatePQFlag: get gralloc GRALLOC_EXTRA_GET_AI_PQ_INFO fail, return
01-09 07:30:50.100   833   906 E RenderEngine: updatePQFlag: get gralloc GRALLOC_EXTRA_GET_AI_PQ_INFO fail, return
01-09 07:30:50.117   833   906 E RenderEngine: updatePQFlag: get gralloc GRALLOC_EXTRA_GET_AI_PQ_INFO fail, return
01-09 07:30:50.133   833   906 E RenderEngine: updatePQFlag: get gralloc GRALLOC_EXTRA_GET_AI_PQ_INFO fail, return
01-09 07:30:50.149   833   906 E RenderEngine: updatePQFlag: get gralloc GRALLOC_EXTRA_GET_AI_PQ_INFO fail, return
01-09 07:30:50.167   833   906 E RenderEngine: updatePQFlag: get gralloc GRALLOC_EXTRA_GET_AI_PQ_INFO fail, return
01-09 07:30:50.170  1873  1873 D StatusBarIconController: ignoring old pipeline callbacks, because the new mobile icons are enabled
01-09 07:30:50.176  1371  1628 D MdnieScenarioControlService:  packageName : com.wawapp.driver    className : com.wawapp.driver.MainActivity
01-09 07:30:50.176  1371  1628 V MdnieScenarioControlService: setUIMode from UI function(3)
01-09 07:30:50.183   833   906 E RenderEngine: updatePQFlag: get gralloc GRALLOC_EXTRA_GET_AI_PQ_INFO fail, return
01-09 07:30:50.184   542   542 D io_stats: !@ 179,0 r 29692979 420031022 w 3884158 40508820 d 680953 45957680 f 0 0 iot 7642576 0 th 0 0 0 pt 0 inp 0 0 169458.068
01-09 07:30:50.188  1873  2025 I gralloc4: @set_metadata: update dataspace from GM (0x00000000 -> 0x08010000)
01-09 07:30:50.196   833   833 I BufferQueueProducer: [StatusBar$_1873#84](this:0xb400007a4ef24790,id:-1,api:0,p:-1,c:833) queueBuffer: fps=0.50 dur=2000.99 max=2000.99 min=2000.99
01-09 07:30:50.199   833   906 E RenderEngine: updatePQFlag: get gralloc GRALLOC_EXTRA_GET_AI_PQ_INFO fail, return
01-09 07:30:50.215   833   906 E RenderEngine: updatePQFlag: get gralloc GRALLOC_EXTRA_GET_AI_PQ_INFO fail, return
01-09 07:30:50.232   833   906 E RenderEngine: updatePQFlag: get gralloc GRALLOC_EXTRA_GET_AI_PQ_INFO fail, return
01-09 07:30:50.248   833   906 E RenderEngine: updatePQFlag: get gralloc GRALLOC_EXTRA_GET_AI_PQ_INFO fail, return
01-09 07:30:50.265   833   906 E RenderEngine: updatePQFlag: get gralloc GRALLOC_EXTRA_GET_AI_PQ_INFO fail, return
01-09 07:30:50.277  1371  1628 V MdnieScenarioControlService: mAclOffEnabled : false
01-09 07:30:50.281   833   906 E RenderEngine: updatePQFlag: get gralloc GRALLOC_EXTRA_GET_AI_PQ_INFO fail, return
01-09 07:30:50.298   833   906 E RenderEngine: updatePQFlag: get gralloc GRALLOC_EXTRA_GET_AI_PQ_INFO fail, return
01-09 07:30:50.314   833   906 E RenderEngine: updatePQFlag: get gralloc GRALLOC_EXTRA_GET_AI_PQ_INFO fail, return
01-09 07:30:50.346  1873  1939 V WindowManagerShell: Transition animation finished (aborted=false), notifying core (#3757)android.os.BinderProxy@65530d@0
01-09 07:30:50.347  1873  1939 I SurfaceControl: apply is called, name=FinishTransaction_SyncId<3757>, caller=android.view.SurfaceControl$Transaction.apply:2921 com.android.wm.shell.transition.Transitions.onFinish:302 com.android.wm.shell.transition.Transitions$$ExternalSyntheticLambda6.onTransitionFinished:15 com.android.wm.shell.transition.DefaultTransitionHandler$$ExternalSyntheticLambda5.run:125 com.android.wm.shell.transition.DefaultTransitionHandler$$ExternalSyntheticLambda3.run:52 android.os.Handler.handleCallback:958 
01-09 07:30:50.348  1371  2073 V WindowManager: Finish Transition: TransitionRecord{c03af1e id=3757 type=OPEN flags=0x0}, caller=com.android.server.wm.WindowOrganizerController.finishTransition:456 android.window.IWindowOrganizerController$Stub.onTransact:286 com.android.server.wm.WindowOrganizerController.onTransact:219 
01-09 07:30:50.349  1371  1394 V WindowManager: Finish Transition #3757: created at 01-09 07:30:49.826 collect-started=2.919ms request-sent=32.89ms started=37.679ms ready=121.293ms sent=128.011ms finished=522.686ms
01-09 07:30:50.350  1371  2073 V WindowManager: Setting visibility of Window{1796bd6 u0 com.sec.android.app.launcher/com.sec.android.app.launcher.activities.LauncherActivity}: false, caller=com.android.server.wm.WindowContainer.sendAppVisibilityToClients:1301 com.android.server.wm.WindowToken.setClientVisible:446 com.android.server.wm.ActivityRecord.setClientVisible:8121 com.android.server.wm.ActivityRecord.postApplyAnimation:6685 com.android.server.wm.ActivityRecord.commitVisibility:6628 
01-09 07:30:50.350  1371  2073 V WindowManager: Setting visibility of Window{fc7c337 u0 com.sec.android.app.launcher/com.sec.android.app.launcher.activities.LauncherActivity}: false, caller=com.android.server.wm.WindowContainer.sendAppVisibilityToClients:1301 com.android.server.wm.WindowToken.setClientVisible:446 com.android.server.wm.ActivityRecord.setClientVisible:8121 com.android.server.wm.ActivityRecord.postApplyAnimation:6685 com.android.server.wm.ActivityRecord.commitVisibility:6628 
01-09 07:30:50.350 29255 29255 I ViewRootImpl@960c28[LauncherActivity]: handleAppVisibility mAppVisible = true visible = false
01-09 07:30:50.350  2177  2177 I ViewRootImpl@c707074[LauncherActivity]: handleAppVisibility mAppVisible = true visible = false
01-09 07:30:50.350  1371  2073 V WindowManager: Setting visibility of Window{3689b9e u0 com.android.systemui.wallpapers.ImageWallpaper_system}: false, caller=com.android.server.wm.WindowContainer.sendAppVisibilityToClients:1301 com.android.server.wm.WindowToken.setClientVisible:446 com.android.server.wm.WallpaperWindowToken.setVisible:192 com.android.server.wm.WallpaperWindowToken.commitVisibility:243 com.android.server.wm.Transition.finishTransition:1548 
01-09 07:30:50.351  1873  8817 I WallpaperService: dispatchAppVisibility: system, visible=false
01-09 07:30:50.351  1873  2120 I WallpaperService: reportVisibility: visibility changed. visible=false
01-09 07:30:50.351  1873  2120 I ImageWallpaper[CanvasEngine_d0_w1]:  onVisibilityChanged: visible=false , displayId=0
01-09 07:30:50.353  1873  1939 V WindowManagerShell: Track 0 became idle
01-09 07:30:50.353  1873  1939 V WindowManagerShell: All active transition animations finished
01-09 07:30:50.357  1371  1397 D PowerManagerService: [api] setScreenDimDurationOverrideFromWindowManagerInternal: timeoutMillis: -1
01-09 07:30:50.357  1371  1397 D PowerManagerService: UserActivityState : 2 -> 1 groupId=0
01-09 07:30:50.357  1371  1397 D PowerManagerService: displayReady: false groupId=0
01-09 07:30:50.357  1371  1428 D DisplayPowerController2[0]: animateScreenStateChange: target=ON, mIsEnabled=true
01-09 07:30:50.358  1371  1428 D DisplayPowerController2[0]: Animating brightness: target=52(0.20), rate=1.000, reason=manual[58] -> low_pwr[52]
01-09 07:30:50.358  1371  1371 I MdnieScenarioControlService: action  :  com.samsung.server.PowerManagerService.action.USER_ACTIVITY
01-09 07:30:50.358  1371  1371 D PowerManagerService: [api] setScreenDimDurationOverrideFromSqdInternal: mScreenDimDurationOverrideFromSQD: -1
01-09 07:30:50.359  1371  1428 D DisplayPowerController2[0]: saveBrightnessInfo: brt:0.22745098 adjBrt:0.20470588 min:0.011764706 max:1.0 hbm:0 tp:Infinity throttler:0 isAnimating:true
01-09 07:30:50.359  1371  1428 V DisplayPowerController2[0]: Brightness [0.20470588] reason changing to: 'manual [ low_pwr ]', previous reason: 'manual [ low_pwr dim ]'.
01-09 07:30:50.359  1371  1428 I DisplayPowerController2[0]: BrightnessEvent: disp=0, physDisp=local:0, brt=0.20470588, initBrt=0.044999998, rcmdBrt=NaN, preBrt=NaN, lux=0.0, preLux=0.0, hbmMax=1.0, hbmMode=off, rbcStrength=-1, thrmMax=1.0, powerFactor=0.9, wasShortTermModelActive=false, flags=low_power_mode , reason=manual [ low_pwr ], autoBrightness=false, strategy=InvalidBrightnessStrategy
01-09 07:30:50.360  1371  1428 D PowerManagerService: displayReady: true groupId=0
01-09 07:30:50.361  1371  1397 D DisplayManagerService: Ignore redundant display event 0/4 to 10351/11166
01-09 07:30:50.361  1371  1397 D DisplayManagerService: Ignore redundant display event 0/4 to 10359/14904
01-09 07:30:50.361  1371  1397 D DisplayManagerService: Ignore redundant display event 0/4 to 10183/17382
01-09 07:30:50.361  1371  1397 D DisplayManagerService: Ignore redundant display event 0/4 to 10183/17502
01-09 07:30:50.361  1371  1397 D DisplayManagerService: Ignore redundant display event 0/4 to 10215/23980
01-09 07:30:50.361  1371  1397 D DisplayManagerService: Ignore redundant display event 0/4 to 10172/29113
01-09 07:30:50.361   833   833 I Layer   : id=58157 removeFromCurrentState Transition Root: Task=10569#58157 (132)
01-09 07:30:50.361   833   833 I Layer   : id=58157 removeFromCurrentState Transition Root: Task=10569#58157 (132)
01-09 07:30:50.361   833   833 I Layer   : Layer [com.sec.android.app.launcher/com.sec.android.app.launcher.activities.LauncherActivity$_2177#58148] hidden!! flag(1)
01-09 07:30:50.361  1371  1371 D BrightnessSynchronizer: onDisplayChanged() : displayId=0
01-09 07:30:50.361   833   833 I Layer   : Layer [com.sec.android.app.launcher/com.sec.android.app.launcher.activities.LauncherActivity$_29255#58147] hidden!! flag(1)
01-09 07:30:50.362 29255 29255 I ViewRootImpl@960c28[LauncherActivity]: destroyHardwareResources: Callers=android.view.ViewRootImpl.performTraversals:3932 android.view.ViewRootImpl.doTraversal:3288 android.view.ViewRootImpl$TraversalRunnable.run:11344 android.view.Choreographer$CallbackRecord.run:1689 android.view.Choreographer$CallbackRecord.run:1698 android.view.Choreographer.doCallbacks:1153 android.view.Choreographer.doFrame:1079 android.view.Choreographer$FrameDisplayEventReceiver.run:1646 android.os.Handler.handleCallback:958 android.os.Handler.dispatchMessage:99 
01-09 07:30:50.363   833   833 I SurfaceFlinger: id=58157 Removed Transition Root: Task=10569#58157 (132)
01-09 07:30:50.363  2177  2177 I ViewRootImpl@c707074[LauncherActivity]: destroyHardwareResources: Callers=android.view.ViewRootImpl.performTraversals:3932 android.view.ViewRootImpl.doTraversal:3288 android.view.ViewRootImpl$TraversalRunnable.run:11344 android.view.Choreographer$CallbackRecord.run:1689 android.view.Choreographer$CallbackRecord.run:1698 android.view.Choreographer.doCallbacks:1153 android.view.Choreographer.doFrame:1079 android.view.Choreographer$FrameDisplayEventReceiver.run:1646 android.os.Handler.handleCallback:958 android.os.Handler.dispatchMessage:99 
01-09 07:30:50.365  1873  1873 D CentralSurfaces.BrightnessController: info.brightness:0.22745098
01-09 07:30:50.365  1873  1873 D CentralSurfaces.BrightnessController: info.brightness:0.22745098
01-09 07:30:50.366   809   809 I SehLight: lcd : 12+
01-09 07:30:50.366   809   809 I SehLight: lcd : 12-
01-09 07:30:50.367  1873  2025 I gralloc4: @set_metadata: update dataspace from GM (0x00000000 -> 0x08010000)
01-09 07:30:50.367  1371  1371 D BrightnessSynchronizer: updateScreenBrightness: displayId=0 type=2 mPreferredSettingValue=0.22745098(58) currentBrightnessInt=58 currentBrightnessIntFromFloat=58(0.22745098)
01-09 07:30:50.368 29255 29296 D OpenGLRenderer: CacheManager::trimMemory(20)
01-09 07:30:50.368   796   873 I hwcomposer: [DBQ] (q2:0xb4000072eb44b000) Buffer queue is destroyed, m_id(14512)  
01-09 07:30:50.368   796   873 I hwcomposer: [DBQ] (q2:0xb4000072eb44b000) ~DisplayBufferQueue(), m_id(14512), release buf  
01-09 07:30:50.368   796   873 I hwcomposer: [DBQ] (q2:0xb4000072eb44b000) Free Slot(0), handle=0xb4000072eb438980, 10402560 -> 0  
01-09 07:30:50.368  1371  5733 V WindowManager: Relayout Window{fc7c337 u0 com.sec.android.app.launcher/com.sec.android.app.launcher.activities.LauncherActivity}: viewVisibility=8 req=1080x2408 ty=1 d0
01-09 07:30:50.369   833   833 D SurfaceFlinger: Display 0 HWC layers:
01-09 07:30:50.369   833   833 D SurfaceFlinger:      DEVICE | 0xb400007a7382a880 | 0100 | RGBA_8888    |    0.0    0.0 1080.0 2408.0 |    0    0 1080 2408 | Splash Screen com.wawapp.driver$_1873#58156
01-09 07:30:50.369   833   833 D SurfaceFlinger:      DEVICE | 0xb400007a4e7c8200 | 0100 | RGBA_8888    |    0.0    0.0 1080.0   64.0 |    0    0 1080   64 | StatusBar$_1873#84
01-09 07:30:50.369   833   833 D SurfaceFlinger:      DEVICE | 0xb400007a71c57680 | 0100 | RGBA_8888    |    0.0    0.0 1080.0  135.0 |    0 2273 1080 2408 | NavigationBar0$_1873#80
01-09 07:30:50.369   833   833 D SurfaceFlinger: 
01-09 07:30:50.376  1371  2073 V WindowManager: Relayout Window{1796bd6 u0 com.sec.android.app.launcher/com.sec.android.app.launcher.activities.LauncherActivity}: viewVisibility=8 req=1080x2408 ty=4 d0
01-09 07:30:50.377   833   833 I BufferQueueDebug: [Transition Root: Task=10569#58157](this:0xb400007a4e918790,id:-1,api:0,p:-1,c:833) onDestructor()
01-09 07:30:50.377   833   833 I Layer   : id=58157 Destroyed Transition Root: Task=10569#58157
01-09 07:30:50.377  1371  5733 V WindowManager: Relayout hash=fc7c337, pid=2177, syncId=-1: mAttrs={(0,0)(fillxfill) sim={adjust=nothing forwardNavigation} layoutInDisplayCutoutMode=shortEdges ty=BASE_APPLICATION fmt=TRANSPARENT wanim=0x10302f2
01-09 07:30:50.377  1371  5733 V WindowManager:   fl=81910100
01-09 07:30:50.377  1371  5733 V WindowManager:   pfl=1e008040
01-09 07:30:50.377  1371  5733 V WindowManager:   bhv=SHOW_TRANSIENT_BARS_BY_SWIPE
01-09 07:30:50.377  1371  5733 V WindowManager:   fitSides= screenDimDuration=40000 naviIconColor=0}
01-09 07:30:50.378   809   809 I SehLight: lcd : 16+
01-09 07:30:50.378   809   809 I SehLight: lcd : 16-
01-09 07:30:50.380  2177  2177 I ViewRootImpl@c707074[LauncherActivity]: Relayout returned: old=(0,0,1080,2408) new=(0,0,1080,2408) relayoutAsync=false req=(1080,2408)8 dur=11 res=0x402 s={false 0x0} ch=true seqId=594
01-09 07:30:50.382  1371  2073 V WindowManager: Relayout hash=1796bd6, pid=29255, syncId=-1: mAttrs={(0,0)(fillxfill) gr=LEFT CENTER_HORIZONTAL sim={adjust=resize} layoutInDisplayCutoutMode=always ty=DRAWN_APPLICATION fmt=TRANSPARENT wanim=0x10302f2 alpha=0.0
01-09 07:30:50.382  1371  2073 V WindowManager:   fl=81850118
01-09 07:30:50.382  1371  2073 V WindowManager:   pfl=16008040
01-09 07:30:50.382  1371  2073 V WindowManager:   bhv=DEFAULT
01-09 07:30:50.382  1371  2073 V WindowManager:   fitSides=
01-09 07:30:50.382  1371  2073 V WindowManager:  dimAmount=0.0 screenDimDuration=40000 naviIconColor=0}
01-09 07:30:50.383 29255 29255 D BLASTBufferQueue: [ViewRootImpl@960c28[LauncherActivity]#49](f:0,a:1) destructor()
01-09 07:30:50.384  1873  2025 I gralloc4: @set_metadata: update dataspace from GM (0x00000000 -> 0x08010000)
01-09 07:30:50.384 29255 29255 D BufferQueueConsumer: [ViewRootImpl@960c28[LauncherActivity]#49(BLAST Consumer)49](id:724700000031,api:0,p:-1,c:29255) disconnect
01-09 07:30:50.384 29255 29255 I ViewRootImpl@960c28[LauncherActivity]: Relayout returned: old=(0,0,1080,2408) new=(0,0,1080,2408) relayoutAsync=false req=(1080,2408)8 dur=15 res=0x402 s={false 0x0} ch=true seqId=0
01-09 07:30:50.395   809   809 I SehLight: lcd : 20+
01-09 07:30:50.395   809   809 I SehLight: lcd : 20-
01-09 07:30:50.410   809   809 I SehLight: lcd : 25+
01-09 07:30:50.411   809   809 I SehLight: lcd : 25-
01-09 07:30:50.427   809   809 I SehLight: lcd : 29+
01-09 07:30:50.427   809   809 I SehLight: lcd : 29-
01-09 07:30:50.443   809   809 I SehLight: lcd : 33+
01-09 07:30:50.444   809   809 I SehLight: lcd : 33-
01-09 07:30:50.460   809   809 I SehLight: lcd : 37+
01-09 07:30:50.460   809   809 I SehLight: lcd : 37-
01-09 07:30:50.476   809   809 I SehLight: lcd : 41+
01-09 07:30:50.477   809   809 I SehLight: lcd : 41-
01-09 07:30:50.493   809   809 I SehLight: lcd : 46+
01-09 07:30:50.493   809   809 I SehLight: lcd : 46-
01-09 07:30:50.509   809   809 I SehLight: lcd : 50+
01-09 07:30:50.510   809   809 I SehLight: lcd : 50-
01-09 07:30:50.526  1371  1428 D DisplayPowerController2[0]: animateScreenStateChange: target=ON, mIsEnabled=true
01-09 07:30:50.526  1371  1428 D DisplayPowerController2[0]: saveBrightnessInfo: brt:0.22745098 adjBrt:0.20470588 min:0.011764706 max:1.0 hbm:0 tp:Infinity throttler:0 isAnimating:false
01-09 07:30:50.526   809   809 I SehLight: lcd : 52+
01-09 07:30:50.526   809   809 I SehLight: lcd : 52-
01-09 07:30:50.526  1371  1371 D BrightnessSynchronizer: onDisplayChanged() : displayId=0
01-09 07:30:50.526  1371  1371 D BrightnessSynchronizer: updateScreenBrightness: displayId=0 type=2 mPreferredSettingValue=0.22745098(58) currentBrightnessInt=58 currentBrightnessIntFromFloat=58(0.22745098)
01-09 07:30:50.527  1371  1397 D DisplayManagerService: Ignore redundant display event 0/4 to 10351/11166
01-09 07:30:50.527  1371  1397 D DisplayManagerService: Ignore redundant display event 0/4 to 10359/14904
01-09 07:30:50.527  1371  1397 D DisplayManagerService: Ignore redundant display event 0/4 to 10183/17382
01-09 07:30:50.527  1371  1397 D DisplayManagerService: Ignore redundant display event 0/4 to 10183/17502
01-09 07:30:50.527  1371  1397 D DisplayManagerService: Ignore redundant display event 0/4 to 10215/23980
01-09 07:30:50.527  1371  1397 D DisplayManagerService: Ignore redundant display event 0/4 to 10172/29113
01-09 07:30:50.527  1873  1873 D CentralSurfaces.BrightnessController: info.brightness:0.22745098
01-09 07:30:50.528  1873  1873 D CentralSurfaces.BrightnessController: info.brightness:0.22745098
01-09 07:30:50.580  3930  3930 D nativeloader: Configuring clns-5 for other apk /data/app/~~6FeS_Gqqpzl7V9nRqsy20w==/com.wawapp.driver-lDMQc6dY3NTKyDudyMquww==/base.apk. target_sdk_version=36, uses_libraries=, library_path=/data/app/~~6FeS_Gqqpzl7V9nRqsy20w==/com.wawapp.driver-lDMQc6dY3NTKyDudyMquww==/lib/arm64:/data/app/~~6FeS_Gqqpzl7V9nRqsy20w==/com.wawapp.driver-lDMQc6dY3NTKyDudyMquww==/base.apk!/lib/arm64-v8a, permitted_path=/data:/mnt/expand:/data/user/0/com.wawapp.driver
01-09 07:30:50.588  3930  3930 D nativeloader: Load libframework-connectivity-jni.so using APEX ns com_android_tethering for caller /apex/com.android.tethering/javalib/framework-connectivity.jar: ok
01-09 07:30:50.590  1371  2073 D VpnManagerService: Exception: java.lang.NullPointerException: Attempt to invoke interface method 'int com.samsung.android.knox.zt.networktrust.filter.IKnoxNetworkFilterService.getKnoxNwFilterHttpProxyPort(int, java.lang.String)' on a null object reference
01-09 07:30:50.590  1371  2073 D VpnManagerService: 	at com.android.server.VpnManagerService.getKnoxNwFilterHttpProxyPort(VpnManagerService.java:1945)
01-09 07:30:50.590  1371  2073 D VpnManagerService: 	at android.net.IVpnManager$Stub.onTransact(IVpnManager.java:1075)
01-09 07:30:50.590  1371  2073 D VpnManagerService: 	at android.os.Binder.execTransactInternal(Binder.java:1375)
01-09 07:30:50.590  1371  2073 D VpnManagerService: 	at android.os.Binder.execTransact(Binder.java:1311)
01-09 07:30:50.595  3930  3930 V GraphicsEnvironment: Currently set values for:
01-09 07:30:50.595  3930  3930 V GraphicsEnvironment:   angle_gl_driver_selection_pkgs=[]
01-09 07:30:50.595  3930  3930 V GraphicsEnvironment:   angle_gl_driver_selection_values=[]
01-09 07:30:50.596  3930  3930 V GraphicsEnvironment: ANGLE GameManagerService for com.wawapp.driver: false
01-09 07:30:50.596  3930  3930 V GraphicsEnvironment: com.wawapp.driver is not listed in per-application setting
01-09 07:30:50.596  3930  3930 V GraphicsEnvironment: Neither updatable production driver nor prerelease driver is supported.
01-09 07:30:50.645  3930  3930 D CompatibilityChangeReporter: Compat change id reported: 183155436; UID 10237; state: ENABLED
01-09 07:30:50.677  3930  3930 D SessionsDependencies: Dependency to CRASHLYTICS added.
01-09 07:30:50.682  1873  1873 D StatusBarIconController: ignoring old pipeline callbacks, because the new mobile icons are enabled
01-09 07:30:50.687  3930  3930 I FirebaseApp: Device unlocked: initializing all Firebase APIs for app [DEFAULT]
01-09 07:30:50.734  1873  1873 D StatusBarIconController: ignoring old pipeline callbacks, because the new mobile icons are enabled
01-09 07:30:50.747  3930  3930 D FirebaseSessions: Initializing Firebase Sessions SDK.
01-09 07:30:50.753  3930  3952 W m.wawapp.driver: ClassLoaderContext classpath size mismatch. expected=1, found=0 (DLC[];PCL[base.apk*2108145554]{PCL[/system/framework/org.apache.http.legacy.jar*365604909]#PCL[/system/framework/com.android.media.remotedisplay.jar*2114713712]#PCL[/system/framework/com.android.location.provider.jar*3994156537]#PCL[/system/framework/org.apache.http.legacy.jar*365604909]} | DLC[];PCL[])
01-09 07:30:50.757  3930  3952 I DynamiteModule: Considering local module com.google.android.gms.measurement.dynamite:152 and remote module com.google.android.gms.measurement.dynamite:170
01-09 07:30:50.757  3930  3952 I DynamiteModule: Selected remote version of com.google.android.gms.measurement.dynamite, version >= 170
01-09 07:30:50.758  3930  3952 V DynamiteModule: Dynamite loader version >= 2, using loadModule2NoCrashUtils
01-09 07:30:50.762  1371  2073 D CompatibilityChangeReporter: Compat change id reported: 161145287; UID 10237; state: ENABLED
01-09 07:30:50.771  3930  3952 W System  : ClassLoader referenced unknown path: 
01-09 07:30:50.772  3930  3952 D nativeloader: Configuring clns-6 for other apk . target_sdk_version=36, uses_libraries=, library_path=/data/app/~~_Nac8VCqQ_vs8-CqRv5PwQ==/com.google.android.gms-QBQQ4buBT01ws6-94u7_oA==/lib/arm64:/data/app/~~_Nac8VCqQ_vs8-CqRv5PwQ==/com.google.android.gms-QBQQ4buBT01ws6-94u7_oA==/base.apk!/lib/arm64-v8a, permitted_path=/data:/mnt/expand:/data/user/0/com.google.android.gms
01-09 07:30:50.787  3930  3930 D CompatibilityChangeReporter: Compat change id reported: 3400644; UID 10237; state: ENABLED
01-09 07:30:50.790  3930  3930 I FirebaseCrashlytics: Initializing Firebase Crashlytics 19.4.4 for com.wawapp.driver
01-09 07:30:50.799  3930  3952 W m.wawapp.driver: ClassLoaderContext classpath element checksum mismatch. expected=2108145554, found=873999626 (DLC[];PCL[base.apk*2108145554]{PCL[/system/framework/org.apache.http.legacy.jar*365604909]#PCL[/system/framework/com.android.media.remotedisplay.jar*2114713712]#PCL[/system/framework/com.android.location.provider.jar*3994156537]#PCL[/system/framework/org.apache.http.legacy.jar*365604909]} | DLC[];PCL[/data/app/~~6FeS_Gqqpzl7V9nRqsy20w==/com.wawapp.driver-lDMQc6dY3NTKyDudyMquww==/base.apk*873999626]{PCL[/system/framework/org.apache.http.legacy.jar*365604909]})
01-09 07:30:50.804  1371  2073 D CompatibilityChangeReporter: Compat change id reported: 261072174; UID 10237; state: ENABLED
01-09 07:30:50.824  3930  3930 W FA      : Failed to register event listener on calling thread. Trying again on the dynamite thread.
01-09 07:30:50.826  3930  3930 D SessionsDependencies: Subscriber CRASHLYTICS registered.
01-09 07:30:50.855  3930  3972 I m.wawapp.driver: hiddenapi: Accessing hidden method Ldalvik/system/VMStack;->getStackClass2()Ljava/lang/Class; (runtime_flags=0, domain=core-platform, api=unsupported) from Lm7/apa; (domain=app) using reflection: allowed
01-09 07:30:50.857 24664  1967 I PhenotypeResourceReader: unable to find any Phenotype resource metadata for com.wawapp.driver
01-09 07:30:50.858   772   772 E audit   : type=1400 audit(1767943850.854:918254): avc:  denied  { ioctl } for  pid=24664 comm="highpool[23]" path="/data/data/com.google.android.gms/databases/phenotype.db" dev="dm-50" ino=6143 ioctlcmd=0xf522 scontext=u:r:gmscore_app:s0:c512,c768 tcontext=u:object_r:privapp_data_file:s0:c512,c768 tclass=file permissive=0 SEPF_SM-A145P_12_0001 audit_filtered
01-09 07:30:50.879  3930  3970 E m.wawapp.driver: No package ID 6a found for resource ID 0x6a0b0013.
01-09 07:30:50.881  3930  3970 I FA      : App measurement initialized, version: 146007
01-09 07:30:50.882  3930  3970 I FA      : To enable debug logging run: adb shell setprop log.tag.FA VERBOSE
01-09 07:30:50.882  3930  3970 I FA      : To enable faster debug mode event logging run:
01-09 07:30:50.882  3930  3970 I FA      :   adb shell setprop debug.firebase.analytics.app com.wawapp.driver
01-09 07:30:50.892   772   772 E audit   : type=1400 audit(1767943850.890:918255): avc:  denied  { ioctl } for  pid=3930 comm="pool-15-thread-" path="/data/data/com.wawapp.driver/databases/com.google.android.datatransport.events" dev="dm-50" ino=1463437 ioctlcmd=0xf522 scontext=u:r:untrusted_app:s0:c237,c256,c512,c768 tcontext=u:object_r:app_data_file:s0:c237,c256,c512,c768 tclass=file permissive=0 SEPF_SM-A145P_12_0001 audit_filtered
01-09 07:30:50.899  3930  3930 I FirebaseInitProvider: FirebaseApp initialization successful
01-09 07:30:50.900  3930  3930 D FLTFireContextHolder: received application context.
01-09 07:30:50.915  1371  2073 I ActivityManager: Flag disabled. Ignoring finishAttachApplication from uid: 10237. pid: 3930
01-09 07:30:50.918  3930  3930 D OpenGLRenderer: HWUI - treat SMPTE_170M as sRGB
01-09 07:30:50.919   772   772 E audit   : type=1400 audit(1767943850.914:918256): avc:  denied  { ioctl } for  pid=3930 comm=4D6561737572656D656E7420576F72 path="/data/data/com.wawapp.driver/databases/google_app_measurement_local.db" dev="dm-50" ino=1457581 ioctlcmd=0xf522 scontext=u:r:untrusted_app:s0:c237,c256,c512,c768 tcontext=u:object_r:app_data_file:s0:c237,c256,c512,c768 tclass=file permissive=0 SEPF_SM-A145P_12_0001 audit_filtered
01-09 07:30:50.923  3930  3984 D libMEOW : meow new tls: 0xb400007aa2372000
01-09 07:30:50.923  3930  3984 D libMEOW : meow reload base cfg path: na
01-09 07:30:50.923  3930  3984 D libMEOW : meow reload overlay cfg path: na
01-09 07:30:50.930  3930  3984 E QT      : [QT]file does not exist
01-09 07:30:50.931  3930  3984 D libMEOW : applied 2 plugins for [com.wawapp.driver]:
01-09 07:30:50.931  3930  3984 D libMEOW :   plugin 1: [libMEOW_gift.so]:
01-09 07:30:50.931  3930  3984 D libMEOW :   plugin 2: [libMEOW_semaphore]:
01-09 07:30:50.937   496   496 I hwservicemanager: getTransport: Cannot find entry android.hardware.configstore@1.0::ISurfaceFlingerConfigs/default in either framework or device VINTF manifest.
01-09 07:30:50.940  3930  3984 E OpenGLRenderer: Device claims wide gamut support, cannot find matching config, error = EGL_SUCCESS
01-09 07:30:50.940  3930  3984 W OpenGLRenderer: Failed to initialize 101010-2 format, error = EGL_SUCCESS
01-09 07:30:50.957  3930  4013 I ResourceExtractor: Found extracted resources res_timestamp-1-1767943481566
01-09 07:30:50.957  3930  4011 D FlutterJNI: Beginning load of flutter...
01-09 07:30:50.958  3930  3969 D LifecycleServiceBinder: Binding service to application.
01-09 07:30:50.959 16993 16993 D BoundBrokerSvc: onBind: Intent { act=com.google.android.gms.measurement.START pkg=com.google.android.gms }
01-09 07:30:50.959 16993 16993 D BoundBrokerSvc: Loading bound service for intent: Intent { act=com.google.android.gms.measurement.START pkg=com.google.android.gms }
01-09 07:30:51.044  3930  3982 I FirebaseCrashlytics: No version control information found
01-09 07:30:51.064  3930  4011 D nativeloader: Load /data/app/~~6FeS_Gqqpzl7V9nRqsy20w==/com.wawapp.driver-lDMQc6dY3NTKyDudyMquww==/base.apk!/lib/arm64-v8a/libflutter.so using class loader ns clns-5 (caller=/data/app/~~6FeS_Gqqpzl7V9nRqsy20w==/com.wawapp.driver-lDMQc6dY3NTKyDudyMquww==/base.apk): ok
01-09 07:30:51.066  3930  4011 D FlutterJNI: flutter (null) was loaded normally!
01-09 07:30:51.092   772   772 E audit   : type=1400 audit(1767943851.090:918257): avc:  denied  { read } for  pid=3930 comm="m.wawapp.driver" name="max_map_count" dev="proc" ino=18517906 scontext=u:r:untrusted_app:s0:c237,c256,c512,c768 tcontext=u:object_r:proc_max_map_count:s0 tclass=file permissive=0 SEPF_SM-A145P_12_0001 audit_filtered
01-09 07:30:51.111  3930  4017 D vulkan  : searching for layers in '/data/app/~~6FeS_Gqqpzl7V9nRqsy20w==/com.wawapp.driver-lDMQc6dY3NTKyDudyMquww==/lib/arm64'
01-09 07:30:51.111  3930  4017 D vulkan  : searching for layers in '/data/app/~~6FeS_Gqqpzl7V9nRqsy20w==/com.wawapp.driver-lDMQc6dY3NTKyDudyMquww==/base.apk!/lib/arm64-v8a'
01-09 07:30:51.127  3930  4017 D vulkan  : added global layer 'VK_LAYER_KHRONOS_validation' from library '/data/app/~~6FeS_Gqqpzl7V9nRqsy20w==/com.wawapp.driver-lDMQc6dY3NTKyDudyMquww==/base.apk!/lib/arm64-v8a/libVkLayer_khronos_validation.so'
01-09 07:30:51.128  3930  4017 W libc    : Access denied finding property "vendor.debug.forcibly_enable_mtk_ray_tracing"
01-09 07:30:51.145  3930  4017 I flutter : [IMPORTANT:flutter/shell/platform/android/android_context_vk_impeller.cc(62)] Using the Impeller rendering backend (Vulkan).
01-09 07:30:51.363  3930  4044 I flutter : The Dart VM service is listening on http://127.0.0.1:33169/_KP9_3tx9TE=/
01-09 07:30:51.378   808  3927 I mtkpower_client: perf_lock_rel, hdl:50603, tid:3927
01-09 07:30:51.378   808  3927 I mtkpower_client: perf_lock_acq, hdl:0, dur:0, num:2, tid:3927
01-09 07:30:51.379   812   863 I libPowerHal: [perfLockRel] hdl:50603, idx:6
01-09 07:30:51.379   812   863 I libPowerHal: [PD] vendor.samsung. update cmd:300c000 param:0
01-09 07:30:51.381   808  3927 I mtkpower_client: ret_hdl:50608
01-09 07:30:51.382   812   863 I libPowerHal: [perfLockAcq] idx:5 hdl:50608 hint:-1 pid:808 duration:0 lock_user:vendor.samsung. => ret_hdl:50608
01-09 07:30:51.382   812   863 I libPowerHal: [PE] vendor.samsung. update cmd:300c000, param:15
01-09 07:30:51.382   808  3927 I mtkpower_client: perf_lock_rel, hdl:50604, tid:3927
01-09 07:30:51.383   808  3927 I mtkpower_client: perf_lock_acq, hdl:0, dur:0, num:2, tid:3927
01-09 07:30:51.383   812   863 I libPowerHal: [perfLockRel] hdl:50604, idx:1
01-09 07:30:51.383   812   863 I libPowerHal: [PD] vendor.samsung. update cmd:1c3c000 param:1
01-09 07:30:51.383   812   863 I libPowerHal: [PD] (more) /proc/mcdi/state set +prefix:enable 1;
01-09 07:30:51.384   808  3927 I mtkpower_client: ret_hdl:50609
01-09 07:30:51.384   812   863 I libPowerHal: [perfLockAcq] idx:1 hdl:50609 hint:-1 pid:808 duration:0 lock_user:vendor.samsung. => ret_hdl:50609
01-09 07:30:51.384   812   863 I libPowerHal: [PE] (more) /proc/mcdi/state set +prefix:enable 0;
01-09 07:30:51.385   808  3927 I mtkpower_client: perf_lock_rel, hdl:50605, tid:3927
01-09 07:30:51.385   808  3927 I mtkpower_client: perf_lock_acq, hdl:0, dur:0, num:2, tid:3927
01-09 07:30:51.386   812   863 I libPowerHal: [perfLockRel] hdl:50605, idx:2
01-09 07:30:51.386   812   863 I libPowerHal: vendor.samsung.: cpu_ctrl set cpu freq: -1 -1 2000000 -1
01-09 07:30:51.387   808  3927 I mtkpower_client: ret_hdl:50610
01-09 07:30:51.387   808  3927 I mtkpower_client: perf_lock_rel, hdl:50606, tid:3927
01-09 07:30:51.387   812   863 I libPowerHal: [perfLockAcq] idx:2 hdl:50610 hint:-1 pid:808 duration:0 lock_user:vendor.samsung. => ret_hdl:50610
01-09 07:30:51.387   812   863 I libPowerHal: vendor.samsung.: cpu_ctrl set cpu freq: 1800000 -1 2000000 -1
01-09 07:30:51.388   808  3927 I mtkpower_client: perf_lock_acq, hdl:0, dur:0, num:2, tid:3927
01-09 07:30:51.388   812   863 I libPowerHal: [perfLockRel] hdl:50606, idx:3
01-09 07:30:51.388   812   863 I libPowerHal: [PD] vendor.samsung. update cmd:1000000, param:-1
01-09 07:30:51.388   812   863 I libPowerHal: [PD] vendor.samsung. update cmd:1000000 param:-1
01-09 07:30:51.389   808  3927 I mtkpower_client: ret_hdl:50611
01-09 07:30:51.389   808  3927 I mtkpower_client: perf_lock_rel, hdl:50607, tid:3927
01-09 07:30:51.389   812   863 I libPowerHal: [perfLockAcq] idx:6 hdl:50611 hint:-1 pid:808 duration:0 lock_user:vendor.samsung. => ret_hdl:50611
01-09 07:30:51.389   812   863 I libPowerHal: [PE] vendor.samsung. update cmd:1000000, param:0
01-09 07:30:51.389   812   863 I libPowerHal: [PE] vendor.samsung. update cmd:1000000 param:0
01-09 07:30:51.389   808  3927 I mtkpower_client: perf_lock_acq, hdl:0, dur:0, num:2, tid:3927
01-09 07:30:51.389   812   863 I libPowerHal: [perfLockRel] hdl:50607, idx:4
01-09 07:30:51.390   812   863 I libPowerHal: vendor.samsung.: cpu_ctrl set cpu freq: 1800000 -1 -1 -1
01-09 07:30:51.390   808  3927 I mtkpower_client: ret_hdl:50612
01-09 07:30:51.390   812   863 I libPowerHal: [perfLockAcq] idx:3 hdl:50612 hint:-1 pid:808 duration:0 lock_user:vendor.samsung. => ret_hdl:50612
01-09 07:30:51.390   808  3927 I HYPER-HAL: [RequestManager.cpp]releaseLocked(): Released ID : 963983
01-09 07:30:51.390   812   863 I libPowerHal: vendor.samsung.: cpu_ctrl set cpu freq: 1800000 -1 2000000 -1
01-09 07:30:51.640  3930  3930 D FLTFireContextHolder: received application context.
01-09 07:30:51.654  3930  3930 D FlutterGeolocator: Attaching Geolocator to activity
01-09 07:30:51.673   833  2653 D SurfaceFlinger: [SF client] NEW(0xb400007a7385ad00) for (3930:com.wawapp.driver)
01-09 07:30:51.681  1873  1873 D StatusBarIconController: ignoring old pipeline callbacks, because the new mobile icons are enabled
01-09 07:30:51.704  3930  3930 I m.wawapp.driver: hiddenapi: Accessing hidden method Landroid/view/accessibility/AccessibilityNodeInfo;->getSourceNodeId()J (runtime_flags=0, domain=platform, api=unsupported,test-api) from Lio/flutter/view/AccessibilityViewEmbedder$ReflectionAccessors; (domain=app) using reflection: allowed
01-09 07:30:51.704  3930  3930 I m.wawapp.driver: hiddenapi: Accessing hidden method Landroid/view/accessibility/AccessibilityRecord;->getSourceNodeId()J (runtime_flags=0, domain=platform, api=unsupported) from Lio/flutter/view/AccessibilityViewEmbedder$ReflectionAccessors; (domain=app) using reflection: allowed
01-09 07:30:51.704  3930  3930 I m.wawapp.driver: hiddenapi: Accessing hidden field Landroid/view/accessibility/AccessibilityNodeInfo;->mChildNodeIds:Landroid/util/LongArray; (runtime_flags=0, domain=platform, api=unsupported) from Lio/flutter/view/AccessibilityViewEmbedder$ReflectionAccessors; (domain=app) using reflection: allowed
01-09 07:30:51.704  3930  3930 I m.wawapp.driver: hiddenapi: Accessing hidden method Landroid/util/LongArray;->get(I)J (runtime_flags=0, domain=platform, api=unsupported) from Lio/flutter/view/AccessibilityViewEmbedder$ReflectionAccessors; (domain=app) using reflection: allowed
01-09 07:30:51.731  3930  3930 I DecorView: setWindowBackground: isPopOver=false color=ff000000 d=android.graphics.drawable.ColorDrawable@65cf528
01-09 07:30:51.740  3930  3976 D SessionLifecycleClient: Queued message 1. Queue size 1
01-09 07:30:51.742  1371  1400 E Watchdog: !@Sync: 5646 heap: 107 / 111 FD: 969 [2026-01-09 07:30:51.741]
01-09 07:30:51.742   833  2653 D SurfaceFlinger: [SF client] NEW(0xb400007a7385ae00) for (3930:com.wawapp.driver)
01-09 07:30:51.744  3930  3970 I FA      : Tag Manager is not found and thus will not be used
01-09 07:30:51.744  3930  3930 D CompatibilityChangeReporter: Compat change id reported: 237531167; UID 10237; state: DISABLED
01-09 07:30:51.746  3930  3930 W OpenGLRenderer: Unknown dataspace 0
01-09 07:30:51.747  3930  3984 D NativeCustomFrequencyManager: [NativeCFMS] BpCustomFrequencyManager::BpCustomFrequencyManager()
