--------- beginning of main
01-09 07:30:36.662  1873  1873 D StatusBarIconController: ignoring old pipeline callbacks, because the new mobile icons are enabled
--------- beginning of system
01-09 07:30:37.296  1371  1626 W DeviceStorageMonitorService: updateBroadcasts(/data) oldLevel:0, newLevel:0, seq:1
01-09 07:30:37.298  1371  1626 D DeviceStorageMonitorService: Available File Node Number is [12255425]
01-09 07:30:37.299  1371  1626 W DeviceStorageMonitorService: updateBroadcasts_filenode(/data) fn_oldLevel:0, fn_newLevel:0, seq:1
01-09 07:30:37.516  1371  1669 I ChimeraAggressivePolicyHandler: executePolicy() - triggerSource: TRIGGER_SOURCE_HOME_IDLE
01-09 07:30:37.520  1371  1669 I ChimeraAggressivePolicyHandler: available memory: 982940, free memory target: 870400, quit chimera
01-09 07:30:37.530  1371  1669 I NSLocationMonitor: getGPSUsingApps() called
01-09 07:30:37.530  1371  1669 W NSLocationMonitor: NSMonitorService is not connected, return null
01-09 07:30:37.540  1371  1669 I MARs:OngoingNotiPackageFilter: filter : android(0)
01-09 07:30:37.541  1371  1669 D MARs:OngoingNotiPackageFilter: filter(NotiListener) : com.samsung.android.game.gamehome(0)
01-09 07:30:37.551  1873  1873 D StatusBarIconController: ignoring old pipeline callbacks, because the new mobile icons are enabled
01-09 07:30:37.599  1371  1669 I ChimeraPolicyHandler: get camera process's pid: 978 name: cameraserver
01-09 07:30:37.621  1371  1669 I ChimeraPolicyHandler: get camera process's pid success and Processing time(ms): 76
01-09 07:30:37.944  1873  1873 D StatusBarIconController: ignoring old pipeline callbacks, because the new mobile icons are enabled
01-09 07:30:38.108  1873  1873 D StatusBarIconController: ignoring old pipeline callbacks, because the new mobile icons are enabled
01-09 07:30:38.130  1873  2025 I gralloc4: @set_metadata: update dataspace from GM (0x00000000 -> 0x08010000)
01-09 07:30:38.147   833   833 I BufferQueueProducer: [StatusBar$_1873#84](this:0xb400007a4ef24790,id:-1,api:0,p:-1,c:833) queueBuffer: fps=0.17 dur=6023.82 max=6023.82 min=6023.82
01-09 07:30:38.151   796   873 I hwcomposer: [HWCDisplay] [Display_0 (type:1)] fps:14.699795,dur:2653.10,max:1968.73,min:12.36  
01-09 07:30:38.177   542   542 D io_stats: !@ 179,0 r 29689390 419963358 w 3884113 40508180 d 680953 45957680 f 0 0 iot 7641752 0 th 0 0 0 pt 0 inp 0 0 169446.061
01-09 07:30:38.497  1371  2753 I SemWifiApDataUsage: handleMessage: 14
01-09 07:30:38.497  1371  2753 I SemWifiApEbpf: DATA_USAGE_STATS_START_POLL,mhs= true,upstream= 2,client size 1
01-09 07:30:38.499  1371  2753 D SemWifiApEbpf: getWifiApDataUsageForOverAllMhs():  overall data is194975592
01-09 07:30:38.499  1371  2753 I SemWifiApEbpf: updating the overall dataUsage , overall =194975592 , global = {mTotalDataBytes=193970615,mTotalDataIngressBytes=0,mTotalDataEgressBytes=0,mCellularBytes=193970615,mCurrentDayAndSimCellularBytes=193970615}
01-09 07:30:39.113  1873  1873 D StatusBarIconController: ignoring old pipeline callbacks, because the new mobile icons are enabled
01-09 07:30:39.142  1873  2025 I gralloc4: @set_metadata: update dataspace from GM (0x00000000 -> 0x08010000)
01-09 07:30:39.158   833   833 I BufferQueueProducer: [StatusBar$_1873#84](this:0xb400007a4ef24790,id:-1,api:0,p:-1,c:833) queueBuffer: fps=0.99 dur=1011.32 max=1011.32 min=1011.32
01-09 07:30:39.162   796   873 I hwcomposer: [HWCDisplay] [Display_0 (type:1)] fps:0.989225,dur:1010.89,max:1010.89,min:1010.89  
01-09 07:30:39.223  1873  1873 D StatusBarIconController: ignoring old pipeline callbacks, because the new mobile icons are enabled
01-09 07:30:39.340  1023  1023 I thermal_repeater: socket -1
01-09 07:30:39.588  1873  1873 D StatusBarIconController: ignoring old pipeline callbacks, because the new mobile icons are enabled
01-09 07:30:40.118  1873  1873 D StatusBarIconController: ignoring old pipeline callbacks, because the new mobile icons are enabled
01-09 07:30:40.148  1873  2025 I gralloc4: @set_metadata: update dataspace from GM (0x00000000 -> 0x08010000)
01-09 07:30:40.164   833   833 I BufferQueueProducer: [StatusBar$_1873#84](this:0xb400007a4ef24790,id:-1,api:0,p:-1,c:833) queueBuffer: fps=0.99 dur=1005.67 max=1005.67 min=1005.67
01-09 07:30:40.167   796   873 I hwcomposer: [HWCDisplay] [Display_0 (type:1)] fps:0.994580,dur:1005.45,max:1005.45,min:1005.45  
01-09 07:30:40.589  1873  1873 D StatusBarIconController: ignoring old pipeline callbacks, because the new mobile icons are enabled
01-09 07:30:40.837  1371  1428 D PowerManagerService: UserActivityState : 1 -> 2 groupId=0
01-09 07:30:40.837  1371  1428 D PowerManagerService: displayReady: false groupId=0
01-09 07:30:40.837  1371  1428 D DisplayPowerController2[0]: animateScreenStateChange: target=ON, mIsEnabled=true
01-09 07:30:40.838  1371  1428 D DisplayPowerController2[0]: Animating brightness: target=11(0.04), rate=0.706, reason=manual[58] -> dim[13] -> low_pwr[11]
01-09 07:30:40.842  1371  1428 D DisplayPowerController2[0]: saveBrightnessInfo: brt:0.22745098 adjBrt:0.044999998 min:0.011764706 max:1.0 hbm:0 tp:Infinity throttler:0 isAnimating:true
01-09 07:30:40.842  1371  1428 V DisplayPowerController2[0]: Brightness [0.044999998] reason changing to: 'manual [ low_pwr dim ]', previous reason: 'manual [ low_pwr ]'.
01-09 07:30:40.842  1371  1428 I DisplayPowerController2[0]: BrightnessEvent: disp=0, physDisp=local:0, brt=0.044999998, initBrt=0.20470588, rcmdBrt=NaN, preBrt=NaN, lux=0.0, preLux=0.0, hbmMax=1.0, hbmMode=off, rbcStrength=-1, thrmMax=1.0, powerFactor=0.9, wasShortTermModelActive=false, flags=low_power_mode , reason=manual [ low_pwr dim ], autoBrightness=false, strategy=InvalidBrightnessStrategy
01-09 07:30:40.844  1371  1428 D PowerManagerService: displayReady: true groupId=0
01-09 07:30:40.844  1371  1371 I MdnieScenarioControlService: action  :  com.samsung.server.PowerManagerService.action.USER_ACTIVITY
01-09 07:30:40.844  1371  1371 D BrightnessSynchronizer: onDisplayChanged() : displayId=0
01-09 07:30:40.845  1371  1371 D BrightnessSynchronizer: updateScreenBrightness: displayId=0 type=2 mPreferredSettingValue=0.22745098(58) currentBrightnessInt=58 currentBrightnessIntFromFloat=58(0.22745098)
01-09 07:30:40.848  1873  1873 D CentralSurfaces.BrightnessController: info.brightness:0.22745098
01-09 07:30:40.850   809   809 I SehLight: lcd : 51+
01-09 07:30:40.850  1873  1873 D CentralSurfaces.BrightnessController: info.brightness:0.22745098
01-09 07:30:40.852   809   809 I SehLight: lcd : 51-
01-09 07:30:40.865   809   809 I SehLight: lcd : 48+
01-09 07:30:40.865   809   809 I SehLight: lcd : 48-
01-09 07:30:40.882   809   809 I SehLight: lcd : 45+
01-09 07:30:40.882   809   809 I SehLight: lcd : 45-
01-09 07:30:40.898   809   809 I SehLight: lcd : 42+
01-09 07:30:40.898   809   809 I SehLight: lcd : 42-
01-09 07:30:40.914   809   809 I SehLight: lcd : 39+
01-09 07:30:40.915   809   809 I SehLight: lcd : 39-
01-09 07:30:40.931   809   809 I SehLight: lcd : 36+
01-09 07:30:40.931   809   809 I SehLight: lcd : 36-
01-09 07:30:40.947   809   809 I SehLight: lcd : 33+
01-09 07:30:40.947   809   809 I SehLight: lcd : 33-
01-09 07:30:40.964   809   809 I SehLight: lcd : 30+
01-09 07:30:40.964   809   809 I SehLight: lcd : 30-
01-09 07:30:40.980   809   809 I SehLight: lcd : 27+
01-09 07:30:40.981   809   809 I SehLight: lcd : 27-
01-09 07:30:40.997   809   809 I SehLight: lcd : 24+
01-09 07:30:40.997   809   809 I SehLight: lcd : 24-
01-09 07:30:41.013   809   809 I SehLight: lcd : 21+
01-09 07:30:41.013   809   809 I SehLight: lcd : 21-
01-09 07:30:41.030   809   809 I SehLight: lcd : 18+
01-09 07:30:41.030   809   809 I SehLight: lcd : 18-
01-09 07:30:41.046   809   809 I SehLight: lcd : 15+
01-09 07:30:41.046   809   809 I SehLight: lcd : 15-
01-09 07:30:41.063   809   809 I SehLight: lcd : 12+
01-09 07:30:41.063   809   809 I SehLight: lcd : 12-
01-09 07:30:41.079  1371  1428 D DisplayPowerController2[0]: animateScreenStateChange: target=ON, mIsEnabled=true
01-09 07:30:41.079   809   809 I SehLight: lcd : 11+
01-09 07:30:41.079  1371  1428 D DisplayPowerController2[0]: saveBrightnessInfo: brt:0.22745098 adjBrt:0.044999998 min:0.011764706 max:1.0 hbm:0 tp:Infinity throttler:0 isAnimating:false
01-09 07:30:41.080   809   809 I SehLight: lcd : 11-
01-09 07:30:41.081  1371  1371 D BrightnessSynchronizer: onDisplayChanged() : displayId=0
01-09 07:30:41.081  1371  1371 D BrightnessSynchronizer: updateScreenBrightness: displayId=0 type=2 mPreferredSettingValue=0.22745098(58) currentBrightnessInt=58 currentBrightnessIntFromFloat=58(0.22745098)
01-09 07:30:41.081  1371  1397 D DisplayManagerService: Ignore redundant display event 0/4 to 10351/11166
01-09 07:30:41.081  1371  1397 D DisplayManagerService: Ignore redundant display event 0/4 to 10359/14904
01-09 07:30:41.081  1371  1397 D DisplayManagerService: Ignore redundant display event 0/4 to 10183/17382
01-09 07:30:41.082  1371  1397 D DisplayManagerService: Ignore redundant display event 0/4 to 10183/17502
01-09 07:30:41.082  1371  1397 D DisplayManagerService: Ignore redundant display event 0/4 to 10215/23980
01-09 07:30:41.082  1371  1397 D DisplayManagerService: Ignore redundant display event 0/4 to 10172/29113
01-09 07:30:41.083  1873  1873 D CentralSurfaces.BrightnessController: info.brightness:0.22745098
01-09 07:30:41.083  1873  1873 D CentralSurfaces.BrightnessController: info.brightness:0.22745098
01-09 07:30:41.124  1873  1873 D StatusBarIconController: ignoring old pipeline callbacks, because the new mobile icons are enabled
01-09 07:30:41.145  1873  2025 I gralloc4: @set_metadata: update dataspace from GM (0x00000000 -> 0x08010000)
01-09 07:30:41.590  1873  1873 D StatusBarIconController: ignoring old pipeline callbacks, because the new mobile icons are enabled
01-09 07:30:41.784  1873  1873 D StatusBarIconController: ignoring old pipeline callbacks, because the new mobile icons are enabled
01-09 07:30:42.142  1873  1873 D StatusBarIconController: ignoring old pipeline callbacks, because the new mobile icons are enabled
01-09 07:30:42.142  1371  1617 D ConnectivityService: notifyType CALLBACK_CAP_CHANGED for [106 CELLULAR]
01-09 07:30:42.143  1761  1761 D DataNetwork: getCallStateForSlot 0
01-09 07:30:42.147  3819  4992 I HBD     : g onCapabilitiesChanged network : 106 current network state : mobile 
01-09 07:30:42.147 11166 11211 D WM-NetworkStateTracker: Network capabilities changed: [ Transports: CELLULAR Capabilities: SUPL&INTERNET&NOT_RESTRICTED&TRUSTED&NOT_VPN&VALIDATED&NOT_ROAMING&FOREGROUND&NOT_CONGESTED&NOT_SUSPENDED&NOT_VCN_MANAGED LinkUpBandwidth>=83160Kbps LinkDnBandwidth>=107869Kbps Specifier: <TelephonyNetworkSpecifier [mSubId = 2]> SubscriptionIds: {2} UnderlyingNetworks: Null]
01-09 07:30:42.148  3403  4874 I BugleRcsEngine: handleMessage processing message:[NOTIFY_UPTIME_IGNORE_STATE_CHANGED] with [non-null]:RcsEngineImpl reference [CONTEXT log_prefix="RcsEngineImpl[DUAL_REG]:[468e1014-516c]>Handler" thread_id=65 ]
01-09 07:30:42.148  3403  4821 I BugleRcsEngine: Connected state: [1], networkType: [MOBILE] [CONTEXT thread_id=56 ]
01-09 07:30:42.152  1371  3521 I WifiService: getCurrentNetwork uid=10046
01-09 07:30:42.153  1371  8460 I WifiService: getWifiEnabledState uid=10046 state=1
01-09 07:30:42.156  1873  2025 I gralloc4: @set_metadata: update dataspace from GM (0x00000000 -> 0x08010000)
01-09 07:30:42.158 31137 31186 D WM-NetworkStateTracker: Network capabilities changed: [ Transports: CELLULAR Capabilities: SUPL&INTERNET&NOT_RESTRICTED&TRUSTED&NOT_VPN&VALIDATED&NOT_ROAMING&FOREGROUND&NOT_CONGESTED&NOT_SUSPENDED&NOT_VCN_MANAGED LinkUpBandwidth>=83160Kbps LinkDnBandwidth>=107869Kbps Specifier: <TelephonyNetworkSpecifier [mSubId = 2]> SubscriptionIds: {2} UnderlyingNetworks: Null]
01-09 07:30:42.161  1371  1411 W libprocessgroup: SetCgroup::ExecuteForProcess: failed to open /dev/blkio//cgroup.procs: No such file or directory
01-09 07:30:42.170   833   833 I BufferQueueProducer: [StatusBar$_1873#84](this:0xb400007a4ef24790,id:-1,api:0,p:-1,c:833) queueBuffer: fps=1.00 dur=2005.69 max=1009.34 min=996.35
01-09 07:30:42.172   796   873 I hwcomposer: [HWCDisplay] [Display_0 (type:1)] fps:0.997428,dur:2005.16,max:1008.96,min:996.20  
01-09 07:30:42.250  3819  3819 I HBD     : g onCapabilityChanged  setNetworkState currentNetworkState : mobile 
01-09 07:30:42.631  1873  1873 D StatusBarIconController: ignoring old pipeline callbacks, because the new mobile icons are enabled
01-09 07:30:42.663 24664  1967 I NearbySharing: Network state changed: NetworkState(isRestricted=false, isOnline=true, isCongested=false, isMetered=true, isWifiConnected=false)
01-09 07:30:43.066  1873  1873 D StatusBarIconController: ignoring old pipeline callbacks, because the new mobile icons are enabled
01-09 07:30:43.082  1809  2098 I Tethering: [BpfCoordinator] onAlertReached
01-09 07:30:43.134  1371  1508 D SensorService: [SO] 0.108 0.178 9.723
01-09 07:30:43.153  1873  1873 D StatusBarIconController: ignoring old pipeline callbacks, because the new mobile icons are enabled
01-09 07:30:43.167  1873  2025 I gralloc4: @set_metadata: update dataspace from GM (0x00000000 -> 0x08010000)
01-09 07:30:43.182   833   833 I BufferQueueProducer: [StatusBar$_1873#84](this:0xb400007a4ef24790,id:-1,api:0,p:-1,c:833) queueBuffer: fps=0.99 dur=1012.06 max=1012.06 min=1012.06
01-09 07:30:43.185   796   873 I hwcomposer: [HWCDisplay] [Display_0 (type:1)] fps:0.987351,dur:1012.81,max:1012.81,min:1012.81  
01-09 07:30:43.501  1371  5733 D SGM:GameManager: identifyForegroundApp. com.wawapp.driver, mCurrentUserId: 0, callerUserId: 0
01-09 07:30:43.502  1371  5733 D SGM:PkgDataHelper: getGamePkgData(). com.wawapp.driver
01-09 07:30:43.502 32171 32304 I PolicyManager: [#CMH#] Is foreground game app: false
01-09 07:30:43.505  1371  2753 I SemWifiApDataUsage: handleMessage: 14
01-09 07:30:43.505  1371  2753 I SemWifiApEbpf: DATA_USAGE_STATS_START_POLL,mhs= true,upstream= 2,client size 1
01-09 07:30:43.505  1371  2753 D SemWifiApEbpf: getWifiApDataUsageForOverAllMhs():  overall data is195424099
01-09 07:30:43.505  1371  2753 I SemWifiApEbpf: updating the overall dataUsage , overall =195424099 , global = {mTotalDataBytes=194975592,mTotalDataIngressBytes=0,mTotalDataEgressBytes=0,mCellularBytes=194975592,mCurrentDayAndSimCellularBytes=194975592}
01-09 07:30:43.631  1873  1873 D StatusBarIconController: ignoring old pipeline callbacks, because the new mobile icons are enabled
01-09 07:30:44.092 30432 30432 I TetherOffload: getForwardedStats() upstream:rmnet4
01-09 07:30:44.092 30432 30432 I TetherOffload:  GetInstance p=0xb40000737e805020
01-09 07:30:44.092 30432 30432 E TetherOffload: getDataUsage: fail to open mddp device 
01-09 07:30:44.143  1873  1873 D StatusBarIconController: ignoring old pipeline callbacks, because the new mobile icons are enabled
01-09 07:30:44.169  1873  2025 I gralloc4: @set_metadata: update dataspace from GM (0x00000000 -> 0x08010000)
01-09 07:30:44.180  1761  1761 D TelephonyManager: requestModemActivityInfo: Sending result to app: ModemActivityInfo{ mTimestamp=290461402 mSleepTimeMs=80645056 mIdleTimeMs=205519081 mActivityStatsTechSpecificInfo=[{mRat=UNKNOWN,mFrequencyRange=UNKNOWN,mTxTimeMs[]=[26381, 2041, 11071, 26245, 50125],mRxTimeMs=2400361}]}
01-09 07:30:44.186 30432 30432 I TetherOffload: setDataWarningAndLimit() upstream:rmnet4
01-09 07:30:44.186 30432 30432 I TetherOffload:  GetInstance p=0xb40000737e805020
01-09 07:30:44.186 30432 30432 E TetherOffload: setDataWarningAndLimit: fail to open mddp device 
01-09 07:30:44.187   833   833 I BufferQueueProducer: [StatusBar$_1873#84](this:0xb400007a4ef24790,id:-1,api:0,p:-1,c:833) queueBuffer: fps=0.99 dur=1005.29 max=1005.29 min=1005.29
01-09 07:30:44.189   796   873 I hwcomposer: [HWCDisplay] [Display_0 (type:1)] fps:0.996015,dur:1004.00,max:1004.00,min:1004.00  
01-09 07:30:44.214  1761  1772 D PhoneInterfaceManager: setDataEnabledForReason() Reason=1 Pid=1371 App=system
01-09 07:30:44.218  1761  1772 D PhoneInterfaceManager: setDataEnabledForReason() Reason=1 Pid=1371 App=system
01-09 07:30:44.341  1023  1023 I thermal_repeater: socket -1
01-09 07:30:44.343  1873  1873 D StatusBarIconController: ignoring old pipeline callbacks, because the new mobile icons are enabled
01-09 07:30:44.629  1873  1873 D StatusBarIconController: ignoring old pipeline callbacks, because the new mobile icons are enabled
01-09 07:30:45.146  1873  1873 D StatusBarIconController: ignoring old pipeline callbacks, because the new mobile icons are enabled
01-09 07:30:45.176  1873  2025 I gralloc4: @set_metadata: update dataspace from GM (0x00000000 -> 0x08010000)
01-09 07:30:45.193   833   833 I BufferQueueProducer: [StatusBar$_1873#84](this:0xb400007a4ef24790,id:-1,api:0,p:-1,c:833) queueBuffer: fps=0.99 dur=1006.37 max=1006.37 min=1006.37
01-09 07:30:45.197   796   873 I hwcomposer: [HWCDisplay] [Display_0 (type:1)] fps:0.992535,dur:1007.52,max:1007.52,min:1007.52  
01-09 07:30:45.627  1873  1873 D StatusBarIconController: ignoring old pipeline callbacks, because the new mobile icons are enabled
01-09 07:30:45.668  1873  1873 D StatusBarIconController: ignoring old pipeline callbacks, because the new mobile icons are enabled
01-09 07:30:46.152  1873  1873 D StatusBarIconController: ignoring old pipeline callbacks, because the new mobile icons are enabled
01-09 07:30:46.182   542   542 D io_stats: !@ 179,0 r 29689393 419963370 w 3884142 40508716 d 680953 45957680 f 0 0 iot 7641760 0 th 0 0 0 pt 0 inp 0 0 169454.067
01-09 07:30:46.183  1873  2025 I gralloc4: @set_metadata: update dataspace from GM (0x00000000 -> 0x08010000)
01-09 07:30:46.199   833   833 I BufferQueueProducer: [StatusBar$_1873#84](this:0xb400007a4ef24790,id:-1,api:0,p:-1,c:833) queueBuffer: fps=0.99 dur=1006.00 max=1006.00 min=1006.00
01-09 07:30:46.203   796   873 I hwcomposer: [HWCDisplay] [Display_0 (type:1)] fps:0.993853,dur:1006.19,max:1006.19,min:1006.19  
01-09 07:30:46.675  1873  1873 D StatusBarIconController: ignoring old pipeline callbacks, because the new mobile icons are enabled
01-09 07:30:47.156  1873  1873 D StatusBarIconController: ignoring old pipeline callbacks, because the new mobile icons are enabled
01-09 07:30:47.191  1873  2025 I gralloc4: @set_metadata: update dataspace from GM (0x00000000 -> 0x08010000)
01-09 07:30:47.670  1873  1873 D StatusBarIconController: ignoring old pipeline callbacks, because the new mobile icons are enabled
01-09 07:30:48.157  1873  1873 D StatusBarIconController: ignoring old pipeline callbacks, because the new mobile icons are enabled
01-09 07:30:48.171  1371  1405 W ProcessStats: Tracking association SourceState{4447241 com.google.android.gms/10173 BTop #397369} whose proc state 2 is better than process ProcessState{79a5df9 com.google.android.gms.persistent/10173 pkg=com.google.android.gms} proc state 3 (21 skipped)
01-09 07:30:48.176  1873  2025 I gralloc4: @set_metadata: update dataspace from GM (0x00000000 -> 0x08010000)
01-09 07:30:48.183   542   542 D io_stats: !@ 179,0 r 29690455 419980490 w 3884152 40508772 d 680953 45957680 f 0 0 iot 7642020 0 th 0 0 0 pt 0 inp 0 0 169456.068
01-09 07:30:48.195   833   833 I BufferQueueProducer: [StatusBar$_1873#84](this:0xb400007a4ef24790,id:-1,api:0,p:-1,c:833) queueBuffer: fps=1.00 dur=1995.19 max=999.18 min=996.01
01-09 07:30:48.198   796   873 I hwcomposer: [HWCDisplay] [Display_0 (type:1)] fps:1.002336,dur:1995.34,max:999.85,min:995.49  
01-09 07:30:48.511  1371  2753 I SemWifiApDataUsage: handleMessage: 14
01-09 07:30:48.511  1371  2753 I SemWifiApEbpf: DATA_USAGE_STATS_START_POLL,mhs= true,upstream= 2,client size 1
01-09 07:30:48.512  1371  2753 D SemWifiApEbpf: getWifiApDataUsageForOverAllMhs():  overall data is196944624
01-09 07:30:48.512  1371  2753 I SemWifiApEbpf: updating the overall dataUsage , overall =196944624 , global = {mTotalDataBytes=195424099,mTotalDataIngressBytes=0,mTotalDataEgressBytes=0,mCellularBytes=195424099,mCurrentDayAndSimCellularBytes=195424099}
01-09 07:30:48.663  1873  1873 D StatusBarIconController: ignoring old pipeline callbacks, because the new mobile icons are enabled
01-09 07:30:48.829  3909  3909 D AndroidRuntime: >>>>>> START com.android.internal.os.RuntimeInit uid 2000 <<<<<<
01-09 07:30:48.889  3909  3909 I AndroidRuntime: Using default boot image
01-09 07:30:48.889  3909  3909 I AndroidRuntime: Leaving lock profiling enabled
01-09 07:30:48.898  3909  3909 D SecNativeFeatureCppIf: encoded
01-09 07:30:48.899  3909  3909 D SecNativeFeatureCppIf: decoding and unzip finish
01-09 07:30:48.899  3909  3909 D SecNativeFeatureCppIf: use unCompDataBuff. encoded
01-09 07:30:48.900  3909  3909 D SecNativeFeatureCppIf: Free unCompDataBuff
01-09 07:30:48.900  3909  3909 D AndroidRuntime: addProductProperty not brand or 7
01-09 07:30:48.940  3909  3909 I app_process: Using CollectorTypeCC GC.
01-09 07:30:49.326  3909  3909 D nativeloader: InitDefaultPublicLibraries for_preload=1: libandroid.so:libaaudio.so:libamidi.so:libbinder_ndk.so:libc.so:libcamera2ndk.so:libdl.so:libEGL.so:libGLESv1_CM.so:libGLESv2.so:libGLESv3.so:libicu.so:libicui18n.so:libicuuc.so:libjnigraphics.so:liblog.so:libmediandk.so:libm.so:libnativehelper.so:libnativewindow.so:libOpenMAXAL.so:libOpenSLES.so:libRS.so:libstdc++.so:libsync.so:libvulkan.so:libwebviewchromium_plat_support.so:libz.so
01-09 07:30:49.341  1023  1023 I thermal_repeater: socket -1
01-09 07:30:49.415  3909  3909 D nativeloader: Load libicu_jni.so using APEX ns com_android_art for caller /apex/com.android.art/javalib/core-oj.jar: ok
01-09 07:30:49.417  3909  3909 D app_process: Time zone APEX ICU file found: /apex/com.android.tzdata/etc/icu/icu_tzdata.dat
01-09 07:30:49.417  3909  3909 D app_process: I18n APEX ICU file found: /apex/com.android.i18n/etc/icu/icudt72l.dat
01-09 07:30:49.427  3909  3909 D nativeloader: Load libjavacore.so using APEX ns com_android_art for caller /apex/com.android.art/javalib/core-oj.jar: ok
01-09 07:30:49.439  3909  3909 D nativeloader: Load libopenjdk.so using APEX ns com_android_art for caller /apex/com.android.art/javalib/core-oj.jar: ok
01-09 07:30:49.459  1873  1873 D StatusBarIconController: ignoring old pipeline callbacks, because the new mobile icons are enabled
01-09 07:30:49.576  3909  3909 E SemDvfsManager_JNI: SemDvfsManager: registerfunction enter
01-09 07:30:49.577  3909  3909 E SemAffinityControl: SemAffinityControl: registerfunction enter
01-09 07:30:49.620  3909  3909 W libc    : Access denied finding property "ro.product.name_for_attestation"
01-09 07:30:49.620   772   772 E audit   : type=1400 audit(1767943849.618:918251): avc:  denied  { read } for  pid=3909 comm="main" name="u:object_r:build_attestation_prop:s0" dev="tmpfs" ino=65 scontext=u:r:shell:s0 tcontext=u:object_r:build_attestation_prop:s0 tclass=file permissive=0 SEPF_SM-A145P_12_0001 audit_filtered
01-09 07:30:49.621  3909  3909 W libc    : Access denied finding property "ro.product.brand_for_attestation"
01-09 07:30:49.621   772   772 E audit   : type=1400 audit(1767943849.618:918252): avc:  denied  { read } for  pid=3909 comm="main" name="u:object_r:build_attestation_prop:s0" dev="tmpfs" ino=65 scontext=u:r:shell:s0 tcontext=u:object_r:build_attestation_prop:s0 tclass=file permissive=0 SEPF_SM-A145P_12_0001 audit_filtered
01-09 07:30:49.621  3909  3909 W libc    : Access denied finding property "ro.product.model_for_attestation"
01-09 07:30:49.621   772   772 E audit   : type=1400 audit(1767943849.618:918253): avc:  denied  { read } for  pid=3909 comm="main" name="u:object_r:build_attestation_prop:s0" dev="tmpfs" ino=65 scontext=u:r:shell:s0 tcontext=u:object_r:build_attestation_prop:s0 tclass=file permissive=0 SEPF_SM-A145P_12_0001 audit_filtered
01-09 07:30:49.628  3909  3909 D nativeloader: Load libframework-connectivity-tiramisu-jni.so using APEX ns com_android_tethering for caller /apex/com.android.tethering/javalib/framework-connectivity-t.jar: ok
01-09 07:30:49.629  3909  3909 D AndroidRuntime: Calling main entry com.android.commands.monkey.Monkey
01-09 07:30:49.632  3909  3909 W Monkey  : args: [-p, com.wawapp.driver, -c, android.intent.category.LAUNCHER, 1]
01-09 07:30:49.634  3909  3909 W Monkey  :  arg: "-p"
01-09 07:30:49.634  3909  3909 W Monkey  :  arg: "com.wawapp.driver"
01-09 07:30:49.634  3909  3909 W Monkey  :  arg: "-c"
01-09 07:30:49.634  3909  3909 W Monkey  :  arg: "android.intent.category.LAUNCHER"
01-09 07:30:49.635  3909  3909 W Monkey  :  arg: "1"
01-09 07:30:49.635  3909  3909 W Monkey  : data="com.wawapp.driver"
01-09 07:30:49.635  3909  3909 W Monkey  : data="android.intent.category.LAUNCHER"
01-09 07:30:49.685  1873  1873 D StatusBarIconController: ignoring old pipeline callbacks, because the new mobile icons are enabled
01-09 07:30:49.732  1371  5733 W ActivityTaskManager: setActivityController controller: android.app.IActivityController$Stub$Proxy@182e7d2  mControllerDescription: pid = 3909 uid = 2000
01-09 07:30:49.733  1371  5733 W ActivityManager: registerReceiverWithFeature: no app for null
01-09 07:30:49.770  3909  3909 D SemCscFeature: Encoded
01-09 07:30:49.810  1371  5733 D ActivityTaskManager: startActivityAsUser: callingPid=3909, callingUid=2000, caller=com.android.server.wm.ActivityTaskManagerService.startActivityAsUser:1844 com.android.server.am.ActivityManagerService.startActivityAsUserWithFeature:3818 android.app.IActivityManager$Stub.onTransact$startActivityAsUserWithFeature$:12210 android.app.IActivityManager$Stub.onTransact:4167 com.android.server.am.ActivityManagerService.onTransact:3199 android.os.Binder.execTransactInternal:1375 android.os.Binder.execTransact:1311 
01-09 07:30:49.811  1371  1397 I ChimeraSystemEventListener: appLaunchIntent package name is: com.wawapp.driver
01-09 07:30:49.811  1371  5733 I Pageboost: onAppLaunch : com.wawapp.driver
01-09 07:30:49.814  1371  1762 I Pageboost: Record App IO : com.wawapp.driver pid 2847
01-09 07:30:49.815  1371  1762 W System.err: java.io.FileNotFoundException: /proc/2847/io_record_control: open failed: ENOENT (No such file or directory)
01-09 07:30:49.815  1371  5733 W ActivityTaskManager: callingPackage for (uid=2000, pid=3909) has no WPC
01-09 07:30:49.819  1371  1762 W System.err: 	at libcore.io.IoBridge.open(IoBridge.java:574)
01-09 07:30:49.819  1371  1762 W System.err: 	at java.io.FileOutputStream.<init>(FileOutputStream.java:259)
01-09 07:30:49.820  1371  1762 W System.err: 	at java.io.FileOutputStream.<init>(FileOutputStream.java:208)
01-09 07:30:49.820  1371  1762 W System.err: 	at java.io.FileWriter.<init>(FileWriter.java:96)
01-09 07:30:49.820  1371  1762 W System.err: 	at com.android.server.am.Pageboost$IoRecord.write(Pageboost.java:1711)
01-09 07:30:49.820  1371  1762 W System.err: 	at com.android.server.am.Pageboost$IoRecord.<init>(Pageboost.java:1699)
01-09 07:30:49.820  1371  1762 W System.err: 	at com.android.server.am.Pageboost$PageboostAppCapture.record(Pageboost.java:2109)
01-09 07:30:49.820  1371  1762 W System.err: 	at com.android.server.am.Pageboost$PageboostAppCapture.capture(Pageboost.java:2060)
01-09 07:30:49.820  1371  1762 W System.err: 	at com.android.server.am.Pageboost$PageboostHandler.handleMessage(Pageboost.java:2456)
01-09 07:30:49.820  1371  1762 W System.err: 	at android.os.Handler.dispatchMessage(Handler.java:106)
01-09 07:30:49.820  1371  1762 W System.err: 	at android.os.Looper.loopOnce(Looper.java:230)
01-09 07:30:49.820  1371  1762 W System.err: 	at android.os.Looper.loop(Looper.java:319)
01-09 07:30:49.820  1371  1762 W System.err: 	at android.os.HandlerThread.run(HandlerThread.java:67)
01-09 07:30:49.820  1371  1762 W System.err: 	at com.android.server.ServiceThread.run(ServiceThread.java:46)
01-09 07:30:49.820  1371  1762 W System.err: Caused by: android.system.ErrnoException: open failed: ENOENT (No such file or directory)
01-09 07:30:49.820  1371  1762 W System.err: 	at libcore.io.Linux.open(Native Method)
01-09 07:30:49.820  1371  1762 W System.err: 	at libcore.io.ForwardingOs.open(ForwardingOs.java:568)
01-09 07:30:49.820  1371  1762 W System.err: 	at libcore.io.BlockGuardOs.open(BlockGuardOs.java:274)
01-09 07:30:49.820  1371  1762 W System.err: 	at libcore.io.IoBridge.open(IoBridge.java:560)
01-09 07:30:49.820  1371  1762 W System.err: 	... 13 more
01-09 07:30:49.821  1371  5733 D CompatibilityChangeReporter: Compat change id reported: 265464455; UID 10237; state: DISABLED
01-09 07:30:49.821  1371  5733 D CompatibilityChangeReporter: Compat change id reported: 265452344; UID 10237; state: DISABLED
01-09 07:30:49.821  1371  5733 D CompatibilityChangeReporter: Compat change id reported: 266124927; UID 10237; state: DISABLED
01-09 07:30:49.821  1371  5733 D CompatibilityChangeReporter: Compat change id reported: 265451093; UID 10237; state: DISABLED
01-09 07:30:49.822  1371  5733 D CompatibilityChangeReporter: Compat change id reported: 265456536; UID 10237; state: DISABLED
01-09 07:30:49.822  1371  5733 D CompatibilityChangeReporter: Compat change id reported: 255940284; UID 10237; state: DISABLED
01-09 07:30:49.822  1371  5733 D CompatibilityChangeReporter: Compat change id reported: 236283604; UID 10237; state: DISABLED
01-09 07:30:49.822  1371  5733 D CompatibilityChangeReporter: Compat change id reported: 263959004; UID 10237; state: DISABLED
01-09 07:30:49.823  1371  5733 D CompatibilityChangeReporter: Compat change id reported: 264304459; UID 10237; state: DISABLED
01-09 07:30:49.823  1371  5733 D CompatibilityChangeReporter: Compat change id reported: 264301586; UID 10237; state: DISABLED
01-09 07:30:49.823  1371  5733 D CompatibilityChangeReporter: Compat change id reported: 254631730; UID 10237; state: DISABLED
01-09 07:30:49.823  1371  5733 D CompatibilityChangeReporter: Compat change id reported: 273509367; UID 10237; state: DISABLED
01-09 07:30:49.823  1371  5733 D CompatibilityChangeReporter: Compat change id reported: 263259275; UID 10237; state: DISABLED
01-09 07:30:49.824  1371  5733 D CompatibilityChangeReporter: Compat change id reported: 174042980; UID 10237; state: DISABLED
01-09 07:30:49.824  1371  5733 D CompatibilityChangeReporter: Compat change id reported: 174042936; UID 10237; state: DISABLED
01-09 07:30:49.824  1371  5733 D CompatibilityChangeReporter: Compat change id reported: 181136395; UID 10237; state: DISABLED
01-09 07:30:49.825  1371  5733 D CompatibilityChangeReporter: Compat change id reported: 194480991; UID 10237; state: ENABLED
01-09 07:30:49.828  1371  5733 D WindowManager: Transition is created, t=TransitionRecord{c03af1e id=-1 type=OPEN flags=0x0}, caller=com.android.server.wm.TransitionController.createAndStartCollecting:1765 com.android.server.wm.ActivityStarter.startActivityUnchecked:2357 com.android.server.wm.ActivityStarter.executeRequest:1950 com.android.server.wm.ActivityStarter.execute:1090 com.android.server.wm.ActivityTaskManagerService.startActivityAsUser:1985 
01-09 07:30:49.828  1371  5733 D WindowManager: SyncGroup is created, id=3757, name=Transition, caller=com.android.server.wm.BLASTSyncEngine$SyncGroup.<init>:0 com.android.server.wm.BLASTSyncEngine.prepareSyncSet:513 com.android.server.wm.BLASTSyncEngine.startSyncSet:518 com.android.server.wm.Transition.startCollecting:710 com.android.server.wm.TransitionController.moveToCollecting:360 com.android.server.wm.TransitionController.createAndStartCollecting:1766 com.android.server.wm.ActivityStarter.startActivityUnchecked:2357 
01-09 07:30:49.829  1371  5733 W WindowManager: setSyncMethod, id=3757, method=0, caller=com.android.server.wm.Transition.startCollecting:712 com.android.server.wm.TransitionController.moveToCollecting:360 com.android.server.wm.TransitionController.createAndStartCollecting:1766 
01-09 07:30:49.829  1371  5733 V WindowManager: Start collecting in Transition: TransitionRecord{c03af1e id=3757 type=OPEN flags=0x0}, caller=com.android.server.wm.TransitionController.createAndStartCollecting:1766 com.android.server.wm.ActivityStarter.startActivityUnchecked:2357 com.android.server.wm.ActivityStarter.executeRequest:1950 com.android.server.wm.ActivityStarter.execute:1090 com.android.server.wm.ActivityTaskManagerService.startActivityAsUser:1985 
01-09 07:30:49.830  1371  5733 V WindowManager: Collecting in transition 3757: ActivityRecord{c20e3ff u0 com.wawapp.driver/.MainActivity, caller=com.android.server.wm.Transition.collect:759 com.android.server.wm.TransitionController.collect:935 com.android.server.wm.ActivityStarter.startActivityUnchecked:2361 com.android.server.wm.ActivityStarter.executeRequest:1950 com.android.server.wm.ActivityStarter.execute:1090 
01-09 07:30:49.831  1371  5733 D ActivityTaskManager: TaskLaunchParamsModifier:task=null activity=ActivityRecord{c20e3ff u0 com.wawapp.driver/.MainActivity t-1} display-id=0 task-display-area-windowing-mode=1 suggested-display-area=DefaultTaskDisplayArea_d0@8826622
01-09 07:30:49.834  1371  5733 D ActivityTaskManager: TaskLaunchParamsModifier:task=null activity=ActivityRecord{c20e3ff u0 com.wawapp.driver/.MainActivity t-1} display-id=0 task-display-area-windowing-mode=1 suggested-display-area=DefaultTaskDisplayArea_d0@8826622 non-freeform-task-display-area display-area=DefaultTaskDisplayArea_d0@8826622 default-portrait freeform-size-mismatch=Rect(81, 566 - 999, 1770)
01-09 07:30:49.835  1371  2325 I SemDvfsHyPerManager: acquire hyper - AMS_APP_SWITCH/1371@25, type = -999
01-09 07:30:49.836   808   844 I HYPER-HAL: [RequestManager.cpp]acquire(): Acquired ID : 975131  [1371 / 25]    HINT : AMS_ACT_SWITCH    list : 
01-09 07:30:49.836  1371  2325 D ActivityManagerPerformance: AMP_acquire() APP_SWITCH
01-09 07:30:49.836   808   844 I mtkpower_client: perf_lock_acq, hdl:0, dur:0, num:2, tid:844
01-09 07:30:49.837   808   844 I mtkpower_client: ret_hdl:50598
01-09 07:30:49.838   808   844 I mtkpower_client: perf_lock_acq, hdl:0, dur:0, num:2, tid:844
01-09 07:30:49.838   812   863 I libPowerHal: [perfLockAcq] idx:1 hdl:50598 hint:-1 pid:808 duration:0 lock_user:vendor.samsung. => ret_hdl:50598
01-09 07:30:49.839   833   893 E BufferQueueDebug: [Task=10569#58153](this:0xb400007a4e8e0790,id:-1,api:0,p:-1,c:-1) id info cannot be read from 'Task=10569#58153'
01-09 07:30:49.839   833   893 I BufferQueueDebug: [Task=10569#58153](this:0xb400007a4e8e0790,id:-1,api:0,p:-1,c:-1) BufferQueue core=(833:/system/bin/surfaceflinger)
01-09 07:30:49.839   833   893 I SurfaceFlinger: id=58153 createSurf, flag=24004, Task=10569#58153
01-09 07:30:49.839   812   863 I libPowerHal: [PE] vendor.samsung. update cmd:300c000, param:15
01-09 07:30:49.840   808   844 I mtkpower_client: ret_hdl:50599
01-09 07:30:49.840   812   863 I libPowerHal: [perfLockAcq] idx:2 hdl:50599 hint:-1 pid:808 duration:0 lock_user:vendor.samsung. => ret_hdl:50599
01-09 07:30:49.840   808   844 I mtkpower_client: perf_lock_acq, hdl:0, dur:0, num:2, tid:844
01-09 07:30:49.841  1371  5733 D SGM:FgCheckThread: TaskStackListener.onTaskFocusChanged(), taskId=10079, focused=true
01-09 07:30:49.841   812   863 I libPowerHal: [PE] (more) /proc/mcdi/state set +prefix:enable 0;
01-09 07:30:49.842   808   844 I mtkpower_client: ret_hdl:50600
01-09 07:30:49.842  1371  5733 D SGM:FgCheckThread:   sendRunningComponentFocus(), pkgName: com.sec.android.app.launcher, userId: 0
01-09 07:30:49.842   808   844 I mtkpower_client: perf_lock_acq, hdl:0, dur:0, num:2, tid:844
01-09 07:30:49.842  1371  1566 D SGM:FgCheckThread: onLooperPrepared(), msg: MSG_TASK_FOCUSED, pkgName: com.sec.android.app.launcher, userId: 0
01-09 07:30:49.842  1371  1566 D SGM:FgCheckThread: handleTaskFocused().
01-09 07:30:49.842  1371  1566 D SGM:FgCheckThread: sendFocusOutConditionally() - mPrevNotiPkg: (unknown), userId: 0
01-09 07:30:49.842  1371  1566 D SGM:FgCheckThread:   handleTaskFocused(), pkgName: com.sec.android.app.launcher, userID:0
01-09 07:30:49.842  1371  1566 D SGM:FgCheckThread: handleResume().
01-09 07:30:49.842   812   863 I libPowerHal: [perfLockAcq] idx:3 hdl:50600 hint:-1 pid:808 duration:0 lock_user:vendor.samsung. => ret_hdl:50600
01-09 07:30:49.842  1371  5733 D InputDispatcher: Focused application(0): ActivityRecord{282a2b3 u0 com.sec.android.app.launcher/.activities.LauncherActivity t10079}
01-09 07:30:49.843  1371  1566 D SGM:FgCheckThread: sendFocusOutConditionally() - mPrevNotiPkg: (unknown), userId: 0
01-09 07:30:49.843  1371  1566 D SGM:FgCheckThread:   handleResume(). pkgName: com.sec.android.app.launcher, userId: 0, isTunableApp: null
01-09 07:30:49.843  1371  1566 D SGM:FgCheckThread: notifyFocusInOut(). of pkg: com.sec.android.app.launcher, type: 4, isTunableApp: false, userId: 0
01-09 07:30:49.843  1371  1566 D SGM:FgCheckThread:   notifyFocusInOut(). unexpected mPrevNotiType: -1
01-09 07:30:49.843  1371  1566 D SGM:SystemHelper: callReleaseBlock needReleaseBlock:false
01-09 07:30:49.843  1371  5733 D SGM:FgCheckThread: TaskStackListener.onTaskFocusChanged(), taskId=10079, focused=true
01-09 07:30:49.843  1371  1634 D AS.MultiSoundManager: mForegroundUid = 10101
01-09 07:30:49.843  1371  5733 D SGM:FgCheckThread:   sendRunningComponentFocus(), pkgName: com.sec.android.app.launcher, userId: 0
01-09 07:30:49.844  1371  1634 D AS.MultiSoundManager: mForegroundUid = 10101
01-09 07:30:49.844  1371  1566 D SGM:FgCheckThread: onLooperPrepared(), msg: MSG_TASK_FOCUSED, pkgName: com.sec.android.app.launcher, userId: 0
01-09 07:30:49.844  1371  1566 D SGM:FgCheckThread: handleTaskFocused().
01-09 07:30:49.844   812   863 I libPowerHal: vendor.samsung.: cpu_ctrl set cpu freq: 1800000 -1 -1 -1
01-09 07:30:49.844  1371  1566 D SGM:FgCheckThread:   handleTaskFocused(), pkgName: com.sec.android.app.launcher, userID:0
01-09 07:30:49.844  1371  1566 D SGM:FgCheckThread: handleResume().
01-09 07:30:49.844  1371  1566 D SGM:FgCheckThread: sendFocusOutConditionally() - mPrevNotiPkg: (unknown), userId: 0
01-09 07:30:49.844  1371  1566 D SGM:FgCheckThread:   handleResume(). pkgName: com.sec.android.app.launcher, userId: 0, isTunableApp: null
01-09 07:30:49.844  1371  1566 D SGM:FgCheckThread: notifyFocusInOut(). of pkg: com.sec.android.app.launcher, type: 4, isTunableApp: false, userId: 0
01-09 07:30:49.844  1371  1566 D SGM:FgCheckThread:   notifyFocusInOut(). unexpected mPrevNotiType: -1
01-09 07:30:49.844  1371  1566 D SGM:SystemHelper: callReleaseBlock needReleaseBlock:false
01-09 07:30:49.844   808   844 I mtkpower_client: ret_hdl:50601
01-09 07:30:49.844   808   844 I mtkpower_client: perf_lock_acq, hdl:0, dur:0, num:2, tid:844
01-09 07:30:49.845   812   863 I libPowerHal: [perfLockAcq] idx:4 hdl:50601 hint:-1 pid:808 duration:0 lock_user:vendor.samsung. => ret_hdl:50601
01-09 07:30:49.845   812   863 I libPowerHal: [PE] vendor.samsung. update cmd:1000000, param:0
01-09 07:30:49.845   812   863 I libPowerHal: [PE] vendor.samsung. update cmd:1000000 param:0
01-09 07:30:49.845  1371  5733 D ActivityTaskManager: scheduleTopResumedActivityChanged, onTop=true, r=ActivityRecord{282a2b3 u0 com.sec.android.app.launcher/.activities.LauncherActivity t10079}, caller=com.android.server.wm.ActivityTaskSupervisor.scheduleTopResumedActivityStateIfNeeded:2857 com.android.server.wm.ActivityTaskSupervisor.updateTopResumedActivityIfNeeded:2849 com.android.server.wm.TaskDisplayArea.addChildTask:435 com.android.server.wm.TaskDisplayArea.addChild:412 com.android.server.wm.Task$Builder.build:8458 com.android.server.wm.TaskDisplayArea.getOrCreateRootTask:1346 
01-09 07:30:49.846   808   844 I mtkpower_client: ret_hdl:50602
01-09 07:30:49.846   812   863 I libPowerHal: [perfLockAcq] idx:5 hdl:50602 hint:-1 pid:808 duration:0 lock_user:vendor.samsung. => ret_hdl:50602
01-09 07:30:49.846   812   863 I libPowerHal: vendor.samsung.: cpu_ctrl set cpu freq: 1800000 -1 2000000 -1
01-09 07:30:49.847  1371  5733 D ActivityTaskManager: TaskLaunchParamsModifier:task=Task{5b2f5cc #10569 type=standard I=com.wawapp.driver/.MainActivity} activity=ActivityRecord{c20e3ff u0 com.wawapp.driver/.MainActivity t-1} display-from-task=0 display-id=0 task-display-area-windowing-mode=1 suggested-display-area=DefaultTaskDisplayArea_d0@8826622 inherit-from-task=fullscreen non-freeform-task-display-area display-area=DefaultTaskDisplayArea_d0@8826622 default-portrait freeform-size-mismatch=Rect(81, 566 - 999, 1770)
01-09 07:30:49.847  1371  5733 V WindowManager: Collecting in transition 3757: Task{5b2f5cc #10569 type=standard I=com.wawapp.driver/.MainActivity}, caller=com.android.server.wm.Transition.collect:759 com.android.server.wm.Transition.collectExistenceChange:942 com.android.server.wm.TransitionController.collectExistenceChange:985 com.android.server.wm.ActivityStarter.setNewTask:4712 com.android.server.wm.ActivityStarter.startActivityInner:2929 
01-09 07:30:49.849  1371  5733 D CompatibilityChangeReporter: Compat change id reported: 184838306; UID 10237; state: DISABLED
01-09 07:30:49.849  1371  5733 D CompatibilityChangeReporter: Compat change id reported: 185004937; UID 10237; state: DISABLED
01-09 07:30:49.850   833   893 E BufferQueueDebug: [ActivityRecord{c20e3ff u0 com.wawapp.driver/.MainActivity t10569}#58154](this:0xb400007a4e910790,id:-1,api:0,p:-1,c:-1) id info cannot be read from 'ActivityRecord{c20e3ff u0 com.wawapp.driver/.MainActivity t10569}#58154'
01-09 07:30:49.850   833   893 I BufferQueueDebug: [ActivityRecord{c20e3ff u0 com.wawapp.driver/.MainActivity t10569}#58154](this:0xb400007a4e910790,id:-1,api:0,p:-1,c:-1) BufferQueue core=(833:/system/bin/surfaceflinger)
01-09 07:30:49.850   833   893 I SurfaceFlinger: id=58154 createSurf, flag=84004, ActivityRecord{c20e3ff u0 com.wawapp.driver/.MainActivity t10569}#58154
01-09 07:30:49.851   796   873 I hwcomposer: [HWCDisplay] [Display_0 (type:1)] fps:0.605167,dur:1652.44,max:1652.44,min:1652.44  
01-09 07:30:49.852  1371  5733 D ActivityTaskManager: scheduleTopResumedActivityChanged, onTop=false, r=ActivityRecord{282a2b3 u0 com.sec.android.app.launcher/.activities.LauncherActivity t10079}, caller=com.android.server.wm.ActivityTaskSupervisor.updateTopResumedActivityIfNeeded:2826 com.android.server.wm.TaskDisplayArea.positionChildTaskAt:567 com.android.server.wm.TaskDisplayArea.positionChildAt:483 com.android.server.wm.Task.moveToFront:6077 com.android.server.wm.ActivityStarter.startActivityInner:2957 com.android.server.wm.ActivityStarter.startActivityUnchecked:2364 
01-09 07:30:49.854  1371  5733 V WindowManager: Checking theme of starting window: 0x7f0f00a2
01-09 07:30:49.854  1371  5733 V WindowManager: Translucent=false Floating=false ShowWallpaper=false Disable=false
01-09 07:30:49.856  1371  5733 D CompatibilityChangeReporter: Compat change id reported: 205907456; UID 10237; state: ENABLED
01-09 07:30:49.856  1371  5733 V WindowManager: Creating SplashScreenStartingData
01-09 07:30:49.856  1371  5733 D ActivityTaskManager: Add starting ActivityRecord{c20e3ff u0 com.wawapp.driver/.MainActivity t10569}: typeParam=139 startingData=com.android.server.wm.SplashScreenStartingData@5379f2a
01-09 07:30:49.857  1371  5733 V WindowManager: Added starting ActivityRecord{c20e3ff u0 com.wawapp.driver/.MainActivity t10569}: startingWindow=null startingView=com.android.server.wm.StartingSurfaceController$StartingSurface@fa9c11b
01-09 07:30:49.858  1371  5733 V WindowManager: Collecting in transition 3757: ActivityRecord{c20e3ff u0 com.wawapp.driver/.MainActivity t10569}, caller=com.android.server.wm.Transition.collect:759 com.android.server.wm.Transition.collectExistenceChange:942 com.android.server.wm.TransitionController.collectExistenceChange:985 com.android.server.wm.ActivityStarter.handleStartResult:2542 com.android.server.wm.ActivityStarter.startActivityUnchecked:2369 
01-09 07:30:49.859  1371  5733 V WindowManager: Requesting StartTransition: TransitionRecord{c03af1e id=3757 type=OPEN flags=0x0}, caller=com.android.server.wm.ActivityStarter.handleStartResult:2576 com.android.server.wm.ActivityStarter.startActivityUnchecked:2369 com.android.server.wm.ActivityStarter.executeRequest:1950 com.android.server.wm.ActivityStarter.execute:1090 com.android.server.wm.ActivityTaskManagerService.startActivityAsUser:1985 
01-09 07:30:49.859  1371  5733 I ActivityTaskManager: START u0 {act=android.intent.action.MAIN cat=[android.intent.category.LAUNCHER] flg=0x10200000 cmp=com.wawapp.driver/.MainActivity} with LAUNCH_SINGLE_TOP from uid 2000 (BAL_ALLOW_PERMISSION) result code=0
01-09 07:30:49.859  1371  5733 I Pageboost: stop alp
01-09 07:30:49.859  1371  5733 I SemDvfsHyPerManager: acquire hyper - AMS_APP_LAUNCH/1371@17, type = -999
01-09 07:30:49.860   808   844 I HYPER-HAL: [RequestManager.cpp]acquire(): Acquired ID : 963983  [1371 / 17]    HINT : AMS_APP_LAUNCH    list : 
01-09 07:30:49.860   808   844 I mtkpower_client: perf_lock_rel, hdl:50598, tid:844
01-09 07:30:49.860  2809  2809 E pageboostd: Received HALT command code 2
01-09 07:30:49.861  3909  3909 I Monkey  : Events injected: 1
01-09 07:30:49.861  2177  2177 I HoneySpace.BackgroundManagerImpl: capturedBlurView: pause(com.sec.android.app.launcher.Launcher@644889, 6572169)
01-09 07:30:49.861   808   844 I mtkpower_client: perf_lock_acq, hdl:0, dur:0, num:2, tid:844
01-09 07:30:49.861  2177  2177 I HoneySpace.Launcher: !@Boot_EBS_D: Launcher.onPause()
01-09 07:30:49.861  2177 32014 I HoneySpace.SPayHandler: updateSpayHandler launcher activity is paused false
01-09 07:30:49.861  2177  2177 I HoneySpace.Launcher: updateLauncherShowing true -> false
01-09 07:30:49.862   808   844 I mtkpower_client: ret_hdl:50603
01-09 07:30:49.862   808   844 I mtkpower_client: perf_lock_rel, hdl:50599, tid:844
01-09 07:30:49.863  1873  1939 V WindowManagerShell: Transition requested: android.os.BinderProxy@65530d TransitionRequestInfo { type = OPEN, triggerTask = TaskInfo{userId=0 taskId=10569 displayId=0 isRunning=true baseIntent=Intent { act=android.intent.action.MAIN cat=[android.intent.category.LAUNCHER] flg=0x10200000 cmp=com.wawapp.driver/.MainActivity } baseActivity=ComponentInfo{com.wawapp.driver/com.wawapp.driver.MainActivity} topActivity=ComponentInfo{com.wawapp.driver/com.wawapp.driver.MainActivity} origActivity=null realActivity=ComponentInfo{com.wawapp.driver/com.wawapp.driver.MainActivity} numActivities=1 lastActiveTime=290467082 supportsMultiWindow=true resizeMode=1 isResizeable=true minWidth=-1 minHeight=-1 maxWidth=-1 maxHeight=-1 defaultMinSize=220 token=WCT{android.window.IWindowContainerToken$Stub$Proxy@38082c2} topActivityType=1 pictureInPictureParams=null shouldDockBigOverlays=false launchIntoPipHostTaskId=-1 lastParentTaskIdBeforePip=-1 displayCutoutSafeInsets=Rect(0, 64 - 0, 0) topActivityInfo=ActivityInfo{99af8d3 com.wawapp.driver.MainActivity} launchCookies=[] positionInParent=Point(0, 0) parentTaskId=-1 isFocused=false isVisible=false isVisibleRequested=false isSleeping=false topActivityInSizeCompat=false topActivityEligibleForLetterboxEducation= false topActivityLetterboxed= false isFromDoubleTap= false topActivityLetterboxVerticalPosition= -1 topActivityLetterboxHorizontalPosition= -1 topActivityLetterboxWidth=-1 topActivityLetterboxHeight=-1 locusId=null displayAreaFeatureId=1 cameraCompatControlState=hidden originallySupportedMultiWindow=true hasWallpaper=false topActivityInFixedAspectRatio=false rootAffinity=null topActivityInDisplayCompat=false topActivityInBoundsCompat=false topActivityBounds=null singleTapFromLetterbox=false isTopTaskInStage=false topActivityUiMode=33 CoverLauncherWidgetTask=false CoverScreenTask=false isAllowedSeamlessRotation=false isTopTransparentActivity=false hasPopOver=false}, remoteTransition = null, displayChange = null }
01-09 07:30:49.863  1371  2073 V WindowManager: Starting Transition 3757, caller=com.android.server.wm.WindowOrganizerController.startTransition:384 com.android.server.wm.WindowOrganizerController.startTransition:315 android.window.IWindowOrganizerController$Stub.onTransact:257 
01-09 07:30:49.863  1371  2073 V Transition:  allReady query: used=true, override=false, defer=0, states=Display{#0 state=ON size=1080x2408 ROTATION_0}:false
01-09 07:30:49.868  1371  8460 V WindowManager: Collecting in transition 3757: ActivityRecord{c20e3ff u0 com.wawapp.driver/.MainActivity t10569}, caller=com.android.server.wm.Transition.collect:759 com.android.server.wm.TransitionController.collect:935 com.android.server.wm.ActivityRecord.setVisibility:6348 com.android.server.wm.ActivityRecord.setVisibility:6300 com.android.server.wm.EnsureActivitiesVisibleHelper.makeVisibleAndRestartIfNeeded:337 
01-09 07:30:49.868   812   863 I libPowerHal: [perfLockRel] hdl:50598, idx:1
01-09 07:30:49.869   812   863 I libPowerHal: [PD] vendor.samsung. update cmd:300c000 param:0
01-09 07:30:49.869  1371  8460 V WindowManager: Collecting in transition 3757: ActivityRecord{282a2b3 u0 com.sec.android.app.launcher/.activities.LauncherActivity t10079}, caller=com.android.server.wm.Transition.collect:759 com.android.server.wm.TransitionController.collect:935 com.android.server.wm.ActivityRecord.setVisibility:6348 com.android.server.wm.ActivityRecord.setVisibility:6300 com.android.server.wm.ActivityRecord.makeInvisible:7137 
01-09 07:30:49.869  1371  8460 D WindowManager: prepareSync <SYNC_STATE_WAITING_FOR_DRAW>, mPrepareSyncSeqId=0, win=Window{1796bd6 u0 com.sec.android.app.launcher/com.sec.android.app.launcher.activities.LauncherActivity}
01-09 07:30:49.869  1371  8460 D WindowManager: prepareSync <SYNC_STATE_WAITING_FOR_DRAW>, mPrepareSyncSeqId=0, win=Window{fc7c337 u0 com.sec.android.app.launcher/com.sec.android.app.launcher.activities.LauncherActivity}
01-09 07:30:49.869  1371  8460 V WindowManager: Collecting in transition 3757: WallpaperWindowToken{3f538f9 token=android.os.Binder@174b3c0}, caller=com.android.server.wm.Transition.collect:759 com.android.server.wm.Transition.collect:847 com.android.server.wm.Transition.collect:759 com.android.server.wm.TransitionController.collect:935 com.android.server.wm.ActivityRecord.setVisibility:6348 
01-09 07:30:49.869   812   863 I libPowerHal: [perfLockAcq] idx:6 hdl:50603 hint:-1 pid:808 duration:0 lock_user:vendor.samsung. => ret_hdl:50603
