01-01 18:20:34.621 20453 20464 I Rubin   : [423] aa.i.b(Unknown Source) : checkForUI = false isGdprAffected = false isCMSFeatureSupported = true
01-01 18:20:34.622 20453 20464 I Rubin   : [423] aa.i.b(Unknown Source) : checkForUI = false isGdprAffected = false isCMSFeatureSupported = true
01-01 18:20:34.622 20453 20464 I Rubin   : [423] aa.i.b(Unknown Source) : checkForUI = false isGdprAffected = false isCMSFeatureSupported = true
01-01 18:20:34.629 18143 18143 I RunestoneSDK: [1.3.30]Called module : V35RunestoneStateModule -> getRunestoneState(Unknown Source:16)
01-01 18:20:34.631 20453 20464 I Rubin   : [423] com.samsung.android.rubin.controller.provider.RubinStateProvider.call(Unknown Source) : RubinStateProvider : method = getRubinState
01-01 18:20:34.632 20453 20464 I Rubin   : [423] com.samsung.android.rubin.controller.provider.RubinStateProvider.call(Unknown Source) : RubinStateProvider : watch state = -2
01-01 18:20:34.632 20453 20464 I Rubin   : [423] q8.c.a(Unknown Source) : active permissions : [CONTACTS, NEARBY_DEVICES, SMS, CALL_LOG, PHYSICAL_ACTIVITY, LOCATION, STORAGE, CALENDAR]
01-01 18:20:34.633 20453 20464 I Rubin   : [423] com.samsung.android.rubin.controller.provider.RubinStateProvider.h(Unknown Source) : Is alternative Agreement : true, is Rubin ID exist : false
01-01 18:20:34.633 20453 20495 I Rubin   : [449] com.samsung.android.rubin.inferenceengine.contextanalytics.engine.monitors.moment.WakeupEventMonitor.lambda$start$0(Unknown Source) : Current wake up status -> AFTER_NORMAL_WAKEUP
01-01 18:20:34.634 20453 20464 I Rubin   : [423] aa.i.b(Unknown Source) : checkForUI = false isGdprAffected = false isCMSFeatureSupported = true
01-01 18:20:34.634 20453 20464 I Rubin   : [423] aa.i.b(Unknown Source) : checkForUI = false isGdprAffected = false isCMSFeatureSupported = true
01-01 18:20:34.634 20453 20464 I Rubin   : [423] aa.i.b(Unknown Source) : checkForUI = false isGdprAffected = false isCMSFeatureSupported = true
01-01 18:20:34.634 20453 20464 I Rubin   : [423] aa.i.b(Unknown Source) : checkForUI = false isGdprAffected = false isCMSFeatureSupported = true
01-01 18:20:34.640 18143 18143 I RunestoneSDK: [1.3.30]Called module : V35RunestoneStateModule -> getRunestoneAdditionalState$sdk_release(Unknown Source:16)
01-01 18:20:34.640 20453 20464 I Rubin   : [423] com.samsung.android.rubin.controller.provider.RubinStateProvider.call(Unknown Source) : RubinStateProvider : method = sdk
01-01 18:20:34.641 20453 20464 I Rubin   : [423] q8.c.c(Unknown Source) : inactive permissions : []
01-01 18:20:34.643 20453 20495 W Rubin   : [449] com.samsung.android.rubin.inferenceengine.contextanalytics.engine.monitors.moment.WakeupEventMonitor.unregisterScreenBroadcastReceiver(Unknown Source) : Receiver not registered: com.samsung.android.rubin.inferenceengine.contextanalytics.engine.monitors.moment.WakeupEventMonitor$f@20b3d9f
01-01 18:20:34.643 20453 20464 I Rubin   : [423] com.samsung.android.rubin.controller.provider.RubinStateProvider.call(Unknown Source) : RubinStateProvider : method = isFeatureSupportDeviceRunestone
01-01 18:20:34.644 20453 20464 I Rubin   : [423] com.samsung.android.rubin.controller.provider.RubinStateProvider.call(Unknown Source) : RubinStateProvider : method = isFeatureSupportDeviceRunestone
01-01 18:20:34.645 20453 20464 I Rubin   : [423] com.samsung.android.rubin.controller.provider.RubinStateProvider.call(Unknown Source) : RubinStateProvider : method = isFeatureSupportDeviceRunestone
01-01 18:20:34.646 20453 20464 I Rubin   : [423] com.samsung.android.rubin.controller.provider.RubinStateProvider.call(Unknown Source) : RubinStateProvider : method = isFeatureSupportDeviceRunestone
01-01 18:20:34.721 20453 20507 I Rubin   : [463] fa.b.c(Unknown Source) : Reusing the existing key
01-01 18:20:34.732   574   574 W keymint_tee: [WRN]begin req PARAMS: A32, BM2, PD64, 
01-01 18:20:34.736   574   574 D android.hardware.security.keymint-service: begin: ret 0
01-01 18:20:34.737   573 14515 I keystore2: system/security/keystore2/src/security_level.rs:448 - In create_operation. Success to create IKeystoreOperation. 10075, None
01-01 18:20:34.740   574   574 D android.hardware.security.keymint-service: update: ret 0
01-01 18:20:34.743   574   574 D android.hardware.security.keymint-service: finish: ret 0
01-01 18:20:34.814 20453 20507 I Rubin   : [463] se.a.i(Unknown Source) : successfully read the model info list, size=0
01-01 18:20:34.899   543   543 D io_stats: !@ 179,0 r 37920865 535783206 w 5964740 67757564 d 892874 67056684 f 0 0 iot 9732040 0 th 0 0 0 pt 0 inp 0 1 251596.490
01-01 18:20:35.342  1375 12536 I AppSearchIcing: icing-search-engine.cc:2177: Persisting data to disk
01-01 18:20:35.359  1375 12536 I AppSearchIcing: icing-search-engine.cc:2193: PersistToDisk completed.
01-01 18:20:35.476  1876  1876 D StatusBarIconController: ignoring old pipeline callbacks, because the new mobile icons are enabled
01-01 18:20:36.445  1028  1028 I thermal_repeater: socket -1
01-01 18:20:36.474  1876  1876 D StatusBarIconController: ignoring old pipeline callbacks, because the new mobile icons are enabled
01-01 18:20:36.904   543   543 D io_stats: !@ 179,0 r 37921038 535786710 w 5964881 67758076 d 892882 67065336 f 0 0 iot 9732132 0 th 0 0 0 pt 0 inp 0 0 251598.494
01-01 18:20:37.475  1876  1876 D StatusBarIconController: ignoring old pipeline callbacks, because the new mobile icons are enabled
01-01 18:20:37.690  1375  2904 I SemWifiApDataUsage: handleMessage: 14
01-01 18:20:37.690  1375  2904 I SemWifiApEbpf: DATA_USAGE_STATS_START_POLL,mhs= true,upstream= 2,client size 2
01-01 18:20:37.692  1375  2904 D SemWifiApEbpf: getWifiApDataUsageForOverAllMhs():  overall data is246644518
01-01 18:20:37.692  1375  2904 I SemWifiApEbpf: updating the overall dataUsage , overall =246644518 , global = {mTotalDataBytes=246622782,mTotalDataIngressBytes=0,mTotalDataEgressBytes=0,mCellularBytes=246622782,mCurrentDayAndSimCellularBytes=246622782}
01-01 18:20:38.480  1375  1506 D SensorService: [SO] 0.338 0.024 9.723
01-01 18:20:39.474  1876  1876 D StatusBarIconController: ignoring old pipeline callbacks, because the new mobile icons are enabled
01-01 18:20:39.744   813   860 I libPerfCtl: xgfGetFPS pid:-1 fps:0
01-01 18:20:39.744   813   860 I libPerfCtl: xgfGetFPS ioctl_ret:-1
01-01 18:20:40.474  1876  1876 D StatusBarIconController: ignoring old pipeline callbacks, because the new mobile icons are enabled
01-01 18:20:40.906   543   543 D io_stats: !@ 179,0 r 37921061 535786810 w 5964922 67758396 d 892882 67065336 f 0 0 iot 9732140 0 th 0 0 0 pt 0 inp 0 0 251602.496
01-01 18:20:41.446  1028  1028 I thermal_repeater: socket -1
01-01 18:20:41.476  1876  1876 D StatusBarIconController: ignoring old pipeline callbacks, because the new mobile icons are enabled
01-01 18:20:42.304  1876  1876 D StatusBarIconController: ignoring old pipeline callbacks, because the new mobile icons are enabled
01-01 18:20:42.317  1876  2061 I gralloc4: @set_metadata: update dataspace from GM (0x00000000 -> 0x08010000)
01-01 18:20:42.332   841   841 I BufferQueueProducer: [StatusBar$_1876#83](this:0xb400007a78f3f790,id:-1,api:0,p:-1,c:841) queueBuffer: fps=0.09 dur=11064.28 max=11064.28 min=11064.28
01-01 18:20:42.336   799   879 I hwcomposer: [HWCDisplay] [Display_0 (type:1)] fps:0.090376,dur:11064.88,max:11064.88,min:11064.88  
01-01 18:20:42.476  1876  1876 D StatusBarIconController: ignoring old pipeline callbacks, because the new mobile icons are enabled
01-01 18:20:42.698  1375  2904 I SemWifiApDataUsage: handleMessage: 14
01-01 18:20:42.698  1375  2904 I SemWifiApEbpf: DATA_USAGE_STATS_START_POLL,mhs= true,upstream= 2,client size 2
01-01 18:20:42.700  1375  2904 D SemWifiApEbpf: getWifiApDataUsageForOverAllMhs():  overall data is246653102
01-01 18:20:42.700  1375  2904 I SemWifiApEbpf: updating the overall dataUsage , overall =246653102 , global = {mTotalDataBytes=246644518,mTotalDataIngressBytes=0,mTotalDataEgressBytes=0,mCellularBytes=246644518,mCurrentDayAndSimCellularBytes=246644518}
01-01 18:20:42.907   543   543 D io_stats: !@ 179,0 r 37921065 535786826 w 5964922 67758396 d 892882 67065336 f 0 0 iot 9732144 0 th 0 0 0 pt 0 inp 0 0 251604.497
01-01 18:20:43.474  1876  1876 D StatusBarIconController: ignoring old pipeline callbacks, because the new mobile icons are enabled
01-01 18:20:44.474  1876  1876 D StatusBarIconController: ignoring old pipeline callbacks, because the new mobile icons are enabled
01-01 18:20:44.745   573 20482 I keystore2: system/security/keystore2/src/watchdog.rs:319 - Watchdog thread idle -> terminating. Have a great day.
01-01 18:20:44.760 15317 15381 W msys    : W[I wam]_WAMTransportPrivateLogUploadMessageWithDefaultLevel(52)=>privatestats/wameta/transport/connection_unavailable - stopping timer
01-01 18:20:44.908   543   543 D io_stats: !@ 179,0 r 37921100 535787310 w 5964922 67758396 d 892882 67065336 f 0 0 iot 9732160 0 th 0 0 0 pt 0 inp 0 0 251606.498
01-01 18:20:45.301  1876  1876 D StatusBarIconController: ignoring old pipeline callbacks, because the new mobile icons are enabled
01-01 18:20:45.331  1876  2061 I gralloc4: @set_metadata: update dataspace from GM (0x00000000 -> 0x08010000)
01-01 18:20:45.350   841   841 I BufferQueueProducer: [StatusBar$_1876#83](this:0xb400007a78f3f790,id:-1,api:0,p:-1,c:841) queueBuffer: fps=0.33 dur=3018.64 max=3018.64 min=3018.64
01-01 18:20:45.355   799   879 I hwcomposer: [HWCDisplay] [Display_0 (type:1)] fps:0.331222,dur:3019.12,max:3019.12,min:3019.12  
01-01 18:20:45.472  1876  1876 D StatusBarIconController: ignoring old pipeline callbacks, because the new mobile icons are enabled
01-01 18:20:46.110 27954 27954 D BoundBrokerSvc: onUnbind: Intent { act=com.google.android.gms.common.BIND_SHARED_PREFS pkg=com.google.android.gms }
01-01 18:20:46.117  1375  2529 W ProcessStats: Tracking association SourceState{f0b6e38 com.wawapp.driver/10417 BTop #549707} whose proc state 2 is better than process ProcessState{ae5b82b com.google.android.gms/10173 pkg=com.google.android.gms} proc state 6 (4 skipped)
01-01 18:20:46.447  1028  1028 I thermal_repeater: socket -1
01-01 18:20:46.474  1876  1876 D StatusBarIconController: ignoring old pipeline callbacks, because the new mobile icons are enabled
01-01 18:20:46.909   543   543 D io_stats: !@ 179,0 r 37921113 535787486 w 5964930 67758472 d 892882 67065336 f 0 0 iot 9732168 0 th 0 0 0 pt 0 inp 0 0 251608.499
01-01 18:20:47.447  1375  1506 D SensorService: [SO] 0.376 0.024 9.723
01-01 18:20:47.474  1876  1876 D StatusBarIconController: ignoring old pipeline callbacks, because the new mobile icons are enabled
01-01 18:20:47.658  1375  1629 W DeviceStorageMonitorService: updateBroadcasts(/data) oldLevel:0, newLevel:0, seq:1
01-01 18:20:47.659  1375  1629 D DeviceStorageMonitorService: Available File Node Number is [12256449]
01-01 18:20:47.660  1375  1629 W DeviceStorageMonitorService: updateBroadcasts_filenode(/data) fn_oldLevel:0, fn_newLevel:0, seq:1
01-01 18:20:47.706  1375  2904 I SemWifiApDataUsage: handleMessage: 14
01-01 18:20:47.706  1375  2904 I SemWifiApEbpf: DATA_USAGE_STATS_START_POLL,mhs= true,upstream= 2,client size 2
01-01 18:20:47.707  1375  2904 D SemWifiApEbpf: getWifiApDataUsageForOverAllMhs():  overall data is246688900
01-01 18:20:47.707  1375  2904 I SemWifiApEbpf: updating the overall dataUsage , overall =246688900 , global = {mTotalDataBytes=246653102,mTotalDataIngressBytes=0,mTotalDataEgressBytes=0,mCellularBytes=246653102,mCurrentDayAndSimCellularBytes=246653102}
01-01 18:20:48.319  1876  1876 D StatusBarIconController: ignoring old pipeline callbacks, because the new mobile icons are enabled
01-01 18:20:48.349  1876  2061 I gralloc4: @set_metadata: update dataspace from GM (0x00000000 -> 0x08010000)
01-01 18:20:48.367   841   841 I BufferQueueProducer: [StatusBar$_1876#83](this:0xb400007a78f3f790,id:-1,api:0,p:-1,c:841) queueBuffer: fps=0.33 dur=3016.71 max=3016.71 min=3016.71
01-01 18:20:48.371   799   879 I hwcomposer: [HWCDisplay] [Display_0 (type:1)] fps:0.331606,dur:3015.63,max:3015.63,min:3015.63  
01-01 18:20:48.475  1876  1876 D StatusBarIconController: ignoring old pipeline callbacks, because the new mobile icons are enabled
01-01 18:20:48.910   543   543 D io_stats: !@ 179,0 r 37921120 535787522 w 5964930 67758472 d 892882 67065336 f 0 0 iot 9732172 0 th 0 0 0 pt 0 inp 0 0 251610.500
01-01 18:20:49.320  1876  1876 D StatusBarIconController: ignoring old pipeline callbacks, because the new mobile icons are enabled
01-01 18:20:49.349  1876  2061 I gralloc4: @set_metadata: update dataspace from GM (0x00000000 -> 0x08010000)
01-01 18:20:49.478  1876  1876 D StatusBarIconController: ignoring old pipeline callbacks, because the new mobile icons are enabled
01-01 18:20:50.046  1375  1405 E Watchdog: !@Sync: 8383 heap: 98 / 113 FD: 991 [2026-01-01 18:20:50.046]
01-01 18:20:50.474  1876  1876 D StatusBarIconController: ignoring old pipeline callbacks, because the new mobile icons are enabled
01-01 18:20:50.911   543   543 D io_stats: !@ 179,0 r 37921126 535787562 w 5964936 67758612 d 892882 67065336 f 0 0 iot 9732176 0 th 0 0 0 pt 0 inp 0 0 251612.501
01-01 18:20:51.448  1028  1028 I thermal_repeater: socket -1
01-01 18:20:51.474  1876  1876 D StatusBarIconController: ignoring old pipeline callbacks, because the new mobile icons are enabled
01-01 18:20:52.475  1876  1876 D StatusBarIconController: ignoring old pipeline callbacks, because the new mobile icons are enabled
01-01 18:20:52.713  1375  2904 I SemWifiApDataUsage: handleMessage: 14
01-01 18:20:52.713  1375  2904 I SemWifiApEbpf: DATA_USAGE_STATS_START_POLL,mhs= true,upstream= 2,client size 2
01-01 18:20:52.715  1375  2904 D SemWifiApEbpf: getWifiApDataUsageForOverAllMhs():  overall data is246690110
01-01 18:20:52.715  1375  2904 I SemWifiApEbpf: updating the overall dataUsage , overall =246690110 , global = {mTotalDataBytes=246688900,mTotalDataIngressBytes=0,mTotalDataEgressBytes=0,mCellularBytes=246688900,mCurrentDayAndSimCellularBytes=246688900}
01-01 18:20:52.912   543   543 D io_stats: !@ 179,0 r 37921133 535787590 w 5964936 67758612 d 892882 67065336 f 0 0 iot 9732180 0 th 0 0 0 pt 0 inp 0 0 251614.502
01-01 18:20:53.201 20279 20303 I TRuntime.CctTransportBackend: Making request to: https://firebaselogging-pa.googleapis.com/v1/firelog/legacy/batchlog
01-01 18:20:53.209  1375  1739 D NetdEventListenerService: DNS Requested by 127, 10417, 2
01-01 18:20:53.475  1876  1876 D StatusBarIconController: ignoring old pipeline callbacks, because the new mobile icons are enabled
01-01 18:20:54.475  1876  1876 D StatusBarIconController: ignoring old pipeline callbacks, because the new mobile icons are enabled
01-01 18:20:54.916   543   543 D io_stats: !@ 179,0 r 37921148 535787658 w 5964936 67758612 d 892882 67065336 f 0 0 iot 9732184 0 th 0 0 0 pt 0 inp 0 0 251616.506
01-01 18:20:55.358  1876  1876 D StatusBarIconController: ignoring old pipeline callbacks, because the new mobile icons are enabled
01-01 18:20:55.388  1876  2061 I gralloc4: @set_metadata: update dataspace from GM (0x00000000 -> 0x08010000)
01-01 18:20:55.406   841   841 I BufferQueueProducer: [StatusBar$_1876#83](this:0xb400007a78f3f790,id:-1,api:0,p:-1,c:841) queueBuffer: fps=0.28 dur=7038.65 max=6039.20 min=999.45
01-01 18:20:55.410   799   879 I hwcomposer: [HWCDisplay] [Display_0 (type:1)] fps:0.284127,dur:7039.11,max:6039.97,min:999.15  
01-01 18:20:55.474  1876  1876 D StatusBarIconController: ignoring old pipeline callbacks, because the new mobile icons are enabled
01-01 18:20:55.612 20279 20303 I TRuntime.CctTransportBackend: Status Code: 200
01-01 18:20:55.874   784   943 W doh::connection: Connection driver returns some Err: Closed
01-01 18:20:56.364  1876  1876 D StatusBarIconController: ignoring old pipeline callbacks, because the new mobile icons are enabled
01-01 18:20:56.391  1876  2061 I gralloc4: @set_metadata: update dataspace from GM (0x00000000 -> 0x08010000)
01-01 18:20:56.408   841   841 I BufferQueueProducer: [StatusBar$_1876#83](this:0xb400007a78f3f790,id:-1,api:0,p:-1,c:841) queueBuffer: fps=1.00 dur=1002.12 max=1002.12 min=1002.12
01-01 18:20:56.411   799   879 I hwcomposer: [HWCDisplay] [Display_0 (type:1)] fps:0.998422,dur:1001.58,max:1001.58,min:1001.58  
01-01 18:20:56.414  1375  1506 D SensorService: [SO] 0.395 0.005 9.742
01-01 18:20:56.449  1028  1028 I thermal_repeater: socket -1
01-01 18:20:56.474  1876  1876 D StatusBarIconController: ignoring old pipeline callbacks, because the new mobile icons are enabled
01-01 18:20:57.369  1876  1876 D StatusBarIconController: ignoring old pipeline callbacks, because the new mobile icons are enabled
01-01 18:20:57.397  1876  2061 I gralloc4: @set_metadata: update dataspace from GM (0x00000000 -> 0x08010000)
01-01 18:20:57.414   841   841 I BufferQueueProducer: [StatusBar$_1876#83](this:0xb400007a78f3f790,id:-1,api:0,p:-1,c:841) queueBuffer: fps=0.99 dur=1005.80 max=1005.80 min=1005.80
01-01 18:20:57.417   799   879 I hwcomposer: [HWCDisplay] [Display_0 (type:1)] fps:0.993967,dur:1006.07,max:1006.07,min:1006.07  
01-01 18:20:57.476  1876  1876 D StatusBarIconController: ignoring old pipeline callbacks, because the new mobile icons are enabled
01-01 18:20:57.603   844   856 D ccci_mdinit: (1):monitor_time_update_thread round:19923 ########
01-01 18:20:57.717  1375  2904 I SemWifiApDataUsage: handleMessage: 14
01-01 18:20:57.718  1375  2904 I SemWifiApEbpf: DATA_USAGE_STATS_START_POLL,mhs= true,upstream= 2,client size 2
01-01 18:20:57.719  1375  2904 D SemWifiApEbpf: getWifiApDataUsageForOverAllMhs():  overall data is246690567
01-01 18:20:57.719  1375  2904 I SemWifiApEbpf: updating the overall dataUsage , overall =246690567 , global = {mTotalDataBytes=246690110,mTotalDataIngressBytes=0,mTotalDataEgressBytes=0,mCellularBytes=246690110,mCurrentDayAndSimCellularBytes=246690110}
01-01 18:20:58.391  1876  1876 D StatusBarIconController: ignoring old pipeline callbacks, because the new mobile icons are enabled
01-01 18:20:58.404  1876  2061 I gralloc4: @set_metadata: update dataspace from GM (0x00000000 -> 0x08010000)
01-01 18:20:58.419   841   841 I BufferQueueProducer: [StatusBar$_1876#83](this:0xb400007a78f3f790,id:-1,api:0,p:-1,c:841) queueBuffer: fps=0.99 dur=1005.77 max=1005.77 min=1005.77
01-01 18:20:58.423   799   879 I hwcomposer: [HWCDisplay] [Display_0 (type:1)] fps:0.994516,dur:1005.51,max:1005.51,min:1005.51  
01-01 18:20:58.478  1876  1876 D StatusBarIconController: ignoring old pipeline callbacks, because the new mobile icons are enabled
01-01 18:20:58.918   543   543 D io_stats: !@ 179,0 r 37921159 535787702 w 5964954 67758740 d 892882 67065336 f 0 0 iot 9732188 0 th 0 0 0 pt 0 inp 0 0 251620.508
01-01 18:21:00.006  1876  2386 D QSClockBellTower: onReceive(android.intent.action.TIME_TICK) mTimeZoneString:Africa/Nouakchott
01-01 18:21:00.006  1876  1876 D FaceWidgetPagesController: onTimeChanged()
01-01 18:21:00.010  1876  1876 D QSClockBellTower: He is ready to ring the bell. (((QSClockBellSound - TimeText:18:21, TimeContentDescription:18:21, DateText:Thu, 1 January, ShortDateText:Thu, 1 Jan, Demo:false, QuickStar-Second(false|12:34:56), QuickStar-DateText:Thu, 1 Jan)))
01-01 18:21:00.011  1876  1876 D QSClock : StatusBar clock=18:21 notifyTimeChanged(QSClockBellSound - TimeText:18:21, TimeContentDescription:18:21, DateText:Thu, 1 January, ShortDateText:Thu, 1 Jan, Demo:false, QuickStar-Second(false|12:34:56), QuickStar-DateText:Thu, 1 Jan) clockVisibleByPolicy=true, clockVisibleByUser=true, visible=true, parent=android.widget.LinearLayout{51f2ff8 V.E...... ......ID 0,0-100,56 #7f0a0591 app:id/left_clock_container}
01-01 18:21:00.011  1876  1876 D QSClockBellTower: Everyone heard the bell. run(currentTime:1767291660008, getTime():Thu Jan 01 18:21:00 GMT 2026, getTimeZone():libcore.util.ZoneInfo[mDstSavings=0,mUseDst=false,mDelegate=[id="Africa/Nouakchott",mRawOffset=0,mEarliestRawOffset=-968000,transitions=1]])
01-01 18:21:00.012  1876  2386 I DateTimeView: updateAll - getTimeFormat
01-01 18:21:00.040  1876  1876 D QsExpandAnimator: mIsDateButtonOverlapped = false >> false, (341.0 + 375) = 716.0 : 984
01-01 18:21:00.051  1876  1876 W View    : requestLayout() improperly called by android.widget.FrameLayout{4318375 V.E...... ......ID 0,126-1080,2273 #7f0a0846 app:id/qs_frame} during layout: running second layout pass
01-01 18:21:00.069  1876  2061 I gralloc4: @set_metadata: update dataspace from GM (0x00000000 -> 0x08010000)
01-01 18:21:00.075   841   841 I SurfaceFlinger: SFWD update time=251621665940842
01-01 18:21:00.076   841   841 I BufferQueueProducer: [StatusBar$_1876#83](this:0xb400007a78f3f790,id:-1,api:0,p:-1,c:841) queueBuffer: fps=0.60 dur=1656.24 max=1656.24 min=1656.24
01-01 18:21:00.079   799   879 I hwcomposer: [HWCDisplay] [Display_0 (type:1)] fps:0.603817,dur:1656.13,max:1656.13,min:1656.13  
01-01 18:21:00.474  1876  1876 D StatusBarIconController: ignoring old pipeline callbacks, because the new mobile icons are enabled
01-01 18:21:00.919   543   543 D io_stats: !@ 179,0 r 37921163 535787718 w 5964954 67758740 d 892882 67065336 f 0 0 iot 9732192 0 th 0 0 0 pt 0 inp 0 0 251622.510
01-01 18:21:01.359  1375  2904 I SemWifiApDataUsage: handleMessage: 15
01-01 18:21:01.362   773   773 E audit   : type=1400 audit(1767291661.360:1643116): avc:  denied  { ioctl } for  pid=1375 comm="SemWifiApDataUs" path="/data/system/SemWifiApDataUsageHistory.db" dev="dm-50" ino=202538 ioctlcmd=0xf522 scontext=u:r:system_server:s0 tcontext=u:object_r:system_data_file:s0 tclass=file permissive=0 SEPF_SM-A145P_12_0001 audit_filtered
01-01 18:21:01.374  1375  2904 D SemWifiApDbHistoryTableHelper: insertOrUpdateOnGivenDate() : data has been updated or inserted for date=2026-01-01
01-01 18:21:01.380  1375  2904 I SemWifiApDbSimTableHelper: updated for SIM : 8922201040**********
01-01 18:21:01.449  1028  1028 I thermal_repeater: socket -1
01-01 18:21:01.475  1876  1876 D StatusBarIconController: ignoring old pipeline callbacks, because the new mobile icons are enabled
01-01 18:21:02.399  1876  1876 D StatusBarIconController: ignoring old pipeline callbacks, because the new mobile icons are enabled
01-01 18:21:02.424  1876  2061 I gralloc4: @set_metadata: update dataspace from GM (0x00000000 -> 0x08010000)
01-01 18:21:02.441   841   841 I BufferQueueProducer: [StatusBar$_1876#83](this:0xb400007a78f3f790,id:-1,api:0,p:-1,c:841) queueBuffer: fps=0.42 dur=2365.59 max=2365.59 min=2365.59
01-01 18:21:02.445   799   879 I hwcomposer: [HWCDisplay] [Display_0 (type:1)] fps:0.422719,dur:2365.64,max:2365.64,min:2365.64  
01-01 18:21:02.721  1375  2904 I SemWifiApDataUsage: handleMessage: 14
01-01 18:21:02.721  1375  2904 I SemWifiApEbpf: DATA_USAGE_STATS_START_POLL,mhs= true,upstream= 2,client size 2
01-01 18:21:02.723  1375  2904 D SemWifiApEbpf: getWifiApDataUsageForOverAllMhs():  overall data is246704103
01-01 18:21:02.723  1375  2904 I SemWifiApEbpf: updating the overall dataUsage , overall =246704103 , global = {mTotalDataBytes=246690567,mTotalDataIngressBytes=0,mTotalDataEgressBytes=0,mCellularBytes=246690567,mCurrentDayAndSimCellularBytes=246690567}
01-01 18:21:03.475  1876  1876 D StatusBarIconController: ignoring old pipeline callbacks, because the new mobile icons are enabled
01-01 18:21:04.406  1876  1876 D StatusBarIconController: ignoring old pipeline callbacks, because the new mobile icons are enabled
01-01 18:21:04.431  1876  2061 I gralloc4: @set_metadata: update dataspace from GM (0x00000000 -> 0x08010000)
01-01 18:21:04.445   841   841 I BufferQueueProducer: [StatusBar$_1876#83](this:0xb400007a78f3f790,id:-1,api:0,p:-1,c:841) queueBuffer: fps=0.50 dur=2004.03 max=2004.03 min=2004.03
01-01 18:21:04.449   799   879 I hwcomposer: [HWCDisplay] [Display_0 (type:1)] fps:0.498977,dur:2004.10,max:2004.10,min:2004.10  
01-01 18:21:04.921   543   543 D io_stats: !@ 179,0 r 37921447 535790406 w 5964967 67758828 d 892882 67065336 f 0 0 iot 9732224 0 th 0 0 0 pt 0 inp 0 0 251626.511
01-01 18:21:05.379  1375  1506 D SensorService: [SO] 0.414 0.005 9.703
01-01 18:21:05.474  1876  1876 D StatusBarIconController: ignoring old pipeline callbacks, because the new mobile icons are enabled
01-01 18:21:06.450  1028  1028 I thermal_repeater: socket -1
01-01 18:21:06.474  1876  1876 D StatusBarIconController: ignoring old pipeline callbacks, because the new mobile icons are enabled
01-01 18:21:06.922   543   543 D io_stats: !@ 179,0 r 37921452 535790454 w 5964983 67759016 d 892882 67065336 f 0 0 iot 9732228 0 th 0 0 0 pt 0 inp 0 0 251628.512
01-01 18:21:07.474  1876  1876 D StatusBarIconController: ignoring old pipeline callbacks, because the new mobile icons are enabled
01-01 18:21:07.723  1375  2904 I SemWifiApDataUsage: handleMessage: 14
01-01 18:21:07.723  1375  2904 I SemWifiApEbpf: DATA_USAGE_STATS_START_POLL,mhs= true,upstream= 2,client size 2
01-01 18:21:07.724  1375  2904 D SemWifiApEbpf: getWifiApDataUsageForOverAllMhs():  overall data is246706214
01-01 18:21:07.725  1375  2904 I SemWifiApEbpf: updating the overall dataUsage , overall =246706214 , global = {mTotalDataBytes=246704103,mTotalDataIngressBytes=0,mTotalDataEgressBytes=0,mCellularBytes=246704103,mCurrentDayAndSimCellularBytes=246704103}
01-01 18:21:08.473  1876  1876 D StatusBarIconController: ignoring old pipeline callbacks, because the new mobile icons are enabled
01-01 18:21:09.474  1876  1876 D StatusBarIconController: ignoring old pipeline callbacks, because the new mobile icons are enabled
01-01 18:21:10.473  1876  1876 D StatusBarIconController: ignoring old pipeline callbacks, because the new mobile icons are enabled
01-01 18:21:10.811 19841 20746 I IPCThreadState: oneway function results for code 2 on binder at 0xb400007094c4f080 will be dropped but finished with status UNKNOWN_TRANSACTION
01-01 18:21:10.821  1375  5925 W ProcessStats: Tracking association SourceState{f0b6e38 com.wawapp.driver/10417 BTop #549716} whose proc state 2 is better than process ProcessState{ae5b82b com.google.android.gms/10173 pkg=com.google.android.gms} proc state 6 (4 skipped)
01-01 18:21:10.923   543   543 D io_stats: !@ 179,0 r 37921476 535790962 w 5964983 67759016 d 892882 67065336 f 0 0 iot 9732236 0 th 0 0 0 pt 0 inp 0 0 251632.513
01-01 18:21:10.996 15611 15615 W earchbox:search: Reducing the number of considered missed Gc histogram windows from 202 to 100
01-01 18:21:11.451  1028  1028 I thermal_repeater: socket -1
01-01 18:21:11.474  1876  1876 D StatusBarIconController: ignoring old pipeline callbacks, because the new mobile icons are enabled
01-01 18:21:12.458  1876  1876 D StatusBarIconController: ignoring old pipeline callbacks, because the new mobile icons are enabled
01-01 18:21:12.477  1876  1876 D StatusBarIconController: ignoring old pipeline callbacks, because the new mobile icons are enabled
01-01 18:21:12.478  1876  2061 I gralloc4: @set_metadata: update dataspace from GM (0x00000000 -> 0x08010000)
01-01 18:21:12.494   841   841 I BufferQueueProducer: [StatusBar$_1876#83](this:0xb400007a78f3f790,id:-1,api:0,p:-1,c:841) queueBuffer: fps=0.12 dur=8048.58 max=8048.58 min=8048.58
01-01 18:21:12.497   799   879 I hwcomposer: [HWCDisplay] [Display_0 (type:1)] fps:0.124247,dur:8048.50,max:8048.50,min:8048.50  
01-01 18:21:12.730  1375  2904 I SemWifiApDataUsage: handleMessage: 14
01-01 18:21:12.730  1375  2904 I SemWifiApEbpf: DATA_USAGE_STATS_START_POLL,mhs= true,upstream= 2,client size 2
01-01 18:21:12.732  1375  2904 D SemWifiApEbpf: getWifiApDataUsageForOverAllMhs():  overall data is246796707
01-01 18:21:12.732  1375  2904 I SemWifiApEbpf: updating the overall dataUsage , overall =246796707 , global = {mTotalDataBytes=246706214,mTotalDataIngressBytes=0,mTotalDataEgressBytes=0,mCellularBytes=246706214,mCurrentDayAndSimCellularBytes=246706214}
01-01 18:21:12.924   543   543 D io_stats: !@ 179,0 r 37921491 535791450 w 5964987 67759072 d 892882 67065336 f 0 0 iot 9732240 0 th 0 0 0 pt 0 inp 0 0 251634.514
01-01 18:21:13.042   813   836 D power@timer: [mtkPowerTimer] visRead:0
01-01 18:21:13.105   800   800 I android.hardware.health@2.1-service-samsung: start ISehThermal::getService()
01-01 18:21:13.106   497   497 I hwservicemanager: getTransport: Cannot find entry vendor.samsung.hardware.thermal@1.0::ISehThermal/default in either framework or device VINTF manifest.
01-01 18:21:13.106   800   800 E android.hardware.health@2.1-service-samsung: ISehThermal::getService() fail
01-01 18:21:13.107  1375  1407 D BatteryService: Sending ACTION_BATTERY_CHANGED: level:78, status:2, health:2, remain:420, ac:false, usb:true, wireless:false, pogo:false, misc:0x0, charge_type:1, charger_type:0, voltage:4194, temperature:398, online:6, charging_status:0, cycle_count:542, current_avg:548900, ps:false, hvc:false, capacity:280000, current_event:0x0, current_now:550000, mcc:500000, mcv:5000000, cc:2297880, present:true, scale:100, technology:Li-ion
01-01 18:21:13.110  1375  1375 E BatteryService: !@[BatteryInfo] IOException in readFromFile:/sys/class/power_supply/battery/fg_asoc
01-01 18:21:13.110  1375  1375 D BatteryService: !@[BatteryInfo] /sys/class/power_supply/battery/fg_asoc : data is null.
01-01 18:21:13.110  1375  1375 D BatteryService: !@currentAsoc: -1
01-01 18:21:13.113  1375  1375 D BatteryService: !@[BatteryInfo] readFromFile /efs/FactoryApp/asoc: -1
01-01 18:21:13.113  1375  1375 D BatteryService: !@initializeSavedAsoc: -1
01-01 18:21:13.113  1375  1375 D BatteryService: !@[BatteryInfo] writeToFile /efs/FactoryApp/asoc: -1
01-01 18:21:13.113  1375  1375 E BatteryService: !@[BatteryInfo] IOException in writeToFile
01-01 18:21:13.116  1375  1730 I DeviceBatteryInfoService: action: android.intent.action.BATTERY_CHANGED
01-01 18:21:13.116  1375  1730 I DeviceBatteryInfoService: phone battery level: 78
01-01 18:21:13.116  1375  1730 I DeviceBatteryInfoService: phone battery status: 2
01-01 18:21:13.116  1375  1730 D DeviceBatteryInfoService: setBatteryStatus : 2
01-01 18:21:13.116  1375  1584 D MotionRecognitionService: [SAR]  onReceive : ACTION_BATTERY_CHANGED, Plugged: 2
01-01 18:21:13.118  1764  1764 D SemBigDataInfoController: Intent: android.intent.action.BATTERY_CHANGED
01-01 18:21:13.119  1764  1764 D SemBigDataInfoController: Intent: android.intent.action.BATTERY_CHANGED
01-01 18:21:13.120  1876  1876 I AODBatteryManager: updateBatteryData: ACTION_BATTERY_CHANGED
01-01 18:21:13.120  1375  1375 D SemWifiApIntentHandler: rcvd:android.intent.action.BATTERY_LEVEL_CHANGED
01-01 18:21:13.122  1876  1876 I AODBatteryManager: saveBatteryData : AOD BatteryData [mBatteryLevel=78, mBatteryStatus=CHARGING, mBatteryPlugType=USB, mBatteryPlugged=true, mRemainingChargeTime=420000, mBatteryChargingType=1, mBatteryChargerType=NORMAL, mBatteryOnline=NOT_DEFINED, mBatterySwellingMode=NONE, mBatteryProtectMode=false, mBatteryProtectModeType=1, mSleepChargingEvent=null, mSleepChargingEventFinishTime=null]
01-01 18:21:13.124  1876  1876 I ChargingInfoManager: updateChargingInfo: newState = AOD ChargingInfo [mState=BATTERY_AND_REMAIN_TIME, mIsCharging=true, mIsFullyCharged=false, mIsBatteryProtectMode=false, mBetteryLevel=78, mBetteryProtectModeType1], oldState = AOD ChargingInfo [mState=BATTERY_AND_REMAIN_TIME, mIsCharging=true, mIsFullyCharged=false, mIsBatteryProtectMode=false, mBetteryLevel=77, mBetteryProtectModeType1]
01-01 18:21:13.124  1876  1876 D SamsungBatteryMeterDrawable: onBatteryLevelChanged isSomethingChanged: true
01-01 18:21:13.126  3527  3527 E SDHMS:SDHMS_UTIL_IO: e = /sys/class/power_supply/battery/chg_type: open failed: ENOENT (No such file or directory)
01-01 18:21:13.129  1876  1876 D SamsungBatteryMeterDrawable: onBatteryLevelChanged isSomethingChanged: true
01-01 18:21:13.130  1876  1876 D SamsungBatteryMeterDrawable: onBatteryLevelChanged isSomethingChanged: true
01-01 18:21:13.130  1876  1876 I PowerUI : mBootCompleted = true |  mFullyConnected = true
01-01 18:21:13.130  1876  1876 I PowerUI : BATTERY_HEALTH_CHECK extraHealth=2 mBatteryMiscEvent=0
01-01 18:21:13.130  1876  1876 W PowerUI : Plug reason
01-01 18:21:13.130  1876  1876 W PowerUI : Skip charging animation - by plug status
01-01 18:21:13.130  1876  1876 D PowerUI : priorPlugType = 2 mPlugType = 2 priorBatteryStatus = 2 mBatteryStatus = 2
01-01 18:21:13.131  1876  1876 W PowerUI : Plug reason
01-01 18:21:13.131  1876  1876 W PowerUI : Skip charging sound - by plug status
01-01 18:21:13.131  1876  1876 I PowerUI : oldMisalign : false, curMisalign : false
01-01 18:21:13.131  1876  3274 D SecPowerUI.Notification: dismissing low battery warning: level=78
01-01 18:21:13.131  1876  3274 D SecPowerUI.Notification: updateNotification mWarning=false mPlaySound=false
01-01 18:21:13.131  1876  3274 D SecPowerUI.Notification: SecBatteryStatsSnapshot{batteryLevel=78, currentBatteryMode=1, chargingTime=600000, chargingType=11, batteryHealth=2, automaticTestMode=false, isHiccupState=false, optChargingFinishTime=}
01-01 18:21:13.132  1876  3274 D SecPowerUI.Notification: 1. restoreScreenTimeOut - saved_value : :
01-01 18:21:13.132  1876  3274 E SecPowerUI.Notification: no saved value, so we do nothing !!
01-01 18:21:13.132  1876  1876 D SecPowerUI.Notification: showChargingNotice oldChargingType : 11 / currentChargingType : 11, oldChargingTime : 600000 / mChargingTime : 420000
01-01 18:21:13.132  1876  1876 D SecPowerUI.Notification: showChargingNotification()
01-01 18:21:13.132  1876  1876 D SecPowerUI.Notification: SecBatteryStatsSnapshot{batteryLevel=78, currentBatteryMode=1, chargingTime=420000, chargingType=11, batteryHealth=2, automaticTestMode=false, isHiccupState=false, optChargingFinishTime=}
01-01 18:21:13.140  1876  1876 I NotificationManager: com.android.systemui: notify(2131363667, charging_state, Notification(channel=CHR shortcut=null contentView=null vibrate=null sound=null defaults=0x0 flags=0xa color=0xff5075a1 category=sys groupKey=CHARGING vis=PUBLIC semFlags=0x0 semPriority=0 semMissedCount=0)) as user
01-01 18:21:13.152  1876  1876 D PowerUI : Battery swelling mode - priorBatterySwellingMode = 0 mBatterySwellingMode = 0 mBatteryStatus = 2
01-01 18:21:13.152  1876  1876 I PowerUI : mBatteryMiscEvent = 0
01-01 18:21:13.152  1876  1876 I PowerUI : checkRestoreProtectBattery pb value : 1, Scheduling start ? : false
01-01 18:21:13.152  1876  1876 I PowerUI : Clear time
01-01 18:21:13.154  1375  1994 D KNOX_MDM_SettingsProvider: isChangeAllowed() : name = ltc_highsoc_exceed_time
01-01 18:21:13.154  1375  1994 D KNOX_MDM_SettingsProvider: edmUri: content://com.sec.knox.provider/RestrictionPolicy3
01-01 18:21:13.154  1375  1994 D KNOX_MDM_SettingsProvider: projectionArgs: isSettingsChangesAllowed
01-01 18:21:13.154  1375  1994 D KNOX_MDM_SettingsProvider: selectionArgs: false
01-01 18:21:13.154  1375  1994 D KNOX_MDM_SettingsProvider: selectionArgs: 10046
01-01 18:21:13.155  1375  1994 D SecContentProvider: query(), uri = 17 selection = isSettingsChangesAllowed
01-01 18:21:13.155  1375  1994 D SecContentProvider: called from android.uid.systemui:10046
01-01 18:21:13.155  1375  1994 D RestrictionPolicy: isSettingsChangesAllowedAsUser, userId 0 : true
01-01 18:21:13.155  1375  1994 D KNOX_MDM_SettingsProvider: ret = 1
01-01 18:21:13.157  1876  1876 I PowerUI : checkBatteryProtectionNotification : 2, pb value : 1, plugType : 2, level : 78
01-01 18:21:13.157  1876  1876 D SecPowerUI.Notification: SecBatteryStatsSnapshot{batteryLevel=78, currentBatteryMode=1, chargingTime=420000, chargingType=11, batteryHealth=2, automaticTestMode=false, isHiccupState=false, optChargingFinishTime=}
01-01 18:21:13.158  1876  1876 D KeyguardUpdateMonitor: handleBatteryUpdate
01-01 18:21:13.173  1876  1876 D KeyguardSecIndicationPolicy:  add T Event pos = DEFAULT, type =              BATTERY, id =  4572, text =   78%
01-01 18:21:13.173  1876  1876 D KeyguardSecIndicationPolicy: 7 m until full, duration = 3000
01-01 18:21:13.173  1876  1876 D KeyguardSecIndicationPolicy:   update top pos = DEFAULT, item = [id=4571|ty=UNLOCK_GUIDE|pr=25|txt=Swipe to unlock|ti=duration=PERSISTENT|an=false] -> [id=4572|ty=BATTERY|pr=40|txt=  78%
01-01 18:21:13.173  1876  1876 D KeyguardSecIndicationPolicy: 7 m until full|ti=duration=3000|an=false]
01-01 18:21:13.173  1876  1876 D KeyguardSecIndicationController: onIndicationChanged() return - keyguard is not visible, pos = DEFAULT, item = [id=4572|ty=BATTERY|pr=40|txt=  78%
01-01 18:21:13.173  1876  1876 D KeyguardSecIndicationController: 7 m until full|ti=duration=3000|an=false]
01-01 18:21:13.174  1876  1876 D KeyguardSecIndicationPolicy: update Event pos = DEFAULT, type =      BATTERY_RESTING, id =  4573, text =   78%
01-01 18:21:13.174  1876  1876 D KeyguardSecIndicationPolicy: 7 m until full
01-01 18:21:13.174  1876  1876 D KeyguardSecIndicationPolicy:  remove Item pos = DEFAULT, type =     TRUST_AGENT_HELP
01-01 18:21:13.174  1876  1876 D KeyguardSecIndicationController: addBatteryAndOwnerInfoIndication() battery status = BatteryStatus{status=2,level=78,plugged=2,chargingStatus=0,maxChargingWattage=2500000,remaining=420000ultraFastCharger=0}
01-01 18:21:13.186  1876  1876 W View    : requestLayout() improperly called by android.widget.FrameLayout{4318375 V.E...... ......ID 0,126-1080,2273 #7f0a0846 app:id/qs_frame} during layout: running second layout pass
01-01 18:21:13.202  1876  2061 I gralloc4: @set_metadata: update dataspace from GM (0x00000000 -> 0x08010000)
01-01 18:21:13.218  1876  2061 I gralloc4: @set_metadata: update dataspace from GM (0x00000000 -> 0x08010000)
01-01 18:21:13.221   800   800 I android.hardware.health@2.1-service-samsung: start ISehThermal::getService()
01-01 18:21:13.221   497   497 I hwservicemanager: getTransport: Cannot find entry vendor.samsung.hardware.thermal@1.0::ISehThermal/default in either framework or device VINTF manifest.
01-01 18:21:13.222   800   800 E android.hardware.health@2.1-service-samsung: ISehThermal::getService() fail
01-01 18:21:13.358  1375  1375 I Telecom:SamsungTelecomServiceImpl: isInManagedCall - callingPackage : android / callingUser : UserHandle{0} / hasCrossUserAccess : true
01-01 18:21:13.373  2772  2772 I HoneySpace.NotificationListener: onNotificationPosted com.android.systemui: -1|com.android.systemui|2131363667|charging_state|10046: 0
01-01 18:21:13.373  2772  2772 I HoneySpace.NotificationListener: invalid notification: com.android.systemui UserHandle{-1}: canShowBadge is false
01-01 18:21:13.375  2772 31916 I HoneySpace.BadgeDataSourceImpl: Get notification count. PackageKey(packageName=mr.bpm.digitalbanking.consumer, user=UserHandle{0}) - forceBadgeCount: false, notification listener: 2, badge provider: 0
01-01 18:21:13.389  1876  1876 I AODNotificationManager: updateNotification() 
01-01 18:21:13.397  1876  2061 I gralloc4: @set_metadata: update dataspace from GM (0x00000000 -> 0x08010000)
01-01 18:21:13.476  1876  1876 D StatusBarIconController: ignoring old pipeline callbacks, because the new mobile icons are enabled
01-01 18:21:13.575  1876  1876 D BubblesManager: onEntryUpdated : shouldBubbleUp=false ,key=-1|com.android.systemui|2131363667|charging_state|10046
01-01 18:21:13.578  1876  1876 D InterruptionStateProvider:  no Heads up : edgelighting enabled app. -1|com.android.systemui|2131363667|charging_state|10046
01-01 18:21:13.624  1876  1876 I AODNotificationManager: updateNotification() 
01-01 18:21:13.628  1876  2061 I gralloc4: @set_metadata: update dataspace from GM (0x00000000 -> 0x08010000)
01-01 18:21:13.645  1876  3129 E OpenGLRenderer: Device claims wide gamut support, cannot find matching config, error = EGL_SUCCESS
01-01 18:21:13.645  1876  3129 W OpenGLRenderer: Failed to initialize 101010-2 format, error = EGL_SUCCESS
01-01 18:21:13.646   841   841 I BufferQueueProducer: [StatusBar$_1876#83](this:0xb400007a78f3f790,id:-1,api:0,p:-1,c:841) queueBuffer: fps=3.47 dur=1151.82 max=723.44 min=16.02
01-01 18:21:13.647   799   879 I hwcomposer: [HWCDisplay] [Display_0 (type:1)] fps:3.478615,dur:1149.88,max:722.22,min:15.32  
01-01 18:21:13.697  1876  1876 I AODNotificationManager: updateNotification() 
01-01 18:21:13.699  1876  2061 I gralloc4: @set_metadata: update dataspace from GM (0x00000000 -> 0x08010000)
01-01 18:21:14.345  1375  1506 D SensorService: [SO] 0.414 0.063 9.703
01-01 18:21:14.460  1876  1876 D StatusBarIconController: ignoring old pipeline callbacks, because the new mobile icons are enabled
01-01 18:21:14.472  1876  1876 D StatusBarIconController: ignoring old pipeline callbacks, because the new mobile icons are enabled
01-01 18:21:14.478  1876  2061 I gralloc4: @set_metadata: update dataspace from GM (0x00000000 -> 0x08010000)
01-01 18:21:14.924   543   543 D io_stats: !@ 179,0 r 37921749 535793870 w 5965113 67759888 d 892883 67065340 f 0 0 iot 9732308 0 th 0 0 0 pt 0 inp 0 0 251636.515
01-01 18:21:15.462  1876  1876 D StatusBarIconController: ignoring old pipeline callbacks, because the new mobile icons are enabled
01-01 18:21:15.485  1876  2061 I gralloc4: @set_metadata: update dataspace from GM (0x00000000 -> 0x08010000)
01-01 18:21:15.494   841   841 I BufferQueueProducer: [StatusBar$_1876#83](this:0xb400007a78f3f790,id:-1,api:0,p:-1,c:841) queueBuffer: fps=1.62 dur=1848.62 max=1007.59 min=66.04
01-01 18:21:15.496   799   879 I hwcomposer: [HWCDisplay] [Display_0 (type:1)] fps:1.622899,dur:1848.54,max:1007.72,min:65.91  
01-01 18:21:15.505  1876  1876 D StatusBarIconController: ignoring old pipeline callbacks, because the new mobile icons are enabled
01-01 18:21:16.175  1876  1876 D KeyguardSecIndicationPolicy:  remove Item pos = DEFAULT                             , id =  4572, 
01-01 18:21:16.175  1876  1876 D KeyguardSecIndicationPolicy:   update top pos = DEFAULT, item = [id=4572|ty=BATTERY|pr=40|txt=  78%
01-01 18:21:16.175  1876  1876 D KeyguardSecIndicationPolicy: 7 m until full|ti=duration=3000|an=false] -> [id=4571|ty=UNLOCK_GUIDE|pr=25|txt=Swipe to unlock|ti=duration=PERSISTENT|an=false]
01-01 18:21:16.175  1876  1876 D KeyguardSecIndicationController: onIndicationChanged() return - keyguard is not visible, pos = DEFAULT, item = [id=4571|ty=UNLOCK_GUIDE|pr=25|txt=Swipe to unlock|ti=duration=PERSISTENT|an=false]
01-01 18:21:16.451  1028  1028 I thermal_repeater: socket -1
01-01 18:21:16.464  1876  1876 D StatusBarIconController: ignoring old pipeline callbacks, because the new mobile icons are enabled
01-01 18:21:16.482  1876  2061 I gralloc4: @set_metadata: update dataspace from GM (0x00000000 -> 0x08010000)
01-01 18:21:16.505  1876  1876 D StatusBarIconController: ignoring old pipeline callbacks, because the new mobile icons are enabled
01-01 18:21:16.925   543   543 D io_stats: !@ 179,0 r 37921755 535793902 w 5965121 67759936 d 892891 67068896 f 0 0 iot 9732352 0 th 0 0 0 pt 0 inp 0 0 251638.515
01-01 18:21:17.467  1876  1876 D StatusBarIconController: ignoring old pipeline callbacks, because the new mobile icons are enabled
01-01 18:21:17.488  1876  2061 I gralloc4: @set_metadata: update dataspace from GM (0x00000000 -> 0x08010000)
01-01 18:21:17.504   841   841 I BufferQueueProducer: [StatusBar$_1876#83](this:0xb400007a78f3f790,id:-1,api:0,p:-1,c:841) queueBuffer: fps=1.00 dur=2009.97 max=1012.86 min=997.11
01-01 18:21:17.506   799   879 I hwcomposer: [HWCDisplay] [Display_0 (type:1)] fps:0.995010,dur:2010.03,max:1013.01,min:997.02  
01-01 18:21:17.737  1375  2904 I SemWifiApDataUsage: handleMessage: 14
01-01 18:21:17.737  1375  2904 I SemWifiApEbpf: DATA_USAGE_STATS_START_POLL,mhs= true,upstream= 2,client size 2
01-01 18:21:17.738  1375  2904 D SemWifiApEbpf: getWifiApDataUsageForOverAllMhs():  overall data is246821659
01-01 18:21:17.738  1375  2904 I SemWifiApEbpf: updating the overall dataUsage , overall =246821659 , global = {mTotalDataBytes=246796707,mTotalDataIngressBytes=0,mTotalDataEgressBytes=0,mCellularBytes=246796707,mCurrentDayAndSimCellularBytes=246796707}
01-01 18:21:18.153  1876  1876 D SecPowerUI.Notification: showChargingNotice oldChargingType : 11 / currentChargingType : 11, oldChargingTime : 420000 / mChargingTime : 420000
01-01 18:21:18.153  1876  1876 D SecPowerUI.Notification: showChargingNotice There is no change about charging status, so return!
01-01 18:21:18.514  1876  1876 D StatusBarIconController: ignoring old pipeline callbacks, because the new mobile icons are enabled
01-01 18:21:18.926   543   543 D io_stats: !@ 179,0 r 37921759 535793918 w 5965131 67760004 d 892891 67068896 f 0 0 iot 9732356 0 th 0 0 0 pt 0 inp 0 0 251640.516
01-01 18:21:19.484  1876  1876 D StatusBarIconController: ignoring old pipeline callbacks, because the new mobile icons are enabled
01-01 18:21:19.505  1876  2061 I gralloc4: @set_metadata: update dataspace from GM (0x00000000 -> 0x08010000)
01-01 18:21:19.514  1876  1876 D StatusBarIconController: ignoring old pipeline callbacks, because the new mobile icons are enabled
01-01 18:21:19.521   841   841 I BufferQueueProducer: [StatusBar$_1876#83](this:0xb400007a78f3f790,id:-1,api:0,p:-1,c:841) queueBuffer: fps=0.50 dur=2016.68 max=2016.68 min=2016.68
01-01 18:21:19.524   799   879 I hwcomposer: [HWCDisplay] [Display_0 (type:1)] fps:0.495334,dur:2018.84,max:2018.84,min:2018.84  
01-01 18:21:20.060  1375  1405 E Watchdog: !@Sync: 8384 heap: 100 / 113 FD: 991 [2026-01-01 18:21:20.059]
01-01 18:21:20.256   773   773 E audit   : type=1400 audit(1767291680.252:1643117): avc:  denied  { ioctl } for  pid=28272 comm="lowpool[1955]" path="/data/data/com.google.android.gms/databases/rmq.db" dev="dm-50" ino=4798 ioctlcmd=0xf522 scontext=u:r:gmscore_app:s0:c512,c768 tcontext=u:object_r:privapp_data_file:s0:c512,c768 tclass=file permissive=0 SEPF_SM-A145P_12_0001 audit_filtered
01-01 18:21:20.262 28272 20424 D ConnectivityManager: StackLog: [android.net.ConnectivityManager.reportNetworkConnectivity(ConnectivityManager.java:3685)] [buto.a(:com.google.android.gms@254730029@25.47.30 (190400-833691957):15)] [buvt.n(:com.google.android.gms@254730029@25.47.30 (190400-833691957):6)] [buvh.run(:com.google.android.gms@254730029@25.47.30 (190400-833691957):623)] [buwe.run(:com.google.android.gms@254730029@25.47.30 (190400-833691957):5)] [gjwb.run(:com.google.android.gms@254730029@25.47.30 (190400-833691957):19)] [bdhp.c(:com.google.android.gms@254730029@25.47.30 (190400-833691957):50)] [bdhp.run(:com.google.android.gms@254730029@25.47.30 (190400-833691957):73)] [java.util.concurrent.ThreadPoolExecutor.runWorker(ThreadPoolExecutor.java:1156)] [java.util.concurrent.ThreadPoolExecutor$Worker.run(ThreadPoolExecutor.java:651)] [bdnh.run(:com.google.android.gms@254730029@25.47.30 (190400-833691957):8)] [java.lang.Thread.run(Thread.java:1119)]
01-01 18:21:20.265 28272 20424 I AlarmManager: setExactAndAllowWhileIdle [name: GCM_HB_ALARM type: 2 triggerAtMillis: 513689997]
01-01 18:21:20.266  1375  5925 D AlarmManager: force change alarm method to setWindow() callingUid=10173, sourcePackage=com.google.android.gms, action=com.google.android.gms.gcm.HEARTBEAT_ALARM, origTriggerAtTime=513689997, triggerAtTime=513594998, windowLength=94999
01-01 18:21:20.269 28272 20424 I AlarmManager: setExactAndAllowWhileIdle [name: GCM_HB_ALARM type: 2 triggerAtMillis: 513690001]
01-01 18:21:20.269  1375  5925 D AlarmManager: force change alarm method to setWindow() callingUid=10173, sourcePackage=com.google.android.gms, action=com.google.android.gms.gcm.HEARTBEAT_ALARM, origTriggerAtTime=513690001, triggerAtTime=513595002, windowLength=94999
01-01 18:21:20.514  1876  1876 D StatusBarIconController: ignoring old pipeline callbacks, because the new mobile icons are enabled
01-01 18:21:20.927   543   543 D io_stats: !@ 179,0 r 37921778 535793998 w 5965131 67760004 d 892891 67068896 f 0 0 iot 9732368 0 th 0 0 0 pt 0 inp 0 0 251642.517
01-01 18:21:21.026 15611 20531 E eibi    : (REDACTED) Trace %s timed out after %d ms. Complete trace: %s
01-01 18:21:21.026 15611 20531 E eibi    : eicq: 
01-01 18:21:21.026 15611 20531 E eibi    : 	at tk_trace.Query: SELECT * FROM AllListenersSucceededVersionTable WHERE version_code = (?)(Started After:0)
01-01 18:21:21.026 15611 20531 E eibi    : 	at tk_trace.AfterPackageReplaced(Started After:0)
01-01 18:21:21.026 15611 20531 E eibi    : 	at tk_trace.Startup Listeners(Started After:0)
01-01 18:21:21.026 15611 20531 E eibi    : 	at tk_trace.Application.onCreate(Started After:0)
01-01 18:21:21.026 15611 20531 E eibi    : 	at tk_trace.Application creation(Started After:0)
01-01 18:21:21.030  1375  5925 W ProcessStats: Tracking association SourceState{f0b6e38 com.wawapp.driver/10417 BTop #549722} whose proc state 2 is better than process ProcessState{ae5b82b com.google.android.gms/10173 pkg=com.google.android.gms} proc state 6 (4 skipped)
01-01 18:21:21.059   773   773 E audit   : type=1400 audit(1767291681.056:1643118): avc:  denied  { ioctl } for  pid=28272 comm="lowpool[1955]" path="/data/data/com.google.android.gms/databases/phenotype.db" dev="dm-50" ino=6143 ioctlcmd=0xf522 scontext=u:r:gmscore_app:s0:c512,c768 tcontext=u:object_r:privapp_data_file:s0:c512,c768 tclass=file permissive=0 SEPF_SM-A145P_12_0001 audit_filtered
01-01 18:21:21.452  1028  1028 I thermal_repeater: socket -1
01-01 18:21:22.514  1876  1876 D StatusBarIconController: ignoring old pipeline callbacks, because the new mobile icons are enabled
01-01 18:21:22.743  1375  2904 I SemWifiApDataUsage: handleMessage: 14
01-01 18:21:22.744  1375  2904 I SemWifiApEbpf: DATA_USAGE_STATS_START_POLL,mhs= true,upstream= 2,client size 2
01-01 18:21:22.745  1375  2904 D SemWifiApEbpf: getWifiApDataUsageForOverAllMhs():  overall data is246823182
01-01 18:21:22.746  1375  2904 I SemWifiApEbpf: updating the overall dataUsage , overall =246823182 , global = {mTotalDataBytes=246821659,mTotalDataIngressBytes=0,mTotalDataEgressBytes=0,mCellularBytes=246821659,mCurrentDayAndSimCellularBytes=246821659}
01-01 18:21:22.928   543   543 D io_stats: !@ 179,0 r 37921928 535797622 w 5965165 67760164 d 892891 67068896 f 0 0 iot 9732416 0 th 0 0 0 pt 0 inp 0 0 251644.518
01-01 18:21:23.313  1375  1506 D SensorService: [SO] 0.395 0.024 9.742
