01-01 18:03:48.399 I/SamsungAccount(17557): [DbManagerV2] getEmailID
01-01 18:03:48.399 I/SamsungAccount(17557): [DbManagerV2] getDataV02ForItems : EMAIL_ID from Db
01-01 18:03:48.404 I/SamsungAccount(17557): [SignatureInfoDbHelper] searchOnUser - [10/lfgff][android.honeyboard.][64/3291d] => matched
01-01 18:03:48.404 I/SamsungAccount(17557): [SignatureInfoDbHelper] search - matched
01-01 18:03:48.404 I/SamsungAccount(17557): [SignatureCheckUtil] runCheckSignatureAsync(fromDb) - matched
01-01 18:03:48.404 I/SamsungAccount(17557): [AccountManagerProvider] This is the access of the allowed application
01-01 18:03:48.404 I/SamsungAccount(17557): [AccountManagerUtil] isSamsungAccountSignedIn : false
01-01 18:03:48.405 I/HBD     (32459): e [AiWriter] updateChildAccountInfo reset
01-01 18:03:48.405 I/HBD     (32459): e [AiWriter] setCurrentCc resetCcAndLegalAge
01-01 18:03:48.411 I/SamsungAccount(17557): [DbManagerV2] EMAIL_ID : value is empty
01-01 18:03:48.411 I/SamsungAccount(17557): [AccountManagerUtil] isSamsungAccountSignedIn : false
01-01 18:03:48.411 I/SamsungAccount(17557): [DeviceManager] SEP Platform version : 15.1
01-01 18:03:48.411 I/SamsungAccount(17557): [ConsentWorkManager] startWorkerAfterCheckCondition
01-01 18:03:48.411 D/SamsungAnalytics605066(17557): [Tracker] Tracker start:6.05.066
01-01 18:03:48.412 I/SamsungAccount(17557): [AnalyticsWorkManager] startWork
01-01 18:03:48.414 I/SamsungAccount(17557): [ConsentWorkManager] checkWorkerIsRunning
01-01 18:03:48.415 I/SamsungAccount(17557): [AnalyticsPref] setSaVersionStatus : 14.9.00.4
01-01 18:03:48.417 I/SamsungAccount(17557): [AccountManagerUtil] isSamsungAccountSignedIn : false
01-01 18:03:48.418 I/SamsungAccount(17557): [AnalyticsPref] setSignedInStatus : 0
01-01 18:03:48.418 D/SamsungAnalytics605066(17557): do not send setting < 1day
01-01 18:03:48.418 I/SamsungAccount(17557): [AccountDiagmonLogger] Diagmon Logger Init
01-01 18:03:48.418 I/DIAGMON_SDK[605066](17557): DiagMonAgent type: 2
01-01 18:03:48.418 D/DIAGMON_SDK[605066][773-399-565755] (17557): setConfiguration type : CUSTOM
01-01 18:03:48.419 I/DIAGMON_SDK[605066][773-399-565755] (17557): generated SR object
01-01 18:03:48.419 I/SamsungAccount(17557): [SamsungAccount] initBixby2()
01-01 18:03:48.419 I/CapsuleProvider_1.0.23(17557): releasing initialize wait lock.
01-01 18:03:48.420 I/SamsungAccount(17557): [MobileServiceStateProxy] registerServiceStateForSesSdk : false
01-01 18:03:48.420 I/SamsungAccount(17557): [MobileServiceStateImpl] serviceName : AuthService
01-01 18:03:48.420 I/SamsungAccount(17557): [MobileServiceStateProxy] registerServiceState, AuthService is added
01-01 18:03:48.420 I/SamsungAccount(17557): [MobileServiceStateImpl] serviceName : ProfileService
01-01 18:03:48.420 I/SamsungAccount(17557): [MobileServiceStateProxy] registerServiceState, ProfileService is added
01-01 18:03:48.420 I/SamsungAccount(17557): [MobileServiceStateImpl] serviceName : PlaceService
01-01 18:03:48.420 I/SamsungAccount(17557): [MobileServiceStateProxy] registerServiceState, PlaceService is added
01-01 18:03:48.423 I/SamsungAccount(17557): [Migration]  startMigrationService : Migration was completed in the past! status - 2
01-01 18:03:48.423 I/SamsungAccount(17557): [EasySignUpMappingManager] requestMappingIfNeeded
01-01 18:03:48.423 I/SamsungAccount(17557): [EasySignUpMappingManager] This OneUI version does not need ESU mapping.
01-01 18:03:48.423 I/SamsungAccount(17557): [AccountManagerUtil] isSamsungAccountSignedIn : false
01-01 18:03:48.423 I/SamsungAccount(17557): [SamsungService(Application)] onCreate END
01-01 18:03:48.424 D/SamsungAnalytics605066(17557): [PropertyLogBuildClient] No Property log
01-01 18:03:48.424 I/ActivityManager( 1375): Flag disabled. Ignoring finishAttachApplication from uid: 10081. pid: 17557
01-01 18:03:48.425 D/SamsungAnalytics605066(17557): do not send setting < 1day
01-01 18:03:48.426 I/SamsungAccount(17557): [ConsentWorkManager] checkWorkerIsRunning work info is empty
01-01 18:03:48.426 I/SamsungAccount(17557): [AccountManagerUtil] isSamsungAccountSignedIn : false
01-01 18:03:48.426 I/SamsungAccount(17557): [ConsentWorkManager] startWorkerAfterCheckCondition, isRunning : false, isSignOut : true
01-01 18:03:48.426 D/CompatibilityChangeReporter( 1375): Compat change id reported: 261072174; UID 1000; state: ENABLED
01-01 18:03:48.426 I/PhenotypeResourceReader(28272): unable to find any Phenotype resource metadata for com.osp.app.signin
01-01 18:03:48.434 D/PackageManager( 1375): setEnabledSetting : userId = 0 packageName = com.osp.app.signin cmp = androidx.work.impl.background.systemalarm.RescheduleReceiver newState = 1 callingPackage = com.osp.app.signin
01-01 18:03:48.434 D/ApplicationPolicy( 1375): getApplicationStateEnabled : pkg = com.osp.app.signin userId : 0
01-01 18:03:48.435 D/ApplicationPolicy( 1375): getApplicationComponentState : pkg = com.osp.app.signin userId : 0
01-01 18:03:48.438 D/CompatibilityChangeReporter(17557): Compat change id reported: 194532703; UID 10081; state: ENABLED
01-01 18:03:48.438 D/CompatibilityChangeReporter(17557): Compat change id reported: 253665015; UID 10081; state: ENABLED
01-01 18:03:48.438 D/CompatibilityChangeReporter( 1375): Compat change id reported: 253665015; UID 10081; state: ENABLED
01-01 18:03:48.438 D/CompatibilityChangeReporter( 1375): Compat change id reported: 194532703; UID 10081; state: ENABLED
01-01 18:03:48.445 D/NotificationHistoryImageProvider( 1375): deletedRows= 4, deleteTime= 1767204228432
01-01 18:03:48.445 D/CompatibilityChangeReporter(17557): Compat change id reported: 263076149; UID 10081; state: ENABLED
01-01 18:03:48.446 I/SamsungAccount(17557): [SamsungAnalyticsWrapper] setSessionId
01-01 18:03:48.449 I/WM-WorkerWrapper(17557): Worker result SUCCESS for Work [ id=45d17148-c540-482e-926f-cf7b19d38ebc, tags={ com.samsung.android.samsungaccount.samsunganalytics.AnalyticsWorker, REFRESH_SESSION_ID } ]
01-01 18:03:48.461 I/FA      (17557): App measurement disabled via the manifest
01-01 18:03:48.461 E/.osp.app.signin(17557): No package ID 6a found for resource ID 0x6a0b0013.
01-01 18:03:48.462 I/FA      (17557): App measurement initialized, version: 146007
01-01 18:03:48.462 I/FA      (17557): To enable debug logging run: adb shell setprop log.tag.FA VERBOSE
01-01 18:03:48.463 I/FA      (17557): To enable faster debug mode event logging run:
01-01 18:03:48.463 I/FA      (17557):   adb shell setprop debug.firebase.analytics.app com.osp.app.signin
01-01 18:03:48.474 I/ActivityManager( 1375): Changes in 99137 10 to 5, 0 to 56
01-01 18:03:48.475 W/libprocessgroup( 1375): SetCgroup::ExecuteForProcess: failed to open /dev/blkio//cgroup.procs: No such file or directory
01-01 18:03:48.475 W/libprocessgroup( 1375): SetCgroup::ExecuteForProcess: failed to open /dev/blkio//cgroup.procs: No such file or directory
01-01 18:03:48.476 D/BoundBrokerSvc(27954): onBind: Intent { act=com.google.android.gms.measurement.START pkg=com.google.android.gms }
01-01 18:03:48.476 D/BoundBrokerSvc(27954): Loading bound service for intent: Intent { act=com.google.android.gms.measurement.START pkg=com.google.android.gms }
01-01 18:03:48.486 D/AdvertisingIdClient(27954): AdvertisingIdClient already created.
01-01 18:03:48.487 D/AdvertisingIdClient(27954): AdvertisingIdClient is not bounded. Starting to bind it...
01-01 18:03:48.494 D/AdvertisingIdClient(27954): AdvertisingIdClient is bounded
01-01 18:03:48.497 I/AdvertisingIdClient(27954): shouldSendLog 510633375
01-01 18:03:48.498 I/AdvertisingIdClient(27954): GetInfoInternal elapse 10ms
01-01 18:03:48.509 D/BoundBrokerSvc(28272): onRebind: Intent { act=com.google.android.gms.common.telemetry.service.START dat=chimera-action:/... cmp=com.google.android.gms/.chimera.PersistentApiService }
01-01 18:03:48.511 D/StatusBarIconController( 1876): ignoring old pipeline callbacks, because the new mobile icons are enabled
01-01 18:03:48.512 I/AdvertisingIdClient(27954): getting error as 17: API: ClientTelemetry.API is not available on this device. Connection failed with: ConnectionResult{statusCode=API_DISABLED_FOR_CONNECTION, resolution=null, message=null, clientMethodKey=null}
01-01 18:03:48.681 I/InputReader( 1375): Touch event's action is 0x0 (id=5, t=0) [pCnt=1, s=0.0 ] when=250590.271178
01-01 18:03:48.681 I/InputDispatcher( 1375): Delivering touch to (1876): action: 0x4, f=0x0, d=0, '6c20be ', t=1 
01-01 18:03:48.682 I/InputDispatcher( 1375): Delivering touch to (32459): action: 0x0, f=0x0, d=0, 'eba3da2', t=1 +(0,-64)
01-01 18:03:48.682 I/ViewRootImpl@2abddcd[InputMethod](32459): ViewPostIme pointer 0
01-01 18:03:48.682 I/GestureDetector( 1375): obtain mCurrentDownEvent. id: 422834659 caller: com.android.server.wm.SystemGesturesPointerEventListener.onPointerEvent:204 com.android.server.wm.PointerEventDispatcher.onInputEvent:53 android.view.InputEventReceiver.dispatchInputEvent:337 
01-01 18:03:48.682 I/GestureDetector( 1375): obtain mCurrentDownEvent. id: 422834659 caller: com.android.server.wm.SystemPerformancePointerEventListener.onPointerEvent:89 com.android.server.wm.PointerEventDispatcher.onInputEvent:53 android.view.InputEventReceiver.dispatchInputEvent:337 
01-01 18:03:48.683 I/GestureDetector(32459): obtain mCurrentDownEvent. id: 422834659 caller: kj0.d.b:34 kj0.e.g:31 ij0.a.b:7 
01-01 18:03:48.684 I/HBD     (32459): d ATL SoundAndVibrationKeyA
01-01 18:03:48.684 I/HBD     (32459): e vib is off 
01-01 18:03:48.684 I/HBD     (32459): a [PF_KL] OTE none 0 2 4 1921846 (1, NONE) 
01-01 18:03:48.684 I/AudioManager(32459): getParameters keys = g_volume_situation_key;type=2;device=0
01-01 18:03:48.685 V/APM_AudioPolicyManager(  831): getAudioPolicyConfig: g_volume_situation_key;type=2;device=0
01-01 18:03:48.685 W/SecAudioParamPolicy(  831): g_volume_situation_key: did not support legacy situation volumes
01-01 18:03:48.685 D/AudioSystem( 1375): getParameters() ERROR : can't get situationVolume
01-01 18:03:48.685 I/AF::Track(  831): start() situation track : stv_keyboard
01-01 18:03:48.685 I/AF::Track(  831): setMixerOutConfig return default condition, mixer key 2002, thread key 2002
01-01 18:03:48.686 V/APM_AudioPolicyManager(  831): startOutput portId 3627
01-01 18:03:48.686 V/APM_AudioPolicyManager(  831): startOutput() output 21, stream 1, session 28577
01-01 18:03:48.686 V/APM_AudioPolicyManager(  831): setBeaconMute(1) mBeaconMuteRefCount=3 mBeaconPlayingRefCount=0
01-01 18:03:48.686 V/APM_AudioPolicyManager(  831): selectOutputForMusicEffects selected output 13
01-01 18:03:48.686 V/APM_AudioPolicyManager(  831): getNewOutputDevices selected devices {AUDIO_DEVICE_OUT_SPEAKER, @:}
01-01 18:03:48.686 V/APM_AudioPolicyManager(  831): setOutputDevices device {AUDIO_DEVICE_OUT_SPEAKER, @:} delayMs 0
01-01 18:03:48.686 V/APM_AudioPolicyManager(  831): setOutputDevices() prevDevice {AUDIO_DEVICE_OUT_SPEAKER, @:}
01-01 18:03:48.686 V/APM_AudioPolicyManager(  831): setOutputDevices: suppressing checkDeviceMuteStrategies
01-01 18:03:48.686 V/APM_AudioPolicyManager(  831): setOutputDevices changing device to {AUDIO_DEVICE_OUT_SPEAKER, @:}
01-01 18:03:48.697 I/gralloc4(32459): @set_metadata: update dataspace from GM (0x00000000 -> 0x08010000)
01-01 18:03:48.708 D/DlbDlbEffect(  831): handle_EFFECT_CMD_SET_DEVICE(device=0x00000002)
01-01 18:03:48.708 D/DlbEffectContext(  831): setDevice(00000002)
01-01 18:03:48.708 D/DlbEndpointParamCache(  831): setDevice(device=0x00000002)
01-01 18:03:48.708 I/AudioEffectExtendAction(  831): setDevice_l empty address, empty name
01-01 18:03:48.709 V/VolumeMonitor_Energy_Effect(  831): VM_setDevice() sessionId:-2101, device:0x0x2, isBtTypeHeadset:0
01-01 18:03:48.709 D/AudioALSAStreamOut(  791): updateSourceMetadataV7() 
01-01 18:03:48.709 I/AudioALSAStreamOut(  791): updateSourceMetadata(), do nothing source_metadata = 0xea1aeab0
01-01 18:03:48.709 D/AudioALSAHardware(  791): +createAudioPatch() num_sources [1] , num_sinks [1], handle [0x2529], current mAudioHalPatchVector size 2
01-01 18:03:48.709 D/AudioALSAStreamManager(  791): +setParameters(), IOport = 21, keyValuePairs = routing=2
01-01 18:03:48.709 D/AudioALSAStreamManager(  791): setParameters(), Send to mStreamOutVector[1], flag 4
01-01 18:03:48.709 D/AudioALSAStreamOut(  791): updatePolicyDevice(), flag: 0x4, device: 0x2
01-01 18:03:48.709 D/AudioALSAStreamManager(  791): +routingOutputDevice(), streamOut : set reopen state : false
01-01 18:03:48.709 D/AudioALSAStreamManager(  791): +routingOutputDevice(), streamOut : set reopen state : false
01-01 18:03:48.709 W/AudioALSAStreamManager(  791): routingOutputDevice(), flag: 0x4, output_devices == current_output_devices(0x00000002), return
01-01 18:03:48.709 D/AudioALSAHardware(  791): -createAudioPatch() num_sources [1] , num_sinks [1], handle [0x252a]
01-01 18:03:48.710 D/AudioFlinger(  831): setCurDevice() 0x2
01-01 18:03:48.710 D/AudioALSAStreamOut(  791): updateSourceMetadataV7() 
01-01 18:03:48.710 I/AudioALSAStreamOut(  791): updateSourceMetadata(), do nothing source_metadata = 0xed63dab0
01-01 18:03:48.710 V/APM_AudioPolicyManager(  831): setOutputDevices() AF::createAudioPatch returned 0 patchHandle 77724 num_sources 1 num_sinks 1
01-01 18:03:48.711 V/APM_AudioPolicyManager(  831): checkAndSetVolume: output 21, stream 10, index 14, devices 0x2, volume 0.707946
01-01 18:03:48.711 V/APM_AudioPolicyManager(  831): checkAndSetVolume: output 21, stream 4, index 11, devices 0x2, volume 0.354813
01-01 18:03:48.711 V/APM_AudioPolicyManager(  831): checkAndSetVolume: output 21, stream 8, index 15, devices 0x2, volume 1.000000
01-01 18:03:48.712 I/hwcomposer(  799): [HWCDisplay] [Display_0 (type:1)] fps:23.761026,dur:1136.31,max:360.49,min:13.22  
01-01 18:03:48.713 V/APM_AudioPolicyManager(  831): checkAndSetVolume: output 21, stream 3, index 14, devices 0x2, volume 0.630957
01-01 18:03:48.713 V/APM_AudioPolicyManager(  831): checkAndSetVolume: output 21, stream 5, index 15, devices 0x2, volume 1.000000
01-01 18:03:48.713 V/APM_AudioPolicyManager(  831): checkAndSetVolume: output 21, stream 2, index 15, devices 0x2, volume 0.707946
01-01 18:03:48.713 V/APM_AudioPolicyManager(  831): checkAndSetVolume: output 21, stream 1, index 4, devices 0x2, volume 0.141254
01-01 18:03:48.714 V/APM_AudioPolicyManager(  831): checkAndSetVolume: output 21, stream 9, index 14, devices 0x2, volume 0.707946
01-01 18:03:48.715 V/APM_AudioPolicyManager(  831): checkAndSetVolume: output 21, stream 0, index 8, devices 0x2, volume 1.778279
01-01 18:03:48.716 V/APM_AudioPolicyManager(  831): checkAndSetVolume: output 21, stream 11, index 7, devices 0x2, volume 0.066834
01-01 18:03:48.716 V/APM_AudioPolicyManager(  831): checkAndSetVolume: output 21, stream 1, index 4, devices 0x2, volume 0.141254
01-01 18:03:48.718 D/audioserver(  831): FGS Logger Transaction failed
01-01 18:03:48.718 D/audioserver(  831): -129
01-01 18:03:48.718 I/HBD     (32459): c Soundpool play()33 [Ljava.lang.Object;@c95768a
01-01 18:03:48.719 D/AudioALSAStreamOut(  791): updateSourceMetadataV7() 
01-01 18:03:48.719 I/AudioALSAStreamOut(  791): updateSourceMetadata(), do nothing source_metadata = 0xed63dab0
01-01 18:03:48.719 D/AudioALSAStreamOut(  791): write(), flag 0x4, usePolicyDevice: 1, output_devices: 0x2 -> 0x2(policyDevice)
01-01 18:03:48.719 D/AudioALSAStreamManager(  791): +syncSharedOutDevice(), originDevice/routingSharedOutDevice: 0x2/0x2, mAudioMode: 0
01-01 18:03:48.719 D/AudioMTKGainController(  791): setNormalVolume(), mSceneIndex = 0, stream 1, devices 0x2, index 4, mode 0x0, gainDevice 0x2
01-01 18:03:48.719 D/AudioMTKGainController(  791): setSpeakerGain(), gain = 10, spkAnaType = 3
01-01 18:03:48.720 D/AudioALSAStreamOut(  791): open(), flags 4
01-01 18:03:48.720 D/AudioALSAStreamManager(  791): +createPlaybackHandler(), mAudioMode = 0, output_devices = 0x2, isMixerOut = 0, isBypassAurisys = 0, flag = 4, isIEMsSource = 0, isIEMsOn = 0
01-01 18:03:48.720 D/AudioALSAStreamManager(  791): needEnableVoip(), output_devices = 0x2, flags: 0x4, mAvailableOutputFlags: 0xe, enable: 0
01-01 18:03:48.720 D/AudioSpeechEnhanceInfo(  791): IsAPDMNRTuningEnable(), 0
01-01 18:03:48.720 D/AudioALSAPlaybackHandlerFast(  791): AudioALSAPlaybackHandlerFast()
01-01 18:03:48.720 D/AudioALSAPlaybackHandlerFast(  791): +open(), mDevice = 0x2
01-01 18:03:48.720 D/AudioALSADeviceParser(  791): compare pcm success = 2, stringpair = Playback_2
01-01 18:03:48.720 D/AudioALSADeviceConfigManager(  791): ApplyDeviceTurnonSequenceByName() DeviceName = PLAYBACK2_TO_ADDA_DL descriptor->DeviceStatusCounte = 0
01-01 18:03:48.723 D/AudioUtility(  791): chooseTargetSampleRate() hiFiState 0 isDeviceSupportHiFi 0 sampleRate 48000 targetSampleRate 48000
01-01 18:03:48.723 D/AudioALSAPlaybackHandlerBase(  791): transferAudioFormatToPcmFormat(), audio_format(0x4) => pcm_format(0x3)
01-01 18:03:48.723 D/AudioALSAPlaybackHandlerFast(  791): open(), mConfig: channels = 2, rate = 48000, period_size = 256, period_count = 2, format = 3, buffer size 4096 1024
01-01 18:03:48.723 D/AudioALSAPlaybackHandlerBase(  791): CreateAurisysLibManager, ph type: 7, voip: 0, mAurisysScenario: 1
01-01 18:03:48.723 D/aurisys_utility(  791): input dev: 0x80000080, fmt = 0x1, fs: 48000, max fs: 48000, ch: 2, max ch: 2, ch maks: 0x3, hw_info_mask: 0x0; output dev: 0x2, fmt = 0x1, fs: 48000, max fs: 48000, ch: 2, max ch: 2, ch maks: 0x3, hw_info_mask: 0x0; task_scene: 2, audio_mode: 0, stream_type: 1, output_flags: 0x4, input_source: 0, input_flags: 0x0; network_info: 0, enhancement_feature_mask: 0x0
01-01 18:03:48.723 D/AudioUtility(  791): setupCustomInfoStr(), custom_info = "SetAudioCustomScene=Default;", (scene = Default, vol_level = -1, bt_codec = -1, gameChatMode = -1)
01-01 18:03:48.723 D/aurisys_utility(  791): lib, working fs: 48000, fmt: 0x3, frame = 0, b_interleave = 1, num_ul_ref_buf_array = 0, num_dl_ref_buf_array = 0
01-01 18:03:48.723 D/aurisys_utility(  791): dl in[type:2], ch: 2, ch_mask: 0x3, buf fs: 48000, buf content fs: 48000, fmt: 0x3; dl out[type:3], ch: 2, ch_mask: 0x3, buf fs: 48000, buf content fs: 48000, fmt: 0x3
01-01 18:03:48.723 D/aurisys_utility(  791): lib, working fs: 48000, fmt: 0x3, frame = 1, b_interleave = 0, num_ul_ref_buf_array = 0, num_dl_ref_buf_array = 0
01-01 18:03:48.723 D/aurisys_utility(  791): dl in[type:2], ch: 2, ch_mask: 0x3, buf fs: 48000, buf content fs: 48000, fmt: 0x3; dl out[type:3], ch: 2, ch_mask: 0x3, buf fs: 48000, buf content fs: 48000, fmt: 0x3
01-01 18:03:48.723 D/android.hardware.audio.service.mediatek(  791): get_custom_info_value(), cusom_info = SetAudioCustomScene=Default;, key= SetAudioCustomScene, ret = 0, ptr = 0xeaef0a78, value_str = Default, max_value_str_leng = 20
01-01 18:03:48.723 D/AudioCompFltCustParam(  791): audioHierarchicalParamEnable [1]
01-01 18:03:48.723 D/AudioCompFltCustParam(  791): getPlaybackPostProcessParameterFromXML Type/Name [5]/[PlaybackDRC]
01-01 18:03:48.723 D/AudioCompFltCustParam(  791): Caller wants to load Scene,Default,
01-01 18:03:48.723 D/AudioCompFltCustParam(  791): Load from scene Scene,Default,Volume type,Music
01-01 18:03:48.723 D/AudioCompFltCustParam(  791): audioHierarchicalParamEnable [1]
01-01 18:03:48.724 D/AudioCompFltCustParam(  791): getPlaybackPostProcessParameterFromXML Type/Name [0]/[PlaybackACF]
01-01 18:03:48.724 D/AudioCompFltCustParam(  791): Caller wants to load Scene,Default,
01-01 18:03:48.724 D/AudioCompFltCustParam(  791): Load from scene Scene,Default,Volume type,Music,Profile,Speaker
01-01 18:03:48.724 D/AudioCompFltCustParam(  791): audioHierarchicalParamEnable [1]
01-01 18:03:48.724 D/AudioCompFltCustParam(  791): getPlaybackPostProcessParameterFromXML Type/Name [6]/[PlaybackDRC]
01-01 18:03:48.724 D/AudioCompFltCustParam(  791): Caller wants to load Scene,Default,
01-01 18:03:48.724 D/AudioCompFltCustParam(  791): Load from scene Scene,Default,Volume type,Ring
01-01 18:03:48.724 D/AudioCompFltCustParam(  791): audioHierarchicalParamEnable [1]
01-01 18:03:48.724 D/AudioCompFltCustParam(  791): getPlaybackPostProcessParameterFromXML Type/Name [8]/[PlaybackACF]
01-01 18:03:48.724 D/AudioCompFltCustParam(  791): Caller wants to load Scene,Default,
01-01 18:03:48.724 D/AudioCompFltCustParam(  791): Load from scene Scene,Default,Volume type,Music,Profile,Speaker
01-01 18:03:48.724 D/aurisys_lib_handler(  791): aurisys_arsi_parsing_param_file(), gProductInfo "platform=MT6768,device=a14m,model=SM-A145P", file_path "/vendor/etc/audio_param", enhancement_mode 0, param_buf_size 2528, data_size 2528, custom_info SetAudioCustomScene=Default;
01-01 18:03:48.724 D/aurisys_lib_handler(  791): [LIB] fsm_audio_query_param_buf_size_by_custom_info(), get param buf size 0 for enh mode SetAudioCustomScene=Default; from file /vendor/etc/audio_param, task_scene:2, audio_mode:0, stream_type:1, network_info:0, output_flags:4, audio_usage:0
01-01 18:03:48.724 D/aurisys_lib_handler(  791): [LIB] fsm preset_name=preset_system.bin
01-01 18:03:48.724 D/aurisys_lib_handler(  791): [LIB] fsm_audio_query_param_buf_size_by_custom_info(), the param file is /vendor/etc/audio_param/preset_system.bin
01-01 18:03:48.724 E/FSM     (  791): fsm_audio_query_param_buf_size_by_custom_info(), the specified file does not exist using default:/vendor/etc/audio_param/preset_default.bin
01-01 18:03:48.724 D/aurisys_lib_handler(  791): [LIB] fsm_audio_query_param_buf_size_by_custom_info(), success to get param file length=5896
01-01 18:03:48.724 D/aurisys_lib_handler(  791): [LIB] fsm preset_name=preset_system.bin
01-01 18:03:48.724 D/aurisys_lib_handler(  791): [LIB] fsm_audio_parsing_param_file_by_custom_info(), param buffer size=11792 from file /vendor/etc/audio_param/preset_system.bin
01-01 18:03:48.724 E/FSM     (  791): fsm_audio_parsing_param_file_by_custom_info(), the specified file does not exist using default:/vendor/etc/audio_param/preset_default.bin
01-01 18:03:48.725 D/aurisys_lib_handler(  791): [LIB] fsm_audio_parsing_param_file_by_custom_info(), success to read 5896 param!
01-01 18:03:48.725 D/aurisys_lib_handler(  791): aurisys_arsi_parsing_param_file(), gProductInfo "platform=MT6768,device=a14m,model=SM-A145P", file_path "/vendor/etc/audio_param", enhancement_mode 0, param_buf_size 5896, data_size 5896, custom_info SetAudioCustomScene=Default;
01-01 18:03:48.725 I/gralloc4(  841): @set_metadata: update dataspace from GM (0x08010000 -> 0x00000000)
01-01 18:03:48.726 D/aurisys_lib_handler(  791): aurisys_arsi_create_handler(), lib_name mtk_bessound, 0xee56c500, memory_size 72624, arsi_handler 0xeba98c00, retval 0x0
01-01 18:03:48.726 D/aurisys_lib_handler(  791): aurisys_arsi_create_handler(), arsi_query_process_unit_bytes, ul 0, dl 2048, retval 0
01-01 18:03:48.726 D/aurisys_lib_handler(  791): [LIB] fsm_audio_query_working_buf_size()+, working_buf_size = 1494192
01-01 18:03:48.727 D/aurisys_lib_handler(  791): [LIB] fsm_audio_create_handler()+, fsadsp ver = 1.1.12.1
01-01 18:03:48.727 D/aurisys_lib_handler(  791): [LIB] fsm_audio_create_handler()+ the required memory size=1494192, param size=5896, scenario=4
01-01 18:03:48.727 D/aurisys_lib_handler(  791): [LIB] fsm_audio_create_handler(), device_out=2 audio_format=3
01-01 18:03:48.727 D/FSM     (  791): FSADSP: fs_algo_set_param enter param = 0xed240000 size = 5896, ptr mod = 0xe9f43348 end at 0xea09e130
01-01 18:03:48.727 D/FSM     (  791): FSADSP: Preset info: 0xFA04 1401, [O22] [HQ] [22-11-22 15:1:22], data len=5868 check sum=0xBA96
01-01 18:03:48.727 D/FSM     (  791): FSADSP: fs_algo_set_param check sum ok
01-01 18:03:48.727 D/FSM     (  791): FSADSP: fs_algo_set_param global settings: 0x00000001 0x0000FFFF
01-01 18:03:48.727 D/FSM     (  791): FSADSP: init_module_by_type effect_type = 11 module = 0xe9f43348.
01-01 18:03:48.727 D/FSM     (  791): FSADSP: init_module_by_type effect_type = 22 module = 0xe9f43688.
01-01 18:03:48.727 D/FSM     (  791): FSADSP: init_module_by_type effect_type = 2 module = 0xe9f7fae0.
01-01 18:03:48.728 D/FSM     (  791): FSADSP: init_module_by_type effect_type = 1 module = 0xe9fa9738.
01-01 18:03:48.728 D/FSM     (  791): FSADSP: fs_algo_set_param global effect module with type 0x00000009
01-01 18:03:48.728 D/FSM     (  791): FSADSP: init_module_by_type effect_type = 9 module = 0xe9f42f70.
01-01 18:03:48.728 D/FSM     (  791): FSADSP: init_module_by_type effect_type = 14 module = 0xe9faa898.
01-01 18:03:48.728 D/FSM     (  791): FSADSP: fs_algo_set_param load effect parameters begin, module count = 6
01-01 18:03:48.728 D/FSM     (  791): FSADSP: preset_data = 0x0xe9fc2bc0 next pos = 0xe9fc42c8 end = 0xea09e130
01-01 18:03:48.730 D/aurisys_lib_handler(  791): [LIB] fsm_audio_create_handler(), success to load param
01-01 18:03:48.730 D/aurisys_lib_handler(  791): [LIB] fsm_audio_create_handler(), mem[1483080] mips[76]
01-01 18:03:48.732 D/FSM     (  791): can't find suitable thermal zone
01-01 18:03:48.732 D/aurisys_lib_handler(  791): aurisys_arsi_create_handler(), lib_name fsm_audio, 0xee56cf00, memory_size 1494192, arsi_handler 0xe9f31480, retval 0x0
01-01 18:03:48.732 D/FSM     (  791): fsm_audio_set_debug_log_fp()+
01-01 18:03:48.732 D/FSM     (  791): fsm_audio_query_process_unit_bytes()+
01-01 18:03:48.732 D/aurisys_lib_handler(  791): aurisys_arsi_create_handler(), arsi_query_process_unit_bytes, ul 0, dl 384, retval 0
01-01 18:03:48.732 D/aurisys_lib_manager(  791): DL Lib, lib_name mtk_bessound, 0xee56c500, sample_rate: 48000 => 48000, num_channels: 2 => 2, audio_format: 0x1 => 0x3, interleave: 1 => 1, frame: 0 => 0
01-01 18:03:48.732 D/aurisys_lib_manager(  791): DL Lib, lib_name fsm_audio, 0xee56cf00, sample_rate: 48000 => 48000, num_channels: 2 => 2, audio_format: 0x3 => 0x3, interleave: 1 => 0, frame: 0 => 1
01-01 18:03:48.732 D/aurisys_lib_manager(  791): DL out, sample_rate: 48000 => 48000, num_channels: 2 => 2, audio_format: 0x3 => 0x4, interleave: 0 => 1, frame: 1 => 0
01-01 18:03:48.734 D/AudioALSAPlaybackHandlerBase(  791): openPcmDriverWithFlag(), pcm device = 2 flag = 0x8 mPcm = 0xeeb55400
01-01 18:03:48.734 D/AudioALSAHardwareResourceManager(  791): +startOutputDevice(), new_devices = 0x2, mOutputDevices = 0x0, mStartOutputDevicesCount = 0 SampleRate = 48000
01-01 18:03:48.734 D/AudioALSADeviceConfigManager(  791): ApplyDeviceTurnonSequenceByName() DeviceName = speaker_output descriptor->DeviceStatusCounte = 0
01-01 18:03:48.735 D/AudioALSADeviceConfigManager(  791): ApplyDeviceTurnonSequenceByName() DeviceName = ext_speaker_output descriptor->DeviceStatusCounte = 0
01-01 18:03:48.742 D/AudioALSAHardwareResourceManager(  791): notifyOutputDeviceStatusChange(), device = 2, status = 0, sampleRate = 48000, mOpenSpeakerPathCount = 1
01-01 18:03:48.742 D/AudioALSAStreamManager(  791): speakerStatusChangeCb(), status = 0, sampleRate = 48000
01-01 18:03:48.742 D/AudioALSAPlaybackHandlerFast(  791): -open()
01-01 18:03:48.746 D/aurisys_lib_handler(  791): [LIB] fsm_audio_process_dl_buf()+: ch: 2, fs for pcm: 48000 fmt: 0x3 fs ms: 1 data size per ch: 192 scenario: 4
01-01 18:03:48.762 D/AudioFlinger(  831): mixer(0xb400007c5a070ec0) Spend too much time to write: delta 42(effect 0, stage 0)
01-01 18:03:48.771 I/GestureDetector( 1375): obtain mCurrentMotionEventRaw. action: 2 id: 625313503
01-01 18:03:48.772 I/GestureDetector( 1375): obtain mCurrentMotionEventRaw. action: 2 id: 625313503
01-01 18:03:48.791 I/GestureDetector(32459): obtain mCurrentMotionEventRaw. action: 2 id: 625313503
01-01 18:03:48.804 I/InputReader( 1375): Touch event's action is 0x1 (id=5, t=0) [pCnt=1, s=] when=250590.394654
01-01 18:03:48.804 I/InputDispatcher( 1375): Delivering touch to (32459): action: 0x1, f=0x0, d=0, 'eba3da2', t=1 +(0,-64)
01-01 18:03:48.805 I/ViewRootImpl@2abddcd[InputMethod](32459): ViewPostIme pointer 1
01-01 18:03:48.805 I/HBD     (32459): a down event is done 
01-01 18:03:48.806 I/HBD     (32459): a up event is done 
01-01 18:03:48.806 I/HBD     (32459): d ATL DTMFKeyA
01-01 18:03:48.806 I/HBD     (32459): a [PF_KL] OTE none 1 1 3 1499692 (1, NONE) 
01-01 18:03:48.813 I/gralloc4(32459): @set_metadata: update dataspace from GM (0x00000000 -> 0x08010000)
01-01 18:03:48.819 I/HBD     (32459): m1 ous -  0 ,  0 ,  1 ,  1 ,  -1 ,  -1
01-01 18:03:48.823 I/HBD     (32459): m0 EBD cm S 0 
01-01 18:03:48.828 I/gralloc4(32459): @set_metadata: update dataspace from GM (0x00000000 -> 0x08010000)
01-01 18:03:48.839 I/AF::Track(  831): stop() situation track : stv_keyboard
01-01 18:03:48.888 D/audioserver(  831): FGS Logger Transaction failed
01-01 18:03:48.888 D/audioserver(  831): -129
01-01 18:03:48.888 V/APM_AudioPolicyManager(  831): stopOutput portId 3627
01-01 18:03:48.888 V/APM_AudioPolicyManager(  831): stopOutput() output 21, stream 1, session 28577
01-01 18:03:48.888 V/APM_AudioPolicyManager(  831): setBeaconMute(1) mBeaconMuteRefCount=2 mBeaconPlayingRefCount=0
01-01 18:03:48.888 V/APM_AudioPolicyManager(  831): getNewOutputDevices selected devices AUDIO_DEVICE_NONE
01-01 18:03:48.888 V/APM_AudioPolicyManager(  831): setOutputDevices device AUDIO_DEVICE_NONE delayMs 84
01-01 18:03:48.889 V/APM_AudioPolicyManager(  831): setOutputDevices() prevDevice {AUDIO_DEVICE_OUT_SPEAKER, @:}
01-01 18:03:48.889 D/AudioALSAStreamOut(  791): updateSourceMetadataV7() 
01-01 18:03:48.889 I/AudioALSAStreamOut(  791): updateSourceMetadata(), do nothing source_metadata = 0xed63dab0
01-01 18:03:48.889 I/APM::AudioPolicyEngine(  831): getDevicesForStrategyInt no device found for strategy 9
01-01 18:03:48.889 V/APM_AudioPolicyManager(  831): setOutputDevices setting same device AUDIO_DEVICE_NONE or null device, force=0, patch handle=3398
01-01 18:03:48.889 V/APM_AudioPolicyManager(  831): selectOutputForMusicEffects selected output 13
01-01 18:03:48.889 I/BufferQueueProducer(  841): [SurfaceView[com.wawapp.driver/com.wawapp.driver.MainActivity]@0(BLAST)#53130](this:0xb400007a78e48790,id:-1,api:0,p:-1,c:841) queueBuffer: fps=11.38 dur=1317.63 max=460.03 min=16.25
01-01 18:03:48.982 I/GestureDetector( 1375): handleMessage TAP
01-01 18:03:48.983 I/GestureDetector( 1375): handleMessage TAP
01-01 18:03:49.035 I/InputReader( 1375): Touch event's action is 0x0 (id=5, t=0) [pCnt=1, s=0.0 ] when=250590.625371
01-01 18:03:49.035 I/InputDispatcher( 1375): Delivering touch to (1876): action: 0x4, f=0x0, d=0, '6c20be ', t=1 
01-01 18:03:49.035 I/InputDispatcher( 1375): Delivering touch to (32459): action: 0x0, f=0x0, d=0, 'eba3da2', t=1 +(0,-64)
01-01 18:03:49.036 I/ViewRootImpl@2abddcd[InputMethod](32459): ViewPostIme pointer 0
01-01 18:03:49.036 D/PowerManagerService( 1375): [api] userActivityFromNative : touch, IME displayId=0 eventTime=250590625
01-01 18:03:49.036 I/GestureDetector( 1375): obtain mCurrentDownEvent. id: 721877557 caller: com.android.server.wm.SystemGesturesPointerEventListener.onPointerEvent:204 com.android.server.wm.PointerEventDispatcher.onInputEvent:53 android.view.InputEventReceiver.dispatchInputEvent:337 
01-01 18:03:49.036 I/GestureDetector( 1375): obtain mCurrentDownEvent. id: 721877557 caller: com.android.server.wm.SystemPerformancePointerEventListener.onPointerEvent:89 com.android.server.wm.PointerEventDispatcher.onInputEvent:53 android.view.InputEventReceiver.dispatchInputEvent:337 
01-01 18:03:49.037 I/GestureDetector(32459): obtain mCurrentDownEvent. id: 721877557 caller: kj0.d.b:34 kj0.e.g:31 ij0.a.b:7 
01-01 18:03:49.038 I/HBD     (32459): d ATL SoundAndVibrationKeyA
01-01 18:03:49.038 I/HBD     (32459): e vib is off 
01-01 18:03:49.038 I/AudioManager(32459): getParameters keys = g_volume_situation_key;type=2;device=0
01-01 18:03:49.038 I/HBD     (32459): a [PF_KL] OTE none 0 1 4 2431692 (1, NONE) 
01-01 18:03:49.039 V/APM_AudioPolicyManager(  831): getAudioPolicyConfig: g_volume_situation_key;type=2;device=0
01-01 18:03:49.039 W/SecAudioParamPolicy(  831): g_volume_situation_key: did not support legacy situation volumes
01-01 18:03:49.039 D/AudioSystem( 1375): getParameters() ERROR : can't get situationVolume
01-01 18:03:49.039 I/AF::Track(  831): start() situation track : stv_keyboard
01-01 18:03:49.039 I/AF::Track(  831): setMixerOutConfig return default condition, mixer key 2002, thread key 2002
01-01 18:03:49.040 V/APM_AudioPolicyManager(  831): startOutput portId 3627
01-01 18:03:49.040 V/APM_AudioPolicyManager(  831): startOutput() output 21, stream 1, session 28577
01-01 18:03:49.040 V/APM_AudioPolicyManager(  831): setBeaconMute(1) mBeaconMuteRefCount=3 mBeaconPlayingRefCount=0
01-01 18:03:49.040 V/APM_AudioPolicyManager(  831): selectOutputForMusicEffects selected output 13
01-01 18:03:49.040 V/APM_AudioPolicyManager(  831): getNewOutputDevices selected devices {AUDIO_DEVICE_OUT_SPEAKER, @:}
01-01 18:03:49.040 V/APM_AudioPolicyManager(  831): setOutputDevices device {AUDIO_DEVICE_OUT_SPEAKER, @:} delayMs 0
01-01 18:03:49.040 V/APM_AudioPolicyManager(  831): setOutputDevices() prevDevice {AUDIO_DEVICE_OUT_SPEAKER, @:}
01-01 18:03:49.040 V/APM_AudioPolicyManager(  831): setOutputDevices: suppressing checkDeviceMuteStrategies
01-01 18:03:49.040 V/APM_AudioPolicyManager(  831): setOutputDevices changing device to {AUDIO_DEVICE_OUT_SPEAKER, @:}
01-01 18:03:49.059 I/gralloc4(32459): @set_metadata: update dataspace from GM (0x00000000 -> 0x08010000)
01-01 18:03:49.062 D/DlbDlbEffect(  831): handle_EFFECT_CMD_SET_DEVICE(device=0x00000002)
01-01 18:03:49.062 D/DlbEffectContext(  831): setDevice(00000002)
01-01 18:03:49.062 D/DlbEndpointParamCache(  831): setDevice(device=0x00000002)
01-01 18:03:49.062 I/AudioEffectExtendAction(  831): setDevice_l empty address, empty name
01-01 18:03:49.062 V/VolumeMonitor_Energy_Effect(  831): VM_setDevice() sessionId:-2101, device:0x0x2, isBtTypeHeadset:0
01-01 18:03:49.062 D/AudioALSAStreamOut(  791): updateSourceMetadataV7() 
01-01 18:03:49.062 I/AudioALSAStreamOut(  791): updateSourceMetadata(), do nothing source_metadata = 0xed63dab0
01-01 18:03:49.062 D/AudioALSAHardware(  791): +createAudioPatch() num_sources [1] , num_sinks [1], handle [0x252a], current mAudioHalPatchVector size 2
01-01 18:03:49.062 D/AudioALSAStreamManager(  791): +setParameters(), IOport = 21, keyValuePairs = routing=2
01-01 18:03:49.062 D/AudioALSAStreamManager(  791): setParameters(), Send to mStreamOutVector[1], flag 4
01-01 18:03:49.067 D/AudioALSAStreamOut(  791): updatePolicyDevice(), flag: 0x4, device: 0x2
01-01 18:03:49.067 D/AudioALSAStreamManager(  791): +routingOutputDevice(), streamOut : set reopen state : false
01-01 18:03:49.067 D/AudioALSAStreamManager(  791): +routingOutputDevice(), streamOut : set reopen state : false
01-01 18:03:49.067 W/AudioALSAStreamManager(  791): routingOutputDevice(), flag: 0x4, output_devices == current_output_devices(0x00000002), return
01-01 18:03:49.067 D/AudioALSAHardware(  791): -createAudioPatch() num_sources [1] , num_sinks [1], handle [0x252b]
01-01 18:03:49.068 D/AudioFlinger(  831): setCurDevice() 0x2
01-01 18:03:49.068 D/AudioALSAStreamOut(  791): updateSourceMetadataV7() 
01-01 18:03:49.068 I/AudioALSAStreamOut(  791): updateSourceMetadata(), do nothing source_metadata = 0xed63dab0
01-01 18:03:49.068 V/APM_AudioPolicyManager(  831): setOutputDevices() AF::createAudioPatch returned 0 patchHandle 77732 num_sources 1 num_sinks 1
01-01 18:03:49.069 V/APM_AudioPolicyManager(  831): checkAndSetVolume: output 21, stream 10, index 14, devices 0x2, volume 0.707946
01-01 18:03:49.069 V/APM_AudioPolicyManager(  831): checkAndSetVolume: output 21, stream 4, index 11, devices 0x2, volume 0.354813
01-01 18:03:49.069 V/APM_AudioPolicyManager(  831): checkAndSetVolume: output 21, stream 8, index 15, devices 0x2, volume 1.000000
01-01 18:03:49.070 V/APM_AudioPolicyManager(  831): checkAndSetVolume: output 21, stream 3, index 14, devices 0x2, volume 0.630957
01-01 18:03:49.070 V/APM_AudioPolicyManager(  831): checkAndSetVolume: output 21, stream 5, index 15, devices 0x2, volume 1.000000
01-01 18:03:49.071 I/BufferQueueProducer(  841): [InputMethod$_32459#53139](this:0xb400007a78720790,id:-1,api:0,p:-1,c:841) queueBuffer: fps=5.60 dur=1071.22 max=692.80 min=16.37
01-01 18:03:49.071 V/APM_AudioPolicyManager(  831): checkAndSetVolume: output 21, stream 2, index 15, devices 0x2, volume 0.707946
01-01 18:03:49.071 V/APM_AudioPolicyManager(  831): checkAndSetVolume: output 21, stream 1, index 4, devices 0x2, volume 0.141254
01-01 18:03:49.072 V/APM_AudioPolicyManager(  831): checkAndSetVolume: output 21, stream 9, index 14, devices 0x2, volume 0.707946
01-01 18:03:49.072 V/APM_AudioPolicyManager(  831): checkAndSetVolume: output 21, stream 0, index 8, devices 0x2, volume 1.778279
01-01 18:03:49.073 V/APM_AudioPolicyManager(  831): checkAndSetVolume: output 21, stream 11, index 7, devices 0x2, volume 0.066834
01-01 18:03:49.074 V/APM_AudioPolicyManager(  831): checkAndSetVolume: output 21, stream 1, index 4, devices 0x2, volume 0.141254
01-01 18:03:49.075 I/gralloc4(32459): @set_metadata: update dataspace from GM (0x00000000 -> 0x08010000)
01-01 18:03:49.075 D/audioserver(  831): FGS Logger Transaction failed
01-01 18:03:49.075 D/audioserver(  831): -129
01-01 18:03:49.076 I/HBD     (32459): c Soundpool play()37 [Ljava.lang.Object;@168a5d7
01-01 18:03:49.078 D/AudioALSAStreamOut(  791): updateSourceMetadataV7() 
01-01 18:03:49.078 I/AudioALSAStreamOut(  791): updateSourceMetadata(), do nothing source_metadata = 0xed63dab0
01-01 18:03:49.109 I/GestureDetector( 1375): obtain mCurrentMotionEventRaw. action: 2 id: 193462037
01-01 18:03:49.109 I/GestureDetector( 1375): obtain mCurrentMotionEventRaw. action: 2 id: 193462037
01-01 18:03:49.120 I/GestureDetector(32459): obtain mCurrentMotionEventRaw. action: 2 id: 193462037
01-01 18:03:49.125 I/InputReader( 1375): Touch event's action is 0x1 (id=5, t=0) [pCnt=1, s=] when=250590.715244
01-01 18:03:49.125 I/InputDispatcher( 1375): Delivering touch to (32459): action: 0x1, f=0x0, d=0, 'eba3da2', t=1 +(0,-64)
01-01 18:03:49.125 I/ViewRootImpl@2abddcd[InputMethod](32459): ViewPostIme pointer 1
01-01 18:03:49.126 I/HBD     (32459): a down event is done 
01-01 18:03:49.126 I/HBD     (32459): a up event is done 
01-01 18:03:49.126 I/HBD     (32459): d ATL DTMFKeyA
01-01 18:03:49.126 I/HBD     (32459): a [PF_KL] OTE none 1 1 2 1286692 (1, NONE) 
01-01 18:03:49.136 I/HBD     (32459): m1 ous -  1 ,  1 ,  2 ,  2 ,  -1 ,  -1
01-01 18:03:49.167 I/AF::Track(  831): stop() situation track : stv_keyboard
01-01 18:03:49.178 D/StatusBarIconController( 1876): ignoring old pipeline callbacks, because the new mobile icons are enabled
01-01 18:03:49.182 I/HBD     (32459): a [PF_KL][HBIC] getSelectedText t, 45 
01-01 18:03:49.190 I/HBD     (32459): m0 EBD cm S 0 
01-01 18:03:49.192 I/gralloc4( 1876): @set_metadata: update dataspace from GM (0x00000000 -> 0x08010000)
01-01 18:03:49.195 I/gralloc4(32459): @set_metadata: update dataspace from GM (0x00000000 -> 0x08010000)
01-01 18:03:49.203 I/BufferQueueProducer(  841): [StatusBar$_1876#83](this:0xb400007a78f3f790,id:-1,api:0,p:-1,c:841) queueBuffer: fps=0.99 dur=1005.38 max=1005.38 min=1005.38
01-01 18:03:49.206 I/gralloc4(32459): @set_metadata: update dataspace from GM (0x00000000 -> 0x08010000)
01-01 18:03:49.208 D/audioserver(  831): FGS Logger Transaction failed
01-01 18:03:49.208 D/audioserver(  831): -129
01-01 18:03:49.208 V/APM_AudioPolicyManager(  831): stopOutput portId 3627
01-01 18:03:49.208 V/APM_AudioPolicyManager(  831): stopOutput() output 21, stream 1, session 28577
01-01 18:03:49.208 V/APM_AudioPolicyManager(  831): setBeaconMute(1) mBeaconMuteRefCount=2 mBeaconPlayingRefCount=0
01-01 18:03:49.209 V/APM_AudioPolicyManager(  831): getNewOutputDevices selected devices AUDIO_DEVICE_NONE
01-01 18:03:49.209 V/APM_AudioPolicyManager(  831): setOutputDevices device AUDIO_DEVICE_NONE delayMs 84
01-01 18:03:49.209 V/APM_AudioPolicyManager(  831): setOutputDevices() prevDevice {AUDIO_DEVICE_OUT_SPEAKER, @:}
01-01 18:03:49.209 D/AudioALSAStreamOut(  791): updateSourceMetadataV7() 
01-01 18:03:49.209 I/AudioALSAStreamOut(  791): updateSourceMetadata(), do nothing source_metadata = 0xed63dab0
01-01 18:03:49.209 I/APM::AudioPolicyEngine(  831): getDevicesForStrategyInt no device found for strategy 9
01-01 18:03:49.209 V/APM_AudioPolicyManager(  831): setOutputDevices setting same device AUDIO_DEVICE_NONE or null device, force=0, patch handle=3398
01-01 18:03:49.210 V/APM_AudioPolicyManager(  831): selectOutputForMusicEffects selected output 13
01-01 18:03:49.336 I/GestureDetector( 1375): handleMessage TAP
01-01 18:03:49.336 I/GestureDetector( 1375): handleMessage TAP
01-01 18:03:49.388 I/InputReader( 1375): Touch event's action is 0x0 (id=5, t=0) [pCnt=1, s=0.0 ] when=250590.979158
01-01 18:03:49.389 I/InputDispatcher( 1375): Delivering touch to (1876): action: 0x4, f=0x0, d=0, '6c20be ', t=1 
01-01 18:03:49.389 I/InputDispatcher( 1375): Delivering touch to (32459): action: 0x0, f=0x0, d=0, 'eba3da2', t=1 +(0,-64)
01-01 18:03:49.389 I/ViewRootImpl@2abddcd[InputMethod](32459): ViewPostIme pointer 0
01-01 18:03:49.390 I/GestureDetector( 1375): obtain mCurrentDownEvent. id: 85905737 caller: com.android.server.wm.SystemGesturesPointerEventListener.onPointerEvent:204 com.android.server.wm.PointerEventDispatcher.onInputEvent:53 android.view.InputEventReceiver.dispatchInputEvent:337 
01-01 18:03:49.390 I/GestureDetector( 1375): obtain mCurrentDownEvent. id: 85905737 caller: com.android.server.wm.SystemPerformancePointerEventListener.onPointerEvent:89 com.android.server.wm.PointerEventDispatcher.onInputEvent:53 android.view.InputEventReceiver.dispatchInputEvent:337 
01-01 18:03:49.391 I/GestureDetector(32459): obtain mCurrentDownEvent. id: 85905737 caller: kj0.d.b:34 kj0.e.g:31 ij0.a.b:7 
01-01 18:03:49.391 I/HBD     (32459): d ATL SoundAndVibrationKeyA
01-01 18:03:49.392 I/HBD     (32459): e vib is off 
01-01 18:03:49.392 I/AudioManager(32459): getParameters keys = g_volume_situation_key;type=2;device=0
01-01 18:03:49.392 I/HBD     (32459): a [PF_KL] OTE none 0 1 3 2177846 (1, NONE) 
01-01 18:03:49.392 V/APM_AudioPolicyManager(  831): getAudioPolicyConfig: g_volume_situation_key;type=2;device=0
01-01 18:03:49.392 W/SecAudioParamPolicy(  831): g_volume_situation_key: did not support legacy situation volumes
01-01 18:03:49.393 D/AudioSystem( 1375): getParameters() ERROR : can't get situationVolume
01-01 18:03:49.393 I/AF::Track(  831): start() situation track : stv_keyboard
01-01 18:03:49.393 I/AF::Track(  831): setMixerOutConfig return default condition, mixer key 2002, thread key 2002
01-01 18:03:49.393 V/APM_AudioPolicyManager(  831): startOutput portId 3627
01-01 18:03:49.393 V/APM_AudioPolicyManager(  831): startOutput() output 21, stream 1, session 28577
01-01 18:03:49.393 V/APM_AudioPolicyManager(  831): setBeaconMute(1) mBeaconMuteRefCount=3 mBeaconPlayingRefCount=0
01-01 18:03:49.394 V/APM_AudioPolicyManager(  831): selectOutputForMusicEffects selected output 13
01-01 18:03:49.394 V/APM_AudioPolicyManager(  831): getNewOutputDevices selected devices {AUDIO_DEVICE_OUT_SPEAKER, @:}
01-01 18:03:49.394 V/APM_AudioPolicyManager(  831): setOutputDevices device {AUDIO_DEVICE_OUT_SPEAKER, @:} delayMs 0
01-01 18:03:49.394 V/APM_AudioPolicyManager(  831): setOutputDevices() prevDevice {AUDIO_DEVICE_OUT_SPEAKER, @:}
01-01 18:03:49.394 V/APM_AudioPolicyManager(  831): setOutputDevices: suppressing checkDeviceMuteStrategies
01-01 18:03:49.394 V/APM_AudioPolicyManager(  831): setOutputDevices changing device to {AUDIO_DEVICE_OUT_SPEAKER, @:}
01-01 18:03:49.398 I/GestureDetector( 1375): obtain mCurrentMotionEventRaw. action: 2 id: 556950054
01-01 18:03:49.398 I/GestureDetector( 1375): obtain mCurrentMotionEventRaw. action: 2 id: 556950054
01-01 18:03:49.404 I/gralloc4(32459): @set_metadata: update dataspace from GM (0x00000000 -> 0x08010000)
01-01 18:03:49.415 D/DlbDlbEffect(  831): handle_EFFECT_CMD_SET_DEVICE(device=0x00000002)
01-01 18:03:49.415 D/DlbEffectContext(  831): setDevice(00000002)
01-01 18:03:49.415 D/DlbEndpointParamCache(  831): setDevice(device=0x00000002)
01-01 18:03:49.415 I/AudioEffectExtendAction(  831): setDevice_l empty address, empty name
01-01 18:03:49.415 V/VolumeMonitor_Energy_Effect(  831): VM_setDevice() sessionId:-2101, device:0x0x2, isBtTypeHeadset:0
01-01 18:03:49.416 D/AudioALSAStreamOut(  791): updateSourceMetadataV7() 
01-01 18:03:49.416 I/AudioALSAStreamOut(  791): updateSourceMetadata(), do nothing source_metadata = 0xed63dab0
01-01 18:03:49.416 D/AudioALSAHardware(  791): +createAudioPatch() num_sources [1] , num_sinks [1], handle [0x252b], current mAudioHalPatchVector size 2
01-01 18:03:49.416 D/AudioALSAStreamManager(  791): +setParameters(), IOport = 21, keyValuePairs = routing=2
01-01 18:03:49.416 D/AudioALSAStreamManager(  791): setParameters(), Send to mStreamOutVector[1], flag 4
01-01 18:03:49.417 I/GestureDetector(32459): obtain mCurrentMotionEventRaw. action: 2 id: 556950054
01-01 18:03:49.419 D/AudioALSAStreamOut(  791): updatePolicyDevice(), flag: 0x4, device: 0x2
01-01 18:03:49.419 D/AudioALSAStreamManager(  791): +routingOutputDevice(), streamOut : set reopen state : false
01-01 18:03:49.419 D/AudioALSAStreamManager(  791): +routingOutputDevice(), streamOut : set reopen state : false
01-01 18:03:49.419 W/AudioALSAStreamManager(  791): routingOutputDevice(), flag: 0x4, output_devices == current_output_devices(0x00000002), return
01-01 18:03:49.419 D/AudioALSAHardware(  791): -createAudioPatch() num_sources [1] , num_sinks [1], handle [0x252c]
01-01 18:03:49.420 D/AudioFlinger(  831): setCurDevice() 0x2
01-01 18:03:49.420 D/AudioALSAStreamOut(  791): updateSourceMetadataV7() 
01-01 18:03:49.420 I/AudioALSAStreamOut(  791): updateSourceMetadata(), do nothing source_metadata = 0xed63dab0
01-01 18:03:49.421 V/APM_AudioPolicyManager(  831): setOutputDevices() AF::createAudioPatch returned 0 patchHandle 77740 num_sources 1 num_sinks 1
01-01 18:03:49.421 I/gralloc4(32459): @set_metadata: update dataspace from GM (0x00000000 -> 0x08010000)
01-01 18:03:49.421 V/APM_AudioPolicyManager(  831): checkAndSetVolume: output 21, stream 10, index 14, devices 0x2, volume 0.707946
01-01 18:03:49.421 V/APM_AudioPolicyManager(  831): checkAndSetVolume: output 21, stream 4, index 11, devices 0x2, volume 0.354813
01-01 18:03:49.422 V/APM_AudioPolicyManager(  831): checkAndSetVolume: output 21, stream 8, index 15, devices 0x2, volume 1.000000
01-01 18:03:49.423 V/APM_AudioPolicyManager(  831): checkAndSetVolume: output 21, stream 3, index 14, devices 0x2, volume 0.630957
01-01 18:03:49.424 V/APM_AudioPolicyManager(  831): checkAndSetVolume: output 21, stream 5, index 15, devices 0x2, volume 1.000000
01-01 18:03:49.424 V/APM_AudioPolicyManager(  831): checkAndSetVolume: output 21, stream 2, index 15, devices 0x2, volume 0.707946
01-01 18:03:49.424 V/APM_AudioPolicyManager(  831): checkAndSetVolume: output 21, stream 1, index 4, devices 0x2, volume 0.141254
01-01 18:03:49.425 V/APM_AudioPolicyManager(  831): checkAndSetVolume: output 21, stream 9, index 14, devices 0x2, volume 0.707946
01-01 18:03:49.425 V/APM_AudioPolicyManager(  831): checkAndSetVolume: output 21, stream 0, index 8, devices 0x2, volume 1.778279
01-01 18:03:49.426 V/APM_AudioPolicyManager(  831): checkAndSetVolume: output 21, stream 11, index 7, devices 0x2, volume 0.066834
01-01 18:03:49.426 V/APM_AudioPolicyManager(  831): checkAndSetVolume: output 21, stream 1, index 4, devices 0x2, volume 0.141254
01-01 18:03:49.427 D/audioserver(  831): FGS Logger Transaction failed
01-01 18:03:49.427 D/audioserver(  831): -129
01-01 18:03:49.428 I/HBD     (32459): c Soundpool play()34 [Ljava.lang.Object;@b759330
01-01 18:03:49.428 D/AudioALSAStreamOut(  791): updateSourceMetadataV7() 
01-01 18:03:49.428 I/AudioALSAStreamOut(  791): updateSourceMetadata(), do nothing source_metadata = 0xed63dab0
01-01 18:03:49.487 I/InputReader( 1375): Touch event's action is 0x1 (id=5, t=0) [pCnt=1, s=] when=250591.078136
01-01 18:03:49.488 I/InputDispatcher( 1375): Delivering touch to (32459): action: 0x1, f=0x0, d=0, 'eba3da2', t=1 +(0,-64)
01-01 18:03:49.488 I/ViewRootImpl@2abddcd[InputMethod](32459): ViewPostIme pointer 1
01-01 18:03:49.489 I/HBD     (32459): a down event is delayed 
01-01 18:03:49.489 I/HBD     (32459): a delayed down event is done 
01-01 18:03:49.489 I/HBD     (32459): a up event is done 
01-01 18:03:49.489 I/HBD     (32459): d ATL DTMFKeyA
01-01 18:03:49.489 I/HBD     (32459): a [PF_KL] OTE none 1 0 2 1448539 (1, NONE) 
01-01 18:03:49.498 I/HBD     (32459): m1 ous -  2 ,  2 ,  3 ,  3 ,  -1 ,  -1
01-01 18:03:49.508 D/StatusBarIconController( 1876): ignoring old pipeline callbacks, because the new mobile icons are enabled
01-01 18:03:49.519 I/AF::Track(  831): stop() situation track : stv_keyboard
01-01 18:03:49.542 E/Watchdog( 1375): !@Sync: 8349 heap: 109 / 113 FD: 1069 [2026-01-01 18:03:49.542]
01-01 18:03:49.552 I/HBD     (32459): a [PF_KL][HBIC] getSelectedText t, 52 
01-01 18:03:49.559 I/HBD     (32459): m0 EBD cm S 0 
01-01 18:03:49.560 D/audioserver(  831): FGS Logger Transaction failed
01-01 18:03:49.561 D/audioserver(  831): -129
01-01 18:03:49.561 V/APM_AudioPolicyManager(  831): stopOutput portId 3627
01-01 18:03:49.561 V/APM_AudioPolicyManager(  831): stopOutput() output 21, stream 1, session 28577
01-01 18:03:49.561 V/APM_AudioPolicyManager(  831): setBeaconMute(1) mBeaconMuteRefCount=2 mBeaconPlayingRefCount=0
01-01 18:03:49.562 V/APM_AudioPolicyManager(  831): getNewOutputDevices selected devices AUDIO_DEVICE_NONE
01-01 18:03:49.562 V/APM_AudioPolicyManager(  831): setOutputDevices device AUDIO_DEVICE_NONE delayMs 84
01-01 18:03:49.562 V/APM_AudioPolicyManager(  831): setOutputDevices() prevDevice {AUDIO_DEVICE_OUT_SPEAKER, @:}
01-01 18:03:49.562 D/AudioALSAStreamOut(  791): updateSourceMetadataV7() 
01-01 18:03:49.562 I/AudioALSAStreamOut(  791): updateSourceMetadata(), do nothing source_metadata = 0xed63dab0
01-01 18:03:49.563 I/APM::AudioPolicyEngine(  831): getDevicesForStrategyInt no device found for strategy 9
01-01 18:03:49.564 I/gralloc4(32459): @set_metadata: update dataspace from GM (0x00000000 -> 0x08010000)
