01-01 18:20:31.228  1876  1876 D StatusBarIconController: ignoring old pipeline callbacks, because the new mobile icons are enabled
01-01 18:20:31.261  1876  2061 I gralloc4: @set_metadata: update dataspace from GM (0x00000000 -> 0x08010000)
01-01 18:20:31.267   841   841 I BufferQueueProducer: [StatusBar$_1876#83](this:0xb400007a78f3f790,id:-1,api:0,p:-1,c:841) queueBuffer: fps=0.99 dur=1006.20 max=1006.20 min=1006.20
01-01 18:20:31.271   799   879 I hwcomposer: [HWCDisplay] [Display_0 (type:1)] fps:0.992039,dur:1008.02,max:1008.02,min:1008.02  
01-01 18:20:31.333  1375  2904 I SemWifiApDataUsage: handleMessage: 15
01-01 18:20:31.336   773   773 E audit   : type=1400 audit(1767291631.332:1643101): avc:  denied  { ioctl } for  pid=1375 comm="SemWifiApDataUs" path="/data/system/SemWifiApDataUsageHistory.db" dev="dm-50" ino=202538 ioctlcmd=0xf522 scontext=u:r:system_server:s0 tcontext=u:object_r:system_data_file:s0 tclass=file permissive=0 SEPF_SM-A145P_12_0001 audit_filtered
01-01 18:20:31.347  1375  2904 D SemWifiApDbHistoryTableHelper: insertOrUpdateOnGivenDate() : data has been updated or inserted for date=2026-01-01
01-01 18:20:31.354  1375  2904 I SemWifiApDbSimTableHelper: updated for SIM : 8922201040**********
01-01 18:20:31.444  1028  1028 I thermal_repeater: socket -1
01-01 18:20:31.476  1876  1876 D StatusBarIconController: ignoring old pipeline callbacks, because the new mobile icons are enabled
01-01 18:20:32.684  1375  2904 I SemWifiApDataUsage: handleMessage: 14
01-01 18:20:32.684  1375  2904 I SemWifiApEbpf: DATA_USAGE_STATS_START_POLL,mhs= true,upstream= 2,client size 2
01-01 18:20:32.685  1375  2904 D SemWifiApEbpf: getWifiApDataUsageForOverAllMhs():  overall data is246622782
01-01 18:20:32.685  1375  2904 I SemWifiApEbpf: updating the overall dataUsage , overall =246622782 , global = {mTotalDataBytes=246622084,mTotalDataIngressBytes=0,mTotalDataEgressBytes=0,mCellularBytes=246622084,mCurrentDayAndSimCellularBytes=246622084}
01-01 18:20:32.760  1375  1675 I ChimeraAggressivePolicyHandler: executePolicy() - triggerSource: TRIGGER_SOURCE_LMKD
01-01 18:20:32.761  1375  1675 I ChimeraAggressivePolicyHandler: memAvailable: 851340, memFreeTarget: 870400, releaseTarget:19060, protectedLruCount: 9
01-01 18:20:32.765  1375  1675 I NSLocationMonitor: getGPSUsingApps() called
01-01 18:20:32.765  1375  1675 W NSLocationMonitor: NSMonitorService is not connected, return null
01-01 18:20:32.768  1375  1675 I MARs:OngoingNotiPackageFilter: filter : android(0)
01-01 18:20:32.768  1375  1675 D MARs:OngoingNotiPackageFilter: filter(NotiListener) : com.samsung.android.game.gamehome(0)
01-01 18:20:32.769  1375  1675 I ChimeraAggressivePolicyHandler: Start doKill, protected policy: NORMAL
01-01 18:20:32.771  1375  1675 I ChimeraAggressivePolicyHandler: Killed on trigger0 : com.samsung.android.rubin.app[18091], freed: 34685, 10075[18091]:G2(0x20000) score=55.4(34 10/5 34685), pids: 18091 / stats: 10 / adjs: 500 
01-01 18:20:32.773  1375  1400 D DisplayManagerService: Drop pending events for gone uid 10075
01-01 18:20:32.774  1375  1675 I ActivityManager: Killing 18091:com.samsung.android.rubin.app/u0a75 (adj 500): Chimera #0
01-01 18:20:32.778  1375  1675 W ActivityManager: Canceling start item Intent { cmp=com.samsung.android.rubin.app/com.samsung.android.rubin.controller.KeepAliveService } in service com.samsung.android.rubin.app/com.samsung.android.rubin.controller.KeepAliveService
01-01 18:20:32.778  1375  1675 W ActivityManager: Scheduling restart of crashed service com.samsung.android.rubin.app/com.samsung.android.rubin.controller.KeepAliveService in 1000ms for start-requested
01-01 18:20:32.779  1375  1675 D ActivityManager: proc ProcessRecord{8600e60 18091:com.samsung.android.rubin.app/u0a75} already removed. so we skip next process.
01-01 18:20:32.780  1375  1675 I ChimeraAggressivePolicyHandler: kill complete: killed 1 apps, freed 34685 KB
01-01 18:20:32.780  1375  1675 I ChimeraAggressivePolicyHandler: Skipped reason: LR, pids: 12693 20279 11882 
01-01 18:20:32.780  1375  1675 I ChimeraAggressivePolicyHandler: Skipped reason: CA, pids: 5764 18576 15698 12886 15896 20125 19758 18606 7985 15611 18559 
01-01 18:20:32.780  1375  1675 I ChimeraAggressivePolicyHandler: Skipped reason: PE, pids: 2176 11141 3527 32459 2126 1809 1876 13909 5851 2140 1375 13409 2146 1764 29541 3435 8171 14317 3374 28272 27954 31993 
01-01 18:20:32.780  1375  1675 I ChimeraAggressivePolicyHandler: Skipped reason: CA, pids: 19841 8338 12237 11999 
01-01 18:20:32.780  1375  1675 I ChimeraAggressivePolicyHandler: Skipped reason: IN, pids: 19432 
01-01 18:20:32.780  1375  1675 I ChimeraAggressivePolicyHandler: Skipped reason: SE, pids: 15317 
01-01 18:20:32.781  1375  1675 I ChimeraAggressivePolicyHandler: Skipped reason: AD, pids: 12203 
01-01 18:20:32.781  1375  1675 I ChimeraAggressivePolicyHandler: Processing time(ms) 21
01-01 18:20:32.781  1375  1411 I libprocessgroup: Successfully killed process cgroup uid 10075 pid 18091 in 5ms
01-01 18:20:32.811  1375  2069 V ActivityManager: Got obituary of 18091:com.samsung.android.rubin.app
01-01 18:20:32.812   785   785 I Zygote  : Process 18091 exited due to signal 9 (Killed)
01-01 18:20:32.852  5764  5795 V CpEventLog(u0): cp_state: [                 contacts = {contacts=2229, raw_contacts=3729, data=18000, account={secphone(1)=276, google(2)=1962, sim(3)=0, sim2(4)=0, agg(5)=0, duo(8)=191, google(9)=0, whatsapp(12)=1275, google(24)=0, com.opera.mini.native.ping(32)=0}, trash=0, trash_acc={}, trash_sync=25, database=contacts2.db} ]
01-01 18:20:32.852  5764  5795 V CpEventLog(u0): cp_state: [               aggregated = {[1,12,8]=27, [1,12]=170, [1,8]=4, [12,1]=3, [12,8]=1, [12]=3, [1]=71, [2,12,12]=1, [2,12,8]=120, [2,12]=932, [2,1]=1, [2,2,12]=7, [2,2]=1, [2,8,12]=10, [2,8]=29, [2]=853} ]
01-01 18:20:32.852  5764  5795 V CpEventLog(u0): cp_state: [                  request = {} ]
01-01 18:20:32.852  5764  5795 V CpEventLog(u0): cp_state: [                    calls = {types={[100]=2000}, database=calllog.db} ]
01-01 18:20:32.852  5764  5795 V CpEventLog(u0): cp_state: [                  profile = {contacts=0, raw_contacts=0, data=0, account={secphone(1)=0, google(2)=0, sim(3)=0, sim2(4)=0, agg(5)=0, duo(8)=0, google(9)=0, whatsapp(12)=0, google(20)=0, com.opera.mini.native.ping(26)=0}, trash=0, trash_acc={}, trash_sync=0, database=profile.db} ]
01-01 18:20:32.852  5764  5795 V CpEventLog(u0): cp_state: [               sa_profile = {contacts=1, raw_contacts=1, data=1, account={secphone(1)=1, google(2)=0, sim(3)=0, sim2(4)=0, agg(5)=0, duo(8)=0, google(9)=0, whatsapp(12)=0, google(20)=0, com.opera.mini.native.ping(26)=0}, trash=0, trash_acc={}, trash_sync=0, database=profile_sa.db} ]
01-01 18:20:32.852  5764  5795 V CpEventLog(u0): cp_state: [                      etc = {binders=0, country_iso=MR, version=15.0.64, db_version=1708, csc=/} ]
01-01 18:20:32.852  5764  5795 V CpEventLog(u0): cp_state: ------------------------------------------------------------------------------
01-01 18:20:32.896   543   543 D io_stats: !@ 179,0 r 37919861 535754790 w 5964688 67757040 d 892874 67056684 f 0 0 iot 9731784 0 th 0 0 0 pt 0 inp 0 0 251594.487
01-01 18:20:32.982   495   495 I lmkd    : 0(delay), 4(swap), 50(freelimit), 0(reentrymode) memory pressure events were skipped after a kill!
01-01 18:20:33.264  1375  1431 D PowerManagerService: UserActivityStateListenerState: 0
01-01 18:20:33.476  1876  1876 D StatusBarIconController: ignoring old pipeline callbacks, because the new mobile icons are enabled
01-01 18:20:33.618  1809  2062 E NetlinkUtils: receiveNetlinkAck, errmsg=NetlinkErrorMessage{ nlmsghdr{StructNlMsgHdr{ nlmsg_len{100}, nlmsg_type{2()}, nlmsg_flags{0()}, nlmsg_seq{1}, nlmsg_pid{-858561675} }}, nlmsgerr{StructNlMsgErr{ error{-2}, msg{StructNlMsgHdr{ nlmsg_len{80}, nlmsg_type{256()}, nlmsg_flags{261(NLM_F_REQUEST|NLM_F_ACK|NLM_F_ROOT)}, nlmsg_seq{1}, nlmsg_pid{0} }} }} }
01-01 18:20:33.619  1809  2062 W Tethering: [BpfCoordinator] WARN Failed to update conntrack entry (proto: 6, src4: /10.211.137.241, srcPort: 53679, dst4: /142.250.184.170, dstPort: 443), msg: 50000000000105010100000000000000020000003400018014000180080001000AD389F1080002008EFAB8AA1C000280050001000600000006000200D1AF00000600030001BB00000800070000069780, e: android.system.ErrnoException: NetlinkErrorMessage{ nlmsghdr{StructNlMsgHdr{ nlmsg_len{100}, nlmsg_type{2()}, nlmsg_flags{0()}, nlmsg_seq{1}, nlmsg_pid{-858561675} }}, nlmsgerr{StructNlMsgErr{ error{-2}, msg{StructNlMsgHdr{ nlmsg_len{80}, nlmsg_type{256()}, nlmsg_flags{261(NLM_F_REQUEST|NLM_F_ACK|NLM_F_ROOT)}, nlmsg_seq{1}, nlmsg_pid{0} }} }} } failed: ENOENT (No such file or directory)
01-01 18:20:33.638  1809  2062 E NetlinkUtils: receiveNetlinkAck, errmsg=NetlinkErrorMessage{ nlmsghdr{StructNlMsgHdr{ nlmsg_len{100}, nlmsg_type{2()}, nlmsg_flags{0()}, nlmsg_seq{1}, nlmsg_pid{-1212141753} }}, nlmsgerr{StructNlMsgErr{ error{-2}, msg{StructNlMsgHdr{ nlmsg_len{80}, nlmsg_type{256()}, nlmsg_flags{261(NLM_F_REQUEST|NLM_F_ACK|NLM_F_ROOT)}, nlmsg_seq{1}, nlmsg_pid{0} }} }} }
01-01 18:20:33.639  1809  2062 W Tethering: [BpfCoordinator] WARN Failed to update conntrack entry (proto: 6, src4: /10.211.137.241, srcPort: 53646, dst4: /34.36.57.103, dstPort: 443), msg: 50000000000105010100000000000000020000003400018014000180080001000AD389F108000200222439671C000280050001000600000006000200D18E00000600030001BB00000800070000069780, e: android.system.ErrnoException: NetlinkErrorMessage{ nlmsghdr{StructNlMsgHdr{ nlmsg_len{100}, nlmsg_type{2()}, nlmsg_flags{0()}, nlmsg_seq{1}, nlmsg_pid{-1212141753} }}, nlmsgerr{StructNlMsgErr{ error{-2}, msg{StructNlMsgHdr{ nlmsg_len{80}, nlmsg_type{256()}, nlmsg_flags{261(NLM_F_REQUEST|NLM_F_ACK|NLM_F_ROOT)}, nlmsg_seq{1}, nlmsg_pid{0} }} }} } failed: ENOENT (No such file or directory)
01-01 18:20:33.651  1809  2062 E NetlinkUtils: receiveNetlinkAck, errmsg=NetlinkErrorMessage{ nlmsghdr{StructNlMsgHdr{ nlmsg_len{100}, nlmsg_type{2()}, nlmsg_flags{0()}, nlmsg_seq{1}, nlmsg_pid{-1475224730} }}, nlmsgerr{StructNlMsgErr{ error{-2}, msg{StructNlMsgHdr{ nlmsg_len{80}, nlmsg_type{256()}, nlmsg_flags{261(NLM_F_REQUEST|NLM_F_ACK|NLM_F_ROOT)}, nlmsg_seq{1}, nlmsg_pid{0} }} }} }
01-01 18:20:33.651  1809  2062 W Tethering: [BpfCoordinator] WARN Failed to update conntrack entry (proto: 6, src4: /10.211.137.241, srcPort: 53678, dst4: /142.250.184.170, dstPort: 443), msg: 50000000000105010100000000000000020000003400018014000180080001000AD389F1080002008EFAB8AA1C000280050001000600000006000200D1AE00000600030001BB00000800070000069780, e: android.system.ErrnoException: NetlinkErrorMessage{ nlmsghdr{StructNlMsgHdr{ nlmsg_len{100}, nlmsg_type{2()}, nlmsg_flags{0()}, nlmsg_seq{1}, nlmsg_pid{-1475224730} }}, nlmsgerr{StructNlMsgErr{ error{-2}, msg{StructNlMsgHdr{ nlmsg_len{80}, nlmsg_type{256()}, nlmsg_flags{261(NLM_F_REQUEST|NLM_F_ACK|NLM_F_ROOT)}, nlmsg_seq{1}, nlmsg_pid{0} }} }} } failed: ENOENT (No such file or directory)
01-01 18:20:33.729  1809  2062 E NetlinkUtils: receiveNetlinkAck, errmsg=NetlinkErrorMessage{ nlmsghdr{StructNlMsgHdr{ nlmsg_len{100}, nlmsg_type{2()}, nlmsg_flags{0()}, nlmsg_seq{1}, nlmsg_pid{-1660305656} }}, nlmsgerr{StructNlMsgErr{ error{-2}, msg{StructNlMsgHdr{ nlmsg_len{80}, nlmsg_type{256()}, nlmsg_flags{261(NLM_F_REQUEST|NLM_F_ACK|NLM_F_ROOT)}, nlmsg_seq{1}, nlmsg_pid{0} }} }} }
01-01 18:20:33.730  1809  2062 W Tethering: [BpfCoordinator] WARN Failed to update conntrack entry (proto: 6, src4: /10.211.137.241, srcPort: 53632, dst4: /34.36.57.103, dstPort: 443), msg: 50000000000105010100000000000000020000003400018014000180080001000AD389F108000200222439671C000280050001000600000006000200D18000000600030001BB00000800070000069780, e: android.system.ErrnoException: NetlinkErrorMessage{ nlmsghdr{StructNlMsgHdr{ nlmsg_len{100}, nlmsg_type{2()}, nlmsg_flags{0()}, nlmsg_seq{1}, nlmsg_pid{-1660305656} }}, nlmsgerr{StructNlMsgErr{ error{-2}, msg{StructNlMsgHdr{ nlmsg_len{80}, nlmsg_type{256()}, nlmsg_flags{261(NLM_F_REQUEST|NLM_F_ACK|NLM_F_ROOT)}, nlmsg_seq{1}, nlmsg_pid{0} }} }} } failed: ENOENT (No such file or directory)
01-01 18:20:33.751  1809  2062 E NetlinkUtils: receiveNetlinkAck, errmsg=NetlinkErrorMessage{ nlmsghdr{StructNlMsgHdr{ nlmsg_len{100}, nlmsg_type{2()}, nlmsg_flags{0()}, nlmsg_seq{1}, nlmsg_pid{-784366080} }}, nlmsgerr{StructNlMsgErr{ error{-2}, msg{StructNlMsgHdr{ nlmsg_len{80}, nlmsg_type{256()}, nlmsg_flags{261(NLM_F_REQUEST|NLM_F_ACK|NLM_F_ROOT)}, nlmsg_seq{1}, nlmsg_pid{0} }} }} }
01-01 18:20:33.751  1809  2062 W Tethering: [BpfCoordinator] WARN Failed to update conntrack entry (proto: 6, src4: /10.211.137.241, srcPort: 53636, dst4: /34.36.57.103, dstPort: 443), msg: 50000000000105010100000000000000020000003400018014000180080001000AD389F108000200222439671C000280050001000600000006000200D18400000600030001BB00000800070000069780, e: android.system.ErrnoException: NetlinkErrorMessage{ nlmsghdr{StructNlMsgHdr{ nlmsg_len{100}, nlmsg_type{2()}, nlmsg_flags{0()}, nlmsg_seq{1}, nlmsg_pid{-784366080} }}, nlmsgerr{StructNlMsgErr{ error{-2}, msg{StructNlMsgHdr{ nlmsg_len{80}, nlmsg_type{256()}, nlmsg_flags{261(NLM_F_REQUEST|NLM_F_ACK|NLM_F_ROOT)}, nlmsg_seq{1}, nlmsg_pid{0} }} }} } failed: ENOENT (No such file or directory)
01-01 18:20:33.787  1375  1409 D CompatibilityChangeReporter: Compat change id reported: 135634846; UID 10075; state: DISABLED
01-01 18:20:33.787  1375  1409 D CompatibilityChangeReporter: Compat change id reported: 177438394; UID 10075; state: DISABLED
01-01 18:20:33.787  1375  1409 D CompatibilityChangeReporter: Compat change id reported: 135772972; UID 10075; state: DISABLED
01-01 18:20:33.788  1375  1409 D CompatibilityChangeReporter: Compat change id reported: 135754954; UID 10075; state: ENABLED
01-01 18:20:33.790  1375  1410 D CompatibilityChangeReporter: Compat change id reported: 143937733; UID 10075; state: ENABLED
01-01 18:20:33.794  1809  2062 E NetlinkUtils: receiveNetlinkAck, errmsg=NetlinkErrorMessage{ nlmsghdr{StructNlMsgHdr{ nlmsg_len{100}, nlmsg_type{2()}, nlmsg_flags{0()}, nlmsg_seq{1}, nlmsg_pid{-888579889} }}, nlmsgerr{StructNlMsgErr{ error{-2}, msg{StructNlMsgHdr{ nlmsg_len{80}, nlmsg_type{256()}, nlmsg_flags{261(NLM_F_REQUEST|NLM_F_ACK|NLM_F_ROOT)}, nlmsg_seq{1}, nlmsg_pid{0} }} }} }
01-01 18:20:33.794  1809  2062 W Tethering: [BpfCoordinator] WARN Failed to update conntrack entry (proto: 6, src4: /10.211.137.241, srcPort: 53685, dst4: /34.36.57.103, dstPort: 443), msg: 50000000000105010100000000000000020000003400018014000180080001000AD389F108000200222439671C000280050001000600000006000200D1B500000600030001BB00000800070000069780, e: android.system.ErrnoException: NetlinkErrorMessage{ nlmsghdr{StructNlMsgHdr{ nlmsg_len{100}, nlmsg_type{2()}, nlmsg_flags{0()}, nlmsg_seq{1}, nlmsg_pid{-888579889} }}, nlmsgerr{StructNlMsgErr{ error{-2}, msg{StructNlMsgHdr{ nlmsg_len{80}, nlmsg_type{256()}, nlmsg_flags{261(NLM_F_REQUEST|NLM_F_ACK|NLM_F_ROOT)}, nlmsg_seq{1}, nlmsg_pid{0} }} }} } failed: ENOENT (No such file or directory)
01-01 18:20:33.814  1809  2062 E NetlinkUtils: receiveNetlinkAck, errmsg=NetlinkErrorMessage{ nlmsghdr{StructNlMsgHdr{ nlmsg_len{100}, nlmsg_type{2()}, nlmsg_flags{0()}, nlmsg_seq{1}, nlmsg_pid{-1730381714} }}, nlmsgerr{StructNlMsgErr{ error{-2}, msg{StructNlMsgHdr{ nlmsg_len{80}, nlmsg_type{256()}, nlmsg_flags{261(NLM_F_REQUEST|NLM_F_ACK|NLM_F_ROOT)}, nlmsg_seq{1}, nlmsg_pid{0} }} }} }
01-01 18:20:33.815  1809  2062 W Tethering: [BpfCoordinator] WARN Failed to update conntrack entry (proto: 6, src4: /10.211.137.241, srcPort: 53637, dst4: /34.36.57.103, dstPort: 443), msg: 50000000000105010100000000000000020000003400018014000180080001000AD389F108000200222439671C000280050001000600000006000200D18500000600030001BB00000800070000069780, e: android.system.ErrnoException: NetlinkErrorMessage{ nlmsghdr{StructNlMsgHdr{ nlmsg_len{100}, nlmsg_type{2()}, nlmsg_flags{0()}, nlmsg_seq{1}, nlmsg_pid{-1730381714} }}, nlmsgerr{StructNlMsgErr{ error{-2}, msg{StructNlMsgHdr{ nlmsg_len{80}, nlmsg_type{256()}, nlmsg_flags{261(NLM_F_REQUEST|NLM_F_ACK|NLM_F_ROOT)}, nlmsg_seq{1}, nlmsg_pid{0} }} }} } failed: ENOENT (No such file or directory)
01-01 18:20:33.815   785   785 D Zygote  : Forked child process 20453
01-01 18:20:33.817  1809  2062 E NetlinkUtils: receiveNetlinkAck, errmsg=NetlinkErrorMessage{ nlmsghdr{StructNlMsgHdr{ nlmsg_len{100}, nlmsg_type{2()}, nlmsg_flags{0()}, nlmsg_seq{1}, nlmsg_pid{-1835325728} }}, nlmsgerr{StructNlMsgErr{ error{-2}, msg{StructNlMsgHdr{ nlmsg_len{80}, nlmsg_type{256()}, nlmsg_flags{261(NLM_F_REQUEST|NLM_F_ACK|NLM_F_ROOT)}, nlmsg_seq{1}, nlmsg_pid{0} }} }} }
01-01 18:20:33.817  1375  1410 I ActivityManager: Start proc 20453:com.samsung.android.rubin.app/u0a75 for service {com.samsung.android.rubin.app/com.samsung.android.rubin.controller.KeepAliveService}
01-01 18:20:33.817  1809  2062 W Tethering: [BpfCoordinator] WARN Failed to update conntrack entry (proto: 6, src4: /10.211.137.241, srcPort: 53633, dst4: /34.36.57.103, dstPort: 443), msg: 50000000000105010100000000000000020000003400018014000180080001000AD389F108000200222439671C000280050001000600000006000200D18100000600030001BB00000800070000069780, e: android.system.ErrnoException: NetlinkErrorMessage{ nlmsghdr{StructNlMsgHdr{ nlmsg_len{100}, nlmsg_type{2()}, nlmsg_flags{0()}, nlmsg_seq{1}, nlmsg_pid{-1835325728} }}, nlmsgerr{StructNlMsgErr{ error{-2}, msg{StructNlMsgHdr{ nlmsg_len{80}, nlmsg_type{256()}, nlmsg_flags{261(NLM_F_REQUEST|NLM_F_ACK|NLM_F_ROOT)}, nlmsg_seq{1}, nlmsg_pid{0} }} }} } failed: ENOENT (No such file or directory)
01-01 18:20:33.828  1809  2062 E NetlinkUtils: receiveNetlinkAck, errmsg=NetlinkErrorMessage{ nlmsghdr{StructNlMsgHdr{ nlmsg_len{100}, nlmsg_type{2()}, nlmsg_flags{0()}, nlmsg_seq{1}, nlmsg_pid{-1216647763} }}, nlmsgerr{StructNlMsgErr{ error{-2}, msg{StructNlMsgHdr{ nlmsg_len{80}, nlmsg_type{256()}, nlmsg_flags{261(NLM_F_REQUEST|NLM_F_ACK|NLM_F_ROOT)}, nlmsg_seq{1}, nlmsg_pid{0} }} }} }
01-01 18:20:33.829  1809  2062 W Tethering: [BpfCoordinator] WARN Failed to update conntrack entry (proto: 6, src4: /10.211.137.241, srcPort: 53642, dst4: /34.36.57.103, dstPort: 443), msg: 50000000000105010100000000000000020000003400018014000180080001000AD389F108000200222439671C000280050001000600000006000200D18A00000600030001BB00000800070000069780, e: android.system.ErrnoException: NetlinkErrorMessage{ nlmsghdr{StructNlMsgHdr{ nlmsg_len{100}, nlmsg_type{2()}, nlmsg_flags{0()}, nlmsg_seq{1}, nlmsg_pid{-1216647763} }}, nlmsgerr{StructNlMsgErr{ error{-2}, msg{StructNlMsgHdr{ nlmsg_len{80}, nlmsg_type{256()}, nlmsg_flags{261(NLM_F_REQUEST|NLM_F_ACK|NLM_F_ROOT)}, nlmsg_seq{1}, nlmsg_pid{0} }} }} } failed: ENOENT (No such file or directory)
01-01 18:20:33.849 20453 20453 I droid.rubin.app: Using CollectorTypeCC GC.
01-01 18:20:33.855 20453 20453 E droid.rubin.app: Not starting debugger since process cannot load the jdwp agent.
01-01 18:20:33.870  1375  2069 D CompatibilityChangeReporter: Compat change id reported: 168419799; UID 10075; state: DISABLED
01-01 18:20:33.870  1375  2069 D CompatibilityChangeReporter: Compat change id reported: 273564678; UID 10075; state: DISABLED
01-01 18:20:33.875  1375  1508 D CompatibilityChangeReporter: Compat change id reported: 265195908; UID 10075; state: ENABLED
01-01 18:20:33.887  1375  2069 D CompatibilityChangeReporter: Compat change id reported: 170503758; UID 10075; state: ENABLED
01-01 18:20:33.894  1809  2062 E NetlinkUtils: receiveNetlinkAck, errmsg=NetlinkErrorMessage{ nlmsghdr{StructNlMsgHdr{ nlmsg_len{100}, nlmsg_type{2()}, nlmsg_flags{0()}, nlmsg_seq{1}, nlmsg_pid{-1129592328} }}, nlmsgerr{StructNlMsgErr{ error{-2}, msg{StructNlMsgHdr{ nlmsg_len{80}, nlmsg_type{256()}, nlmsg_flags{261(NLM_F_REQUEST|NLM_F_ACK|NLM_F_ROOT)}, nlmsg_seq{1}, nlmsg_pid{0} }} }} }
01-01 18:20:33.895  1809  2062 W Tethering: [BpfCoordinator] WARN Failed to update conntrack entry (proto: 6, src4: /10.211.137.241, srcPort: 53633, dst4: /34.36.57.103, dstPort: 443), msg: 50000000000105010100000000000000020000003400018014000180080001000AD389F108000200222439671C000280050001000600000006000200D18100000600030001BB00000800070000069780, e: android.system.ErrnoException: NetlinkErrorMessage{ nlmsghdr{StructNlMsgHdr{ nlmsg_len{100}, nlmsg_type{2()}, nlmsg_flags{0()}, nlmsg_seq{1}, nlmsg_pid{-1129592328} }}, nlmsgerr{StructNlMsgErr{ error{-2}, msg{StructNlMsgHdr{ nlmsg_len{80}, nlmsg_type{256()}, nlmsg_flags{261(NLM_F_REQUEST|NLM_F_ACK|NLM_F_ROOT)}, nlmsg_seq{1}, nlmsg_pid{0} }} }} } failed: ENOENT (No such file or directory)
01-01 18:20:33.900  1809  2062 E NetlinkUtils: receiveNetlinkAck, errmsg=NetlinkErrorMessage{ nlmsghdr{StructNlMsgHdr{ nlmsg_len{100}, nlmsg_type{2()}, nlmsg_flags{0()}, nlmsg_seq{1}, nlmsg_pid{-2121891362} }}, nlmsgerr{StructNlMsgErr{ error{-2}, msg{StructNlMsgHdr{ nlmsg_len{80}, nlmsg_type{256()}, nlmsg_flags{261(NLM_F_REQUEST|NLM_F_ACK|NLM_F_ROOT)}, nlmsg_seq{1}, nlmsg_pid{0} }} }} }
01-01 18:20:33.900  1809  2062 W Tethering: [BpfCoordinator] WARN Failed to update conntrack entry (proto: 6, src4: /10.211.137.241, srcPort: 53646, dst4: /34.36.57.103, dstPort: 443), msg: 50000000000105010100000000000000020000003400018014000180080001000AD389F108000200222439671C000280050001000600000006000200D18E00000600030001BB00000800070000069780, e: android.system.ErrnoException: NetlinkErrorMessage{ nlmsghdr{StructNlMsgHdr{ nlmsg_len{100}, nlmsg_type{2()}, nlmsg_flags{0()}, nlmsg_seq{1}, nlmsg_pid{-2121891362} }}, nlmsgerr{StructNlMsgErr{ error{-2}, msg{StructNlMsgHdr{ nlmsg_len{80}, nlmsg_type{256()}, nlmsg_flags{261(NLM_F_REQUEST|NLM_F_ACK|NLM_F_ROOT)}, nlmsg_seq{1}, nlmsg_pid{0} }} }} } failed: ENOENT (No such file or directory)
01-01 18:20:33.907  1809  2062 E NetlinkUtils: receiveNetlinkAck, errmsg=NetlinkErrorMessage{ nlmsghdr{StructNlMsgHdr{ nlmsg_len{100}, nlmsg_type{2()}, nlmsg_flags{0()}, nlmsg_seq{1}, nlmsg_pid{-1847197932} }}, nlmsgerr{StructNlMsgErr{ error{-2}, msg{StructNlMsgHdr{ nlmsg_len{80}, nlmsg_type{256()}, nlmsg_flags{261(NLM_F_REQUEST|NLM_F_ACK|NLM_F_ROOT)}, nlmsg_seq{1}, nlmsg_pid{0} }} }} }
01-01 18:20:33.907  1809  2062 W Tethering: [BpfCoordinator] WARN Failed to update conntrack entry (proto: 6, src4: /10.211.137.241, srcPort: 53636, dst4: /34.36.57.103, dstPort: 443), msg: 50000000000105010100000000000000020000003400018014000180080001000AD389F108000200222439671C000280050001000600000006000200D18400000600030001BB00000800070000069780, e: android.system.ErrnoException: NetlinkErrorMessage{ nlmsghdr{StructNlMsgHdr{ nlmsg_len{100}, nlmsg_type{2()}, nlmsg_flags{0()}, nlmsg_seq{1}, nlmsg_pid{-1847197932} }}, nlmsgerr{StructNlMsgErr{ error{-2}, msg{StructNlMsgHdr{ nlmsg_len{80}, nlmsg_type{256()}, nlmsg_flags{261(NLM_F_REQUEST|NLM_F_ACK|NLM_F_ROOT)}, nlmsg_seq{1}, nlmsg_pid{0} }} }} } failed: ENOENT (No such file or directory)
01-01 18:20:33.933  1809  2062 E NetlinkUtils: receiveNetlinkAck, errmsg=NetlinkErrorMessage{ nlmsghdr{StructNlMsgHdr{ nlmsg_len{100}, nlmsg_type{2()}, nlmsg_flags{0()}, nlmsg_seq{1}, nlmsg_pid{-1253195261} }}, nlmsgerr{StructNlMsgErr{ error{-2}, msg{StructNlMsgHdr{ nlmsg_len{80}, nlmsg_type{256()}, nlmsg_flags{261(NLM_F_REQUEST|NLM_F_ACK|NLM_F_ROOT)}, nlmsg_seq{1}, nlmsg_pid{0} }} }} }
01-01 18:20:33.933  1809  2062 W Tethering: [BpfCoordinator] WARN Failed to update conntrack entry (proto: 6, src4: /10.211.137.241, srcPort: 53685, dst4: /34.36.57.103, dstPort: 443), msg: 50000000000105010100000000000000020000003400018014000180080001000AD389F108000200222439671C000280050001000600000006000200D1B500000600030001BB00000800070000069780, e: android.system.ErrnoException: NetlinkErrorMessage{ nlmsghdr{StructNlMsgHdr{ nlmsg_len{100}, nlmsg_type{2()}, nlmsg_flags{0()}, nlmsg_seq{1}, nlmsg_pid{-1253195261} }}, nlmsgerr{StructNlMsgErr{ error{-2}, msg{StructNlMsgHdr{ nlmsg_len{80}, nlmsg_type{256()}, nlmsg_flags{261(NLM_F_REQUEST|NLM_F_ACK|NLM_F_ROOT)}, nlmsg_seq{1}, nlmsg_pid{0} }} }} } failed: ENOENT (No such file or directory)
01-01 18:20:33.938  1809  2062 E NetlinkUtils: receiveNetlinkAck, errmsg=NetlinkErrorMessage{ nlmsghdr{StructNlMsgHdr{ nlmsg_len{100}, nlmsg_type{2()}, nlmsg_flags{0()}, nlmsg_seq{1}, nlmsg_pid{-2030482195} }}, nlmsgerr{StructNlMsgErr{ error{-2}, msg{StructNlMsgHdr{ nlmsg_len{80}, nlmsg_type{256()}, nlmsg_flags{261(NLM_F_REQUEST|NLM_F_ACK|NLM_F_ROOT)}, nlmsg_seq{1}, nlmsg_pid{0} }} }} }
01-01 18:20:33.939  1809  2062 W Tethering: [BpfCoordinator] WARN Failed to update conntrack entry (proto: 6, src4: /10.211.137.241, srcPort: 53642, dst4: /34.36.57.103, dstPort: 443), msg: 50000000000105010100000000000000020000003400018014000180080001000AD389F108000200222439671C000280050001000600000006000200D18A00000600030001BB00000800070000069780, e: android.system.ErrnoException: NetlinkErrorMessage{ nlmsghdr{StructNlMsgHdr{ nlmsg_len{100}, nlmsg_type{2()}, nlmsg_flags{0()}, nlmsg_seq{1}, nlmsg_pid{-2030482195} }}, nlmsgerr{StructNlMsgErr{ error{-2}, msg{StructNlMsgHdr{ nlmsg_len{80}, nlmsg_type{256()}, nlmsg_flags{261(NLM_F_REQUEST|NLM_F_ACK|NLM_F_ROOT)}, nlmsg_seq{1}, nlmsg_pid{0} }} }} } failed: ENOENT (No such file or directory)
01-01 18:20:34.007  1375  2069 D VpnManagerService: Exception: java.lang.NullPointerException: Attempt to invoke interface method 'int com.samsung.android.knox.zt.networktrust.filter.IKnoxNetworkFilterService.getKnoxNwFilterHttpProxyPort(int, java.lang.String)' on a null object reference
01-01 18:20:34.007  1375  2069 D VpnManagerService: 	at com.android.server.VpnManagerService.getKnoxNwFilterHttpProxyPort(VpnManagerService.java:1945)
01-01 18:20:34.007  1375  2069 D VpnManagerService: 	at android.net.IVpnManager$Stub.onTransact(IVpnManager.java:1075)
01-01 18:20:34.007  1375  2069 D VpnManagerService: 	at android.os.Binder.execTransactInternal(Binder.java:1375)
01-01 18:20:34.007  1375  2069 D VpnManagerService: 	at android.os.Binder.execTransact(Binder.java:1311)
01-01 18:20:34.019  1809  2062 E NetlinkUtils: receiveNetlinkAck, errmsg=NetlinkErrorMessage{ nlmsghdr{StructNlMsgHdr{ nlmsg_len{100}, nlmsg_type{2()}, nlmsg_flags{0()}, nlmsg_seq{1}, nlmsg_pid{-980476894} }}, nlmsgerr{StructNlMsgErr{ error{-2}, msg{StructNlMsgHdr{ nlmsg_len{80}, nlmsg_type{256()}, nlmsg_flags{261(NLM_F_REQUEST|NLM_F_ACK|NLM_F_ROOT)}, nlmsg_seq{1}, nlmsg_pid{0} }} }} }
01-01 18:20:34.020  1809  2062 W Tethering: [BpfCoordinator] WARN Failed to update conntrack entry (proto: 6, src4: /10.211.137.241, srcPort: 53637, dst4: /34.36.57.103, dstPort: 443), msg: 50000000000105010100000000000000020000003400018014000180080001000AD389F108000200222439671C000280050001000600000006000200D18500000600030001BB00000800070000069780, e: android.system.ErrnoException: NetlinkErrorMessage{ nlmsghdr{StructNlMsgHdr{ nlmsg_len{100}, nlmsg_type{2()}, nlmsg_flags{0()}, nlmsg_seq{1}, nlmsg_pid{-980476894} }}, nlmsgerr{StructNlMsgErr{ error{-2}, msg{StructNlMsgHdr{ nlmsg_len{80}, nlmsg_type{256()}, nlmsg_flags{261(NLM_F_REQUEST|NLM_F_ACK|NLM_F_ROOT)}, nlmsg_seq{1}, nlmsg_pid{0} }} }} } failed: ENOENT (No such file or directory)
01-01 18:20:34.028  1809  2062 E NetlinkUtils: receiveNetlinkAck, errmsg=NetlinkErrorMessage{ nlmsghdr{StructNlMsgHdr{ nlmsg_len{100}, nlmsg_type{2()}, nlmsg_flags{0()}, nlmsg_seq{1}, nlmsg_pid{-405895428} }}, nlmsgerr{StructNlMsgErr{ error{-2}, msg{StructNlMsgHdr{ nlmsg_len{80}, nlmsg_type{256()}, nlmsg_flags{261(NLM_F_REQUEST|NLM_F_ACK|NLM_F_ROOT)}, nlmsg_seq{1}, nlmsg_pid{0} }} }} }
01-01 18:20:34.028  1809  2062 W Tethering: [BpfCoordinator] WARN Failed to update conntrack entry (proto: 6, src4: /10.211.137.241, srcPort: 53632, dst4: /34.36.57.103, dstPort: 443), msg: 50000000000105010100000000000000020000003400018014000180080001000AD389F108000200222439671C000280050001000600000006000200D18000000600030001BB00000800070000069780, e: android.system.ErrnoException: NetlinkErrorMessage{ nlmsghdr{StructNlMsgHdr{ nlmsg_len{100}, nlmsg_type{2()}, nlmsg_flags{0()}, nlmsg_seq{1}, nlmsg_pid{-405895428} }}, nlmsgerr{StructNlMsgErr{ error{-2}, msg{StructNlMsgHdr{ nlmsg_len{80}, nlmsg_type{256()}, nlmsg_flags{261(NLM_F_REQUEST|NLM_F_ACK|NLM_F_ROOT)}, nlmsg_seq{1}, nlmsg_pid{0} }} }} } failed: ENOENT (No such file or directory)
01-01 18:20:34.041 20453 20453 I FirebaseApp: Device unlocked: initializing all Firebase APIs for app [DEFAULT]
01-01 18:20:34.047 20453 20453 I FirebaseInitProvider: FirebaseApp initialization successful
01-01 18:20:34.053   773   773 E audit   : type=1400 audit(1767291634.048:1643102): avc:  denied  { ioctl } for  pid=20453 comm="pool-4-thread-1" path="/data/data/com.samsung.android.rubin.app/databases/com.google.android.datatransport.events" dev="dm-50" ino=8517 ioctlcmd=0xf522 scontext=u:r:platform_app:s0:c512,c768 tcontext=u:object_r:app_data_file:s0:c512,c768 tclass=file permissive=0 SEPF_SM-A145P_12_0001 audit_filtered
01-01 18:20:34.083  1375  2069 D PackageManager: setEnabledSetting : userId = 0 packageName = com.samsung.android.rubin.app cmp = androidx.work.impl.background.systemjob.SystemJobService newState = 1 callingPackage = com.samsung.android.rubin.app
01-01 18:20:34.084  1375  2069 D ApplicationPolicy: getApplicationStateEnabled : pkg = com.samsung.android.rubin.app userId : 0
01-01 18:20:34.085  1375  2069 D ApplicationPolicy: getApplicationComponentState : pkg = com.samsung.android.rubin.app userId : 0
01-01 18:20:34.099   773   773 E audit   : type=1400 audit(1767291634.096:1643103): avc:  denied  { ioctl } for  pid=20453 comm="WM.task-1" path="/data/data/com.samsung.android.rubin.app/no_backup/androidx.work.workdb" dev="dm-50" ino=8521 ioctlcmd=0xf522 scontext=u:r:platform_app:s0:c512,c768 tcontext=u:object_r:app_data_file:s0:c512,c768 tclass=file permissive=0 SEPF_SM-A145P_12_0001 audit_filtered
01-01 18:20:34.107   773   773 E audit   : type=1400 audit(1767291634.104:1643104): avc:  denied  { ioctl } for  pid=20453 comm="WM.task-1" path="/data/data/com.samsung.android.rubin.app/no_backup/androidx.work.workdb" dev="dm-50" ino=8521 ioctlcmd=0xf522 scontext=u:r:platform_app:s0:c512,c768 tcontext=u:object_r:app_data_file:s0:c512,c768 tclass=file permissive=0 SEPF_SM-A145P_12_0001 audit_filtered
01-01 18:20:34.111   773   773 E audit   : type=1400 audit(1767291634.108:1643105): avc:  denied  { ioctl } for  pid=20453 comm="droid.rubin.app" path="/data/data/com.samsung.android.rubin.app/databases/config.db" dev="dm-50" ino=8525 ioctlcmd=0xf522 scontext=u:r:platform_app:s0:c512,c768 tcontext=u:object_r:app_data_file:s0:c512,c768 tclass=file permissive=0 SEPF_SM-A145P_12_0001 audit_filtered
01-01 18:20:34.116   773   773 E audit   : type=1400 audit(1767291634.112:1643106): avc:  denied  { ioctl } for  pid=20453 comm="WM.task-1" path="/data/data/com.samsung.android.rubin.app/no_backup/androidx.work.workdb" dev="dm-50" ino=8521 ioctlcmd=0xf522 scontext=u:r:platform_app:s0:c512,c768 tcontext=u:object_r:app_data_file:s0:c512,c768 tclass=file permissive=0 SEPF_SM-A145P_12_0001 audit_filtered
01-01 18:20:34.118   773   773 E audit   : type=1400 audit(1767291634.116:1643107): avc:  denied  { ioctl } for  pid=20453 comm="droid.rubin.app" path="/data/data/com.samsung.android.rubin.app/databases/config.db" dev="dm-50" ino=8525 ioctlcmd=0xf522 scontext=u:r:platform_app:s0:c512,c768 tcontext=u:object_r:app_data_file:s0:c512,c768 tclass=file permissive=0 SEPF_SM-A145P_12_0001 audit_filtered
01-01 18:20:34.122 20453 20453 I Rubin   : [2] fa.b.c(Unknown Source) : Reusing the existing key
01-01 18:20:34.139   574   574 W keymint_tee: [WRN]begin req PARAMS: A32, BM2, PD64, 
01-01 18:20:34.141   574   574 D android.hardware.security.keymint-service: begin: ret 0
01-01 18:20:34.142   573 14515 I keystore2: system/security/keystore2/src/security_level.rs:448 - In create_operation. Success to create IKeystoreOperation. 10075, None
01-01 18:20:34.145   574   574 D android.hardware.security.keymint-service: update: ret 0
01-01 18:20:34.147   574   574 D android.hardware.security.keymint-service: finish: ret 0
01-01 18:20:34.151   773   773 E audit   : type=1400 audit(1767291634.148:1643108): avc:  denied  { ioctl } for  pid=20453 comm="droid.rubin.app" path="/data/data/com.samsung.android.rubin.app/databases/inferenceengine_analytics.db" dev="dm-50" ino=8547 ioctlcmd=0xf522 scontext=u:r:platform_app:s0:c512,c768 tcontext=u:object_r:app_data_file:s0:c512,c768 tclass=file permissive=0 SEPF_SM-A145P_12_0001 audit_filtered
01-01 18:20:34.203 20453 20473 W FA-Ads  : Disabling data collection. Found google_app_id in strings.xml but Google Analytics for Firebase is missing. Remove this value or add Google Analytics for Firebase to resume data collection.
01-01 18:20:34.219 20453 20473 W droid.rubin.app: ClassLoaderContext classpath size mismatch. expected=1, found=0 (DLC[];PCL[base.apk*2108145554]{PCL[/system/framework/org.apache.http.legacy.jar*365604909]#PCL[/system/framework/com.android.media.remotedisplay.jar*2114713712]#PCL[/system/framework/com.android.location.provider.jar*3994156537]#PCL[/system/framework/org.apache.http.legacy.jar*365604909]} | DLC[];PCL[])
01-01 18:20:34.223 20453 20473 I DynamiteModule: Considering local module com.google.android.gms.ads.dynamite:0 and remote module com.google.android.gms.ads.dynamite:254380203
01-01 18:20:34.224 20453 20473 I DynamiteModule: Selected remote version of com.google.android.gms.ads.dynamite, version >= 254380203
01-01 18:20:34.230  1375  2069 D CompatibilityChangeReporter: Compat change id reported: 161145287; UID 10075; state: ENABLED
01-01 18:20:34.231 20453 20453 I Rubin   : [2] fa.b.c(Unknown Source) : Reusing the existing key
01-01 18:20:34.235 20453 20473 W System  : ClassLoader referenced unknown path: 
01-01 18:20:34.238   574   574 W keymint_tee: [WRN]begin req PARAMS: A32, BM2, PD64, 
01-01 18:20:34.240   574   574 D android.hardware.security.keymint-service: begin: ret 0
01-01 18:20:34.240   573 14515 I keystore2: system/security/keystore2/src/security_level.rs:448 - In create_operation. Success to create IKeystoreOperation. 10075, None
01-01 18:20:34.242   574   574 D android.hardware.security.keymint-service: update: ret 0
01-01 18:20:34.244   574   574 D android.hardware.security.keymint-service: finish: ret 0
01-01 18:20:34.303 20453 20453 I Rubin   : [2] com.samsung.android.rubin.app.RubinApplication.onCreate(Unknown Source) : Runestone process starts
01-01 18:20:34.306 20453 20453 I Rubin   : [2] s8.d.f(Unknown Source) : current version = 5 upgrade version = 5
01-01 18:20:34.316 20453 20453 I Rubin   : [2] w9.f.p(Unknown Source) : device rubin state : true -> true
01-01 18:20:34.320 20453 20453 I Rubin   : [2] q8.c.a(Unknown Source) : active permissions : [CONTACTS, NEARBY_DEVICES, SMS, CALL_LOG, PHYSICAL_ACTIVITY, LOCATION, STORAGE, CALENDAR]
01-01 18:20:34.323 20453 20453 I Rubin   : [2] aa.h.k(Unknown Source) : Enabling device rubin service
01-01 18:20:34.330 20453 20453 I Rubin   : [2] aa.d.<init>(Unknown Source) : Blocked module due to counter -> {}
01-01 18:20:34.334 20453 20453 I Rubin   : [2] hb.b.g(Unknown Source) : init
01-01 18:20:34.338 20453 20453 I Rubin   : [2] aa.d.<init>(Unknown Source) : Blocked module due to counter -> {}
01-01 18:20:34.339 20453 20453 I Rubin   : [2] dd.c.<init>(Unknown Source) : AnalyzerHolder - DEVICE
01-01 18:20:34.339 20453 20453 I Rubin   : [2] dd.e.<init>(Unknown Source) : LoggerHolder - DEVICE
01-01 18:20:34.339 20453 20453 I Rubin   : [2] hb.c.<init>(Unknown Source) : create DeviceInferenceEngineManager instance
01-01 18:20:34.339 20453 20453 I Rubin   : [2] dd.c.e(Unknown Source) : initAnalyzers
01-01 18:20:34.339 20453 20453 I Rubin   : [2] dd.c.f(Unknown Source) : setupAnalyzers
01-01 18:20:34.348 20453 20453 I Rubin   : [2] dd.a.e(Unknown Source) : setupAnalyzers
01-01 18:20:34.350 20453 20453 I Rubin   : [2] dd.g.c(Unknown Source) : addAnalyzerDevice
01-01 18:20:34.351 20453 20453 I Rubin   : [2] fa.b.c(Unknown Source) : Reusing the existing key
01-01 18:20:34.362   574   574 W keymint_tee: [WRN]begin req PARAMS: A32, BM2, PD64, 
01-01 18:20:34.364   574   574 D android.hardware.security.keymint-service: begin: ret 0
01-01 18:20:34.365   573 14515 I keystore2: system/security/keystore2/src/security_level.rs:448 - In create_operation. Success to create IKeystoreOperation. 10075, None
01-01 18:20:34.366   574   574 D android.hardware.security.keymint-service: update: ret 0
01-01 18:20:34.368   574   574 D android.hardware.security.keymint-service: finish: ret 0
01-01 18:20:34.417 20453 20453 I Rubin   : [2] dd.a.e(Unknown Source) : setupAnalyzers
01-01 18:20:34.417 20453 20453 I Rubin   : [2] dd.f.c(Unknown Source) : addAnalyzerDevice
01-01 18:20:34.418 20453 20453 I Rubin   : [2] fa.b.c(Unknown Source) : Reusing the existing key
01-01 18:20:34.426   574   574 W keymint_tee: [WRN]begin req PARAMS: A32, BM2, PD64, 
01-01 18:20:34.428   574   574 D android.hardware.security.keymint-service: begin: ret 0
01-01 18:20:34.429   573 14515 I keystore2: system/security/keystore2/src/security_level.rs:448 - In create_operation. Success to create IKeystoreOperation. 10075, None
01-01 18:20:34.431   574   574 D android.hardware.security.keymint-service: update: ret 0
01-01 18:20:34.433   574   574 D android.hardware.security.keymint-service: finish: ret 0
01-01 18:20:34.470  1876  1876 D StatusBarIconController: ignoring old pipeline callbacks, because the new mobile icons are enabled
01-01 18:20:34.493 20453 20453 I Rubin   : [2] q8.c.a(Unknown Source) : active permissions : [CONTACTS, NEARBY_DEVICES, SMS, CALL_LOG, PHYSICAL_ACTIVITY, LOCATION, STORAGE, CALENDAR]
01-01 18:20:34.495 20453 20453 I Rubin   : [2] dd.a.e(Unknown Source) : setupAnalyzers
01-01 18:20:34.495 20453 20453 I Rubin   : [2] dd.h.c(Unknown Source) : addAnalyzerDevice
01-01 18:20:34.496 20453 20453 I Rubin   : [2] nb.b.init(Unknown Source) : init
01-01 18:20:34.496 20453 20453 I Rubin   : [2] com.samsung.android.rubin.inferenceengine.contextanalytics.engine.analyzers.momentanalysis.SleepPatternAnalyzer.init(Unknown Source) : init
01-01 18:20:34.499 20453 20453 I Rubin   : [2] com.samsung.android.rubin.inferenceengine.contextanalytics.engine.monitors.moment.SleepTimeEventMonitor.init(Unknown Source) : init
01-01 18:20:34.499 20453 20453 I Rubin   : [2] com.samsung.android.rubin.inferenceengine.contextanalytics.engine.monitors.moment.WakeupEventMonitor.init(Unknown Source) : init
01-01 18:20:34.500 20453 20453 I Rubin   : [2] com.samsung.android.rubin.smombie.monitor.SmombieEventMonitor.init(Unknown Source) : init
01-01 18:20:34.500 20453 20453 I Rubin   : [2] com.samsung.android.rubin.inferenceengine.contextanalytics.engine.monitors.tpoevent.TpoAnalyzer.init(Unknown Source) : init
01-01 18:20:34.500 20453 20453 I Rubin   : [2] dd.e.h(Unknown Source) : initDataLoggers
01-01 18:20:34.500 20453 20453 I Rubin   : [2] dd.e.i(Unknown Source) : setupDataLoggers
01-01 18:20:34.501 20453 20453 I Rubin   : [2] dd.e.d(Unknown Source) : addDeviceDataLogger
01-01 18:20:34.504 20453 20453 I Rubin   : [2] com.samsung.android.rubin.inferenceengine.contextanalytics.engine.loggers.AppUsageLogger.init(Unknown Source) : initLoggers
01-01 18:20:34.506 20453 20453 I Rubin   : [2] com.samsung.android.rubin.inferenceengine.contextanalytics.engine.loggers.ScreenStateLogger.init(Unknown Source) : initLoggers
01-01 18:20:34.506 20453 20453 I Rubin   : [2] hb.b.j(Unknown Source) : start
01-01 18:20:34.507 20453 20453 I Rubin   : [2] dd.c.g(Unknown Source) : start
01-01 18:20:34.507 20453 20453 I Rubin   : [2] q8.c.a(Unknown Source) : active permissions : [CONTACTS, NEARBY_DEVICES, SMS, CALL_LOG, PHYSICAL_ACTIVITY, LOCATION, STORAGE, CALENDAR]
01-01 18:20:34.509 20453 20453 I Rubin   : [2] k9.b.a(Unknown Source) : active china permissions : []
01-01 18:20:34.509 20453 20453 I Rubin   : [2] nb.b.start(Unknown Source) : start
01-01 18:20:34.512 20453 20453 I Rubin   : [2] com.samsung.android.rubin.inferenceengine.contextanalytics.engine.analyzers.momentanalysis.SleepPatternAnalyzer.start(Unknown Source) : start
01-01 18:20:34.513 20453 20453 I Rubin   : [2] com.samsung.android.rubin.inferenceengine.contextanalytics.engine.monitors.moment.SleepTimeEventMonitor.start(Unknown Source) : start
01-01 18:20:34.516 20453 20453 I Rubin   : [2] com.samsung.android.rubin.inferenceengine.contextanalytics.engine.monitors.moment.WakeupEventMonitor.start(Unknown Source) : start
01-01 18:20:34.517 20453 20495 I Rubin   : [449] qc.c.i(Unknown Source) : Gear state receiver unregistered!!
01-01 18:20:34.519 20453 20495 W Rubin   : [449] com.samsung.android.rubin.inferenceengine.contextanalytics.engine.monitors.moment.SleepTimeEventMonitor.unregisterScreenBroadcastReceiver(Unknown Source) : Receiver not registered: com.samsung.android.rubin.inferenceengine.contextanalytics.engine.monitors.moment.SleepTimeEventMonitor$b@63ab6e1
01-01 18:20:34.520 20453 20453 I Rubin   : [2] ch.i.q(Unknown Source) : Walking enabled by policy ? true
01-01 18:20:34.520 20453 20495 W Rubin   : [449] com.samsung.android.rubin.inferenceengine.contextanalytics.engine.monitors.moment.SleepTimeEventMonitor.unregisterScreenBroadcastReceiver(Unknown Source) : Receiver not registered: com.samsung.android.rubin.inferenceengine.contextanalytics.engine.monitors.moment.SleepTimeEventMonitor$b@63ab6e1
01-01 18:20:34.520 20453 20453 I Rubin   : [2] ch.i.E(Unknown Source) : stopActivityEventDetection - updates currently active ?false
01-01 18:20:34.522 20453 20495 W Rubin   : [449] com.samsung.android.rubin.inferenceengine.contextanalytics.engine.monitors.moment.SleepTimeEventMonitor.unregisterScreenBroadcastReceiver(Unknown Source) : Receiver not registered: com.samsung.android.rubin.inferenceengine.contextanalytics.engine.monitors.moment.SleepTimeEventMonitor$b@63ab6e1
01-01 18:20:34.524 20453 20453 I Rubin   : [2] ch.i.E(Unknown Source) : stopActivityEventDetection issued taskf6.h0@84ae01d success ? false
01-01 18:20:34.524 20453 20495 W Rubin   : [449] com.samsung.android.rubin.inferenceengine.contextanalytics.engine.monitors.moment.SleepTimeEventMonitor.unregisterScreenBroadcastReceiver(Unknown Source) : Receiver not registered: com.samsung.android.rubin.inferenceengine.contextanalytics.engine.monitors.moment.SleepTimeEventMonitor$b@63ab6e1
01-01 18:20:34.525 20453 20495 W Rubin   : [449] com.samsung.android.rubin.inferenceengine.contextanalytics.engine.monitors.moment.SleepTimeEventMonitor.unregisterScreenBroadcastReceiver(Unknown Source) : Receiver not registered: com.samsung.android.rubin.inferenceengine.contextanalytics.engine.monitors.moment.SleepTimeEventMonitor$b@63ab6e1
01-01 18:20:34.525 20453 20453 I Rubin   : [2] ch.i.m(Unknown Source) : Rubin Walking Enable Condition Failed
01-01 18:20:34.525 20453 20453 I Rubin   : [2] com.samsung.android.rubin.inferenceengine.contextanalytics.engine.monitors.tpoevent.TpoAnalyzer.start(Unknown Source) : start
01-01 18:20:34.526 20453 20453 I Rubin   : [2] dd.e.j(Unknown Source) : start
01-01 18:20:34.526 20453 20453 I Rubin   : [2] q8.c.a(Unknown Source) : active permissions : [CONTACTS, NEARBY_DEVICES, SMS, CALL_LOG, PHYSICAL_ACTIVITY, LOCATION, STORAGE, CALENDAR]
01-01 18:20:34.526  1375  2069 D CompatibilityChangeReporter: Compat change id reported: 261072174; UID 10075; state: ENABLED
01-01 18:20:34.526 20453 20495 W Rubin   : [449] com.samsung.android.rubin.inferenceengine.contextanalytics.engine.monitors.moment.SleepTimeEventMonitor.unregisterScreenBroadcastReceiver(Unknown Source) : Receiver not registered: com.samsung.android.rubin.inferenceengine.contextanalytics.engine.monitors.moment.SleepTimeEventMonitor$b@63ab6e1
01-01 18:20:34.527 20453 20453 I Rubin   : [2] k9.b.a(Unknown Source) : active china permissions : []
01-01 18:20:34.527 20453 20453 I Rubin   : [2] com.samsung.android.rubin.inferenceengine.contextanalytics.engine.loggers.AppUsageLogger.start(Unknown Source) : start
01-01 18:20:34.528 20453 20495 W Rubin   : [449] com.samsung.android.rubin.inferenceengine.contextanalytics.engine.monitors.moment.SleepTimeEventMonitor.unregisterScreenBroadcastReceiver(Unknown Source) : Receiver not registered: com.samsung.android.rubin.inferenceengine.contextanalytics.engine.monitors.moment.SleepTimeEventMonitor$b@63ab6e1
01-01 18:20:34.530  1375  2069 W ProcessStats: Tracking association SourceState{f0b6e38 com.wawapp.driver/10417 BTop #549694} whose proc state 2 is better than process ProcessState{ae5b82b com.google.android.gms/10173 pkg=com.google.android.gms} proc state 6 (0 skipped)
01-01 18:20:34.536 20453 20453 I Rubin   : [2] com.samsung.android.rubin.inferenceengine.contextanalytics.engine.loggers.MotionLogger.start(Unknown Source) : start
01-01 18:20:34.536 20453 20453 I Rubin   : [2] com.samsung.android.rubin.inferenceengine.contextanalytics.engine.loggers.ScreenStateLogger.start(Unknown Source) : start
01-01 18:20:34.547 20453 20453 I Rubin   : [2] aa.i.b(Unknown Source) : checkForUI = false isGdprAffected = false isCMSFeatureSupported = true
01-01 18:20:34.552  1375  2069 D NotificationService: RuneStone State change mIsRuneStoneEnabled = false
01-01 18:20:34.559 20453 20507 I Rubin   : [463] fa.b.c(Unknown Source) : Reusing the existing key
01-01 18:20:34.559 18143 18143 I BuildSDKVersionUtil: Build.VERSION.SEM_PLATFORM_INT = 150100
01-01 18:20:34.560 20453 20453 I Rubin   : [2] na.a.d(Unknown Source) : isAccountLoggedOut = true isTncAgreed = true isDeviceCustomizationServiceAgreed = true
01-01 18:20:34.560 20453 20453 I Rubin   : [2] na.a.d(Unknown Source) : isAvailable = true
01-01 18:20:34.560 20453 20495 W Rubin   : [449] com.samsung.android.rubin.inferenceengine.contextanalytics.engine.monitors.moment.SleepTimeEventMonitor.unregisterScreenBroadcastReceiver(Unknown Source) : Receiver not registered: com.samsung.android.rubin.inferenceengine.contextanalytics.engine.monitors.moment.SleepTimeEventMonitor$b@63ab6e1
01-01 18:20:34.560 20453 20453 I Rubin   : [2] na.a.e(Unknown Source) : start
01-01 18:20:34.562  1375  5925 I ActivityManager: Flag disabled. Ignoring finishAttachApplication from uid: 10075. pid: 20453
01-01 18:20:34.562 20453 20495 W Rubin   : [449] com.samsung.android.rubin.inferenceengine.contextanalytics.engine.monitors.moment.SleepTimeEventMonitor.unregisterScreenBroadcastReceiver(Unknown Source) : Receiver not registered: com.samsung.android.rubin.inferenceengine.contextanalytics.engine.monitors.moment.SleepTimeEventMonitor$b@63ab6e1
01-01 18:20:34.564  1375  5925 D CompatibilityChangeReporter: Compat change id reported: 171306433; UID 10075; state: ENABLED
01-01 18:20:34.564  1375  5925 D CompatibilityChangeReporter: Compat change id reported: 218533173; UID 10075; state: ENABLED
01-01 18:20:34.564  1375  5925 D CompatibilityChangeReporter: Compat change id reported: 226439802; UID 10075; state: ENABLED
01-01 18:20:34.572   574   574 W keymint_tee: [WRN]begin req PARAMS: A32, BM2, PD64, 
01-01 18:20:34.574   574   574 D android.hardware.security.keymint-service: begin: ret 0
01-01 18:20:34.574   573 14515 I keystore2: system/security/keystore2/src/security_level.rs:448 - In create_operation. Success to create IKeystoreOperation. 10075, None
01-01 18:20:34.577   574   574 D android.hardware.security.keymint-service: update: ret 0
01-01 18:20:34.579   574   574 D android.hardware.security.keymint-service: finish: ret 0
01-01 18:20:34.591  1375  2529 W ActivityManager: Receiver with filter android.content.IntentFilter@4149b02 already registered for pid 20453, callerPackage is com.samsung.android.rubin.app
01-01 18:20:34.595  1375  2529 W ActivityManager: Receiver with filter android.content.IntentFilter@98ccc13 already registered for pid 20453, callerPackage is com.samsung.android.rubin.app
01-01 18:20:34.598  1375  2069 W ActivityManager: Receiver with filter android.content.IntentFilter@d2de50 already registered for pid 20453, callerPackage is com.samsung.android.rubin.app
01-01 18:20:34.604 20453 20453 W Rubin   : [2] ch.i.y(Unknown Source) : stopActivityEventDetection completed - success ? true
01-01 18:20:34.604  1375  5925 W ActivityManager: Receiver with filter android.content.IntentFilter@76faa8b already registered for pid 20453, callerPackage is com.samsung.android.rubin.app
01-01 18:20:34.606 18143 18143 I RunestoneSDK: [1.3.30]Called module : V35RunestoneStateModule -> getRunestoneOperationMode(Unknown Source:16)
01-01 18:20:34.608  1375  2069 W ActivityManager: Receiver with filter android.content.IntentFilter@3042768 already registered for pid 20453, callerPackage is com.samsung.android.rubin.app
01-01 18:20:34.612  1375  2529 W ActivityManager: Receiver with filter android.content.IntentFilter@f36a781 already registered for pid 20453, callerPackage is com.samsung.android.rubin.app
01-01 18:20:34.615 20453 20464 I Rubin   : [423] com.samsung.android.rubin.controller.provider.RubinStateProvider.call(Unknown Source) : RubinStateProvider : method = getRubinState
01-01 18:20:34.616  1375  2529 W ActivityManager: Receiver with filter android.content.IntentFilter@14d026 already registered for pid 20453, callerPackage is com.samsung.android.rubin.app
01-01 18:20:34.616 20453 20464 I Rubin   : [423] com.samsung.android.rubin.controller.provider.RubinStateProvider.call(Unknown Source) : RubinStateProvider : watch state = -2
01-01 18:20:34.617 20453 20464 I Rubin   : [423] q8.c.a(Unknown Source) : active permissions : [CONTACTS, NEARBY_DEVICES, SMS, CALL_LOG, PHYSICAL_ACTIVITY, LOCATION, STORAGE, CALENDAR]
01-01 18:20:34.617 20453 20464 I Rubin   : [423] com.samsung.android.rubin.controller.provider.RubinStateProvider.h(Unknown Source) : Is alternative Agreement : true, is Rubin ID exist : false
01-01 18:20:34.618  1375  2529 W ActivityManager: Receiver with filter android.content.IntentFilter@3ac6467 already registered for pid 20453, callerPackage is com.samsung.android.rubin.app
01-01 18:20:34.620 20453 20464 I Rubin   : [423] aa.i.b(Unknown Source) : checkForUI = false isGdprAffected = false isCMSFeatureSupported = true
01-01 18:20:34.620  1375  2529 W ActivityManager: Receiver with filter android.content.IntentFilter@5a85214 already registered for pid 20453, callerPackage is com.samsung.android.rubin.app
