01-01 18:19:45.737  1375  1388 W system_server: ApkAssets: Deleting an ApkAssets object '<empty> and /data/app/~~7Tv1n_tYn2OsmkBmHtaFHQ==/com.google.android.apps.tachyon-pySc3sLGYGDUgMlHL3GHdA==/base.apk' with 1 weak references
01-01 18:19:45.737  1375  1388 W system_server: ApkAssets: Deleting an ApkAssets object '<empty> and /data/app/~~7Tv1n_tYn2OsmkBmHtaFHQ==/com.google.android.apps.tachyon-pySc3sLGYGDUgMlHL3GHdA==/split_config.ar.apk' with 1 weak references
01-01 18:19:45.737  1375  1388 W system_server: ApkAssets: Deleting an ApkAssets object '<empty> and /data/app/~~7Tv1n_tYn2OsmkBmHtaFHQ==/com.google.android.apps.tachyon-pySc3sLGYGDUgMlHL3GHdA==/split_config.arm64_v8a.apk' with 1 weak references
01-01 18:19:45.737  1375  1388 W system_server: ApkAssets: Deleting an ApkAssets object '<empty> and /data/app/~~7Tv1n_tYn2OsmkBmHtaFHQ==/com.google.android.apps.tachyon-pySc3sLGYGDUgMlHL3GHdA==/split_config.en.apk' with 1 weak references
01-01 18:19:45.738  1375  1388 W system_server: ApkAssets: Deleting an ApkAssets object '<empty> and /data/app/~~7Tv1n_tYn2OsmkBmHtaFHQ==/com.google.android.apps.tachyon-pySc3sLGYGDUgMlHL3GHdA==/split_config.xxhdpi.apk' with 1 weak references
01-01 18:19:45.738  1375  1388 W system_server: ApkAssets: Deleting an ApkAssets object '<empty> and /data/app/~~zaqfQ1hYj4gC-kLmp1SaKQ==/com.google.android.gm-qtH2W-UXk7gAh5eDeNbthg==/base.apk' with 1 weak references
01-01 18:19:45.738  1375  1388 W system_server: ApkAssets: Deleting an ApkAssets object '<empty> and /data/app/~~zaqfQ1hYj4gC-kLmp1SaKQ==/com.google.android.gm-qtH2W-UXk7gAh5eDeNbthg==/split_config.ar.apk' with 1 weak references
01-01 18:19:45.738  1375  1388 W system_server: ApkAssets: Deleting an ApkAssets object '<empty> and /data/app/~~zaqfQ1hYj4gC-kLmp1SaKQ==/com.google.android.gm-qtH2W-UXk7gAh5eDeNbthg==/split_config.arm64_v8a.apk' with 1 weak references
01-01 18:19:45.738  1375  1388 W system_server: ApkAssets: Deleting an ApkAssets object '<empty> and /data/app/~~zaqfQ1hYj4gC-kLmp1SaKQ==/com.google.android.gm-qtH2W-UXk7gAh5eDeNbthg==/split_config.en.apk' with 1 weak references
01-01 18:19:45.739  1375  1388 W system_server: ApkAssets: Deleting an ApkAssets object '<empty> and /data/app/~~zaqfQ1hYj4gC-kLmp1SaKQ==/com.google.android.gm-qtH2W-UXk7gAh5eDeNbthg==/split_config.xxhdpi.apk' with 1 weak references
01-01 18:19:45.739  1375  1388 W system_server: ApkAssets: Deleting an ApkAssets object '<empty> and /data/app/~~_Nac8VCqQ_vs8-CqRv5PwQ==/com.google.android.gms-QBQQ4buBT01ws6-94u7_oA==/split_AdsDynamite_installtime.apk' with 1 weak references
01-01 18:19:45.739  1375  1388 W system_server: ApkAssets: Deleting an ApkAssets object '<empty> and /data/app/~~_Nac8VCqQ_vs8-CqRv5PwQ==/com.google.android.gms-QBQQ4buBT01ws6-94u7_oA==/split_CronetDynamite_installtime.apk' with 1 weak references
01-01 18:19:45.739  1375  1388 W system_server: ApkAssets: Deleting an ApkAssets object '<empty> and /data/app/~~_Nac8VCqQ_vs8-CqRv5PwQ==/com.google.android.gms-QBQQ4buBT01ws6-94u7_oA==/split_DynamiteLoader_installtime.apk' with 1 weak references
01-01 18:19:45.739  1375  1388 W system_server: ApkAssets: Deleting an ApkAssets object '<empty> and /data/app/~~_Nac8VCqQ_vs8-CqRv5PwQ==/com.google.android.gms-QBQQ4buBT01ws6-94u7_oA==/split_DynamiteModulesA_installtime.apk' with 1 weak references
01-01 18:19:45.739  1375  1388 W system_server: ApkAssets: Deleting an ApkAssets object '<empty> and /data/app/~~_Nac8VCqQ_vs8-CqRv5PwQ==/com.google.android.gms-QBQQ4buBT01ws6-94u7_oA==/split_DynamiteModulesC_installtime.apk' with 1 weak references
01-01 18:19:45.740  1375  1388 W system_server: ApkAssets: Deleting an ApkAssets object '<empty> and /data/app/~~_Nac8VCqQ_vs8-CqRv5PwQ==/com.google.android.gms-QBQQ4buBT01ws6-94u7_oA==/split_GoogleCertificates_installtime.apk' with 1 weak references
01-01 18:19:45.740  1375  1388 W system_server: ApkAssets: Deleting an ApkAssets object '<empty> and /data/app/~~_Nac8VCqQ_vs8-CqRv5PwQ==/com.google.android.gms-QBQQ4buBT01ws6-94u7_oA==/split_MapsDynamite_installtime.apk' with 1 weak references
01-01 18:19:45.740  1375  1388 W system_server: ApkAssets: Deleting an ApkAssets object '<empty> and /data/app/~~_Nac8VCqQ_vs8-CqRv5PwQ==/com.google.android.gms-QBQQ4buBT01ws6-94u7_oA==/split_MeasurementDynamite_installtime.apk' with 1 weak references
01-01 18:19:45.740  1375  1388 W system_server: ApkAssets: Deleting an ApkAssets object '<empty> and /product/app/GoogleCalendarSyncAdapter/GoogleCalendarSyncAdapter.apk' with 1 weak references
01-01 18:19:45.740  1375  1388 W system_server: ApkAssets: Deleting an ApkAssets object '<empty> and /system/app/SmartReminder/SmartReminder.apk' with 1 weak references
01-01 18:19:45.741  1375  1388 W system_server: ApkAssets: Deleting an ApkAssets object '<empty> and /system/priv-app/SamsungCloudClient/SamsungCloudClient.apk' with 1 weak references
01-01 18:19:45.742  1375  1388 W system_server: ApkAssets: Deleting an ApkAssets object '<empty> and /data/app/~~CxiEDglTzB6GPWdo33iXUw==/com.google.android.apps.docs-TCVFaigoAuTWHKniKTr38w==/base.apk' with 1 weak references
01-01 18:19:45.742  1375  1388 W system_server: ApkAssets: Deleting an ApkAssets object '<empty> and /data/app/~~CxiEDglTzB6GPWdo33iXUw==/com.google.android.apps.docs-TCVFaigoAuTWHKniKTr38w==/split_config.ar.apk' with 1 weak references
01-01 18:19:45.742  1375  1388 W system_server: ApkAssets: Deleting an ApkAssets object '<empty> and /data/app/~~CxiEDglTzB6GPWdo33iXUw==/com.google.android.apps.docs-TCVFaigoAuTWHKniKTr38w==/split_config.arm64_v8a.apk' with 1 weak references
01-01 18:19:45.742  1375  1388 W system_server: ApkAssets: Deleting an ApkAssets object '<empty> and /data/app/~~CxiEDglTzB6GPWdo33iXUw==/com.google.android.apps.docs-TCVFaigoAuTWHKniKTr38w==/split_config.en.apk' with 1 weak references
01-01 18:19:45.742  1375  1388 W system_server: ApkAssets: Deleting an ApkAssets object '<empty> and /data/app/~~CxiEDglTzB6GPWdo33iXUw==/com.google.android.apps.docs-TCVFaigoAuTWHKniKTr38w==/split_config.xxhdpi.apk' with 1 weak references
01-01 18:19:45.742  1375  1388 W system_server: ApkAssets: Deleting an ApkAssets object '<empty> and /data/app/~~g4qungi_ghDsBbdguoKADQ==/com.sec.android.app.sbrowser-Mbv257jS0_jZZeE0MUEURg==/base.apk' with 1 weak references
01-01 18:19:45.743  1375  1388 W system_server: ApkAssets: Deleting an ApkAssets object '<empty> and /system/priv-app/SamsungGallery2018/SamsungGallery2018.apk' with 1 weak references
01-01 18:19:45.744  1375  1388 W system_server: ApkAssets: Deleting an ApkAssets object '<empty> and /system/priv-app/SamsungContacts/SamsungContacts.apk' with 1 weak references
01-01 18:19:45.744  1375  1388 W system_server: ApkAssets: Deleting an ApkAssets object '<empty> and /system/app/SoundPicker_U/SoundPicker_U.apk' with 1 weak references
01-01 18:19:45.745  1375  1388 W system_server: ApkAssets: Deleting an ApkAssets object '<empty> and /system/priv-app/SamsungDialer/SamsungDialer.apk' with 1 weak references
01-01 18:19:45.745  1375  1388 W system_server: ApkAssets: Deleting an ApkAssets object '<empty> and /system/priv-app/DigitalWellbeing/DigitalWellbeing.apk' with 1 weak references
01-01 18:19:45.746  1375  1388 W system_server: ApkAssets: Deleting an ApkAssets object '<empty> and /system/priv-app/SamsungMessages/SamsungMessages.apk' with 1 weak references
01-01 18:19:45.747  1375  1388 W system_server: ApkAssets: Deleting an ApkAssets object '<empty> and /data/app/~~-87eyghWaX3YSyWcsyTq_g==/com.sec.android.app.myfiles-6nKYEt9jsGPnFDMUBOX5Pw==/base.apk' with 1 weak references
01-01 18:19:45.747  1375  1388 W system_server: ApkAssets: Deleting an ApkAssets object '<empty> and /data/app/~~aGArvdkDYKniBZ6j0UXsKQ==/com.sec.android.app.clockpackage--wjFLwzyKVVl5AUEbvjQqw==/base.apk' with 1 weak references
01-01 18:19:45.748  1375  1388 W system_server: ApkAssets: Deleting an ApkAssets object '<empty> and /data/app/~~96fK1UVfUFRtxKoDaCewOw==/com.android.chrome-im3GuWIt4sRZmQKzT6Y94A==/split_chrome.apk' with 1 weak references
01-01 18:19:45.748  1375  1388 W system_server: ApkAssets: Deleting an ApkAssets object '<empty> and /data/app/~~96fK1UVfUFRtxKoDaCewOw==/com.android.chrome-im3GuWIt4sRZmQKzT6Y94A==/split_dev_ui.apk' with 1 weak references
01-01 18:19:45.748  1375  1388 W system_server: ApkAssets: Deleting an ApkAssets object '<empty> and /data/app/~~96fK1UVfUFRtxKoDaCewOw==/com.android.chrome-im3GuWIt4sRZmQKzT6Y94A==/split_on_demand.apk' with 1 weak references
01-01 18:19:45.748  1375  1388 W system_server: ApkAssets: Deleting an ApkAssets object '<empty> and /data/app/~~96fK1UVfUFRtxKoDaCewOw==/com.android.chrome-im3GuWIt4sRZmQKzT6Y94A==/split_stack_unwinder.apk' with 1 weak references
01-01 18:19:45.748  1375  1388 W system_server: ApkAssets: Deleting an ApkAssets object '<empty> and /data/app/~~96fK1UVfUFRtxKoDaCewOw==/com.android.chrome-im3GuWIt4sRZmQKzT6Y94A==/split_test_dummy.apk' with 1 weak references
01-01 18:19:45.748  1375  1388 W system_server: ApkAssets: Deleting an ApkAssets object '<empty> and /system/priv-app/SecSettingsIntelligence/SecSettingsIntelligence.apk' with 1 weak references
01-01 18:19:45.749  1375  1388 W system_server: ApkAssets: Deleting an ApkAssets object '<empty> and /system/priv-app/Routines/Routines.apk' with 1 weak references
01-01 18:19:45.749  1375  1388 W system_server: ApkAssets: Deleting an ApkAssets object '<empty> and /data/app/~~kZ6mxZUJXAs2pJsTnJliUQ==/com.samsung.android.app.telephonyui-o4jJYgUjMAZ3bIGcMNvwUw==/base.apk' with 1 weak references
01-01 18:19:45.749  1375  1388 W system_server: ApkAssets: Deleting an ApkAssets object '/data/overlays/current_locale_apks/files/com.samsung.android.app.telephonyui.en.apk' with 1 weak references
01-01 18:19:45.750  1375  1388 W system_server: ApkAssets: Deleting an ApkAssets object '/data/overlays/current_locale_apks/files/com.samsung.android.app.telephonyui.ar.apk' with 1 weak references
01-01 18:19:45.750  1375  1388 W system_server: ApkAssets: Deleting an ApkAssets object '<empty> and /data/app/~~PRm5fFBb6MReSBvMsYDU3A==/com.samsung.android.calendar-2Zh1Tk-YUQ_y8Aea278eDg==/base.apk' with 1 weak references
01-01 18:19:45.750  1375  1388 W system_server: ApkAssets: Deleting an ApkAssets object '<empty> and /system/priv-app/GameHome/GameHome.apk' with 1 weak references
01-01 18:19:45.751  1375  1388 W system_server: ApkAssets: Deleting an ApkAssets object '<empty> and /system/priv-app/ThemeStore/ThemeStore.apk' with 1 weak references
01-01 18:19:45.751  1375  1388 W system_server: ApkAssets: Deleting an ApkAssets object '<empty> and /system/priv-app/TouchWizHome_2017/TouchWizHome_2017.apk' with 1 weak references
01-01 18:19:45.752  1375  1388 W system_server: ApkAssets: Deleting an ApkAssets object '<empty> and /data/app/~~ePw1VOuqDzcraod-gAeJYQ==/com.flightradar24free-xVbDX-ZUyDq4xi-ANGH_gw==/base.apk' with 1 weak references
01-01 18:19:45.752  1375  1388 W system_server: ApkAssets: Deleting an ApkAssets object '<empty> and /data/app/~~ePw1VOuqDzcraod-gAeJYQ==/com.flightradar24free-xVbDX-ZUyDq4xi-ANGH_gw==/split_config.arm64_v8a.apk' with 1 weak references
01-01 18:19:45.752  1375  1388 W system_server: ApkAssets: Deleting an ApkAssets object '<empty> and /data/app/~~ePw1VOuqDzcraod-gAeJYQ==/com.flightradar24free-xVbDX-ZUyDq4xi-ANGH_gw==/split_config.xxhdpi.apk' with 1 weak references
01-01 18:19:45.752  1375  1388 W system_server: ApkAssets: Deleting an ApkAssets object '<empty> and /data/app/~~mGFL3x7cGc32lmxHi7PqXg==/com.netflix.mediaclient-NyWJh_I8rt6UOpKm0DCTVA==/base.apk' with 1 weak references
01-01 18:19:45.753  1375  1388 W system_server: ApkAssets: Deleting an ApkAssets object '<empty> and /data/app/~~mGFL3x7cGc32lmxHi7PqXg==/com.netflix.mediaclient-NyWJh_I8rt6UOpKm0DCTVA==/split_config.ar.apk' with 1 weak references
01-01 18:19:45.753  1375  1388 W system_server: ApkAssets: Deleting an ApkAssets object '<empty> and /data/app/~~mGFL3x7cGc32lmxHi7PqXg==/com.netflix.mediaclient-NyWJh_I8rt6UOpKm0DCTVA==/split_config.arm64_v8a.apk' with 1 weak references
01-01 18:19:45.753  1375  1388 W system_server: ApkAssets: Deleting an ApkAssets object '<empty> and /data/app/~~mGFL3x7cGc32lmxHi7PqXg==/com.netflix.mediaclient-NyWJh_I8rt6UOpKm0DCTVA==/split_config.en.apk' with 1 weak references
01-01 18:19:45.753  1375  1388 W system_server: ApkAssets: Deleting an ApkAssets object '<empty> and /data/app/~~mGFL3x7cGc32lmxHi7PqXg==/com.netflix.mediaclient-NyWJh_I8rt6UOpKm0DCTVA==/split_config.fr.apk' with 1 weak references
01-01 18:19:45.753  1375  1388 W system_server: ApkAssets: Deleting an ApkAssets object '<empty> and /data/app/~~mGFL3x7cGc32lmxHi7PqXg==/com.netflix.mediaclient-NyWJh_I8rt6UOpKm0DCTVA==/split_config.xxhdpi.apk' with 1 weak references
01-01 18:19:45.753  1375  1388 W system_server: ApkAssets: Deleting an ApkAssets object '<empty> and /data/app/~~mGFL3x7cGc32lmxHi7PqXg==/com.netflix.mediaclient-NyWJh_I8rt6UOpKm0DCTVA==/split_partnermodule.apk' with 1 weak references
01-01 18:19:45.753  1375  1388 W system_server: ApkAssets: Deleting an ApkAssets object '<empty> and /data/app/~~mGFL3x7cGc32lmxHi7PqXg==/com.netflix.mediaclient-NyWJh_I8rt6UOpKm0DCTVA==/split_partnermodule.config.ar.apk' with 1 weak references
01-01 18:19:45.753  1375  1388 W system_server: ApkAssets: Deleting an ApkAssets object '<empty> and /data/app/~~mGFL3x7cGc32lmxHi7PqXg==/com.netflix.mediaclient-NyWJh_I8rt6UOpKm0DCTVA==/split_partnermodule.config.en.apk' with 1 weak references
01-01 18:19:45.753  1375  1388 W system_server: ApkAssets: Deleting an ApkAssets object '<empty> and /data/app/~~mGFL3x7cGc32lmxHi7PqXg==/com.netflix.mediaclient-NyWJh_I8rt6UOpKm0DCTVA==/split_partnermodule.config.fr.apk' with 1 weak references
01-01 18:19:45.754  1375  1388 W system_server: ApkAssets: Deleting an ApkAssets object '<empty> and /data/app/~~mGFL3x7cGc32lmxHi7PqXg==/com.netflix.mediaclient-NyWJh_I8rt6UOpKm0DCTVA==/split_partnermodule.config.xxhdpi.apk' with 1 weak references
01-01 18:19:45.754  1375  1388 W system_server: ApkAssets: Deleting an ApkAssets object '<empty> and /data/app/~~mGFL3x7cGc32lmxHi7PqXg==/com.netflix.mediaclient-NyWJh_I8rt6UOpKm0DCTVA==/split_twilio.apk' with 1 weak references
01-01 18:19:45.754  1375  1388 W system_server: ApkAssets: Deleting an ApkAssets object '<empty> and /data/app/~~mGFL3x7cGc32lmxHi7PqXg==/com.netflix.mediaclient-NyWJh_I8rt6UOpKm0DCTVA==/split_twilio.config.arm64_v8a.apk' with 1 weak references
01-01 18:19:45.754  1375  1388 W system_server: ApkAssets: Deleting an ApkAssets object '<empty> and /data/app/~~mGFL3x7cGc32lmxHi7PqXg==/com.netflix.mediaclient-NyWJh_I8rt6UOpKm0DCTVA==/split_twilio.config.xxhdpi.apk' with 1 weak references
01-01 18:19:45.754  1375  1388 W system_server: ApkAssets: Deleting an ApkAssets object '<empty> and /data/app/~~c7r2ZsrgDRtciOGqTVSSNQ==/com.samsung.android.app.notes-dg-2W-7OwQzmOSIqaQbNzQ==/base.apk' with 1 weak references
01-01 18:19:45.754  1375  1388 W system_server: ApkAssets: Deleting an ApkAssets object '<empty> and /data/app/~~1mm1gwtFJXp0WeTiS_HdkA==/com.samsung.android.oneconnect-r82V8uZmez267vSVTR8fTw==/base.apk' with 1 weak references
01-01 18:19:45.755  1375  1388 W system_server: ApkAssets: Deleting an ApkAssets object '<empty> and /data/app/~~_uYXm34o6jRxs__aHvvKgw==/com.samsung.android.voc-_JhXhfs4QL6ofVdq7gegKw==/base.apk' with 1 weak references
01-01 18:19:45.755  1375  1388 W system_server: ApkAssets: Deleting an ApkAssets object '<empty> and /data/app/~~sY6jPSf2rK7wB_G_PVWPyA==/com.sec.android.app.kidshome--Rhxd0mJizY1b4l-JeI2VA==/base.apk' with 1 weak references
01-01 18:19:45.756  1375  1388 W system_server: ApkAssets: Deleting an ApkAssets object '<empty> and /data/app/~~0eLy9Mw08Kx1kcBf2rajmQ==/com.sec.android.app.shealth-2-mLVy-WOksOKGLFmhvbwg==/base.apk' with 1 weak references
01-01 18:19:45.756  1375  1388 W system_server: ApkAssets: Deleting an ApkAssets object '<empty> and /data/app/~~Sf-OY2BG_cay63y4KD-h_w==/com.sec.android.app.voicenote-lf7a4ReisD8UyMK-70yStA==/base.apk' with 1 weak references
01-01 18:19:45.757  1375  1388 W system_server: ApkAssets: Deleting an ApkAssets object '<empty> and /data/app/~~3WfXpvT1-V0WKNuUqB1Jjg==/org.adblockplus.browser-5FnT_jkgD32khwhVscHaRA==/base.apk' with 2 weak references
01-01 18:19:45.757  1375  1388 W system_server: ApkAssets: Deleting an ApkAssets object '<empty> and /data/app/~~3WfXpvT1-V0WKNuUqB1Jjg==/org.adblockplus.browser-5FnT_jkgD32khwhVscHaRA==/split_cablev2_authenticator.apk' with 1 weak references
01-01 18:19:45.757  1375  1388 W system_server: ApkAssets: Deleting an ApkAssets object '<empty> and /data/app/~~3WfXpvT1-V0WKNuUqB1Jjg==/org.adblockplus.browser-5FnT_jkgD32khwhVscHaRA==/split_chrome.apk' with 1 weak references
01-01 18:19:45.757  1375  1388 W system_server: ApkAssets: Deleting an ApkAssets object '<empty> and /data/app/~~w-KArPvdqrPorAg2l2Ugaw==/com.google.android.googlequicksearchbox-q8t45qZTU8pTaoVKa6CEow==/base.apk' with 1 weak references
01-01 18:19:45.758  1375  1388 W system_server: ApkAssets: Deleting an ApkAssets object '<empty> and /data/app/~~w-KArPvdqrPorAg2l2Ugaw==/com.google.android.googlequicksearchbox-q8t45qZTU8pTaoVKa6CEow==/split_config.xxhdpi.apk' with 1 weak references
01-01 18:19:45.758  1375  1388 W system_server: ApkAssets: Deleting an ApkAssets object '<empty> and /data/app/~~w-KArPvdqrPorAg2l2Ugaw==/com.google.android.googlequicksearchbox-q8t45qZTU8pTaoVKa6CEow==/split_lens_ondevice_engine_feature_module.apk' with 1 weak references
01-01 18:19:45.758  1375  1388 W system_server: ApkAssets: Deleting an ApkAssets object '<empty> and /data/app/~~w-KArPvdqrPorAg2l2Ugaw==/com.google.android.googlequicksearchbox-q8t45qZTU8pTaoVKa6CEow==/split_lens_ondevice_engine_play_ml_module.apk' with 1 weak references
01-01 18:19:45.758  1375  1388 W System  : A resource failed to call release. 
01-01 18:19:46.075 27954 27954 D BoundBrokerSvc: onBind: Intent { act=com.google.firebase.dynamiclinks.service.START pkg=com.google.android.gms }
01-01 18:19:46.075 27954 27954 D BoundBrokerSvc: Loading bound service for intent: Intent { act=com.google.firebase.dynamiclinks.service.START pkg=com.google.android.gms }
01-01 18:19:46.079 20279 20279 I flutter : [DriverStatus] 📡 Driver status changed: 🔴 OFFLINE
01-01 18:19:46.079 20279 20279 I flutter : [DriverStatus] ℹ️ Driver is OFFLINE - nearby orders will be empty
01-01 18:19:46.079 20279 20279 I flutter : [DriverStatus] 📡 Driver status changed: 🔴 OFFLINE
01-01 18:19:46.079 20279 20279 I flutter : [DriverStatus] ℹ️ Driver is OFFLINE - nearby orders will be empty
01-01 18:19:46.086 20279 20279 I flutter : [AuthGate] NAVIGATION_DECISION | user: uh4rZFHzqYPrpg2aRwlpzPC65AH2, isLoading: false, isPinCheckLoading: false, otpStage: OtpStage.idle, hasPin: true
01-01 18:19:46.086 20279 20279 I flutter : [AuthGate] driver doc exists: true
01-01 18:19:46.086 20279 20279 I flutter : [AuthGate] driver hasPin: true
01-01 18:19:46.086 20279 20279 I flutter : [AuthGate] REDIRECT_REASON=AUTHENTICATED_WITH_PIN → DriverHomeScreen
01-01 18:19:46.102   841   841 I BufferQueueProducer: [SurfaceView[com.wawapp.driver/com.wawapp.driver.MainActivity]@0(BLAST)#53347](this:0xb400007a7882e790,id:-1,api:0,p:-1,c:841) queueBuffer: fps=28.41 dur=1337.37 max=562.21 min=13.80
01-01 18:19:46.104   799   879 I hwcomposer: [HWCDisplay] [Display_0 (type:1)] fps:29.180649,dur:1336.50,max:562.25,min:11.86  
01-01 18:19:46.399  1876  1876 D StatusBarIconController: ignoring old pipeline callbacks, because the new mobile icons are enabled
01-01 18:19:46.437  1028  1028 I thermal_repeater: socket -1
01-01 18:19:46.682  1375  1408 D PackageSettings: ++ writeStateForUserSyncLPr(0)
01-01 18:19:46.682  1375  1408 W PackageSettings: -- writeStateForUserSyncLPr(0)
01-01 18:19:46.862   543   543 D io_stats: !@ 179,0 r 37899955 535635878 w 5964488 67754984 d 892874 67056684 f 0 0 iot 9729196 0 th 0 0 0 pt 0 inp 0 0 251548.453
01-01 18:19:47.394  1876  1876 D StatusBarIconController: ignoring old pipeline callbacks, because the new mobile icons are enabled
01-01 18:19:47.551  1375  1629 W DeviceStorageMonitorService: updateBroadcasts(/data) oldLevel:0, newLevel:0, seq:1
01-01 18:19:47.556  1375  1629 D DeviceStorageMonitorService: Available File Node Number is [12256450]
01-01 18:19:47.556  1375  1629 W DeviceStorageMonitorService: updateBroadcasts_filenode(/data) fn_oldLevel:0, fn_newLevel:0, seq:1
01-01 18:19:47.636  1375  2904 I SemWifiApDataUsage: handleMessage: 14
01-01 18:19:47.637  1375  2904 I SemWifiApEbpf: DATA_USAGE_STATS_START_POLL,mhs= true,upstream= 2,client size 2
01-01 18:19:47.639  1375  2904 D SemWifiApEbpf: getWifiApDataUsageForOverAllMhs():  overall data is246386473
01-01 18:19:47.639  1375  2904 I SemWifiApEbpf: updating the overall dataUsage , overall =246386473 , global = {mTotalDataBytes=245797411,mTotalDataIngressBytes=0,mTotalDataEgressBytes=0,mCellularBytes=245797411,mCurrentDayAndSimCellularBytes=245797411}
01-01 18:19:47.913  1375  1765 I Pageboost: Launcher App Execution
01-01 18:19:47.925  1809  2062 E Tethering: [api31.BpfCoordinatorShimImpl] ERROR Could not insert entry (iif: 82, dstMac: b2:78:5c:3b:cc:03, l4proto: 6, src4: /10.211.137.241, dst4: /192.178.223.95, srcPort: 53676, dstPort: 443, oif: 6, ethDstMac: 00:00:00:00:00:00, ethSrcMac: 00:00:00:00:00:00, ethProto: 2048, pmtu: 1430, src46: /10.52.4.175, dst46: /192.178.223.95, srcPort: 53676, dstPort: 443, lastUsed: 0): android.system.ErrnoException: nativeWriteToMapEntry failed: E2BIG (Argument list too long)
01-01 18:19:47.928  1809  2062 E Tethering: [api31.BpfCoordinatorShimImpl] ERROR Could not insert entry (iif: 6, dstMac: 00:00:00:00:00:00, l4proto: 6, src4: /192.178.223.95, dst4: /10.52.4.175, srcPort: 443, dstPort: 53676, oif: 82, ethDstMac: 64:6e:e0:71:ed:e1, ethSrcMac: b2:78:5c:3b:cc:03, ethProto: 2048, pmtu: 1430, src46: /192.178.223.95, dst46: /10.211.137.241, srcPort: 443, dstPort: 53676, lastUsed: 0): android.system.ErrnoException: nativeWriteToMapEntry failed: E2BIG (Argument list too long)
01-01 18:19:48.264  1809  2062 E Tethering: [api31.BpfCoordinatorShimImpl] ERROR Could not insert entry (iif: 82, dstMac: b2:78:5c:3b:cc:03, l4proto: 6, src4: /10.211.137.241, dst4: /142.250.184.170, srcPort: 53678, dstPort: 443, oif: 6, ethDstMac: 00:00:00:00:00:00, ethSrcMac: 00:00:00:00:00:00, ethProto: 2048, pmtu: 1430, src46: /10.52.4.175, dst46: /142.250.184.170, srcPort: 53678, dstPort: 443, lastUsed: 0): android.system.ErrnoException: nativeWriteToMapEntry failed: E2BIG (Argument list too long)
01-01 18:19:48.267  1809  2062 E Tethering: [api31.BpfCoordinatorShimImpl] ERROR Could not insert entry (iif: 6, dstMac: 00:00:00:00:00:00, l4proto: 6, src4: /142.250.184.170, dst4: /10.52.4.175, srcPort: 443, dstPort: 53678, oif: 82, ethDstMac: 64:6e:e0:71:ed:e1, ethSrcMac: b2:78:5c:3b:cc:03, ethProto: 2048, pmtu: 1430, src46: /142.250.184.170, dst46: /10.211.137.241, srcPort: 443, dstPort: 53678, lastUsed: 0): android.system.ErrnoException: nativeWriteToMapEntry failed: E2BIG (Argument list too long)
01-01 18:19:48.270  1809  2062 E Tethering: [api31.BpfCoordinatorShimImpl] ERROR Could not insert entry (iif: 82, dstMac: b2:78:5c:3b:cc:03, l4proto: 6, src4: /10.211.137.241, dst4: /142.250.178.170, srcPort: 53677, dstPort: 443, oif: 6, ethDstMac: 00:00:00:00:00:00, ethSrcMac: 00:00:00:00:00:00, ethProto: 2048, pmtu: 1430, src46: /10.52.4.175, dst46: /142.250.178.170, srcPort: 53677, dstPort: 443, lastUsed: 0): android.system.ErrnoException: nativeWriteToMapEntry failed: E2BIG (Argument list too long)
01-01 18:19:48.274  1809  2062 E Tethering: [api31.BpfCoordinatorShimImpl] ERROR Could not insert entry (iif: 6, dstMac: 00:00:00:00:00:00, l4proto: 6, src4: /142.250.178.170, dst4: /10.52.4.175, srcPort: 443, dstPort: 53677, oif: 82, ethDstMac: 64:6e:e0:71:ed:e1, ethSrcMac: b2:78:5c:3b:cc:03, ethProto: 2048, pmtu: 1430, src46: /142.250.178.170, dst46: /10.211.137.241, srcPort: 443, dstPort: 53677, lastUsed: 0): android.system.ErrnoException: nativeWriteToMapEntry failed: E2BIG (Argument list too long)
01-01 18:19:48.277  1809  2062 E Tethering: [api31.BpfCoordinatorShimImpl] ERROR Could not insert entry (iif: 82, dstMac: b2:78:5c:3b:cc:03, l4proto: 6, src4: /10.211.137.241, dst4: /142.250.184.170, srcPort: 53679, dstPort: 443, oif: 6, ethDstMac: 00:00:00:00:00:00, ethSrcMac: 00:00:00:00:00:00, ethProto: 2048, pmtu: 1430, src46: /10.52.4.175, dst46: /142.250.184.170, srcPort: 53679, dstPort: 443, lastUsed: 0): android.system.ErrnoException: nativeWriteToMapEntry failed: E2BIG (Argument list too long)
01-01 18:19:48.279  1809  2062 E Tethering: [api31.BpfCoordinatorShimImpl] ERROR Could not insert entry (iif: 6, dstMac: 00:00:00:00:00:00, l4proto: 6, src4: /142.250.184.170, dst4: /10.52.4.175, srcPort: 443, dstPort: 53679, oif: 82, ethDstMac: 64:6e:e0:71:ed:e1, ethSrcMac: b2:78:5c:3b:cc:03, ethProto: 2048, pmtu: 1430, src46: /142.250.184.170, dst46: /10.211.137.241, srcPort: 443, dstPort: 53679, lastUsed: 0): android.system.ErrnoException: nativeWriteToMapEntry failed: E2BIG (Argument list too long)
01-01 18:19:48.284  1809  2062 E Tethering: [api31.BpfCoordinatorShimImpl] ERROR Could not insert entry (iif: 82, dstMac: b2:78:5c:3b:cc:03, l4proto: 6, src4: /10.211.137.241, dst4: /142.250.184.170, srcPort: 53680, dstPort: 443, oif: 6, ethDstMac: 00:00:00:00:00:00, ethSrcMac: 00:00:00:00:00:00, ethProto: 2048, pmtu: 1430, src46: /10.52.4.175, dst46: /142.250.184.170, srcPort: 53680, dstPort: 443, lastUsed: 0): android.system.ErrnoException: nativeWriteToMapEntry failed: E2BIG (Argument list too long)
01-01 18:19:48.286  1809  2062 E Tethering: [api31.BpfCoordinatorShimImpl] ERROR Could not insert entry (iif: 6, dstMac: 00:00:00:00:00:00, l4proto: 6, src4: /142.250.184.170, dst4: /10.52.4.175, srcPort: 443, dstPort: 53680, oif: 82, ethDstMac: 64:6e:e0:71:ed:e1, ethSrcMac: b2:78:5c:3b:cc:03, ethProto: 2048, pmtu: 1430, src46: /142.250.184.170, dst46: /10.211.137.241, srcPort: 443, dstPort: 53680, lastUsed: 0): android.system.ErrnoException: nativeWriteToMapEntry failed: E2BIG (Argument list too long)
01-01 18:19:48.290  1809  2062 E Tethering: [api31.BpfCoordinatorShimImpl] ERROR Could not insert entry (iif: 82, dstMac: b2:78:5c:3b:cc:03, l4proto: 6, src4: /10.211.137.241, dst4: /142.250.184.170, srcPort: 53681, dstPort: 443, oif: 6, ethDstMac: 00:00:00:00:00:00, ethSrcMac: 00:00:00:00:00:00, ethProto: 2048, pmtu: 1430, src46: /10.52.4.175, dst46: /142.250.184.170, srcPort: 53681, dstPort: 443, lastUsed: 0): android.system.ErrnoException: nativeWriteToMapEntry failed: E2BIG (Argument list too long)
01-01 18:19:48.291  1809  2062 E Tethering: [api31.BpfCoordinatorShimImpl] ERROR Could not insert entry (iif: 6, dstMac: 00:00:00:00:00:00, l4proto: 6, src4: /142.250.184.170, dst4: /10.52.4.175, srcPort: 443, dstPort: 53681, oif: 82, ethDstMac: 64:6e:e0:71:ed:e1, ethSrcMac: b2:78:5c:3b:cc:03, ethProto: 2048, pmtu: 1430, src46: /142.250.184.170, dst46: /10.211.137.241, srcPort: 443, dstPort: 53681, lastUsed: 0): android.system.ErrnoException: nativeWriteToMapEntry failed: E2BIG (Argument list too long)
01-01 18:19:48.294  1809  2062 E Tethering: [api31.BpfCoordinatorShimImpl] ERROR Could not insert entry (iif: 82, dstMac: b2:78:5c:3b:cc:03, l4proto: 6, src4: /10.211.137.241, dst4: /142.250.178.170, srcPort: 53682, dstPort: 443, oif: 6, ethDstMac: 00:00:00:00:00:00, ethSrcMac: 00:00:00:00:00:00, ethProto: 2048, pmtu: 1430, src46: /10.52.4.175, dst46: /142.250.178.170, srcPort: 53682, dstPort: 443, lastUsed: 0): android.system.ErrnoException: nativeWriteToMapEntry failed: E2BIG (Argument list too long)
01-01 18:19:48.295  1809  2062 E Tethering: [api31.BpfCoordinatorShimImpl] ERROR Could not insert entry (iif: 6, dstMac: 00:00:00:00:00:00, l4proto: 6, src4: /142.250.178.170, dst4: /10.52.4.175, srcPort: 443, dstPort: 53682, oif: 82, ethDstMac: 64:6e:e0:71:ed:e1, ethSrcMac: b2:78:5c:3b:cc:03, ethProto: 2048, pmtu: 1430, src46: /142.250.178.170, dst46: /10.211.137.241, srcPort: 443, dstPort: 53682, lastUsed: 0): android.system.ErrnoException: nativeWriteToMapEntry failed: E2BIG (Argument list too long)
01-01 18:19:48.565  1809  2062 E Tethering: [api31.BpfCoordinatorShimImpl] ERROR Could not insert entry (iif: 82, dstMac: b2:78:5c:3b:cc:03, l4proto: 6, src4: /10.211.137.241, dst4: /82.202.185.152, srcPort: 53683, dstPort: 443, oif: 6, ethDstMac: 00:00:00:00:00:00, ethSrcMac: 00:00:00:00:00:00, ethProto: 2048, pmtu: 1430, src46: /10.52.4.175, dst46: /82.202.185.152, srcPort: 53683, dstPort: 443, lastUsed: 0): android.system.ErrnoException: nativeWriteToMapEntry failed: E2BIG (Argument list too long)
01-01 18:19:48.567  1809  2062 E Tethering: [api31.BpfCoordinatorShimImpl] ERROR Could not insert entry (iif: 6, dstMac: 00:00:00:00:00:00, l4proto: 6, src4: /82.202.185.152, dst4: /10.52.4.175, srcPort: 443, dstPort: 53683, oif: 82, ethDstMac: 64:6e:e0:71:ed:e1, ethSrcMac: b2:78:5c:3b:cc:03, ethProto: 2048, pmtu: 1430, src46: /82.202.185.152, dst46: /10.211.137.241, srcPort: 443, dstPort: 53683, lastUsed: 0): android.system.ErrnoException: nativeWriteToMapEntry failed: E2BIG (Argument list too long)
01-01 18:19:48.661  1809  2062 I Tethering: [BpfCoordinator] onAlertReached
01-01 18:19:48.864   543   543 D io_stats: !@ 179,0 r 37899977 535636018 w 5964488 67754984 d 892874 67056684 f 0 0 iot 9729204 0 th 0 0 0 pt 0 inp 0 0 251550.454
01-01 18:19:48.951 28272 28272 D BoundBrokerSvc: onUnbind: Intent { act=com.google.android.gms.common.telemetry.service.START dat=chimera-action:/... cmp=com.google.android.gms/.chimera.PersistentApiService }
01-01 18:19:49.039  1764  1764 D TelephonyManager: requestModemActivityInfo: Sending result to app: ModemActivityInfo{ mTimestamp=513396253 mSleepTimeMs=7589 mIdleTimeMs=336724 mActivityStatsTechSpecificInfo=[{mRat=UNKNOWN,mFrequencyRange=UNKNOWN,mTxTimeMs[]=[0, 55, 0, 1487, 2898],mRxTimeMs=135351439}]}
01-01 18:19:49.284 20279 20427 D ProfileInstaller: Installing profile for com.wawapp.driver
01-01 18:19:49.342  1809  2062 E Tethering: [api31.BpfCoordinatorShimImpl] ERROR Could not insert entry (iif: 82, dstMac: b2:78:5c:3b:cc:03, l4proto: 6, src4: /10.211.137.241, dst4: /142.250.184.170, srcPort: 53684, dstPort: 443, oif: 6, ethDstMac: 00:00:00:00:00:00, ethSrcMac: 00:00:00:00:00:00, ethProto: 2048, pmtu: 1430, src46: /10.52.4.175, dst46: /142.250.184.170, srcPort: 53684, dstPort: 443, lastUsed: 0): android.system.ErrnoException: nativeWriteToMapEntry failed: E2BIG (Argument list too long)
01-01 18:19:49.344  1809  2062 E Tethering: [api31.BpfCoordinatorShimImpl] ERROR Could not insert entry (iif: 6, dstMac: 00:00:00:00:00:00, l4proto: 6, src4: /142.250.184.170, dst4: /10.52.4.175, srcPort: 443, dstPort: 53684, oif: 82, ethDstMac: 64:6e:e0:71:ed:e1, ethSrcMac: b2:78:5c:3b:cc:03, ethProto: 2048, pmtu: 1430, src46: /142.250.184.170, dst46: /10.211.137.241, srcPort: 443, dstPort: 53684, lastUsed: 0): android.system.ErrnoException: nativeWriteToMapEntry failed: E2BIG (Argument list too long)
01-01 18:19:49.395  1876  1876 D StatusBarIconController: ignoring old pipeline callbacks, because the new mobile icons are enabled
01-01 18:19:49.666 12320 12320 I TetherOffload: getForwardedStats() upstream:rmnet4
01-01 18:19:49.667 12320 12320 I TetherOffload:  GetInstance p=0xb400007418e05020
01-01 18:19:49.667 12320 12320 E TetherOffload: getDataUsage: fail to open mddp device 
01-01 18:19:49.777 12320 12320 I TetherOffload: setDataWarningAndLimit() upstream:rmnet4
01-01 18:19:49.777 12320 12320 I TetherOffload:  GetInstance p=0xb400007418e05020
01-01 18:19:49.777 12320 12320 E TetherOffload: setDataWarningAndLimit: fail to open mddp device 
01-01 18:19:49.781  1375  1994 W ProcessStats: Tracking association SourceState{f0b6e38 com.wawapp.driver/10417 BTop #549608} whose proc state 2 is better than process ProcessState{ae5b82b com.google.android.gms/10173 pkg=com.google.android.gms} proc state 6 (281 skipped)
01-01 18:19:49.793 28272 19727 I NetworkScheduler.Stats: (REDACTED) Task %s/%s started execution. cause:%s exec_start_elapsed_seconds: %s
01-01 18:19:49.803 28272 20424 I NetworkScheduler.Stats: (REDACTED) Task %s/%s finished executing. cause:%s result: %s elapsed_millis: %s uptime_millis: %s exec_start_elapsed_seconds: %s
01-01 18:19:49.805  1764  2491 D PhoneInterfaceManager: setDataEnabledForReason() Reason=1 Pid=1375 App=system
01-01 18:19:49.860  3126  3553 I dxzo    : (REDACTED) appOpsListener %s %s
01-01 18:19:49.861  3126  3553 I dxzo    : (REDACTED) Ignoring irrelevant audio permission changes for package %s
01-01 18:19:49.888  1809  2062 E Tethering: [api31.BpfCoordinatorShimImpl] ERROR Could not insert entry (iif: 82, dstMac: b2:78:5c:3b:cc:03, l4proto: 6, src4: /10.211.137.241, dst4: /34.36.57.103, srcPort: 53686, dstPort: 443, oif: 6, ethDstMac: 00:00:00:00:00:00, ethSrcMac: 00:00:00:00:00:00, ethProto: 2048, pmtu: 1430, src46: /10.52.4.175, dst46: /34.36.57.103, srcPort: 53686, dstPort: 443, lastUsed: 0): android.system.ErrnoException: nativeWriteToMapEntry failed: E2BIG (Argument list too long)
01-01 18:19:49.891  1809  2062 E Tethering: [api31.BpfCoordinatorShimImpl] ERROR Could not insert entry (iif: 6, dstMac: 00:00:00:00:00:00, l4proto: 6, src4: /34.36.57.103, dst4: /10.52.4.175, srcPort: 443, dstPort: 53686, oif: 82, ethDstMac: 64:6e:e0:71:ed:e1, ethSrcMac: b2:78:5c:3b:cc:03, ethProto: 2048, pmtu: 1430, src46: /34.36.57.103, dst46: /10.211.137.241, srcPort: 443, dstPort: 53686, lastUsed: 0): android.system.ErrnoException: nativeWriteToMapEntry failed: E2BIG (Argument list too long)
01-01 18:19:50.015  1375  1405 E Watchdog: !@Sync: 8381 heap: 105 / 118 FD: 992 [2026-01-01 18:19:50.015]
01-01 18:19:50.167 15317 20067 I com.whatsapp: Explicit concurrent copying GC freed 5012KB AllocSpace bytes, 6(260KB) LOS objects, 50% free, 17MB/34MB, paused 552us,140us total 277.628ms
01-01 18:19:50.183  1809  2062 E Tethering: [api31.BpfCoordinatorShimImpl] ERROR Could not insert entry (iif: 82, dstMac: b2:78:5c:3b:cc:03, l4proto: 6, src4: /10.211.137.241, dst4: /34.36.57.103, srcPort: 53686, dstPort: 443, oif: 6, ethDstMac: 00:00:00:00:00:00, ethSrcMac: 00:00:00:00:00:00, ethProto: 2048, pmtu: 1430, src46: /10.52.4.175, dst46: /34.36.57.103, srcPort: 53686, dstPort: 443, lastUsed: 0): android.system.ErrnoException: nativeWriteToMapEntry failed: E2BIG (Argument list too long)
01-01 18:19:50.185  1809  2062 E Tethering: [api31.BpfCoordinatorShimImpl] ERROR Could not insert entry (iif: 6, dstMac: 00:00:00:00:00:00, l4proto: 6, src4: /34.36.57.103, dst4: /10.52.4.175, srcPort: 443, dstPort: 53686, oif: 82, ethDstMac: 64:6e:e0:71:ed:e1, ethSrcMac: b2:78:5c:3b:cc:03, ethProto: 2048, pmtu: 1430, src46: /34.36.57.103, dst46: /10.211.137.241, srcPort: 443, dstPort: 53686, lastUsed: 0): android.system.ErrnoException: nativeWriteToMapEntry failed: E2BIG (Argument list too long)
01-01 18:19:50.187  1809  2062 E Tethering: [api31.BpfCoordinatorShimImpl] ERROR Could not insert entry (iif: 82, dstMac: b2:78:5c:3b:cc:03, l4proto: 6, src4: /10.211.137.241, dst4: /34.36.57.103, srcPort: 53686, dstPort: 443, oif: 6, ethDstMac: 00:00:00:00:00:00, ethSrcMac: 00:00:00:00:00:00, ethProto: 2048, pmtu: 1430, src46: /10.52.4.175, dst46: /34.36.57.103, srcPort: 53686, dstPort: 443, lastUsed: 0): android.system.ErrnoException: nativeWriteToMapEntry failed: E2BIG (Argument list too long)
01-01 18:19:50.189  1809  2062 E Tethering: [api31.BpfCoordinatorShimImpl] ERROR Could not insert entry (iif: 6, dstMac: 00:00:00:00:00:00, l4proto: 6, src4: /34.36.57.103, dst4: /10.52.4.175, srcPort: 443, dstPort: 53686, oif: 82, ethDstMac: 64:6e:e0:71:ed:e1, ethSrcMac: b2:78:5c:3b:cc:03, ethProto: 2048, pmtu: 1430, src46: /34.36.57.103, dst46: /10.211.137.241, srcPort: 443, dstPort: 53686, lastUsed: 0): android.system.ErrnoException: nativeWriteToMapEntry failed: E2BIG (Argument list too long)
01-01 18:19:50.191  1809  2062 E Tethering: [api31.BpfCoordinatorShimImpl] ERROR Could not insert entry (iif: 82, dstMac: b2:78:5c:3b:cc:03, l4proto: 6, src4: /10.211.137.241, dst4: /34.36.57.103, srcPort: 53686, dstPort: 443, oif: 6, ethDstMac: 00:00:00:00:00:00, ethSrcMac: 00:00:00:00:00:00, ethProto: 2048, pmtu: 1430, src46: /10.52.4.175, dst46: /34.36.57.103, srcPort: 53686, dstPort: 443, lastUsed: 0): android.system.ErrnoException: nativeWriteToMapEntry failed: E2BIG (Argument list too long)
01-01 18:19:50.194  1809  2062 E Tethering: [api31.BpfCoordinatorShimImpl] ERROR Could not insert entry (iif: 6, dstMac: 00:00:00:00:00:00, l4proto: 6, src4: /34.36.57.103, dst4: /10.52.4.175, srcPort: 443, dstPort: 53686, oif: 82, ethDstMac: 64:6e:e0:71:ed:e1, ethSrcMac: b2:78:5c:3b:cc:03, ethProto: 2048, pmtu: 1430, src46: /34.36.57.103, dst46: /10.211.137.241, srcPort: 443, dstPort: 53686, lastUsed: 0): android.system.ErrnoException: nativeWriteToMapEntry failed: E2BIG (Argument list too long)
01-01 18:19:50.264  1809  2062 E Tethering: [api31.BpfCoordinatorShimImpl] ERROR Could not insert entry (iif: 82, dstMac: b2:78:5c:3b:cc:03, l4proto: 6, src4: /10.211.137.241, dst4: /34.36.57.103, srcPort: 53686, dstPort: 443, oif: 6, ethDstMac: 00:00:00:00:00:00, ethSrcMac: 00:00:00:00:00:00, ethProto: 2048, pmtu: 1430, src46: /10.52.4.175, dst46: /34.36.57.103, srcPort: 53686, dstPort: 443, lastUsed: 0): android.system.ErrnoException: nativeWriteToMapEntry failed: E2BIG (Argument list too long)
01-01 18:19:50.266  1809  2062 E Tethering: [api31.BpfCoordinatorShimImpl] ERROR Could not insert entry (iif: 6, dstMac: 00:00:00:00:00:00, l4proto: 6, src4: /34.36.57.103, dst4: /10.52.4.175, srcPort: 443, dstPort: 53686, oif: 82, ethDstMac: 64:6e:e0:71:ed:e1, ethSrcMac: b2:78:5c:3b:cc:03, ethProto: 2048, pmtu: 1430, src46: /34.36.57.103, dst46: /10.211.137.241, srcPort: 443, dstPort: 53686, lastUsed: 0): android.system.ErrnoException: nativeWriteToMapEntry failed: E2BIG (Argument list too long)
01-01 18:19:50.344 27954 27954 D BoundBrokerSvc: onUnbind: Intent { act=com.google.android.gms.feedback.internal.IFeedbackService dat=chimera-action:/... cmp=com.google.android.gms/.chimera.GmsBoundBrokerService }
01-01 18:19:50.396  1876  1876 D StatusBarIconController: ignoring old pipeline callbacks, because the new mobile icons are enabled
01-01 18:19:50.768  1809  2062 E Tethering: [api31.BpfCoordinatorShimImpl] ERROR Could not insert entry (iif: 82, dstMac: b2:78:5c:3b:cc:03, l4proto: 6, src4: /10.211.137.241, dst4: /142.250.184.170, srcPort: 53689, dstPort: 443, oif: 6, ethDstMac: 00:00:00:00:00:00, ethSrcMac: 00:00:00:00:00:00, ethProto: 2048, pmtu: 1430, src46: /10.52.4.175, dst46: /142.250.184.170, srcPort: 53689, dstPort: 443, lastUsed: 0): android.system.ErrnoException: nativeWriteToMapEntry failed: E2BIG (Argument list too long)
01-01 18:19:50.770  1809  2062 E Tethering: [api31.BpfCoordinatorShimImpl] ERROR Could not insert entry (iif: 6, dstMac: 00:00:00:00:00:00, l4proto: 6, src4: /142.250.184.170, dst4: /10.52.4.175, srcPort: 443, dstPort: 53689, oif: 82, ethDstMac: 64:6e:e0:71:ed:e1, ethSrcMac: b2:78:5c:3b:cc:03, ethProto: 2048, pmtu: 1430, src46: /142.250.184.170, dst46: /10.211.137.241, srcPort: 443, dstPort: 53689, lastUsed: 0): android.system.ErrnoException: nativeWriteToMapEntry failed: E2BIG (Argument list too long)
01-01 18:19:50.864   543   543 D io_stats: !@ 179,0 r 37900090 535636994 w 5964530 67755576 d 892874 67056684 f 0 0 iot 9729248 0 th 0 0 0 pt 0 inp 0 0 251552.455
01-01 18:19:50.882 18576 18588 W ssioncontroller: ApkAssets: Deleting an ApkAssets object '<empty> and /data/app/~~w-KArPvdqrPorAg2l2Ugaw==/com.google.android.googlequicksearchbox-q8t45qZTU8pTaoVKa6CEow==/base.apk' with 1 weak references
01-01 18:19:50.883 18576 18588 W ssioncontroller: ApkAssets: Deleting an ApkAssets object '<empty> and /data/app/~~w-KArPvdqrPorAg2l2Ugaw==/com.google.android.googlequicksearchbox-q8t45qZTU8pTaoVKa6CEow==/split_config.xxhdpi.apk' with 1 weak references
01-01 18:19:50.883 18576 18588 W ssioncontroller: ApkAssets: Deleting an ApkAssets object '<empty> and /data/app/~~w-KArPvdqrPorAg2l2Ugaw==/com.google.android.googlequicksearchbox-q8t45qZTU8pTaoVKa6CEow==/split_lens_ondevice_engine_feature_module.apk' with 1 weak references
01-01 18:19:50.884 18576 18588 W ssioncontroller: ApkAssets: Deleting an ApkAssets object '<empty> and /data/app/~~w-KArPvdqrPorAg2l2Ugaw==/com.google.android.googlequicksearchbox-q8t45qZTU8pTaoVKa6CEow==/split_lens_ondevice_engine_play_ml_module.apk' with 1 weak references
01-01 18:19:50.915  1375  1994 D SGM:GameManager: identifyForegroundApp. com.wawapp.driver, mCurrentUserId: 0, callerUserId: 0
01-01 18:19:50.915  1375  1994 D SGM:PkgDataHelper: getGamePkgData(). com.wawapp.driver
01-01 18:19:50.915  8171  8226 I PolicyManager: [#CMH#] Is foreground game app: false
01-01 18:19:51.438  1028  1028 I thermal_repeater: socket -1
01-01 18:19:52.395  1876  1876 D StatusBarIconController: ignoring old pipeline callbacks, because the new mobile icons are enabled
01-01 18:19:52.503  1809  2062 E Tethering: [api31.BpfCoordinatorShimImpl] ERROR Could not insert entry (iif: 82, dstMac: b2:78:5c:3b:cc:03, l4proto: 6, src4: /10.211.137.241, dst4: /142.250.178.170, srcPort: 53677, dstPort: 443, oif: 6, ethDstMac: 00:00:00:00:00:00, ethSrcMac: 00:00:00:00:00:00, ethProto: 2048, pmtu: 1430, src46: /10.52.4.175, dst46: /142.250.178.170, srcPort: 53677, dstPort: 443, lastUsed: 0): android.system.ErrnoException: nativeWriteToMapEntry failed: E2BIG (Argument list too long)
01-01 18:19:52.506  1809  2062 E Tethering: [api31.BpfCoordinatorShimImpl] ERROR Could not insert entry (iif: 6, dstMac: 00:00:00:00:00:00, l4proto: 6, src4: /142.250.178.170, dst4: /10.52.4.175, srcPort: 443, dstPort: 53677, oif: 82, ethDstMac: 64:6e:e0:71:ed:e1, ethSrcMac: b2:78:5c:3b:cc:03, ethProto: 2048, pmtu: 1430, src46: /142.250.178.170, dst46: /10.211.137.241, srcPort: 443, dstPort: 53677, lastUsed: 0): android.system.ErrnoException: nativeWriteToMapEntry failed: E2BIG (Argument list too long)
01-01 18:19:52.567  1809  2062 E Tethering: [api31.BpfCoordinatorShimImpl] ERROR Could not insert entry (iif: 82, dstMac: b2:78:5c:3b:cc:03, l4proto: 6, src4: /10.211.137.241, dst4: /142.250.178.170, srcPort: 53677, dstPort: 443, oif: 6, ethDstMac: 00:00:00:00:00:00, ethSrcMac: 00:00:00:00:00:00, ethProto: 2048, pmtu: 1430, src46: /10.52.4.175, dst46: /142.250.178.170, srcPort: 53677, dstPort: 443, lastUsed: 0): android.system.ErrnoException: nativeWriteToMapEntry failed: E2BIG (Argument list too long)
01-01 18:19:52.569  1809  2062 E Tethering: [api31.BpfCoordinatorShimImpl] ERROR Could not insert entry (iif: 6, dstMac: 00:00:00:00:00:00, l4proto: 6, src4: /142.250.178.170, dst4: /10.52.4.175, srcPort: 443, dstPort: 53677, oif: 82, ethDstMac: 64:6e:e0:71:ed:e1, ethSrcMac: b2:78:5c:3b:cc:03, ethProto: 2048, pmtu: 1430, src46: /142.250.178.170, dst46: /10.211.137.241, srcPort: 443, dstPort: 53677, lastUsed: 0): android.system.ErrnoException: nativeWriteToMapEntry failed: E2BIG (Argument list too long)
01-01 18:19:52.573  1809  2062 E Tethering: [api31.BpfCoordinatorShimImpl] ERROR Could not insert entry (iif: 82, dstMac: b2:78:5c:3b:cc:03, l4proto: 6, src4: /10.211.137.241, dst4: /142.250.178.170, srcPort: 53677, dstPort: 443, oif: 6, ethDstMac: 00:00:00:00:00:00, ethSrcMac: 00:00:00:00:00:00, ethProto: 2048, pmtu: 1430, src46: /10.52.4.175, dst46: /142.250.178.170, srcPort: 53677, dstPort: 443, lastUsed: 0): android.system.ErrnoException: nativeWriteToMapEntry failed: E2BIG (Argument list too long)
01-01 18:19:52.575  1809  2062 E Tethering: [api31.BpfCoordinatorShimImpl] ERROR Could not insert entry (iif: 6, dstMac: 00:00:00:00:00:00, l4proto: 6, src4: /142.250.178.170, dst4: /10.52.4.175, srcPort: 443, dstPort: 53677, oif: 82, ethDstMac: 64:6e:e0:71:ed:e1, ethSrcMac: b2:78:5c:3b:cc:03, ethProto: 2048, pmtu: 1430, src46: /142.250.178.170, dst46: /10.211.137.241, srcPort: 443, dstPort: 53677, lastUsed: 0): android.system.ErrnoException: nativeWriteToMapEntry failed: E2BIG (Argument list too long)
01-01 18:19:52.642  1375  2904 I SemWifiApDataUsage: handleMessage: 14
01-01 18:19:52.642  1375  2904 I SemWifiApEbpf: DATA_USAGE_STATS_START_POLL,mhs= true,upstream= 2,client size 2
01-01 18:19:52.643  1375  2904 D SemWifiApEbpf: getWifiApDataUsageForOverAllMhs():  overall data is246508647
01-01 18:19:52.643  1375  2904 I SemWifiApEbpf: updating the overall dataUsage , overall =246508647 , global = {mTotalDataBytes=246386473,mTotalDataIngressBytes=0,mTotalDataEgressBytes=0,mCellularBytes=246386473,mCurrentDayAndSimCellularBytes=246386473}
01-01 18:19:52.865   543   543 D io_stats: !@ 179,0 r 37900094 535637014 w 5964540 67755640 d 892874 67056684 f 0 0 iot 9729256 0 th 0 0 0 pt 0 inp 0 0 251554.456
01-01 18:19:52.963  1809  2062 E Tethering: [api31.BpfCoordinatorShimImpl] ERROR Could not insert entry (iif: 82, dstMac: b2:78:5c:3b:cc:03, l4proto: 6, src4: /10.211.137.241, dst4: /142.250.184.170, srcPort: 53679, dstPort: 443, oif: 6, ethDstMac: 00:00:00:00:00:00, ethSrcMac: 00:00:00:00:00:00, ethProto: 2048, pmtu: 1430, src46: /10.52.4.175, dst46: /142.250.184.170, srcPort: 53679, dstPort: 443, lastUsed: 0): android.system.ErrnoException: nativeWriteToMapEntry failed: E2BIG (Argument list too long)
01-01 18:19:52.965  1809  2062 E Tethering: [api31.BpfCoordinatorShimImpl] ERROR Could not insert entry (iif: 6, dstMac: 00:00:00:00:00:00, l4proto: 6, src4: /142.250.184.170, dst4: /10.52.4.175, srcPort: 443, dstPort: 53679, oif: 82, ethDstMac: 64:6e:e0:71:ed:e1, ethSrcMac: b2:78:5c:3b:cc:03, ethProto: 2048, pmtu: 1430, src46: /142.250.184.170, dst46: /10.211.137.241, srcPort: 443, dstPort: 53679, lastUsed: 0): android.system.ErrnoException: nativeWriteToMapEntry failed: E2BIG (Argument list too long)
01-01 18:19:53.204  1809  2062 E Tethering: [api31.BpfCoordinatorShimImpl] ERROR Could not insert entry (iif: 82, dstMac: b2:78:5c:3b:cc:03, l4proto: 6, src4: /10.211.137.241, dst4: /192.178.223.95, srcPort: 53676, dstPort: 443, oif: 6, ethDstMac: 00:00:00:00:00:00, ethSrcMac: 00:00:00:00:00:00, ethProto: 2048, pmtu: 1430, src46: /10.52.4.175, dst46: /192.178.223.95, srcPort: 53676, dstPort: 443, lastUsed: 0): android.system.ErrnoException: nativeWriteToMapEntry failed: E2BIG (Argument list too long)
01-01 18:19:53.206  1809  2062 E Tethering: [api31.BpfCoordinatorShimImpl] ERROR Could not insert entry (iif: 6, dstMac: 00:00:00:00:00:00, l4proto: 6, src4: /192.178.223.95, dst4: /10.52.4.175, srcPort: 443, dstPort: 53676, oif: 82, ethDstMac: 64:6e:e0:71:ed:e1, ethSrcMac: b2:78:5c:3b:cc:03, ethProto: 2048, pmtu: 1430, src46: /192.178.223.95, dst46: /10.211.137.241, srcPort: 443, dstPort: 53676, lastUsed: 0): android.system.ErrnoException: nativeWriteToMapEntry failed: E2BIG (Argument list too long)
01-01 18:19:53.288  1809  2062 E Tethering: [api31.BpfCoordinatorShimImpl] ERROR Could not insert entry (iif: 82, dstMac: b2:78:5c:3b:cc:03, l4proto: 6, src4: /10.211.137.241, dst4: /192.178.223.95, srcPort: 53676, dstPort: 443, oif: 6, ethDstMac: 00:00:00:00:00:00, ethSrcMac: 00:00:00:00:00:00, ethProto: 2048, pmtu: 1430, src46: /10.52.4.175, dst46: /192.178.223.95, srcPort: 53676, dstPort: 443, lastUsed: 0): android.system.ErrnoException: nativeWriteToMapEntry failed: E2BIG (Argument list too long)
01-01 18:19:53.290  1809  2062 E Tethering: [api31.BpfCoordinatorShimImpl] ERROR Could not insert entry (iif: 6, dstMac: 00:00:00:00:00:00, l4proto: 6, src4: /192.178.223.95, dst4: /10.52.4.175, srcPort: 443, dstPort: 53676, oif: 82, ethDstMac: 64:6e:e0:71:ed:e1, ethSrcMac: b2:78:5c:3b:cc:03, ethProto: 2048, pmtu: 1430, src46: /192.178.223.95, dst46: /10.211.137.241, srcPort: 443, dstPort: 53676, lastUsed: 0): android.system.ErrnoException: nativeWriteToMapEntry failed: E2BIG (Argument list too long)
01-01 18:19:53.292  1809  2062 E Tethering: [api31.BpfCoordinatorShimImpl] ERROR Could not insert entry (iif: 82, dstMac: b2:78:5c:3b:cc:03, l4proto: 6, src4: /10.211.137.241, dst4: /192.178.223.95, srcPort: 53676, dstPort: 443, oif: 6, ethDstMac: 00:00:00:00:00:00, ethSrcMac: 00:00:00:00:00:00, ethProto: 2048, pmtu: 1430, src46: /10.52.4.175, dst46: /192.178.223.95, srcPort: 53676, dstPort: 443, lastUsed: 0): android.system.ErrnoException: nativeWriteToMapEntry failed: E2BIG (Argument list too long)
01-01 18:19:53.295  1809  2062 E Tethering: [api31.BpfCoordinatorShimImpl] ERROR Could not insert entry (iif: 6, dstMac: 00:00:00:00:00:00, l4proto: 6, src4: /192.178.223.95, dst4: /10.52.4.175, srcPort: 443, dstPort: 53676, oif: 82, ethDstMac: 64:6e:e0:71:ed:e1, ethSrcMac: b2:78:5c:3b:cc:03, ethProto: 2048, pmtu: 1430, src46: /192.178.223.95, dst46: /10.211.137.241, srcPort: 443, dstPort: 53676, lastUsed: 0): android.system.ErrnoException: nativeWriteToMapEntry failed: E2BIG (Argument list too long)
01-01 18:19:53.394  1876  1876 D StatusBarIconController: ignoring old pipeline callbacks, because the new mobile icons are enabled
01-01 18:19:53.646  1375  1506 D SensorService: [SO] 0.357 0.005 9.723
01-01 18:19:53.744  1809  2062 E Tethering: [api31.BpfCoordinatorShimImpl] ERROR Could not insert entry (iif: 82, dstMac: b2:78:5c:3b:cc:03, l4proto: 6, src4: /10.211.137.241, dst4: /104.208.16.90, srcPort: 53690, dstPort: 443, oif: 6, ethDstMac: 00:00:00:00:00:00, ethSrcMac: 00:00:00:00:00:00, ethProto: 2048, pmtu: 1430, src46: /10.52.4.175, dst46: /104.208.16.90, srcPort: 53690, dstPort: 443, lastUsed: 0): android.system.ErrnoException: nativeWriteToMapEntry failed: E2BIG (Argument list too long)
01-01 18:19:53.746  1809  2062 E Tethering: [api31.BpfCoordinatorShimImpl] ERROR Could not insert entry (iif: 6, dstMac: 00:00:00:00:00:00, l4proto: 6, src4: /104.208.16.90, dst4: /10.52.4.175, srcPort: 443, dstPort: 53690, oif: 82, ethDstMac: 64:6e:e0:71:ed:e1, ethSrcMac: b2:78:5c:3b:cc:03, ethProto: 2048, pmtu: 1430, src46: /104.208.16.90, dst46: /10.211.137.241, srcPort: 443, dstPort: 53690, lastUsed: 0): android.system.ErrnoException: nativeWriteToMapEntry failed: E2BIG (Argument list too long)
01-01 18:19:54.004  1375  1545 D InputReader: Btn_touch(2): value=1 when=251555.593929
