01-01 18:21:53.199  1809  2062 E Tethering: [api31.BpfCoordinatorShimImpl] ERROR Could not insert entry (iif: 82, dstMac: b2:78:5c:3b:cc:03, l4proto: 6, src4: /10.211.137.241, dst4: /34.36.57.103, srcPort: 55274, dstPort: 443, oif: 6, ethDstMac: 00:00:00:00:00:00, ethSrcMac: 00:00:00:00:00:00, ethProto: 2048, pmtu: 1430, src46: /10.52.4.175, dst46: /34.36.57.103, srcPort: 55274, dstPort: 443, lastUsed: 0): android.system.ErrnoException: nativeWriteToMapEntry failed: E2BIG (Argument list too long)
01-01 18:21:53.200  1809  2062 E Tethering: [api31.BpfCoordinatorShimImpl] ERROR Could not insert entry (iif: 6, dstMac: 00:00:00:00:00:00, l4proto: 6, src4: /34.36.57.103, dst4: /10.52.4.175, srcPort: 443, dstPort: 55274, oif: 82, ethDstMac: 64:6e:e0:71:ed:e1, ethSrcMac: b2:78:5c:3b:cc:03, ethProto: 2048, pmtu: 1430, src46: /34.36.57.103, dst46: /10.211.137.241, srcPort: 443, dstPort: 55274, lastUsed: 0): android.system.ErrnoException: nativeWriteToMapEntry failed: E2BIG (Argument list too long)
01-01 18:21:53.204  1809  2062 E Tethering: [api31.BpfCoordinatorShimImpl] ERROR Could not insert entry (iif: 82, dstMac: b2:78:5c:3b:cc:03, l4proto: 6, src4: /10.211.137.241, dst4: /34.36.57.103, srcPort: 55273, dstPort: 443, oif: 6, ethDstMac: 00:00:00:00:00:00, ethSrcMac: 00:00:00:00:00:00, ethProto: 2048, pmtu: 1430, src46: /10.52.4.175, dst46: /34.36.57.103, srcPort: 55273, dstPort: 443, lastUsed: 0): android.system.ErrnoException: nativeWriteToMapEntry failed: E2BIG (Argument list too long)
01-01 18:21:53.204  1809  2062 E Tethering: [api31.BpfCoordinatorShimImpl] ERROR Could not insert entry (iif: 6, dstMac: 00:00:00:00:00:00, l4proto: 6, src4: /34.36.57.103, dst4: /10.52.4.175, srcPort: 443, dstPort: 55273, oif: 82, ethDstMac: 64:6e:e0:71:ed:e1, ethSrcMac: b2:78:5c:3b:cc:03, ethProto: 2048, pmtu: 1430, src46: /34.36.57.103, dst46: /10.211.137.241, srcPort: 443, dstPort: 55273, lastUsed: 0): android.system.ErrnoException: nativeWriteToMapEntry failed: E2BIG (Argument list too long)
01-01 18:21:53.688  1764  1764 D TelephonyManager: requestModemActivityInfo: Sending result to app: ModemActivityInfo{ mTimestamp=513533420 mSleepTimeMs=7589 mIdleTimeMs=336725 mActivityStatsTechSpecificInfo=[{mRat=UNKNOWN,mFrequencyRange=UNKNOWN,mTxTimeMs[]=[0, 55, 0, 1487, 2898],mRxTimeMs=135402365}]}
01-01 18:21:53.836  1876  1876 D StatusBarIconController: ignoring old pipeline callbacks, because the new mobile icons are enabled
01-01 18:21:53.882   841   841 I BufferQueueProducer: [SurfaceView[com.wawapp.driver/com.wawapp.driver.MainActivity]@0(BLAST)#53347](this:0xb400007a7882e790,id:-1,api:0,p:-1,c:841) queueBuffer: fps=60.56 dur=1007.21 max=16.90 min=16.09
01-01 18:21:53.885   799   879 I hwcomposer: [HWCDisplay] [Display_0 (type:1)] fps:60.487217,dur:1008.48,max:17.84,min:15.79  
01-01 18:21:54.595  1809  2062 I Tethering: [BpfCoordinator] onAlertReached
01-01 18:21:54.703  1809  2062 E Tethering: [api31.BpfCoordinatorShimImpl] ERROR Could not insert entry (iif: 82, dstMac: b2:78:5c:3b:cc:03, l4proto: 6, src4: /10.211.137.241, dst4: /34.36.57.103, srcPort: 55279, dstPort: 443, oif: 6, ethDstMac: 00:00:00:00:00:00, ethSrcMac: 00:00:00:00:00:00, ethProto: 2048, pmtu: 1430, src46: /10.52.4.175, dst46: /34.36.57.103, srcPort: 55279, dstPort: 443, lastUsed: 0): android.system.ErrnoException: nativeWriteToMapEntry failed: E2BIG (Argument list too long)
01-01 18:21:54.704  1809  2062 E Tethering: [api31.BpfCoordinatorShimImpl] ERROR Could not insert entry (iif: 6, dstMac: 00:00:00:00:00:00, l4proto: 6, src4: /34.36.57.103, dst4: /10.52.4.175, srcPort: 443, dstPort: 55279, oif: 82, ethDstMac: 64:6e:e0:71:ed:e1, ethSrcMac: b2:78:5c:3b:cc:03, ethProto: 2048, pmtu: 1430, src46: /34.36.57.103, dst46: /10.211.137.241, srcPort: 443, dstPort: 55279, lastUsed: 0): android.system.ErrnoException: nativeWriteToMapEntry failed: E2BIG (Argument list too long)
01-01 18:21:54.766  1809  2062 E Tethering: [api31.BpfCoordinatorShimImpl] ERROR Could not insert entry (iif: 82, dstMac: b2:78:5c:3b:cc:03, l4proto: 6, src4: /10.211.137.241, dst4: /34.36.57.103, srcPort: 55280, dstPort: 443, oif: 6, ethDstMac: 00:00:00:00:00:00, ethSrcMac: 00:00:00:00:00:00, ethProto: 2048, pmtu: 1430, src46: /10.52.4.175, dst46: /34.36.57.103, srcPort: 55280, dstPort: 443, lastUsed: 0): android.system.ErrnoException: nativeWriteToMapEntry failed: E2BIG (Argument list too long)
01-01 18:21:54.769  1809  2062 E Tethering: [api31.BpfCoordinatorShimImpl] ERROR Could not insert entry (iif: 6, dstMac: 00:00:00:00:00:00, l4proto: 6, src4: /34.36.57.103, dst4: /10.52.4.175, srcPort: 443, dstPort: 55280, oif: 82, ethDstMac: 64:6e:e0:71:ed:e1, ethSrcMac: b2:78:5c:3b:cc:03, ethProto: 2048, pmtu: 1430, src46: /34.36.57.103, dst46: /10.211.137.241, srcPort: 443, dstPort: 55280, lastUsed: 0): android.system.ErrnoException: nativeWriteToMapEntry failed: E2BIG (Argument list too long)
01-01 18:21:54.835  1876  1876 D StatusBarIconController: ignoring old pipeline callbacks, because the new mobile icons are enabled
01-01 18:21:54.888   841   841 I BufferQueueProducer: [SurfaceView[com.wawapp.driver/com.wawapp.driver.MainActivity]@0(BLAST)#53347](this:0xb400007a7882e790,id:-1,api:0,p:-1,c:841) queueBuffer: fps=60.67 dur=1005.36 max=18.13 min=15.38
01-01 18:21:54.891   799   879 I hwcomposer: [HWCDisplay] [Display_0 (type:1)] fps:60.642803,dur:1005.89,max:19.28,min:14.92  
01-01 18:21:54.947   543   543 D io_stats: !@ 179,0 r 37922347 535800426 w 5965391 67761740 d 892891 67068896 f 0 0 iot 9732540 0 th 0 0 0 pt 0 inp 0 0 251676.537
01-01 18:21:55.078  1809  2062 E Tethering: [api31.BpfCoordinatorShimImpl] ERROR Could not insert entry (iif: 82, dstMac: b2:78:5c:3b:cc:03, l4proto: 6, src4: /10.211.137.241, dst4: /34.36.57.103, srcPort: 55280, dstPort: 443, oif: 6, ethDstMac: 00:00:00:00:00:00, ethSrcMac: 00:00:00:00:00:00, ethProto: 2048, pmtu: 1430, src46: /10.52.4.175, dst46: /34.36.57.103, srcPort: 55280, dstPort: 443, lastUsed: 0): android.system.ErrnoException: nativeWriteToMapEntry failed: E2BIG (Argument list too long)
01-01 18:21:55.082  1809  2062 E Tethering: [api31.BpfCoordinatorShimImpl] ERROR Could not insert entry (iif: 6, dstMac: 00:00:00:00:00:00, l4proto: 6, src4: /34.36.57.103, dst4: /10.52.4.175, srcPort: 443, dstPort: 55280, oif: 82, ethDstMac: 64:6e:e0:71:ed:e1, ethSrcMac: b2:78:5c:3b:cc:03, ethProto: 2048, pmtu: 1430, src46: /34.36.57.103, dst46: /10.211.137.241, srcPort: 443, dstPort: 55280, lastUsed: 0): android.system.ErrnoException: nativeWriteToMapEntry failed: E2BIG (Argument list too long)
01-01 18:21:55.084  1809  2062 E Tethering: [api31.BpfCoordinatorShimImpl] ERROR Could not insert entry (iif: 82, dstMac: b2:78:5c:3b:cc:03, l4proto: 6, src4: /10.211.137.241, dst4: /34.36.57.103, srcPort: 55280, dstPort: 443, oif: 6, ethDstMac: 00:00:00:00:00:00, ethSrcMac: 00:00:00:00:00:00, ethProto: 2048, pmtu: 1430, src46: /10.52.4.175, dst46: /34.36.57.103, srcPort: 55280, dstPort: 443, lastUsed: 0): android.system.ErrnoException: nativeWriteToMapEntry failed: E2BIG (Argument list too long)
01-01 18:21:55.091  1809  2062 E Tethering: [api31.BpfCoordinatorShimImpl] ERROR Could not insert entry (iif: 6, dstMac: 00:00:00:00:00:00, l4proto: 6, src4: /34.36.57.103, dst4: /10.52.4.175, srcPort: 443, dstPort: 55280, oif: 82, ethDstMac: 64:6e:e0:71:ed:e1, ethSrcMac: b2:78:5c:3b:cc:03, ethProto: 2048, pmtu: 1430, src46: /34.36.57.103, dst46: /10.211.137.241, srcPort: 443, dstPort: 55280, lastUsed: 0): android.system.ErrnoException: nativeWriteToMapEntry failed: E2BIG (Argument list too long)
01-01 18:21:55.093  1809  2062 E Tethering: [api31.BpfCoordinatorShimImpl] ERROR Could not insert entry (iif: 82, dstMac: b2:78:5c:3b:cc:03, l4proto: 6, src4: /10.211.137.241, dst4: /34.36.57.103, srcPort: 55280, dstPort: 443, oif: 6, ethDstMac: 00:00:00:00:00:00, ethSrcMac: 00:00:00:00:00:00, ethProto: 2048, pmtu: 1430, src46: /10.52.4.175, dst46: /34.36.57.103, srcPort: 55280, dstPort: 443, lastUsed: 0): android.system.ErrnoException: nativeWriteToMapEntry failed: E2BIG (Argument list too long)
01-01 18:21:55.095  1809  2062 E Tethering: [api31.BpfCoordinatorShimImpl] ERROR Could not insert entry (iif: 6, dstMac: 00:00:00:00:00:00, l4proto: 6, src4: /34.36.57.103, dst4: /10.52.4.175, srcPort: 443, dstPort: 55280, oif: 82, ethDstMac: 64:6e:e0:71:ed:e1, ethSrcMac: b2:78:5c:3b:cc:03, ethProto: 2048, pmtu: 1430, src46: /34.36.57.103, dst46: /10.211.137.241, srcPort: 443, dstPort: 55280, lastUsed: 0): android.system.ErrnoException: nativeWriteToMapEntry failed: E2BIG (Argument list too long)
01-01 18:21:55.097  1809  2062 E Tethering: [api31.BpfCoordinatorShimImpl] ERROR Could not insert entry (iif: 82, dstMac: b2:78:5c:3b:cc:03, l4proto: 6, src4: /10.211.137.241, dst4: /34.36.57.103, srcPort: 55279, dstPort: 443, oif: 6, ethDstMac: 00:00:00:00:00:00, ethSrcMac: 00:00:00:00:00:00, ethProto: 2048, pmtu: 1430, src46: /10.52.4.175, dst46: /34.36.57.103, srcPort: 55279, dstPort: 443, lastUsed: 0): android.system.ErrnoException: nativeWriteToMapEntry failed: E2BIG (Argument list too long)
01-01 18:21:55.099  1809  2062 E Tethering: [api31.BpfCoordinatorShimImpl] ERROR Could not insert entry (iif: 6, dstMac: 00:00:00:00:00:00, l4proto: 6, src4: /34.36.57.103, dst4: /10.52.4.175, srcPort: 443, dstPort: 55279, oif: 82, ethDstMac: 64:6e:e0:71:ed:e1, ethSrcMac: b2:78:5c:3b:cc:03, ethProto: 2048, pmtu: 1430, src46: /34.36.57.103, dst46: /10.211.137.241, srcPort: 443, dstPort: 55279, lastUsed: 0): android.system.ErrnoException: nativeWriteToMapEntry failed: E2BIG (Argument list too long)
01-01 18:21:55.100  1809  2062 E Tethering: [api31.BpfCoordinatorShimImpl] ERROR Could not insert entry (iif: 82, dstMac: b2:78:5c:3b:cc:03, l4proto: 6, src4: /10.211.137.241, dst4: /34.36.57.103, srcPort: 55279, dstPort: 443, oif: 6, ethDstMac: 00:00:00:00:00:00, ethSrcMac: 00:00:00:00:00:00, ethProto: 2048, pmtu: 1430, src46: /10.52.4.175, dst46: /34.36.57.103, srcPort: 55279, dstPort: 443, lastUsed: 0): android.system.ErrnoException: nativeWriteToMapEntry failed: E2BIG (Argument list too long)
01-01 18:21:55.102  1809  2062 E Tethering: [api31.BpfCoordinatorShimImpl] ERROR Could not insert entry (iif: 6, dstMac: 00:00:00:00:00:00, l4proto: 6, src4: /34.36.57.103, dst4: /10.52.4.175, srcPort: 443, dstPort: 55279, oif: 82, ethDstMac: 64:6e:e0:71:ed:e1, ethSrcMac: b2:78:5c:3b:cc:03, ethProto: 2048, pmtu: 1430, src46: /34.36.57.103, dst46: /10.211.137.241, srcPort: 443, dstPort: 55279, lastUsed: 0): android.system.ErrnoException: nativeWriteToMapEntry failed: E2BIG (Argument list too long)
01-01 18:21:55.104  1809  2062 E Tethering: [api31.BpfCoordinatorShimImpl] ERROR Could not insert entry (iif: 82, dstMac: b2:78:5c:3b:cc:03, l4proto: 6, src4: /10.211.137.241, dst4: /34.36.57.103, srcPort: 55279, dstPort: 443, oif: 6, ethDstMac: 00:00:00:00:00:00, ethSrcMac: 00:00:00:00:00:00, ethProto: 2048, pmtu: 1430, src46: /10.52.4.175, dst46: /34.36.57.103, srcPort: 55279, dstPort: 443, lastUsed: 0): android.system.ErrnoException: nativeWriteToMapEntry failed: E2BIG (Argument list too long)
01-01 18:21:55.105  1809  2062 E Tethering: [api31.BpfCoordinatorShimImpl] ERROR Could not insert entry (iif: 6, dstMac: 00:00:00:00:00:00, l4proto: 6, src4: /34.36.57.103, dst4: /10.52.4.175, srcPort: 443, dstPort: 55279, oif: 82, ethDstMac: 64:6e:e0:71:ed:e1, ethSrcMac: b2:78:5c:3b:cc:03, ethProto: 2048, pmtu: 1430, src46: /34.36.57.103, dst46: /10.211.137.241, srcPort: 443, dstPort: 55279, lastUsed: 0): android.system.ErrnoException: nativeWriteToMapEntry failed: E2BIG (Argument list too long)
01-01 18:21:55.138  1809  2062 E Tethering: [api31.BpfCoordinatorShimImpl] ERROR Could not insert entry (iif: 82, dstMac: b2:78:5c:3b:cc:03, l4proto: 6, src4: /10.211.137.241, dst4: /34.36.57.103, srcPort: 55280, dstPort: 443, oif: 6, ethDstMac: 00:00:00:00:00:00, ethSrcMac: 00:00:00:00:00:00, ethProto: 2048, pmtu: 1430, src46: /10.52.4.175, dst46: /34.36.57.103, srcPort: 55280, dstPort: 443, lastUsed: 0): android.system.ErrnoException: nativeWriteToMapEntry failed: E2BIG (Argument list too long)
01-01 18:21:55.140  1809  2062 E Tethering: [api31.BpfCoordinatorShimImpl] ERROR Could not insert entry (iif: 6, dstMac: 00:00:00:00:00:00, l4proto: 6, src4: /34.36.57.103, dst4: /10.52.4.175, srcPort: 443, dstPort: 55280, oif: 82, ethDstMac: 64:6e:e0:71:ed:e1, ethSrcMac: b2:78:5c:3b:cc:03, ethProto: 2048, pmtu: 1430, src46: /34.36.57.103, dst46: /10.211.137.241, srcPort: 443, dstPort: 55280, lastUsed: 0): android.system.ErrnoException: nativeWriteToMapEntry failed: E2BIG (Argument list too long)
01-01 18:21:55.173  1809  2062 E Tethering: [api31.BpfCoordinatorShimImpl] ERROR Could not insert entry (iif: 82, dstMac: b2:78:5c:3b:cc:03, l4proto: 6, src4: /10.211.137.241, dst4: /34.36.57.103, srcPort: 55279, dstPort: 443, oif: 6, ethDstMac: 00:00:00:00:00:00, ethSrcMac: 00:00:00:00:00:00, ethProto: 2048, pmtu: 1430, src46: /10.52.4.175, dst46: /34.36.57.103, srcPort: 55279, dstPort: 443, lastUsed: 0): android.system.ErrnoException: nativeWriteToMapEntry failed: E2BIG (Argument list too long)
01-01 18:21:55.175  1809  2062 E Tethering: [api31.BpfCoordinatorShimImpl] ERROR Could not insert entry (iif: 6, dstMac: 00:00:00:00:00:00, l4proto: 6, src4: /34.36.57.103, dst4: /10.52.4.175, srcPort: 443, dstPort: 55279, oif: 82, ethDstMac: 64:6e:e0:71:ed:e1, ethSrcMac: b2:78:5c:3b:cc:03, ethProto: 2048, pmtu: 1430, src46: /34.36.57.103, dst46: /10.211.137.241, srcPort: 443, dstPort: 55279, lastUsed: 0): android.system.ErrnoException: nativeWriteToMapEntry failed: E2BIG (Argument list too long)
01-01 18:21:55.605 12320 12320 I TetherOffload: getForwardedStats() upstream:rmnet4
01-01 18:21:55.605 12320 12320 I TetherOffload:  GetInstance p=0xb400007418e05020
01-01 18:21:55.605 12320 12320 E TetherOffload: getDataUsage: fail to open mddp device 
01-01 18:21:55.743  1375  1431 D PowerManagerService: UserActivityStateListenerState: 0
01-01 18:21:55.836  1876  1876 D StatusBarIconController: ignoring old pipeline callbacks, because the new mobile icons are enabled
01-01 18:21:55.894   841   841 I BufferQueueProducer: [SurfaceView[com.wawapp.driver/com.wawapp.driver.MainActivity]@0(BLAST)#53347](this:0xb400007a7882e790,id:-1,api:0,p:-1,c:841) queueBuffer: fps=60.63 dur=1006.16 max=17.26 min=15.51
01-01 18:21:55.897   799   879 I hwcomposer: [HWCDisplay] [Display_0 (type:1)] fps:60.633846,dur:1006.04,max:17.34,min:15.63  
01-01 18:21:56.458  1028  1028 I thermal_repeater: socket -1
01-01 18:21:56.837  1876  1876 D StatusBarIconController: ignoring old pipeline callbacks, because the new mobile icons are enabled
01-01 18:21:56.900   841   841 I BufferQueueProducer: [SurfaceView[com.wawapp.driver/com.wawapp.driver.MainActivity]@0(BLAST)#53347](this:0xb400007a7882e790,id:-1,api:0,p:-1,c:841) queueBuffer: fps=59.66 dur=1005.70 max=30.11 min=15.56
01-01 18:21:56.903   799   879 I hwcomposer: [HWCDisplay] [Display_0 (type:1)] fps:59.645229,dur:1005.95,max:30.74,min:15.09  
01-01 18:21:56.948   543   543 D io_stats: !@ 179,0 r 37922352 535800450 w 5965397 67761776 d 892891 67068896 f 0 0 iot 9732548 0 th 0 0 0 pt 0 inp 0 0 251678.538
01-01 18:21:57.658   844   856 D ccci_mdinit: (1):monitor_time_update_thread round:19925 ########
01-01 18:21:57.781  1375  2904 I SemWifiApDataUsage: handleMessage: 14
01-01 18:21:57.782  1375  2904 I SemWifiApEbpf: DATA_USAGE_STATS_START_POLL,mhs= true,upstream= 2,client size 2
01-01 18:21:57.783  1375  2904 D SemWifiApEbpf: getWifiApDataUsageForOverAllMhs():  overall data is248971229
01-01 18:21:57.784  1375  2904 I SemWifiApEbpf: updating the overall dataUsage , overall =248971229 , global = {mTotalDataBytes=248694042,mTotalDataIngressBytes=0,mTotalDataEgressBytes=0,mCellularBytes=248694042,mCurrentDayAndSimCellularBytes=248694042}
01-01 18:21:57.836  1876  1876 D StatusBarIconController: ignoring old pipeline callbacks, because the new mobile icons are enabled
01-01 18:21:57.906   841   841 I BufferQueueProducer: [SurfaceView[com.wawapp.driver/com.wawapp.driver.MainActivity]@0(BLAST)#53347](this:0xb400007a7882e790,id:-1,api:0,p:-1,c:841) queueBuffer: fps=59.62 dur=1006.29 max=31.16 min=15.17
01-01 18:21:57.909   799   879 I hwcomposer: [HWCDisplay] [Display_0 (type:1)] fps:59.659374,dur:1005.71,max:31.88,min:15.19  
01-01 18:21:58.734  1764  1764 D TelephonyManager: requestModemActivityInfo: Sending result to app: ModemActivityInfo{ mTimestamp=513538463 mSleepTimeMs=7589 mIdleTimeMs=336725 mActivityStatsTechSpecificInfo=[{mRat=UNKNOWN,mFrequencyRange=UNKNOWN,mTxTimeMs[]=[0, 55, 0, 1487, 2898],mRxTimeMs=135407406}]}
01-01 18:21:58.841  1876  1876 D StatusBarIconController: ignoring old pipeline callbacks, because the new mobile icons are enabled
01-01 18:21:58.912   841   841 I BufferQueueProducer: [SurfaceView[com.wawapp.driver/com.wawapp.driver.MainActivity]@0(BLAST)#53347](this:0xb400007a7882e790,id:-1,api:0,p:-1,c:841) queueBuffer: fps=59.65 dur=1005.82 max=27.32 min=15.29
01-01 18:21:58.915   799   879 I hwcomposer: [HWCDisplay] [Display_0 (type:1)] fps:59.644478,dur:1005.96,max:27.09,min:14.75  
01-01 18:21:59.191  1375  1506 D SensorService: [SO] 0.357 -0.013 9.703
01-01 18:21:59.727  1876  1876 D StatusBarIconController: ignoring old pipeline callbacks, because the new mobile icons are enabled
01-01 18:21:59.761  1876  2061 I gralloc4: @set_metadata: update dataspace from GM (0x00000000 -> 0x08010000)
01-01 18:21:59.769   841   841 I BufferQueueProducer: [StatusBar$_1876#83](this:0xb400007a78f3f790,id:-1,api:0,p:-1,c:841) queueBuffer: fps=0.10 dur=10065.80 max=10065.80 min=10065.80
01-01 18:21:59.841  1876  1876 D StatusBarIconController: ignoring old pipeline callbacks, because the new mobile icons are enabled
01-01 18:21:59.917   841   841 I BufferQueueProducer: [SurfaceView[com.wawapp.driver/com.wawapp.driver.MainActivity]@0(BLAST)#53347](this:0xb400007a7882e790,id:-1,api:0,p:-1,c:841) queueBuffer: fps=60.66 dur=1005.57 max=17.59 min=15.51
01-01 18:21:59.921   799   879 I hwcomposer: [HWCDisplay] [Display_0 (type:1)] fps:60.656448,dur:1005.66,max:17.48,min:15.57  
01-01 18:22:00.006  1876  2386 I DateTimeView: updateAll - getTimeFormat
01-01 18:22:00.007  1876  2386 D QSClockBellTower: onReceive(android.intent.action.TIME_TICK) mTimeZoneString:Africa/Nouakchott
01-01 18:22:00.008  1876  1876 D FaceWidgetPagesController: onTimeChanged()
01-01 18:22:00.018  1876  1876 D QSClockBellTower: He is ready to ring the bell. (((QSClockBellSound - TimeText:18:22, TimeContentDescription:18:22, DateText:Thu, 1 January, ShortDateText:Thu, 1 Jan, Demo:false, QuickStar-Second(false|12:34:56), QuickStar-DateText:Thu, 1 Jan)))
01-01 18:22:00.019  1876  1876 D QSClock : StatusBar clock=18:22 notifyTimeChanged(QSClockBellSound - TimeText:18:22, TimeContentDescription:18:22, DateText:Thu, 1 January, ShortDateText:Thu, 1 Jan, Demo:false, QuickStar-Second(false|12:34:56), QuickStar-DateText:Thu, 1 Jan) clockVisibleByPolicy=true, clockVisibleByUser=true, visible=true, parent=android.widget.LinearLayout{51f2ff8 V.E...... ......ID 0,0-94,56 #7f0a0591 app:id/left_clock_container}
01-01 18:22:00.019  1876  1876 D QSClockBellTower: Everyone heard the bell. run(currentTime:1767291720014, getTime():Thu Jan 01 18:22:00 GMT 2026, getTimeZone():libcore.util.ZoneInfo[mDstSavings=0,mUseDst=false,mDelegate=[id="Africa/Nouakchott",mRawOffset=0,mEarliestRawOffset=-968000,transitions=1]])
01-01 18:22:00.035  1876  1876 D QsExpandAnimator: mIsDateButtonOverlapped = false >> false, (347.0 + 375) = 722.0 : 984
01-01 18:22:00.044  1876  1876 W View    : requestLayout() improperly called by android.widget.FrameLayout{4318375 V.E...... ......ID 0,126-1080,2273 #7f0a0846 app:id/qs_frame} during layout: running second layout pass
01-01 18:22:00.058  1876  2061 I gralloc4: @set_metadata: update dataspace from GM (0x00000000 -> 0x08010000)
01-01 18:22:00.836  1876  1876 D StatusBarIconController: ignoring old pipeline callbacks, because the new mobile icons are enabled
01-01 18:22:00.924   841   841 I BufferQueueProducer: [SurfaceView[com.wawapp.driver/com.wawapp.driver.MainActivity]@0(BLAST)#53347](this:0xb400007a7882e790,id:-1,api:0,p:-1,c:841) queueBuffer: fps=59.61 dur=1006.58 max=29.33 min=15.60
01-01 18:22:00.927   799   879 I hwcomposer: [HWCDisplay] [Display_0 (type:1)] fps:59.611954,dur:1006.51,max:29.19,min:15.78  
01-01 18:22:00.951   543   543 D io_stats: !@ 179,0 r 37922353 535800454 w 5965411 67761860 d 892891 67068896 f 0 0 iot 9732552 0 th 0 0 0 pt 0 inp 0 0 251682.541
01-01 18:22:01.405  1375  2904 I SemWifiApDataUsage: handleMessage: 15
01-01 18:22:01.408   773   773 E audit   : type=1400 audit(1767291721.404:1643123): avc:  denied  { ioctl } for  pid=1375 comm="SemWifiApDataUs" path="/data/system/SemWifiApDataUsageHistory.db" dev="dm-50" ino=202538 ioctlcmd=0xf522 scontext=u:r:system_server:s0 tcontext=u:object_r:system_data_file:s0 tclass=file permissive=0 SEPF_SM-A145P_12_0001 audit_filtered
01-01 18:22:01.420  1375  2904 D SemWifiApDbHistoryTableHelper: insertOrUpdateOnGivenDate() : data has been updated or inserted for date=2026-01-01
01-01 18:22:01.425  1375  2904 I SemWifiApDbSimTableHelper: updated for SIM : 8922201040**********
01-01 18:22:01.459  1028  1028 I thermal_repeater: socket -1
01-01 18:22:01.615   841   841 I SurfaceFlinger: SFWD update time=251683206200308
01-01 18:22:01.736  1876  1876 D StatusBarIconController: ignoring old pipeline callbacks, because the new mobile icons are enabled
01-01 18:22:01.767  1876  2061 I gralloc4: @set_metadata: update dataspace from GM (0x00000000 -> 0x08010000)
01-01 18:22:01.781   841   841 I BufferQueueProducer: [StatusBar$_1876#83](this:0xb400007a78f3f790,id:-1,api:0,p:-1,c:841) queueBuffer: fps=0.99 dur=2011.69 max=1715.21 min=296.48
01-01 18:22:01.929   841   841 I BufferQueueProducer: [SurfaceView[com.wawapp.driver/com.wawapp.driver.MainActivity]@0(BLAST)#53347](this:0xb400007a7882e790,id:-1,api:0,p:-1,c:841) queueBuffer: fps=60.68 dur=1005.26 max=17.52 min=15.44
01-01 18:22:01.932   799   879 I hwcomposer: [HWCDisplay] [Display_0 (type:1)] fps:60.680107,dur:1005.27,max:17.55,min:15.28  
01-01 18:22:02.681  1809  2062 E Tethering: [api31.BpfCoordinatorShimImpl] ERROR Could not insert entry (iif: 82, dstMac: b2:78:5c:3b:cc:03, l4proto: 6, src4: /10.211.137.241, dst4: /34.36.57.103, srcPort: 51462, dstPort: 443, oif: 6, ethDstMac: 00:00:00:00:00:00, ethSrcMac: 00:00:00:00:00:00, ethProto: 2048, pmtu: 1430, src46: /10.52.4.175, dst46: /34.36.57.103, srcPort: 51462, dstPort: 443, lastUsed: 0): android.system.ErrnoException: nativeWriteToMapEntry failed: E2BIG (Argument list too long)
01-01 18:22:02.684  1809  2062 E Tethering: [api31.BpfCoordinatorShimImpl] ERROR Could not insert entry (iif: 6, dstMac: 00:00:00:00:00:00, l4proto: 6, src4: /34.36.57.103, dst4: /10.52.4.175, srcPort: 443, dstPort: 51462, oif: 82, ethDstMac: 64:6e:e0:71:ed:e1, ethSrcMac: b2:78:5c:3b:cc:03, ethProto: 2048, pmtu: 1430, src46: /34.36.57.103, dst46: /10.211.137.241, srcPort: 443, dstPort: 51462, lastUsed: 0): android.system.ErrnoException: nativeWriteToMapEntry failed: E2BIG (Argument list too long)
01-01 18:22:02.785  1375  2904 I SemWifiApDataUsage: handleMessage: 14
01-01 18:22:02.786  1375  2904 I SemWifiApEbpf: DATA_USAGE_STATS_START_POLL,mhs= true,upstream= 2,client size 2
01-01 18:22:02.788  1375  2904 D SemWifiApEbpf: getWifiApDataUsageForOverAllMhs():  overall data is249017736
01-01 18:22:02.788  1375  2904 I SemWifiApEbpf: updating the overall dataUsage , overall =249017736 , global = {mTotalDataBytes=248971229,mTotalDataIngressBytes=0,mTotalDataEgressBytes=0,mCellularBytes=248971229,mCurrentDayAndSimCellularBytes=248971229}
01-01 18:22:02.903 27954 27954 D BoundBrokerSvc: onUnbind: Intent { act=com.google.android.gms.measurement.START pkg=com.google.android.gms }
01-01 18:22:02.911  1375  1994 W ProcessStats: Tracking association SourceState{f0b6e38 com.wawapp.driver/10417 BTop #549735} whose proc state 2 is better than process ProcessState{ae5b82b com.google.android.gms/10173 pkg=com.google.android.gms} proc state 6 (9 skipped)
01-01 18:22:02.935   841   841 I BufferQueueProducer: [SurfaceView[com.wawapp.driver/com.wawapp.driver.MainActivity]@0(BLAST)#53347](this:0xb400007a7882e790,id:-1,api:0,p:-1,c:841) queueBuffer: fps=60.64 dur=1005.93 max=17.36 min=15.66
01-01 18:22:02.938   799   879 I hwcomposer: [HWCDisplay] [Display_0 (type:1)] fps:60.640633,dur:1005.93,max:17.29,min:15.63  
01-01 18:22:02.952   543   543 D io_stats: !@ 179,0 r 37922353 535800454 w 5965426 67761908 d 892891 67068896 f 0 0 iot 9732560 0 th 0 0 0 pt 0 inp 0 0 251684.543
01-01 18:22:03.877  1876  1876 D StatusBarIconController: ignoring old pipeline callbacks, because the new mobile icons are enabled
01-01 18:22:03.941   841   841 I BufferQueueProducer: [SurfaceView[com.wawapp.driver/com.wawapp.driver.MainActivity]@0(BLAST)#53347](this:0xb400007a7882e790,id:-1,api:0,p:-1,c:841) queueBuffer: fps=60.65 dur=1005.81 max=16.90 min=16.10
01-01 18:22:03.944   799   879 I hwcomposer: [HWCDisplay] [Display_0 (type:1)] fps:60.653103,dur:1005.72,max:16.89,min:16.04  
01-01 18:22:03.977  1809  2062 E Tethering: [api31.BpfCoordinatorShimImpl] ERROR Could not insert entry (iif: 82, dstMac: b2:78:5c:3b:cc:03, l4proto: 6, src4: /10.211.137.241, dst4: /34.36.57.103, srcPort: 51463, dstPort: 443, oif: 6, ethDstMac: 00:00:00:00:00:00, ethSrcMac: 00:00:00:00:00:00, ethProto: 2048, pmtu: 1430, src46: /10.52.4.175, dst46: /34.36.57.103, srcPort: 51463, dstPort: 443, lastUsed: 0): android.system.ErrnoException: nativeWriteToMapEntry failed: E2BIG (Argument list too long)
01-01 18:22:03.980  1809  2062 E Tethering: [api31.BpfCoordinatorShimImpl] ERROR Could not insert entry (iif: 6, dstMac: 00:00:00:00:00:00, l4proto: 6, src4: /34.36.57.103, dst4: /10.52.4.175, srcPort: 443, dstPort: 51463, oif: 82, ethDstMac: 64:6e:e0:71:ed:e1, ethSrcMac: b2:78:5c:3b:cc:03, ethProto: 2048, pmtu: 1430, src46: /34.36.57.103, dst46: /10.211.137.241, srcPort: 443, dstPort: 51463, lastUsed: 0): android.system.ErrnoException: nativeWriteToMapEntry failed: E2BIG (Argument list too long)
01-01 18:22:04.876  1876  1876 D StatusBarIconController: ignoring old pipeline callbacks, because the new mobile icons are enabled
01-01 18:22:04.948   841   841 I BufferQueueProducer: [SurfaceView[com.wawapp.driver/com.wawapp.driver.MainActivity]@0(BLAST)#53347](this:0xb400007a7882e790,id:-1,api:0,p:-1,c:841) queueBuffer: fps=59.60 dur=1006.65 max=28.74 min=15.18
01-01 18:22:04.951   799   879 I hwcomposer: [HWCDisplay] [Display_0 (type:1)] fps:59.605946,dur:1006.61,max:28.84,min:15.33  
01-01 18:22:05.953   841   841 I BufferQueueProducer: [SurfaceView[com.wawapp.driver/com.wawapp.driver.MainActivity]@0(BLAST)#53347](this:0xb400007a7882e790,id:-1,api:0,p:-1,c:841) queueBuffer: fps=60.67 dur=1005.43 max=17.17 min=15.66
01-01 18:22:05.956   799   879 I hwcomposer: [HWCDisplay] [Display_0 (type:1)] fps:60.651821,dur:1005.74,max:17.78,min:15.45  
01-01 18:22:06.459  1028  1028 I thermal_repeater: socket -1
01-01 18:22:06.878  1876  1876 D StatusBarIconController: ignoring old pipeline callbacks, because the new mobile icons are enabled
01-01 18:22:06.955  1809  2062 E Tethering: [api31.BpfCoordinatorShimImpl] ERROR Could not insert entry (iif: 82, dstMac: b2:78:5c:3b:cc:03, l4proto: 6, src4: /10.211.137.241, dst4: /34.36.57.103, srcPort: 51468, dstPort: 443, oif: 6, ethDstMac: 00:00:00:00:00:00, ethSrcMac: 00:00:00:00:00:00, ethProto: 2048, pmtu: 1430, src46: /10.52.4.175, dst46: /34.36.57.103, srcPort: 51468, dstPort: 443, lastUsed: 0): android.system.ErrnoException: nativeWriteToMapEntry failed: E2BIG (Argument list too long)
01-01 18:22:06.958  1809  2062 E Tethering: [api31.BpfCoordinatorShimImpl] ERROR Could not insert entry (iif: 6, dstMac: 00:00:00:00:00:00, l4proto: 6, src4: /34.36.57.103, dst4: /10.52.4.175, srcPort: 443, dstPort: 51468, oif: 82, ethDstMac: 64:6e:e0:71:ed:e1, ethSrcMac: b2:78:5c:3b:cc:03, ethProto: 2048, pmtu: 1430, src46: /34.36.57.103, dst46: /10.211.137.241, srcPort: 443, dstPort: 51468, lastUsed: 0): android.system.ErrnoException: nativeWriteToMapEntry failed: E2BIG (Argument list too long)
01-01 18:22:06.959   841   841 I BufferQueueProducer: [SurfaceView[com.wawapp.driver/com.wawapp.driver.MainActivity]@0(BLAST)#53347](this:0xb400007a7882e790,id:-1,api:0,p:-1,c:841) queueBuffer: fps=60.62 dur=1006.24 max=16.79 min=16.27
01-01 18:22:06.961  1809  2062 E Tethering: [api31.BpfCoordinatorShimImpl] ERROR Could not insert entry (iif: 82, dstMac: b2:78:5c:3b:cc:03, l4proto: 6, src4: /10.211.137.241, dst4: /34.36.57.103, srcPort: 51472, dstPort: 443, oif: 6, ethDstMac: 00:00:00:00:00:00, ethSrcMac: 00:00:00:00:00:00, ethProto: 2048, pmtu: 1430, src46: /10.52.4.175, dst46: /34.36.57.103, srcPort: 51472, dstPort: 443, lastUsed: 0): android.system.ErrnoException: nativeWriteToMapEntry failed: E2BIG (Argument list too long)
01-01 18:22:06.962   799   879 I hwcomposer: [HWCDisplay] [Display_0 (type:1)] fps:60.634918,dur:1006.02,max:16.98,min:15.84  
01-01 18:22:06.963  1809  2062 E Tethering: [api31.BpfCoordinatorShimImpl] ERROR Could not insert entry (iif: 6, dstMac: 00:00:00:00:00:00, l4proto: 6, src4: /34.36.57.103, dst4: /10.52.4.175, srcPort: 443, dstPort: 51472, oif: 82, ethDstMac: 64:6e:e0:71:ed:e1, ethSrcMac: b2:78:5c:3b:cc:03, ethProto: 2048, pmtu: 1430, src46: /34.36.57.103, dst46: /10.211.137.241, srcPort: 443, dstPort: 51472, lastUsed: 0): android.system.ErrnoException: nativeWriteToMapEntry failed: E2BIG (Argument list too long)
01-01 18:22:06.964  1809  2062 E Tethering: [api31.BpfCoordinatorShimImpl] ERROR Could not insert entry (iif: 82, dstMac: b2:78:5c:3b:cc:03, l4proto: 6, src4: /10.211.137.241, dst4: /34.36.57.103, srcPort: 51473, dstPort: 443, oif: 6, ethDstMac: 00:00:00:00:00:00, ethSrcMac: 00:00:00:00:00:00, ethProto: 2048, pmtu: 1430, src46: /10.52.4.175, dst46: /34.36.57.103, srcPort: 51473, dstPort: 443, lastUsed: 0): android.system.ErrnoException: nativeWriteToMapEntry failed: E2BIG (Argument list too long)
01-01 18:22:06.966  1809  2062 E Tethering: [api31.BpfCoordinatorShimImpl] ERROR Could not insert entry (iif: 6, dstMac: 00:00:00:00:00:00, l4proto: 6, src4: /34.36.57.103, dst4: /10.52.4.175, srcPort: 443, dstPort: 51473, oif: 82, ethDstMac: 64:6e:e0:71:ed:e1, ethSrcMac: b2:78:5c:3b:cc:03, ethProto: 2048, pmtu: 1430, src46: /34.36.57.103, dst46: /10.211.137.241, srcPort: 443, dstPort: 51473, lastUsed: 0): android.system.ErrnoException: nativeWriteToMapEntry failed: E2BIG (Argument list too long)
01-01 18:22:06.968  1809  2062 E Tethering: [api31.BpfCoordinatorShimImpl] ERROR Could not insert entry (iif: 82, dstMac: b2:78:5c:3b:cc:03, l4proto: 6, src4: /10.211.137.241, dst4: /34.36.57.103, srcPort: 51471, dstPort: 443, oif: 6, ethDstMac: 00:00:00:00:00:00, ethSrcMac: 00:00:00:00:00:00, ethProto: 2048, pmtu: 1430, src46: /10.52.4.175, dst46: /34.36.57.103, srcPort: 51471, dstPort: 443, lastUsed: 0): android.system.ErrnoException: nativeWriteToMapEntry failed: E2BIG (Argument list too long)
01-01 18:22:06.970  1809  2062 E Tethering: [api31.BpfCoordinatorShimImpl] ERROR Could not insert entry (iif: 6, dstMac: 00:00:00:00:00:00, l4proto: 6, src4: /34.36.57.103, dst4: /10.52.4.175, srcPort: 443, dstPort: 51471, oif: 82, ethDstMac: 64:6e:e0:71:ed:e1, ethSrcMac: b2:78:5c:3b:cc:03, ethProto: 2048, pmtu: 1430, src46: /34.36.57.103, dst46: /10.211.137.241, srcPort: 443, dstPort: 51471, lastUsed: 0): android.system.ErrnoException: nativeWriteToMapEntry failed: E2BIG (Argument list too long)
01-01 18:22:06.971  1809  2062 E Tethering: [api31.BpfCoordinatorShimImpl] ERROR Could not insert entry (iif: 82, dstMac: b2:78:5c:3b:cc:03, l4proto: 6, src4: /10.211.137.241, dst4: /34.36.57.103, srcPort: 51476, dstPort: 443, oif: 6, ethDstMac: 00:00:00:00:00:00, ethSrcMac: 00:00:00:00:00:00, ethProto: 2048, pmtu: 1430, src46: /10.52.4.175, dst46: /34.36.57.103, srcPort: 51476, dstPort: 443, lastUsed: 0): android.system.ErrnoException: nativeWriteToMapEntry failed: E2BIG (Argument list too long)
01-01 18:22:06.972  1809  2062 E Tethering: [api31.BpfCoordinatorShimImpl] ERROR Could not insert entry (iif: 6, dstMac: 00:00:00:00:00:00, l4proto: 6, src4: /34.36.57.103, dst4: /10.52.4.175, srcPort: 443, dstPort: 51476, oif: 82, ethDstMac: 64:6e:e0:71:ed:e1, ethSrcMac: b2:78:5c:3b:cc:03, ethProto: 2048, pmtu: 1430, src46: /34.36.57.103, dst46: /10.211.137.241, srcPort: 443, dstPort: 51476, lastUsed: 0): android.system.ErrnoException: nativeWriteToMapEntry failed: E2BIG (Argument list too long)
01-01 18:22:06.975  1809  2062 E Tethering: [api31.BpfCoordinatorShimImpl] ERROR Could not insert entry (iif: 82, dstMac: b2:78:5c:3b:cc:03, l4proto: 6, src4: /10.211.137.241, dst4: /34.36.57.103, srcPort: 51474, dstPort: 443, oif: 6, ethDstMac: 00:00:00:00:00:00, ethSrcMac: 00:00:00:00:00:00, ethProto: 2048, pmtu: 1430, src46: /10.52.4.175, dst46: /34.36.57.103, srcPort: 51474, dstPort: 443, lastUsed: 0): android.system.ErrnoException: nativeWriteToMapEntry failed: E2BIG (Argument list too long)
01-01 18:22:06.977  1809  2062 E Tethering: [api31.BpfCoordinatorShimImpl] ERROR Could not insert entry (iif: 6, dstMac: 00:00:00:00:00:00, l4proto: 6, src4: /34.36.57.103, dst4: /10.52.4.175, srcPort: 443, dstPort: 51474, oif: 82, ethDstMac: 64:6e:e0:71:ed:e1, ethSrcMac: b2:78:5c:3b:cc:03, ethProto: 2048, pmtu: 1430, src46: /34.36.57.103, dst46: /10.211.137.241, srcPort: 443, dstPort: 51474, lastUsed: 0): android.system.ErrnoException: nativeWriteToMapEntry failed: E2BIG (Argument list too long)
01-01 18:22:06.978  1809  2062 E Tethering: [api31.BpfCoordinatorShimImpl] ERROR Could not insert entry (iif: 82, dstMac: b2:78:5c:3b:cc:03, l4proto: 6, src4: /10.211.137.241, dst4: /34.36.57.103, srcPort: 51470, dstPort: 443, oif: 6, ethDstMac: 00:00:00:00:00:00, ethSrcMac: 00:00:00:00:00:00, ethProto: 2048, pmtu: 1430, src46: /10.52.4.175, dst46: /34.36.57.103, srcPort: 51470, dstPort: 443, lastUsed: 0): android.system.ErrnoException: nativeWriteToMapEntry failed: E2BIG (Argument list too long)
01-01 18:22:06.980  1809  2062 E Tethering: [api31.BpfCoordinatorShimImpl] ERROR Could not insert entry (iif: 6, dstMac: 00:00:00:00:00:00, l4proto: 6, src4: /34.36.57.103, dst4: /10.52.4.175, srcPort: 443, dstPort: 51470, oif: 82, ethDstMac: 64:6e:e0:71:ed:e1, ethSrcMac: b2:78:5c:3b:cc:03, ethProto: 2048, pmtu: 1430, src46: /34.36.57.103, dst46: /10.211.137.241, srcPort: 443, dstPort: 51470, lastUsed: 0): android.system.ErrnoException: nativeWriteToMapEntry failed: E2BIG (Argument list too long)
01-01 18:22:06.981  1809  2062 E Tethering: [api31.BpfCoordinatorShimImpl] ERROR Could not insert entry (iif: 82, dstMac: b2:78:5c:3b:cc:03, l4proto: 6, src4: /10.211.137.241, dst4: /34.36.57.103, srcPort: 51475, dstPort: 443, oif: 6, ethDstMac: 00:00:00:00:00:00, ethSrcMac: 00:00:00:00:00:00, ethProto: 2048, pmtu: 1430, src46: /10.52.4.175, dst46: /34.36.57.103, srcPort: 51475, dstPort: 443, lastUsed: 0): android.system.ErrnoException: nativeWriteToMapEntry failed: E2BIG (Argument list too long)
01-01 18:22:06.982  1809  2062 E Tethering: [api31.BpfCoordinatorShimImpl] ERROR Could not insert entry (iif: 6, dstMac: 00:00:00:00:00:00, l4proto: 6, src4: /34.36.57.103, dst4: /10.52.4.175, srcPort: 443, dstPort: 51475, oif: 82, ethDstMac: 64:6e:e0:71:ed:e1, ethSrcMac: b2:78:5c:3b:cc:03, ethProto: 2048, pmtu: 1430, src46: /34.36.57.103, dst46: /10.211.137.241, srcPort: 443, dstPort: 51475, lastUsed: 0): android.system.ErrnoException: nativeWriteToMapEntry failed: E2BIG (Argument list too long)
01-01 18:22:07.043  1375  1418 D BatteryExternalStatsWorker: update stats : update-network-download (6)
01-01 18:22:07.044  1375  1418 I WifiService: getSupportedFeatures uid=1000 returns f8106ac889459
01-01 18:22:07.044  1375  1418 D BatteryExternalStatsWorker: Update Rail Energy data
01-01 18:22:07.044  1375  1418 D BatteryExternalStatsWorker: Fetch modem data
01-01 18:22:07.063  1375  1994 D TelephonyManager: requestModemActivityInfo: Sending result to app: ModemActivityInfo{ mTimestamp=513538463 mSleepTimeMs=7589 mIdleTimeMs=336725 mActivityStatsTechSpecificInfo=[{mRat=UNKNOWN,mFrequencyRange=UNKNOWN,mTxTimeMs[]=[0, 55, 0, 1487, 2898],mRxTimeMs=135407406}]}
01-01 18:22:07.063  1375  1418 D BatteryExternalStatsWorker: mStats lock released
01-01 18:22:07.083  1375  1418 D BatteryExternalStatsWorker: Update modem state
01-01 18:22:07.084  1375  1418 D BatteryExternalStatsWorker: done updateExternalStatsLocked
01-01 18:22:07.251  1809  2062 E Tethering: [api31.BpfCoordinatorShimImpl] ERROR Could not insert entry (iif: 82, dstMac: b2:78:5c:3b:cc:03, l4proto: 6, src4: /10.211.137.241, dst4: /34.36.57.103, srcPort: 51468, dstPort: 443, oif: 6, ethDstMac: 00:00:00:00:00:00, ethSrcMac: 00:00:00:00:00:00, ethProto: 2048, pmtu: 1430, src46: /10.52.4.175, dst46: /34.36.57.103, srcPort: 51468, dstPort: 443, lastUsed: 0): android.system.ErrnoException: nativeWriteToMapEntry failed: E2BIG (Argument list too long)
01-01 18:22:07.252  1809  2062 E Tethering: [api31.BpfCoordinatorShimImpl] ERROR Could not insert entry (iif: 6, dstMac: 00:00:00:00:00:00, l4proto: 6, src4: /34.36.57.103, dst4: /10.52.4.175, srcPort: 443, dstPort: 51468, oif: 82, ethDstMac: 64:6e:e0:71:ed:e1, ethSrcMac: b2:78:5c:3b:cc:03, ethProto: 2048, pmtu: 1430, src46: /34.36.57.103, dst46: /10.211.137.241, srcPort: 443, dstPort: 51468, lastUsed: 0): android.system.ErrnoException: nativeWriteToMapEntry failed: E2BIG (Argument list too long)
01-01 18:22:07.253  1809  2062 E Tethering: [api31.BpfCoordinatorShimImpl] ERROR Could not insert entry (iif: 82, dstMac: b2:78:5c:3b:cc:03, l4proto: 6, src4: /10.211.137.241, dst4: /34.36.57.103, srcPort: 51473, dstPort: 443, oif: 6, ethDstMac: 00:00:00:00:00:00, ethSrcMac: 00:00:00:00:00:00, ethProto: 2048, pmtu: 1430, src46: /10.52.4.175, dst46: /34.36.57.103, srcPort: 51473, dstPort: 443, lastUsed: 0): android.system.ErrnoException: nativeWriteToMapEntry failed: E2BIG (Argument list too long)
01-01 18:22:07.255  1809  2062 E Tethering: [api31.BpfCoordinatorShimImpl] ERROR Could not insert entry (iif: 6, dstMac: 00:00:00:00:00:00, l4proto: 6, src4: /34.36.57.103, dst4: /10.52.4.175, srcPort: 443, dstPort: 51473, oif: 82, ethDstMac: 64:6e:e0:71:ed:e1, ethSrcMac: b2:78:5c:3b:cc:03, ethProto: 2048, pmtu: 1430, src46: /34.36.57.103, dst46: /10.211.137.241, srcPort: 443, dstPort: 51473, lastUsed: 0): android.system.ErrnoException: nativeWriteToMapEntry failed: E2BIG (Argument list too long)
01-01 18:22:07.257  1809  2062 E Tethering: [api31.BpfCoordinatorShimImpl] ERROR Could not insert entry (iif: 82, dstMac: b2:78:5c:3b:cc:03, l4proto: 6, src4: /10.211.137.241, dst4: /34.36.57.103, srcPort: 51468, dstPort: 443, oif: 6, ethDstMac: 00:00:00:00:00:00, ethSrcMac: 00:00:00:00:00:00, ethProto: 2048, pmtu: 1430, src46: /10.52.4.175, dst46: /34.36.57.103, srcPort: 51468, dstPort: 443, lastUsed: 0): android.system.ErrnoException: nativeWriteToMapEntry failed: E2BIG (Argument list too long)
01-01 18:22:07.258  1809  2062 E Tethering: [api31.BpfCoordinatorShimImpl] ERROR Could not insert entry (iif: 6, dstMac: 00:00:00:00:00:00, l4proto: 6, src4: /34.36.57.103, dst4: /10.52.4.175, srcPort: 443, dstPort: 51468, oif: 82, ethDstMac: 64:6e:e0:71:ed:e1, ethSrcMac: b2:78:5c:3b:cc:03, ethProto: 2048, pmtu: 1430, src46: /34.36.57.103, dst46: /10.211.137.241, srcPort: 443, dstPort: 51468, lastUsed: 0): android.system.ErrnoException: nativeWriteToMapEntry failed: E2BIG (Argument list too long)
01-01 18:22:07.260  1809  2062 E Tethering: [api31.BpfCoordinatorShimImpl] ERROR Could not insert entry (iif: 82, dstMac: b2:78:5c:3b:cc:03, l4proto: 6, src4: /10.211.137.241, dst4: /34.36.57.103, srcPort: 51473, dstPort: 443, oif: 6, ethDstMac: 00:00:00:00:00:00, ethSrcMac: 00:00:00:00:00:00, ethProto: 2048, pmtu: 1430, src46: /10.52.4.175, dst46: /34.36.57.103, srcPort: 51473, dstPort: 443, lastUsed: 0): android.system.ErrnoException: nativeWriteToMapEntry failed: E2BIG (Argument list too long)
01-01 18:22:07.261  1809  2062 E Tethering: [api31.BpfCoordinatorShimImpl] ERROR Could not insert entry (iif: 6, dstMac: 00:00:00:00:00:00, l4proto: 6, src4: /34.36.57.103, dst4: /10.52.4.175, srcPort: 443, dstPort: 51473, oif: 82, ethDstMac: 64:6e:e0:71:ed:e1, ethSrcMac: b2:78:5c:3b:cc:03, ethProto: 2048, pmtu: 1430, src46: /34.36.57.103, dst46: /10.211.137.241, srcPort: 443, dstPort: 51473, lastUsed: 0): android.system.ErrnoException: nativeWriteToMapEntry failed: E2BIG (Argument list too long)
01-01 18:22:07.263  1809  2062 E Tethering: [api31.BpfCoordinatorShimImpl] ERROR Could not insert entry (iif: 82, dstMac: b2:78:5c:3b:cc:03, l4proto: 6, src4: /10.211.137.241, dst4: /34.36.57.103, srcPort: 51468, dstPort: 443, oif: 6, ethDstMac: 00:00:00:00:00:00, ethSrcMac: 00:00:00:00:00:00, ethProto: 2048, pmtu: 1430, src46: /10.52.4.175, dst46: /34.36.57.103, srcPort: 51468, dstPort: 443, lastUsed: 0): android.system.ErrnoException: nativeWriteToMapEntry failed: E2BIG (Argument list too long)
01-01 18:22:07.264  1809  2062 E Tethering: [api31.BpfCoordinatorShimImpl] ERROR Could not insert entry (iif: 6, dstMac: 00:00:00:00:00:00, l4proto: 6, src4: /34.36.57.103, dst4: /10.52.4.175, srcPort: 443, dstPort: 51468, oif: 82, ethDstMac: 64:6e:e0:71:ed:e1, ethSrcMac: b2:78:5c:3b:cc:03, ethProto: 2048, pmtu: 1430, src46: /34.36.57.103, dst46: /10.211.137.241, srcPort: 443, dstPort: 51468, lastUsed: 0): android.system.ErrnoException: nativeWriteToMapEntry failed: E2BIG (Argument list too long)
01-01 18:22:07.265  1809  2062 E Tethering: [api31.BpfCoordinatorShimImpl] ERROR Could not insert entry (iif: 82, dstMac: b2:78:5c:3b:cc:03, l4proto: 6, src4: /10.211.137.241, dst4: /34.36.57.103, srcPort: 51473, dstPort: 443, oif: 6, ethDstMac: 00:00:00:00:00:00, ethSrcMac: 00:00:00:00:00:00, ethProto: 2048, pmtu: 1430, src46: /10.52.4.175, dst46: /34.36.57.103, srcPort: 51473, dstPort: 443, lastUsed: 0): android.system.ErrnoException: nativeWriteToMapEntry failed: E2BIG (Argument list too long)
01-01 18:22:07.267  1809  2062 E Tethering: [api31.BpfCoordinatorShimImpl] ERROR Could not insert entry (iif: 6, dstMac: 00:00:00:00:00:00, l4proto: 6, src4: /34.36.57.103, dst4: /10.52.4.175, srcPort: 443, dstPort: 51473, oif: 82, ethDstMac: 64:6e:e0:71:ed:e1, ethSrcMac: b2:78:5c:3b:cc:03, ethProto: 2048, pmtu: 1430, src46: /34.36.57.103, dst46: /10.211.137.241, srcPort: 443, dstPort: 51473, lastUsed: 0): android.system.ErrnoException: nativeWriteToMapEntry failed: E2BIG (Argument list too long)
01-01 18:22:07.268  1809  2062 E Tethering: [api31.BpfCoordinatorShimImpl] ERROR Could not insert entry (iif: 82, dstMac: b2:78:5c:3b:cc:03, l4proto: 6, src4: /10.211.137.241, dst4: /34.36.57.103, srcPort: 51471, dstPort: 443, oif: 6, ethDstMac: 00:00:00:00:00:00, ethSrcMac: 00:00:00:00:00:00, ethProto: 2048, pmtu: 1430, src46: /10.52.4.175, dst46: /34.36.57.103, srcPort: 51471, dstPort: 443, lastUsed: 0): android.system.ErrnoException: nativeWriteToMapEntry failed: E2BIG (Argument list too long)
01-01 18:22:07.269  1809  2062 E Tethering: [api31.BpfCoordinatorShimImpl] ERROR Could not insert entry (iif: 6, dstMac: 00:00:00:00:00:00, l4proto: 6, src4: /34.36.57.103, dst4: /10.52.4.175, srcPort: 443, dstPort: 51471, oif: 82, ethDstMac: 64:6e:e0:71:ed:e1, ethSrcMac: b2:78:5c:3b:cc:03, ethProto: 2048, pmtu: 1430, src46: /34.36.57.103, dst46: /10.211.137.241, srcPort: 443, dstPort: 51471, lastUsed: 0): android.system.ErrnoException: nativeWriteToMapEntry failed: E2BIG (Argument list too long)
01-01 18:22:07.270  1809  2062 E Tethering: [api31.BpfCoordinatorShimImpl] ERROR Could not insert entry (iif: 82, dstMac: b2:78:5c:3b:cc:03, l4proto: 6, src4: /10.211.137.241, dst4: /34.36.57.103, srcPort: 51471, dstPort: 443, oif: 6, ethDstMac: 00:00:00:00:00:00, ethSrcMac: 00:00:00:00:00:00, ethProto: 2048, pmtu: 1430, src46: /10.52.4.175, dst46: /34.36.57.103, srcPort: 51471, dstPort: 443, lastUsed: 0): android.system.ErrnoException: nativeWriteToMapEntry failed: E2BIG (Argument list too long)
01-01 18:22:07.271  1809  2062 E Tethering: [api31.BpfCoordinatorShimImpl] ERROR Could not insert entry (iif: 6, dstMac: 00:00:00:00:00:00, l4proto: 6, src4: /34.36.57.103, dst4: /10.52.4.175, srcPort: 443, dstPort: 51471, oif: 82, ethDstMac: 64:6e:e0:71:ed:e1, ethSrcMac: b2:78:5c:3b:cc:03, ethProto: 2048, pmtu: 1430, src46: /34.36.57.103, dst46: /10.211.137.241, srcPort: 443, dstPort: 51471, lastUsed: 0): android.system.ErrnoException: nativeWriteToMapEntry failed: E2BIG (Argument list too long)
01-01 18:22:07.273  1809  2062 E Tethering: [api31.BpfCoordinatorShimImpl] ERROR Could not insert entry (iif: 82, dstMac: b2:78:5c:3b:cc:03, l4proto: 6, src4: /10.211.137.241, dst4: /34.36.57.103, srcPort: 51471, dstPort: 443, oif: 6, ethDstMac: 00:00:00:00:00:00, ethSrcMac: 00:00:00:00:00:00, ethProto: 2048, pmtu: 1430, src46: /10.52.4.175, dst46: /34.36.57.103, srcPort: 51471, dstPort: 443, lastUsed: 0): android.system.ErrnoException: nativeWriteToMapEntry failed: E2BIG (Argument list too long)
01-01 18:22:07.274  1809  2062 E Tethering: [api31.BpfCoordinatorShimImpl] ERROR Could not insert entry (iif: 6, dstMac: 00:00:00:00:00:00, l4proto: 6, src4: /34.36.57.103, dst4: /10.52.4.175, srcPort: 443, dstPort: 51471, oif: 82, ethDstMac: 64:6e:e0:71:ed:e1, ethSrcMac: b2:78:5c:3b:cc:03, ethProto: 2048, pmtu: 1430, src46: /34.36.57.103, dst46: /10.211.137.241, srcPort: 443, dstPort: 51471, lastUsed: 0): android.system.ErrnoException: nativeWriteToMapEntry failed: E2BIG (Argument list too long)
01-01 18:22:07.275  1809  2062 E Tethering: [api31.BpfCoordinatorShimImpl] ERROR Could not insert entry (iif: 82, dstMac: b2:78:5c:3b:cc:03, l4proto: 6, src4: /10.211.137.241, dst4: /34.36.57.103, srcPort: 51474, dstPort: 443, oif: 6, ethDstMac: 00:00:00:00:00:00, ethSrcMac: 00:00:00:00:00:00, ethProto: 2048, pmtu: 1430, src46: /10.52.4.175, dst46: /34.36.57.103, srcPort: 51474, dstPort: 443, lastUsed: 0): android.system.ErrnoException: nativeWriteToMapEntry failed: E2BIG (Argument list too long)
01-01 18:22:07.276  1809  2062 E Tethering: [api31.BpfCoordinatorShimImpl] ERROR Could not insert entry (iif: 6, dstMac: 00:00:00:00:00:00, l4proto: 6, src4: /34.36.57.103, dst4: /10.52.4.175, srcPort: 443, dstPort: 51474, oif: 82, ethDstMac: 64:6e:e0:71:ed:e1, ethSrcMac: b2:78:5c:3b:cc:03, ethProto: 2048, pmtu: 1430, src46: /34.36.57.103, dst46: /10.211.137.241, srcPort: 443, dstPort: 51474, lastUsed: 0): android.system.ErrnoException: nativeWriteToMapEntry failed: E2BIG (Argument list too long)
01-01 18:22:07.277  1809  2062 E Tethering: [api31.BpfCoordinatorShimImpl] ERROR Could not insert entry (iif: 82, dstMac: b2:78:5c:3b:cc:03, l4proto: 6, src4: /10.211.137.241, dst4: /34.36.57.103, srcPort: 51470, dstPort: 443, oif: 6, ethDstMac: 00:00:00:00:00:00, ethSrcMac: 00:00:00:00:00:00, ethProto: 2048, pmtu: 1430, src46: /10.52.4.175, dst46: /34.36.57.103, srcPort: 51470, dstPort: 443, lastUsed: 0): android.system.ErrnoException: nativeWriteToMapEntry failed: E2BIG (Argument list too long)
01-01 18:22:07.278  1809  2062 E Tethering: [api31.BpfCoordinatorShimImpl] ERROR Could not insert entry (iif: 6, dstMac: 00:00:00:00:00:00, l4proto: 6, src4: /34.36.57.103, dst4: /10.52.4.175, srcPort: 443, dstPort: 51470, oif: 82, ethDstMac: 64:6e:e0:71:ed:e1, ethSrcMac: b2:78:5c:3b:cc:03, ethProto: 2048, pmtu: 1430, src46: /34.36.57.103, dst46: /10.211.137.241, srcPort: 443, dstPort: 51470, lastUsed: 0): android.system.ErrnoException: nativeWriteToMapEntry failed: E2BIG (Argument list too long)
01-01 18:22:07.278  1809  2062 E Tethering: [api31.BpfCoordinatorShimImpl] ERROR Could not insert entry (iif: 82, dstMac: b2:78:5c:3b:cc:03, l4proto: 6, src4: /10.211.137.241, dst4: /34.36.57.103, srcPort: 51474, dstPort: 443, oif: 6, ethDstMac: 00:00:00:00:00:00, ethSrcMac: 00:00:00:00:00:00, ethProto: 2048, pmtu: 1430, src46: /10.52.4.175, dst46: /34.36.57.103, srcPort: 51474, dstPort: 443, lastUsed: 0): android.system.ErrnoException: nativeWriteToMapEntry failed: E2BIG (Argument list too long)
01-01 18:22:07.279  1809  2062 E Tethering: [api31.BpfCoordinatorShimImpl] ERROR Could not insert entry (iif: 6, dstMac: 00:00:00:00:00:00, l4proto: 6, src4: /34.36.57.103, dst4: /10.52.4.175, srcPort: 443, dstPort: 51474, oif: 82, ethDstMac: 64:6e:e0:71:ed:e1, ethSrcMac: b2:78:5c:3b:cc:03, ethProto: 2048, pmtu: 1430, src46: /34.36.57.103, dst46: /10.211.137.241, srcPort: 443, dstPort: 51474, lastUsed: 0): android.system.ErrnoException: nativeWriteToMapEntry failed: E2BIG (Argument list too long)
01-01 18:22:07.280  1809  2062 E Tethering: [api31.BpfCoordinatorShimImpl] ERROR Could not insert entry (iif: 82, dstMac: b2:78:5c:3b:cc:03, l4proto: 6, src4: /10.211.137.241, dst4: /34.36.57.103, srcPort: 51474, dstPort: 443, oif: 6, ethDstMac: 00:00:00:00:00:00, ethSrcMac: 00:00:00:00:00:00, ethProto: 2048, pmtu: 1430, src46: /10.52.4.175, dst46: /34.36.57.103, srcPort: 51474, dstPort: 443, lastUsed: 0): android.system.ErrnoException: nativeWriteToMapEntry failed: E2BIG (Argument list too long)
01-01 18:22:07.280  1809  2062 E Tethering: [api31.BpfCoordinatorShimImpl] ERROR Could not insert entry (iif: 6, dstMac: 00:00:00:00:00:00, l4proto: 6, src4: /34.36.57.103, dst4: /10.52.4.175, srcPort: 443, dstPort: 51474, oif: 82, ethDstMac: 64:6e:e0:71:ed:e1, ethSrcMac: b2:78:5c:3b:cc:03, ethProto: 2048, pmtu: 1430, src46: /34.36.57.103, dst46: /10.211.137.241, srcPort: 443, dstPort: 51474, lastUsed: 0): android.system.ErrnoException: nativeWriteToMapEntry failed: E2BIG (Argument list too long)
