01-01 18:04:01.729 I/flutter (16852): ----------------------------------------------------
01-01 18:04:01.732 I/flutter (16852): [AuthNotifier] DIAGNOSTIC: Send OTP error: FirebaseAuthException - [firebase_auth/missing-client-identifier] This request is missing a valid app identifier, meaning that Play Integrity checks, and reCAPTCHA checks were unsuccessful. Please try again, or check the logcat for more details.
01-01 18:04:01.733 I/flutter (16852): [PhonePinLogin] OTP sent for new registration
01-01 18:04:01.734 I/flutter (16852): [Router] NAVIGATION_CHECK | location=/ | user=null | hasPin=false | canOtp=true | otpStage=OtpStage.sending | isLoading=true
01-01 18:04:01.734 I/flutter (16852): [Router]  Auth loading - staying on current route
01-01 18:04:01.746 I/flutter (16852): [Router] NAVIGATION_CHECK | location=/ | user=null | hasPin=false | canOtp=false | otpStage=OtpStage.failed | isLoading=false
01-01 18:04:01.746 I/flutter (16852): [Router]  Redirecting to /login (not authenticated)
01-01 18:04:01.747 I/flutter (16852): [Router] NAVIGATION_CHECK | location=/login | user=null | hasPin=false | canOtp=false | otpStage=OtpStage.failed | isLoading=false
01-01 18:04:01.747 I/flutter (16852): [Router]  Already on /login
01-01 18:04:01.792 I/gralloc4( 1876): @set_metadata: update dataspace from GM (0x00000000 -> 0x08010000)
01-01 18:04:01.801 I/BufferQueueProducer(  841): [NavigationBar0$_1876#79](this:0xb400007a78f33790,id:-1,api:0,p:-1,c:841) queueBuffer: fps=16.95 dur=2242.38 max=1632.77 min=16.04
01-01 18:04:01.812 I/gralloc4( 1876): @set_metadata: update dataspace from GM (0x00000000 -> 0x08010000)
01-01 18:04:01.845 I/flutter (16852): [AuthGate] NAVIGATION_DECISION | user: null, isLoading: false, isPinCheckLoading: false, otpStage: OtpStage.failed, hasPin: false
01-01 18:04:01.845 I/flutter (16852): [AuthGate] REDIRECT_REASON=SIGNED_OUT  PhonePinLoginScreen
01-01 18:04:01.999 E/audit   (  773): type=1400 audit(1767290641.996:1641392): avc:  denied  { ioctl } for  pid=16852 comm=4D6561737572656D656E7420576F72 path="/data/data/com.wawapp.driver/databases/google_app_measurement_local.db" dev="dm-50" ino=1439960 ioctlcmd=0xf522 scontext=u:r:untrusted_app:s0:c161,c257,c512,c768 tcontext=u:object_r:app_data_file:s0:c161,c257,c512,c768 tclass=file permissive=0 SEPF_SM-A145P_12_0001 audit_filtered
01-01 18:04:02.015 I/BufferQueueProducer(  841): [SurfaceView[com.wawapp.driver/com.wawapp.driver.MainActivity]@0(BLAST)#53130](this:0xb400007a78e48790,id:-1,api:0,p:-1,c:841) queueBuffer: fps=31.91 dur=1253.35 max=296.82 min=15.85
01-01 18:04:02.018 E/audit   (  773): type=1400 audit(1767290642.016:1641393): avc:  denied  { ioctl } for  pid=16852 comm=4D6561737572656D656E7420576F72 path="/data/data/com.wawapp.driver/databases/google_app_measurement_local.db" dev="dm-50" ino=1439960 ioctlcmd=0xf522 scontext=u:r:untrusted_app:s0:c161,c257,c512,c768 tcontext=u:object_r:app_data_file:s0:c161,c257,c512,c768 tclass=file permissive=0 SEPF_SM-A145P_12_0001 audit_filtered
01-01 18:04:02.051 I/NetworkScheduler(28272): (REDACTED) Error inserting %s
01-01 18:04:02.188 W/WindowOnBackDispatcher(16852): OnBackInvokedCallback is not enabled for the application.
01-01 18:04:02.188 W/WindowOnBackDispatcher(16852): Set 'android:enableOnBackInvokedCallback="true"' in the application manifest.
01-01 18:04:02.247 D/io_stats(  543): !@ 179,0 r 37687159 533048266 w 5947848 67450596 d 892652 66632536 f 0 0 iot 9688680 0 th 0 0 0 pt 0 inp 0 0 250603.837
01-01 18:04:02.248 D/StatusBarIconController( 1876): ignoring old pipeline callbacks, because the new mobile icons are enabled
01-01 18:04:02.278 I/gralloc4( 1876): @set_metadata: update dataspace from GM (0x00000000 -> 0x08010000)
01-01 18:04:02.296 I/BufferQueueProducer(  841): [StatusBar$_1876#83](this:0xb400007a78f3f790,id:-1,api:0,p:-1,c:841) queueBuffer: fps=0.96 dur=1039.62 max=1039.62 min=1039.62
01-01 18:04:02.690 I/IceCone (32459): b HoneyVoice HoneyVoiceTimer finished: RELEASE_TIMER
01-01 18:04:03.714 D/StatusBarIconController( 1876): ignoring old pipeline callbacks, because the new mobile icons are enabled
01-01 18:04:03.724 D/PowerManagerService( 1375): UserActivityStateListenerState: 0
01-01 18:04:04.248 D/io_stats(  543): !@ 179,0 r 37687168 533048302 w 5947848 67450596 d 892652 66632536 f 0 0 iot 9688684 0 th 0 0 0 pt 0 inp 0 0 250605.838
01-01 18:04:04.255 D/StatusBarIconController( 1876): ignoring old pipeline callbacks, because the new mobile icons are enabled
01-01 18:04:04.282 I/gralloc4( 1876): @set_metadata: update dataspace from GM (0x00000000 -> 0x08010000)
01-01 18:04:04.298 I/BufferQueueProducer(  841): [StatusBar$_1876#83](this:0xb400007a78f3f790,id:-1,api:0,p:-1,c:841) queueBuffer: fps=0.50 dur=2001.72 max=2001.72 min=2001.72
01-01 18:04:04.302 I/hwcomposer(  799): [HWCDisplay] [Display_0 (type:1)] fps:9.904943,dur:2927.83,max:2001.94,min:14.92  
01-01 18:04:04.714 D/StatusBarIconController( 1876): ignoring old pipeline callbacks, because the new mobile icons are enabled
01-01 18:04:05.715 D/StatusBarIconController( 1876): ignoring old pipeline callbacks, because the new mobile icons are enabled
01-01 18:04:06.248 D/io_stats(  543): !@ 179,0 r 37687175 533048342 w 5947848 67450596 d 892652 66632536 f 0 0 iot 9688688 0 th 0 0 0 pt 0 inp 0 0 250607.839
01-01 18:04:06.289 I/thermal_repeater( 1028): socket -1
01-01 18:04:06.516 I/SemWifiApDataUsage( 1375): handleMessage: 14
01-01 18:04:06.516 I/SemWifiApEbpf( 1375): DATA_USAGE_STATS_START_POLL,mhs= true,upstream= 2,client size 1
01-01 18:04:06.517 D/SemWifiApEbpf( 1375): getWifiApDataUsageForOverAllMhs():  overall data is198019560
01-01 18:04:06.518 I/SemWifiApEbpf( 1375): updating the overall dataUsage , overall =198019560 , global = {mTotalDataBytes=198008100,mTotalDataIngressBytes=0,mTotalDataEgressBytes=0,mCellularBytes=198008100,mCurrentDayAndSimCellularBytes=198008100}
01-01 18:04:06.714 D/StatusBarIconController( 1876): ignoring old pipeline callbacks, because the new mobile icons are enabled
01-01 18:04:07.270 D/StatusBarIconController( 1876): ignoring old pipeline callbacks, because the new mobile icons are enabled
01-01 18:04:07.292 I/gralloc4( 1876): @set_metadata: update dataspace from GM (0x00000000 -> 0x08010000)
01-01 18:04:07.310 I/BufferQueueProducer(  841): [StatusBar$_1876#83](this:0xb400007a78f3f790,id:-1,api:0,p:-1,c:841) queueBuffer: fps=0.33 dur=3011.48 max=3011.48 min=3011.48
01-01 18:04:07.313 I/hwcomposer(  799): [HWCDisplay] [Display_0 (type:1)] fps:0.332077,dur:3011.35,max:3011.35,min:3011.35  
01-01 18:04:07.565 D/SensorService( 1375): [SO] 0.376 0.024 9.684
01-01 18:04:07.752 D/StatusBarIconController( 1876): ignoring old pipeline callbacks, because the new mobile icons are enabled
01-01 18:04:08.250 D/io_stats(  543): !@ 179,0 r 37687179 533048358 w 5947861 67450776 d 892652 66632536 f 0 0 iot 9688692 0 th 0 0 0 pt 0 inp 0 0 250609.840
01-01 18:04:08.274 D/StatusBarIconController( 1876): ignoring old pipeline callbacks, because the new mobile icons are enabled
01-01 18:04:08.311 I/gralloc4( 1876): @set_metadata: update dataspace from GM (0x00000000 -> 0x08010000)
01-01 18:04:08.315 I/BufferQueueProducer(  841): [StatusBar$_1876#83](this:0xb400007a78f3f790,id:-1,api:0,p:-1,c:841) queueBuffer: fps=0.99 dur=1005.68 max=1005.68 min=1005.68
01-01 18:04:08.319 I/hwcomposer(  799): [HWCDisplay] [Display_0 (type:1)] fps:0.994315,dur:1005.72,max:1005.72,min:1005.72  
01-01 18:04:09.279 D/StatusBarIconController( 1876): ignoring old pipeline callbacks, because the new mobile icons are enabled
01-01 18:04:09.316 I/gralloc4( 1876): @set_metadata: update dataspace from GM (0x00000000 -> 0x08010000)
01-01 18:04:09.322 I/BufferQueueProducer(  841): [StatusBar$_1876#83](this:0xb400007a78f3f790,id:-1,api:0,p:-1,c:841) queueBuffer: fps=0.99 dur=1006.20 max=1006.20 min=1006.20
01-01 18:04:09.325 I/hwcomposer(  799): [HWCDisplay] [Display_0 (type:1)] fps:0.993866,dur:1006.17,max:1006.17,min:1006.17  
01-01 18:04:09.793 D/StatusBarIconController( 1876): ignoring old pipeline callbacks, because the new mobile icons are enabled
01-01 18:04:10.251 D/io_stats(  543): !@ 179,0 r 37687183 533048374 w 5947861 67450776 d 892652 66632536 f 0 0 iot 9688696 0 th 0 0 0 pt 0 inp 0 0 250611.841
01-01 18:04:10.287 D/StatusBarIconController( 1876): ignoring old pipeline callbacks, because the new mobile icons are enabled
01-01 18:04:10.321 I/gralloc4( 1876): @set_metadata: update dataspace from GM (0x00000000 -> 0x08010000)
01-01 18:04:10.327 I/BufferQueueProducer(  841): [StatusBar$_1876#83](this:0xb400007a78f3f790,id:-1,api:0,p:-1,c:841) queueBuffer: fps=0.99 dur=1005.55 max=1005.55 min=1005.55
01-01 18:04:10.331 I/hwcomposer(  799): [HWCDisplay] [Display_0 (type:1)] fps:0.994014,dur:1006.02,max:1006.02,min:1006.02  
01-01 18:04:10.835 D/StatusBarIconController( 1876): ignoring old pipeline callbacks, because the new mobile icons are enabled
01-01 18:04:11.290 I/thermal_repeater( 1028): socket -1
01-01 18:04:11.522 I/SemWifiApDataUsage( 1375): handleMessage: 14
01-01 18:04:11.522 I/SemWifiApEbpf( 1375): DATA_USAGE_STATS_START_POLL,mhs= true,upstream= 2,client size 1
01-01 18:04:11.523 D/SemWifiApEbpf( 1375): getWifiApDataUsageForOverAllMhs():  overall data is198245884
01-01 18:04:11.524 I/SemWifiApEbpf( 1375): updating the overall dataUsage , overall =198245884 , global = {mTotalDataBytes=198019560,mTotalDataIngressBytes=0,mTotalDataEgressBytes=0,mCellularBytes=198019560,mCurrentDayAndSimCellularBytes=198019560}
01-01 18:04:11.835 D/StatusBarIconController( 1876): ignoring old pipeline callbacks, because the new mobile icons are enabled
01-01 18:04:12.069 D/BoundBrokerSvc(27954): onUnbind: Intent { act=com.google.android.gms.measurement.START pkg=com.google.android.gms }
01-01 18:04:12.251 D/io_stats(  543): !@ 179,0 r 37687187 533048390 w 5947865 67450816 d 892652 66632536 f 0 0 iot 9688700 0 th 0 0 0 pt 0 inp 0 0 250613.842
01-01 18:04:12.290 D/power@timer(  813): [mtkPowerTimer] visRead:0
01-01 18:04:12.295 D/StatusBarIconController( 1876): ignoring old pipeline callbacks, because the new mobile icons are enabled
01-01 18:04:12.328 I/gralloc4( 1876): @set_metadata: update dataspace from GM (0x00000000 -> 0x08010000)
01-01 18:04:12.339 I/BufferQueueProducer(  841): [StatusBar$_1876#83](this:0xb400007a78f3f790,id:-1,api:0,p:-1,c:841) queueBuffer: fps=0.50 dur=2012.25 max=2012.25 min=2012.25
01-01 18:04:12.343 I/hwcomposer(  799): [HWCDisplay] [Display_0 (type:1)] fps:0.497080,dur:2011.75,max:2011.75,min:2011.75  
01-01 18:04:13.871 D/StatusBarIconController( 1876): ignoring old pipeline callbacks, because the new mobile icons are enabled
01-01 18:04:14.881 D/StatusBarIconController( 1876): ignoring old pipeline callbacks, because the new mobile icons are enabled
01-01 18:04:16.253 D/io_stats(  543): !@ 179,0 r 37687197 533048434 w 5947868 67450840 d 892652 66632536 f 0 0 iot 9688704 0 th 0 0 0 pt 0 inp 0 0 250617.843
01-01 18:04:16.290 I/thermal_repeater( 1028): socket -1
01-01 18:04:16.529 I/SemWifiApDataUsage( 1375): handleMessage: 14
01-01 18:04:16.530 I/SemWifiApEbpf( 1375): DATA_USAGE_STATS_START_POLL,mhs= true,upstream= 2,client size 1
01-01 18:04:16.530 D/SensorService( 1375): [SO] 0.395 0.005 9.742
01-01 18:04:16.531 D/SemWifiApEbpf( 1375): getWifiApDataUsageForOverAllMhs():  overall data is198760500
01-01 18:04:16.531 I/SemWifiApEbpf( 1375): updating the overall dataUsage , overall =198760500 , global = {mTotalDataBytes=198245884,mTotalDataIngressBytes=0,mTotalDataEgressBytes=0,mCellularBytes=198245884,mCurrentDayAndSimCellularBytes=198245884}
01-01 18:04:16.539 D/BoundBrokerSvc(27954): onUnbind: Intent { act=com.google.android.gms.auth.api.phone.service.InternalService.START dat=chimera-action:/... cmp=com.google.android.gms/.chimera.GmsInternalApiService }
01-01 18:04:17.917 D/StatusBarIconController( 1876): ignoring old pipeline callbacks, because the new mobile icons are enabled
01-01 18:04:18.254 D/io_stats(  543): !@ 179,0 r 37687201 533048450 w 5947872 67450908 d 892652 66632536 f 0 0 iot 9688708 0 th 0 0 0 pt 0 inp 0 0 250619.845
01-01 18:04:18.328 D/StatusBarIconController( 1876): ignoring old pipeline callbacks, because the new mobile icons are enabled
01-01 18:04:18.355 I/gralloc4( 1876): @set_metadata: update dataspace from GM (0x00000000 -> 0x08010000)
01-01 18:04:18.374 I/BufferQueueProducer(  841): [StatusBar$_1876#83](this:0xb400007a78f3f790,id:-1,api:0,p:-1,c:841) queueBuffer: fps=0.17 dur=6035.13 max=6035.13 min=6035.13
01-01 18:04:18.378 I/hwcomposer(  799): [HWCDisplay] [Display_0 (type:1)] fps:0.165692,dur:6035.28,max:6035.28,min:6035.28  
01-01 18:04:19.333 D/StatusBarIconController( 1876): ignoring old pipeline callbacks, because the new mobile icons are enabled
01-01 18:04:19.357 I/gralloc4( 1876): @set_metadata: update dataspace from GM (0x00000000 -> 0x08010000)
01-01 18:04:19.561 E/Watchdog( 1375): !@Sync: 8350 heap: 92 / 114 FD: 1050 [2026-01-01 18:04:19.560]
01-01 18:04:19.954 D/StatusBarIconController( 1876): ignoring old pipeline callbacks, because the new mobile icons are enabled
01-01 18:04:20.350 D/StatusBarIconController( 1876): ignoring old pipeline callbacks, because the new mobile icons are enabled
01-01 18:04:20.363 I/gralloc4( 1876): @set_metadata: update dataspace from GM (0x00000000 -> 0x08010000)
01-01 18:04:20.379 I/BufferQueueProducer(  841): [StatusBar$_1876#83](this:0xb400007a78f3f790,id:-1,api:0,p:-1,c:841) queueBuffer: fps=1.00 dur=2005.01 max=1005.83 min=999.18
01-01 18:04:20.383 I/hwcomposer(  799): [HWCDisplay] [Display_0 (type:1)] fps:0.997509,dur:2004.99,max:1006.24,min:998.75  
01-01 18:04:21.291 I/thermal_repeater( 1028): socket -1
01-01 18:04:21.346 D/StatusBarIconController( 1876): ignoring old pipeline callbacks, because the new mobile icons are enabled
01-01 18:04:21.369 I/gralloc4( 1876): @set_metadata: update dataspace from GM (0x00000000 -> 0x08010000)
01-01 18:04:21.386 I/BufferQueueProducer(  841): [StatusBar$_1876#83](this:0xb400007a78f3f790,id:-1,api:0,p:-1,c:841) queueBuffer: fps=0.99 dur=1006.06 max=1006.06 min=1006.06
01-01 18:04:21.389 I/hwcomposer(  799): [HWCDisplay] [Display_0 (type:1)] fps:0.994030,dur:1006.01,max:1006.01,min:1006.01  
01-01 18:04:21.533 I/SemWifiApDataUsage( 1375): handleMessage: 14
01-01 18:04:21.534 I/SemWifiApEbpf( 1375): DATA_USAGE_STATS_START_POLL,mhs= true,upstream= 2,client size 1
01-01 18:04:21.535 D/SemWifiApEbpf( 1375): getWifiApDataUsageForOverAllMhs():  overall data is198854786
01-01 18:04:21.535 I/SemWifiApEbpf( 1375): updating the overall dataUsage , overall =198854786 , global = {mTotalDataBytes=198760500,mTotalDataIngressBytes=0,mTotalDataEgressBytes=0,mCellularBytes=198760500,mCurrentDayAndSimCellularBytes=198760500}
01-01 18:04:21.955 D/StatusBarIconController( 1876): ignoring old pipeline callbacks, because the new mobile icons are enabled
01-01 18:04:22.256 D/io_stats(  543): !@ 179,0 r 37687210 533048486 w 5947879 67450948 d 892652 66632536 f 0 0 iot 9688716 0 th 0 0 0 pt 0 inp 0 0 250623.846
01-01 18:04:22.993 D/StatusBarIconController( 1876): ignoring old pipeline callbacks, because the new mobile icons are enabled
01-01 18:04:23.993 D/StatusBarIconController( 1876): ignoring old pipeline callbacks, because the new mobile icons are enabled
01-01 18:04:24.362 D/StatusBarIconController( 1876): ignoring old pipeline callbacks, because the new mobile icons are enabled
01-01 18:04:24.391 I/gralloc4( 1876): @set_metadata: update dataspace from GM (0x00000000 -> 0x08010000)
01-01 18:04:24.410 I/BufferQueueProducer(  841): [StatusBar$_1876#83](this:0xb400007a78f3f790,id:-1,api:0,p:-1,c:841) queueBuffer: fps=0.33 dur=3024.22 max=3024.22 min=3024.22
01-01 18:04:24.413 I/hwcomposer(  799): [HWCDisplay] [Display_0 (type:1)] fps:0.330677,dur:3024.10,max:3024.10,min:3024.10  
01-01 18:04:25.495 D/SensorService( 1375): [SO] 0.376 -0.013 9.742
01-01 18:04:25.995 D/StatusBarIconController( 1876): ignoring old pipeline callbacks, because the new mobile icons are enabled
01-01 18:04:26.258 D/io_stats(  543): !@ 179,0 r 37687215 533048506 w 5947884 67450988 d 892652 66632536 f 0 0 iot 9688720 0 th 0 0 0 pt 0 inp 0 0 250627.848
01-01 18:04:26.292 I/thermal_repeater( 1028): socket -1
01-01 18:04:26.374 D/StatusBarIconController( 1876): ignoring old pipeline callbacks, because the new mobile icons are enabled
01-01 18:04:26.410 I/gralloc4( 1876): @set_metadata: update dataspace from GM (0x00000000 -> 0x08010000)
01-01 18:04:26.421 I/SurfaceFlinger(  841): SFWD update time=250628011899014
01-01 18:04:26.422 I/BufferQueueProducer(  841): [StatusBar$_1876#83](this:0xb400007a78f3f790,id:-1,api:0,p:-1,c:841) queueBuffer: fps=0.50 dur=2012.01 max=2012.01 min=2012.01
01-01 18:04:26.425 I/hwcomposer(  799): [HWCDisplay] [Display_0 (type:1)] fps:0.496931,dur:2012.35,max:2012.35,min:2012.35  
01-01 18:04:26.537 I/SemWifiApDataUsage( 1375): handleMessage: 14
01-01 18:04:26.538 I/SemWifiApEbpf( 1375): DATA_USAGE_STATS_START_POLL,mhs= true,upstream= 2,client size 1
01-01 18:04:26.539 D/SemWifiApEbpf( 1375): getWifiApDataUsageForOverAllMhs():  overall data is199178119
01-01 18:04:26.539 I/SemWifiApEbpf( 1375): updating the overall dataUsage , overall =199178119 , global = {mTotalDataBytes=198854786,mTotalDataIngressBytes=0,mTotalDataEgressBytes=0,mCellularBytes=198854786,mCurrentDayAndSimCellularBytes=198854786}
01-01 18:04:26.715 D/ccci_mdinit(  844): (1):monitor_time_update_thread round:19890 ########
01-01 18:04:26.996 D/StatusBarIconController( 1876): ignoring old pipeline callbacks, because the new mobile icons are enabled
01-01 18:04:27.994 D/StatusBarIconController( 1876): ignoring old pipeline callbacks, because the new mobile icons are enabled
01-01 18:04:28.660 E/NetlinkUtils( 1809): receiveNetlinkAck, errmsg=NetlinkErrorMessage{ nlmsghdr{StructNlMsgHdr{ nlmsg_len{100}, nlmsg_type{2()}, nlmsg_flags{0()}, nlmsg_seq{1}, nlmsg_pid{-967184294} }}, nlmsgerr{StructNlMsgErr{ error{-2}, msg{StructNlMsgHdr{ nlmsg_len{80}, nlmsg_type{256()}, nlmsg_flags{261(NLM_F_REQUEST|NLM_F_ACK|NLM_F_ROOT)}, nlmsg_seq{1}, nlmsg_pid{0} }} }} }
01-01 18:04:28.660 W/Tethering( 1809): [BpfCoordinator] WARN Failed to update conntrack entry (proto: 6, src4: /10.211.137.241, srcPort: 53401, dst4: /34.36.57.103, dstPort: 443), msg: 50000000000105010100000000000000020000003400018014000180080001000AD389F108000200222439671C000280050001000600000006000200D09900000600030001BB00000800070000069780, e: android.system.ErrnoException: NetlinkErrorMessage{ nlmsghdr{StructNlMsgHdr{ nlmsg_len{100}, nlmsg_type{2()}, nlmsg_flags{0()}, nlmsg_seq{1}, nlmsg_pid{-967184294} }}, nlmsgerr{StructNlMsgErr{ error{-2}, msg{StructNlMsgHdr{ nlmsg_len{80}, nlmsg_type{256()}, nlmsg_flags{261(NLM_F_REQUEST|NLM_F_ACK|NLM_F_ROOT)}, nlmsg_seq{1}, nlmsg_pid{0} }} }} } failed: ENOENT (No such file or directory)
01-01 18:04:28.749 E/NetlinkUtils( 1809): receiveNetlinkAck, errmsg=NetlinkErrorMessage{ nlmsghdr{StructNlMsgHdr{ nlmsg_len{100}, nlmsg_type{2()}, nlmsg_flags{0()}, nlmsg_seq{1}, nlmsg_pid{-1344269740} }}, nlmsgerr{StructNlMsgErr{ error{-2}, msg{StructNlMsgHdr{ nlmsg_len{80}, nlmsg_type{256()}, nlmsg_flags{261(NLM_F_REQUEST|NLM_F_ACK|NLM_F_ROOT)}, nlmsg_seq{1}, nlmsg_pid{0} }} }} }
01-01 18:04:28.749 W/Tethering( 1809): [BpfCoordinator] WARN Failed to update conntrack entry (proto: 6, src4: /10.211.137.241, srcPort: 53401, dst4: /34.36.57.103, dstPort: 443), msg: 50000000000105010100000000000000020000003400018014000180080001000AD389F108000200222439671C000280050001000600000006000200D09900000600030001BB00000800070000069780, e: android.system.ErrnoException: NetlinkErrorMessage{ nlmsghdr{StructNlMsgHdr{ nlmsg_len{100}, nlmsg_type{2()}, nlmsg_flags{0()}, nlmsg_seq{1}, nlmsg_pid{-1344269740} }}, nlmsgerr{StructNlMsgErr{ error{-2}, msg{StructNlMsgHdr{ nlmsg_len{80}, nlmsg_type{256()}, nlmsg_flags{261(NLM_F_REQUEST|NLM_F_ACK|NLM_F_ROOT)}, nlmsg_seq{1}, nlmsg_pid{0} }} }} } failed: ENOENT (No such file or directory)
01-01 18:04:28.876 I/Tethering( 1809): [BpfCoordinator] onAlertReached
01-01 18:04:29.036 D/StatusBarIconController( 1876): ignoring old pipeline callbacks, because the new mobile icons are enabled
01-01 18:04:29.122 W/.sec.imsservice( 2146): Reducing the number of considered missed Gc histogram windows from 249 to 100
01-01 18:04:29.884 I/TetherOffload(12320): getForwardedStats() upstream:rmnet4
01-01 18:04:29.884 I/TetherOffload(12320):  GetInstance p=0xb400007418e05020
01-01 18:04:29.884 E/TetherOffload(12320): getDataUsage: fail to open mddp device 
01-01 18:04:29.961 I/TetherOffload(12320): setDataWarningAndLimit() upstream:rmnet4
01-01 18:04:29.961 I/TetherOffload(12320):  GetInstance p=0xb400007418e05020
01-01 18:04:29.961 E/TetherOffload(12320): setDataWarningAndLimit: fail to open mddp device 
01-01 18:04:29.984 D/PhoneInterfaceManager( 1764): setDataEnabledForReason() Reason=1 Pid=1375 App=system
01-01 18:04:30.036 D/StatusBarIconController( 1876): ignoring old pipeline callbacks, because the new mobile icons are enabled
01-01 18:04:30.259 D/io_stats(  543): !@ 179,0 r 37687234 533048646 w 5947896 67451108 d 892652 66632536 f 0 0 iot 9688728 0 th 0 0 0 pt 0 inp 0 0 250631.850
01-01 18:04:30.402 D/TelephonyManager( 1764): requestModemActivityInfo: Sending result to app: ModemActivityInfo{ mTimestamp=512455961 mSleepTimeMs=7589 mIdleTimeMs=336711 mActivityStatsTechSpecificInfo=[{mRat=UNKNOWN,mFrequencyRange=UNKNOWN,mTxTimeMs[]=[0, 55, 0, 1487, 2898],mRxTimeMs=134942439}]}
01-01 18:04:30.627 I/SemWifiApDataUsage( 1375): handleMessage: 15
01-01 18:04:30.629 E/audit   (  773): type=1400 audit(1767290670.624:1641394): avc:  denied  { ioctl } for  pid=1375 comm="SemWifiApDataUs" path="/data/system/SemWifiApDataUsageHistory.db" dev="dm-50" ino=202538 ioctlcmd=0xf522 scontext=u:r:system_server:s0 tcontext=u:object_r:system_data_file:s0 tclass=file permissive=0 SEPF_SM-A145P_12_0001 audit_filtered
01-01 18:04:30.639 D/SemWifiApDbHistoryTableHelper( 1375): insertOrUpdateOnGivenDate() : data has been updated or inserted for date=2026-01-01
01-01 18:04:30.645 I/SemWifiApDbSimTableHelper( 1375): updated for SIM : 8922201040**********
01-01 18:04:31.293 I/thermal_repeater( 1028): socket -1
01-01 18:04:31.541 I/SemWifiApDataUsage( 1375): handleMessage: 14
01-01 18:04:31.541 I/SemWifiApEbpf( 1375): DATA_USAGE_STATS_START_POLL,mhs= true,upstream= 2,client size 1
01-01 18:04:31.543 D/SemWifiApEbpf( 1375): getWifiApDataUsageForOverAllMhs():  overall data is199557566
01-01 18:04:31.543 I/SemWifiApEbpf( 1375): updating the overall dataUsage , overall =199557566 , global = {mTotalDataBytes=199178119,mTotalDataIngressBytes=0,mTotalDataEgressBytes=0,mCellularBytes=199178119,mCurrentDayAndSimCellularBytes=199178119}
01-01 18:04:32.261 D/io_stats(  543): !@ 179,0 r 37687238 533048662 w 5947909 67451172 d 892652 66632536 f 0 0 iot 9688732 0 th 0 0 0 pt 0 inp 0 0 250633.851
01-01 18:04:32.451 V/CpEventLog(u0)( 5764): cp_state: [                 contacts = {contacts=2229, raw_contacts=3729, data=18000, account={secphone(1)=276, google(2)=1962, sim(3)=0, sim2(4)=0, agg(5)=0, duo(8)=191, google(9)=0, whatsapp(12)=1275, google(24)=0, com.opera.mini.native.ping(32)=0}, trash=0, trash_acc={}, trash_sync=25, database=contacts2.db} ]
01-01 18:04:32.451 V/CpEventLog(u0)( 5764): cp_state: [               aggregated = {[1,12,8]=27, [1,12]=170, [1,8]=4, [12,1]=3, [12,8]=1, [12]=3, [1]=71, [2,12,12]=1, [2,12,8]=120, [2,12]=932, [2,1]=1, [2,2,12]=7, [2,2]=1, [2,8,12]=10, [2,8]=29, [2]=853} ]
01-01 18:04:32.451 V/CpEventLog(u0)( 5764): cp_state: [                  request = {} ]
01-01 18:04:32.451 V/CpEventLog(u0)( 5764): cp_state: [                    calls = {types={[100]=2000}, database=calllog.db} ]
01-01 18:04:32.451 V/CpEventLog(u0)( 5764): cp_state: [                  profile = {contacts=0, raw_contacts=0, data=0, account={secphone(1)=0, google(2)=0, sim(3)=0, sim2(4)=0, agg(5)=0, duo(8)=0, google(9)=0, whatsapp(12)=0, google(20)=0, com.opera.mini.native.ping(26)=0}, trash=0, trash_acc={}, trash_sync=0, database=profile.db} ]
01-01 18:04:32.451 V/CpEventLog(u0)( 5764): cp_state: [               sa_profile = {contacts=1, raw_contacts=1, data=1, account={secphone(1)=1, google(2)=0, sim(3)=0, sim2(4)=0, agg(5)=0, duo(8)=0, google(9)=0, whatsapp(12)=0, google(20)=0, com.opera.mini.native.ping(26)=0}, trash=0, trash_acc={}, trash_sync=0, database=profile_sa.db} ]
01-01 18:04:32.451 V/CpEventLog(u0)( 5764): cp_state: [                      etc = {binders=0, country_iso=MR, version=15.0.64, db_version=1708, csc=/} ]
01-01 18:04:32.451 V/CpEventLog(u0)( 5764): cp_state: ------------------------------------------------------------------------------
01-01 18:04:33.542 W/msys    (15317): W[I wam]_WAMTransportPrivateLogUploadMessageWithDefaultLevel(52)=>privatestats/wameta/transport/connection_unavailable - stopping timer
01-01 18:04:34.034 D/StatusBarIconController( 1876): ignoring old pipeline callbacks, because the new mobile icons are enabled
01-01 18:04:34.261 D/io_stats(  543): !@ 179,0 r 37687308 533049246 w 5947914 67451212 d 892652 66632536 f 0 0 iot 9688752 0 th 0 0 0 pt 0 inp 0 0 250635.852
01-01 18:04:34.460 D/SensorService( 1375): [SO] 0.338 0.044 9.723
01-01 18:04:35.424 D/StatusBarIconController( 1876): ignoring old pipeline callbacks, because the new mobile icons are enabled
01-01 18:04:35.455 I/gralloc4( 1876): @set_metadata: update dataspace from GM (0x00000000 -> 0x08010000)
01-01 18:04:35.475 I/BufferQueueProducer(  841): [StatusBar$_1876#83](this:0xb400007a78f3f790,id:-1,api:0,p:-1,c:841) queueBuffer: fps=0.11 dur=9052.93 max=9052.93 min=9052.93
01-01 18:04:35.478 I/hwcomposer(  799): [HWCDisplay] [Display_0 (type:1)] fps:0.110460,dur:9053.02,max:9053.02,min:9053.02  
01-01 18:04:36.263 D/io_stats(  543): !@ 179,0 r 37687317 533049310 w 5947914 67451212 d 892652 66632536 f 0 0 iot 9688756 0 th 0 0 0 pt 0 inp 0 0 250637.853
01-01 18:04:36.293 I/thermal_repeater( 1028): socket -1
01-01 18:04:36.549 I/SemWifiApDataUsage( 1375): handleMessage: 14
01-01 18:04:36.549 I/SemWifiApEbpf( 1375): DATA_USAGE_STATS_START_POLL,mhs= true,upstream= 2,client size 1
01-01 18:04:36.550 D/SemWifiApEbpf( 1375): getWifiApDataUsageForOverAllMhs():  overall data is199919686
01-01 18:04:36.550 I/SemWifiApEbpf( 1375): updating the overall dataUsage , overall =199919686 , global = {mTotalDataBytes=199557566,mTotalDataIngressBytes=0,mTotalDataEgressBytes=0,mCellularBytes=199557566,mCurrentDayAndSimCellularBytes=199557566}
01-01 18:04:37.075 D/StatusBarIconController( 1876): ignoring old pipeline callbacks, because the new mobile icons are enabled
01-01 18:04:38.075 D/StatusBarIconController( 1876): ignoring old pipeline callbacks, because the new mobile icons are enabled
01-01 18:04:38.264 D/io_stats(  543): !@ 179,0 r 37687321 533049326 w 5947925 67451308 d 892652 66632536 f 0 0 iot 9688760 0 th 0 0 0 pt 0 inp 0 0 250639.854
01-01 18:04:39.074 D/StatusBarIconController( 1876): ignoring old pipeline callbacks, because the new mobile icons are enabled
01-01 18:04:39.446 D/StatusBarIconController( 1876): ignoring old pipeline callbacks, because the new mobile icons are enabled
01-01 18:04:39.474 I/gralloc4( 1876): @set_metadata: update dataspace from GM (0x00000000 -> 0x08010000)
01-01 18:04:39.490 I/BufferQueueProducer(  841): [StatusBar$_1876#83](this:0xb400007a78f3f790,id:-1,api:0,p:-1,c:841) queueBuffer: fps=0.25 dur=4015.63 max=4015.63 min=4015.63
01-01 18:04:39.494 I/hwcomposer(  799): [HWCDisplay] [Display_0 (type:1)] fps:0.249048,dur:4015.29,max:4015.29,min:4015.29  
01-01 18:04:39.726 I/libPerfCtl(  813): xgfGetFPS pid:-1 fps:0
01-01 18:04:39.727 I/libPerfCtl(  813): xgfGetFPS ioctl_ret:-1
01-01 18:04:39.806 D/BatteryExternalStatsWorker( 1375): update stats : update-network-download (6)
01-01 18:04:39.806 I/WifiService( 1375): getSupportedFeatures uid=1000 returns f8106ac889459
01-01 18:04:39.806 D/BatteryExternalStatsWorker( 1375): Update Rail Energy data
01-01 18:04:39.807 D/BatteryExternalStatsWorker( 1375): Fetch modem data
01-01 18:04:39.824 D/TelephonyManager( 1375): requestModemActivityInfo: Sending result to app: ModemActivityInfo{ mTimestamp=512499555 mSleepTimeMs=7589 mIdleTimeMs=336711 mActivityStatsTechSpecificInfo=[{mRat=UNKNOWN,mFrequencyRange=UNKNOWN,mTxTimeMs[]=[0, 55, 0, 1487, 2898],mRxTimeMs=134951860}]}
01-01 18:04:39.825 D/BatteryExternalStatsWorker( 1375): mStats lock released
01-01 18:04:39.839 D/BatteryExternalStatsWorker( 1375): Update modem state
01-01 18:04:39.839 D/BatteryExternalStatsWorker( 1375): done updateExternalStatsLocked
01-01 18:04:40.076 D/StatusBarIconController( 1876): ignoring old pipeline callbacks, because the new mobile icons are enabled
01-01 18:04:41.075 D/StatusBarIconController( 1876): ignoring old pipeline callbacks, because the new mobile icons are enabled
01-01 18:04:41.294 I/thermal_repeater( 1028): socket -1
01-01 18:04:41.553 I/SemWifiApDataUsage( 1375): handleMessage: 14
01-01 18:04:41.554 I/SemWifiApEbpf( 1375): DATA_USAGE_STATS_START_POLL,mhs= true,upstream= 2,client size 1
01-01 18:04:41.555 D/SemWifiApEbpf( 1375): getWifiApDataUsageForOverAllMhs():  overall data is200298995
01-01 18:04:41.555 I/SemWifiApEbpf( 1375): updating the overall dataUsage , overall =200298995 , global = {mTotalDataBytes=199919686,mTotalDataIngressBytes=0,mTotalDataEgressBytes=0,mCellularBytes=199919686,mCurrentDayAndSimCellularBytes=199919686}
01-01 18:04:42.075 D/StatusBarIconController( 1876): ignoring old pipeline callbacks, because the new mobile icons are enabled
01-01 18:04:42.266 D/io_stats(  543): !@ 179,0 r 37687329 533049358 w 5947929 67451340 d 892652 66632536 f 0 0 iot 9688764 0 th 0 0 0 pt 0 inp 0 0 250643.856
01-01 18:04:42.464 D/StatusBarIconController( 1876): ignoring old pipeline callbacks, because the new mobile icons are enabled
01-01 18:04:42.498 I/gralloc4( 1876): @set_metadata: update dataspace from GM (0x00000000 -> 0x08010000)
01-01 18:04:42.516 I/BufferQueueProducer(  841): [StatusBar$_1876#83](this:0xb400007a78f3f790,id:-1,api:0,p:-1,c:841) queueBuffer: fps=0.33 dur=3025.68 max=3025.68 min=3025.68
01-01 18:04:42.519 I/hwcomposer(  799): [HWCDisplay] [Display_0 (type:1)] fps:0.330504,dur:3025.68,max:3025.68,min:3025.68  
01-01 18:04:43.075 D/StatusBarIconController( 1876): ignoring old pipeline callbacks, because the new mobile icons are enabled
01-01 18:04:43.425 D/SensorService( 1375): [SO] 0.395 0.044 9.742
01-01 18:04:44.075 D/StatusBarIconController( 1876): ignoring old pipeline callbacks, because the new mobile icons are enabled
01-01 18:04:44.757 E/audit   (  773): type=1400 audit(1767290684.752:1641395): avc:  denied  { ioctl } for  pid=28272 comm="lowpool[1906]" path="/data/data/com.google.android.gms/databases/rmq.db" dev="dm-50" ino=4798 ioctlcmd=0xf522 scontext=u:r:gmscore_app:s0:c512,c768 tcontext=u:object_r:privapp_data_file:s0:c512,c768 tclass=file permissive=0 SEPF_SM-A145P_12_0001 audit_filtered
01-01 18:04:44.761 D/ConnectivityManager(28272): StackLog: [android.net.ConnectivityManager.reportNetworkConnectivity(ConnectivityManager.java:3685)] [buto.a(:com.google.android.gms@254730029@25.47.30 (190400-833691957):15)] [buvt.n(:com.google.android.gms@254730029@25.47.30 (190400-833691957):6)] [buvh.run(:com.google.android.gms@254730029@25.47.30 (190400-833691957):623)] [buwe.run(:com.google.android.gms@254730029@25.47.30 (190400-833691957):5)] [gjwb.run(:com.google.android.gms@254730029@25.47.30 (190400-833691957):19)] [bdhp.c(:com.google.android.gms@254730029@25.47.30 (190400-833691957):50)] [bdhp.run(:com.google.android.gms@254730029@25.47.30 (190400-833691957):73)] [java.util.concurrent.ThreadPoolExecutor.runWorker(ThreadPoolExecutor.java:1156)] [java.util.concurrent.ThreadPoolExecutor$Worker.run(ThreadPoolExecutor.java:651)] [bdnh.run(:com.google.android.gms@254730029@25.47.30 (190400-833691957):8)] [java.lang.Thread.run(Thread.java:1119)]
01-01 18:04:44.764 I/AlarmManager(28272): setExactAndAllowWhileIdle [name: GCM_HB_ALARM type: 2 triggerAtMillis: 512694496]
01-01 18:04:44.764 D/AlarmManager( 1375): force change alarm method to setWindow() callingUid=10173, sourcePackage=com.google.android.gms, action=com.google.android.gms.gcm.HEARTBEAT_ALARM, origTriggerAtTime=512694496, triggerAtTime=512599497, windowLength=94999
01-01 18:04:44.767 I/AlarmManager(28272): setExactAndAllowWhileIdle [name: GCM_HB_ALARM type: 2 triggerAtMillis: 512694499]
01-01 18:04:44.767 D/AlarmManager( 1375): force change alarm method to setWindow() callingUid=10173, sourcePackage=com.google.android.gms, action=com.google.android.gms.gcm.HEARTBEAT_ALARM, origTriggerAtTime=512694499, triggerAtTime=512599500, windowLength=94999
01-01 18:04:45.074 D/StatusBarIconController( 1876): ignoring old pipeline callbacks, because the new mobile icons are enabled
01-01 18:04:45.478 D/StatusBarIconController( 1876): ignoring old pipeline callbacks, because the new mobile icons are enabled
01-01 18:04:45.499 I/gralloc4( 1876): @set_metadata: update dataspace from GM (0x00000000 -> 0x08010000)
01-01 18:04:45.517 I/BufferQueueProducer(  841): [StatusBar$_1876#83](this:0xb400007a78f3f790,id:-1,api:0,p:-1,c:841) queueBuffer: fps=0.33 dur=3001.03 max=3001.03 min=3001.03
01-01 18:04:45.521 I/hwcomposer(  799): [HWCDisplay] [Display_0 (type:1)] fps:0.333189,dur:3001.30,max:3001.30,min:3001.30  
01-01 18:04:46.077 D/StatusBarIconController( 1876): ignoring old pipeline callbacks, because the new mobile icons are enabled
01-01 18:04:46.171 W/DeviceStorageMonitorService( 1375): updateBroadcasts(/data) oldLevel:0, newLevel:0, seq:1
01-01 18:04:46.173 D/DeviceStorageMonitorService( 1375): Available File Node Number is [12256503]
01-01 18:04:46.173 W/DeviceStorageMonitorService( 1375): updateBroadcasts_filenode(/data) fn_oldLevel:0, fn_newLevel:0, seq:1
01-01 18:04:46.295 I/thermal_repeater( 1028): socket -1
01-01 18:04:46.558 I/SemWifiApDataUsage( 1375): handleMessage: 14
01-01 18:04:46.558 I/SemWifiApEbpf( 1375): DATA_USAGE_STATS_START_POLL,mhs= true,upstream= 2,client size 1
01-01 18:04:46.559 D/SemWifiApEbpf( 1375): getWifiApDataUsageForOverAllMhs():  overall data is200745328
01-01 18:04:46.559 I/SemWifiApEbpf( 1375): updating the overall dataUsage , overall =200745328 , global = {mTotalDataBytes=200298995,mTotalDataIngressBytes=0,mTotalDataEgressBytes=0,mCellularBytes=200298995,mCurrentDayAndSimCellularBytes=200298995}
01-01 18:04:47.115 D/MobileSignalTransitionManager( 1876): updateSignalTransition
01-01 18:04:47.121 D/StatusBarIconController( 1876): ignoring old pipeline callbacks, because the new mobile icons are enabled
01-01 18:04:47.121 D/StatusBarIconController( 1876): ignoring old pipeline callbacks, because the new mobile icons are enabled
01-01 18:04:47.150 I/gralloc4( 1876): @set_metadata: update dataspace from GM (0x00000000 -> 0x08010000)
01-01 18:04:47.166 I/BufferQueueProducer(  841): [StatusBar$_1876#83](this:0xb400007a78f3f790,id:-1,api:0,p:-1,c:841) queueBuffer: fps=0.61 dur=1649.27 max=1649.27 min=1649.27
01-01 18:04:47.170 I/hwcomposer(  799): [HWCDisplay] [Display_0 (type:1)] fps:0.606425,dur:1649.01,max:1649.01,min:1649.01  
01-01 18:04:48.090 D/BatteryExternalStatsWorker( 1375): update stats : procstate-change (14)
01-01 18:04:48.091 I/WifiService( 1375): getSupportedFeatures uid=1000 returns f8106ac889459
01-01 18:04:48.091 D/BatteryExternalStatsWorker( 1375): Update Rail Energy data
01-01 18:04:48.092 D/BatteryExternalStatsWorker( 1375): Fetch Bluetooth data
01-01 18:04:48.094 D/BatteryExternalStatsWorker( 1375): Fetch modem data
01-01 18:04:48.095 W/BatteryExternalStatsWorker( 1375): error reading Bluetooth stats: 11
01-01 18:04:48.111 D/MobileSignalTransitionManager( 1876): updateSignalTransition
01-01 18:04:48.114 D/StatusBarIconController( 1876): ignoring old pipeline callbacks, because the new mobile icons are enabled
01-01 18:04:48.120 D/TelephonyManager( 1375): requestModemActivityInfo: Sending result to app: ModemActivityInfo{ mTimestamp=512507839 mSleepTimeMs=7589 mIdleTimeMs=336711 mActivityStatsTechSpecificInfo=[{mRat=UNKNOWN,mFrequencyRange=UNKNOWN,mTxTimeMs[]=[0, 55, 0, 1487, 2898],mRxTimeMs=134960143}]}
01-01 18:04:48.120 D/BatteryExternalStatsWorker( 1375): mStats lock released
01-01 18:04:48.134 D/StatusBarIconController( 1876): ignoring old pipeline callbacks, because the new mobile icons are enabled
01-01 18:04:48.135 D/BatteryExternalStatsWorker( 1375): Update modem state
01-01 18:04:48.135 D/BatteryExternalStatsWorker( 1375): done updateExternalStatsLocked
01-01 18:04:48.144 I/gralloc4( 1876): @set_metadata: update dataspace from GM (0x00000000 -> 0x08010000)
01-01 18:04:48.268 D/io_stats(  543): !@ 179,0 r 37687347 533049430 w 5947936 67451432 d 892652 66632536 f 0 0 iot 9688772 0 th 0 0 0 pt 0 inp 0 0 250649.858
01-01 18:04:48.494 D/StatusBarIconController( 1876): ignoring old pipeline callbacks, because the new mobile icons are enabled
01-01 18:04:48.516 I/gralloc4( 1876): @set_metadata: update dataspace from GM (0x00000000 -> 0x08010000)
01-01 18:04:48.535 I/BufferQueueProducer(  841): [StatusBar$_1876#83](this:0xb400007a78f3f790,id:-1,api:0,p:-1,c:841) queueBuffer: fps=1.46 dur=1368.40 max=988.95 min=379.44
01-01 18:04:48.538 I/hwcomposer(  799): [HWCDisplay] [Display_0 (type:1)] fps:1.461862,dur:1368.12,max:988.82,min:379.30  
01-01 18:04:49.114 D/StatusBarIconController( 1876): ignoring old pipeline callbacks, because the new mobile icons are enabled
01-01 18:04:49.496 D/StatusBarIconController( 1876): ignoring old pipeline callbacks, because the new mobile icons are enabled
01-01 18:04:49.522 I/gralloc4( 1876): @set_metadata: update dataspace from GM (0x00000000 -> 0x08010000)
01-01 18:04:49.541 I/BufferQueueProducer(  841): [StatusBar$_1876#83](this:0xb400007a78f3f790,id:-1,api:0,p:-1,c:841) queueBuffer: fps=0.99 dur=1005.81 max=1005.81 min=1005.81
01-01 18:04:49.544 I/hwcomposer(  799): [HWCDisplay] [Display_0 (type:1)] fps:0.993661,dur:1006.38,max:1006.38,min:1006.38  
01-01 18:04:49.574 E/Watchdog( 1375): !@Sync: 8351 heap: 96 / 114 FD: 1050 [2026-01-01 18:04:49.574]
01-01 18:04:50.115 D/StatusBarIconController( 1876): ignoring old pipeline callbacks, because the new mobile icons are enabled
01-01 18:04:50.502 D/StatusBarIconController( 1876): ignoring old pipeline callbacks, because the new mobile icons are enabled
01-01 18:04:50.524 I/gralloc4( 1876): @set_metadata: update dataspace from GM (0x00000000 -> 0x08010000)
01-01 18:04:51.114 D/StatusBarIconController( 1876): ignoring old pipeline callbacks, because the new mobile icons are enabled
01-01 18:04:51.295 I/thermal_repeater( 1028): socket -1
01-01 18:04:51.507 D/StatusBarIconController( 1876): ignoring old pipeline callbacks, because the new mobile icons are enabled
01-01 18:04:51.530 I/gralloc4( 1876): @set_metadata: update dataspace from GM (0x00000000 -> 0x08010000)
01-01 18:04:51.546 I/BufferQueueProducer(  841): [StatusBar$_1876#83](this:0xb400007a78f3f790,id:-1,api:0,p:-1,c:841) queueBuffer: fps=1.00 dur=2005.40 max=1006.07 min=999.33
01-01 18:04:51.549 I/hwcomposer(  799): [HWCDisplay] [Display_0 (type:1)] fps:0.997401,dur:2005.21,max:1006.30,min:998.92  
01-01 18:04:51.562 I/SemWifiApDataUsage( 1375): handleMessage: 14
01-01 18:04:51.562 I/SemWifiApEbpf( 1375): DATA_USAGE_STATS_START_POLL,mhs= true,upstream= 2,client size 1
01-01 18:04:51.563 D/SemWifiApEbpf( 1375): getWifiApDataUsageForOverAllMhs():  overall data is200833152
01-01 18:04:51.564 I/SemWifiApEbpf( 1375): updating the overall dataUsage , overall =200833152 , global = {mTotalDataBytes=200745328,mTotalDataIngressBytes=0,mTotalDataEgressBytes=0,mCellularBytes=200745328,mCurrentDayAndSimCellularBytes=200745328}
01-01 18:04:52.114 D/StatusBarIconController( 1876): ignoring old pipeline callbacks, because the new mobile icons are enabled
01-01 18:04:52.269 D/io_stats(  543): !@ 179,0 r 37687358 533049474 w 5947939 67451464 d 892652 66632536 f 0 0 iot 9688780 0 th 0 0 0 pt 0 inp 0 0 250653.860
01-01 18:04:52.391 D/SensorService( 1375): [SO] 0.395 0.044 9.723
01-01 18:04:53.114 D/StatusBarIconController( 1876): ignoring old pipeline callbacks, because the new mobile icons are enabled
01-01 18:04:53.516 D/StatusBarIconController( 1876): ignoring old pipeline callbacks, because the new mobile icons are enabled
01-01 18:04:53.552 I/gralloc4( 1876): @set_metadata: update dataspace from GM (0x00000000 -> 0x08010000)
01-01 18:04:53.564 I/BufferQueueProducer(  841): [StatusBar$_1876#83](this:0xb400007a78f3f790,id:-1,api:0,p:-1,c:841) queueBuffer: fps=0.50 dur=2018.42 max=2018.42 min=2018.42
01-01 18:04:53.568 I/hwcomposer(  799): [HWCDisplay] [Display_0 (type:1)] fps:0.495440,dur:2018.41,max:2018.41,min:2018.41  
01-01 18:04:53.849 I/InputReader( 1375): Touch event's action is 0x0 (id=5, t=0) [pCnt=1, s=0.0 ] when=250655.439516
01-01 18:04:53.850 I/InputDispatcher( 1375): Delivering touch to (1876): action: 0x4, f=0x0, d=0, '6c20be ', t=1 
01-01 18:04:53.850 I/InputDispatcher( 1375): Delivering touch to (16852): action: 0x0, f=0x0, d=0, '3ea447a', t=1 
01-01 18:04:53.851 D/PowerManagerService( 1375): [api] userActivityFromNative : touch displayId=0 eventTime=250655439
01-01 18:04:53.851 I/ViewRootImpl@3ab9635[MainActivity](16852): ViewPostIme pointer 0
01-01 18:04:53.851 I/GestureDetector( 1375): obtain mCurrentDownEvent. id: 422770516 caller: com.android.server.wm.SystemGesturesPointerEventListener.onPointerEvent:204 com.android.server.wm.PointerEventDispatcher.onInputEvent:53 android.view.InputEventReceiver.dispatchInputEvent:337 
01-01 18:04:53.852 I/GestureDetector( 1375): obtain mCurrentDownEvent. id: 422770516 caller: com.android.server.wm.SystemPerformancePointerEventListener.onPointerEvent:89 com.android.server.wm.PointerEventDispatcher.onInputEvent:53 android.view.InputEventReceiver.dispatchInputEvent:337 
01-01 18:04:53.852 D/PowerManagerService( 1375): UserActivityStateListenerState: 1
01-01 18:04:53.882 I/GestureDetector( 1375): obtain mCurrentMotionEventRaw. action: 2 id: 672011397
01-01 18:04:53.882 I/GestureDetector( 1375): obtain mCurrentMotionEventRaw. action: 2 id: 672011397
01-01 18:04:53.956 I/InputReader( 1375): Touch event's action is 0x1 (id=5, t=0) [pCnt=1, s=] when=250655.546332
01-01 18:04:53.956 I/InputDispatcher( 1375): Delivering touch to (16852): action: 0x1, f=0x0, d=0, '3ea447a', t=1 
01-01 18:04:53.956 I/ViewRootImpl@3ab9635[MainActivity](16852): ViewPostIme pointer 1
01-01 18:04:54.010 D/InputMethodManagerUtils(16852): startInputInner - Id : 0
01-01 18:04:54.011 I/InputMethodManager(16852): startInputInner - IInputMethodManagerGlobalInvoker.startInputOrWindowGainedFocus
01-01 18:04:54.012 D/InputMethodManagerService( 1375): setWindowStateInner, windowToken=android.os.BinderProxy@ceaa8a5, state=ImeTargetWindowState{ imeToken null imeFocusChanged false hasEditorFocused false requestedImeVisible false imeDisplayId 0 softInputModeState STATE_UNSPECIFIED|ADJUST_RESIZE isStartInputByGainFocus false}
01-01 18:04:54.012 D/InputMethodManagerService( 1375): mDesktopModeManager null!
01-01 18:04:54.012 V/InputMethodManagerService( 1375): getDisplayIdOfInputMethodWindowToBeAdded: displayId=0
01-01 18:04:54.012 D/InputMethodManagerService( 1375): isImeSwitcherDisabledPackage : false
01-01 18:04:54.013 D/InputMethodManagerService( 1375): checkDisplayOfStartInputAndUpdateKeyboard: displayId=0, mFocusedDisplayId=0
01-01 18:04:54.013 D/InputTransport( 1375): Input channel constructed: 'ClientS', fd=949
01-01 18:04:54.013 D/InputTransport( 1375): Input channel destroyed: 'ClientS', fd=949
01-01 18:04:54.013 I/HBD     (32459): HoneyBoardService [IMI] onStartInput - caller pid : 16852 , caller uid : 10417 
01-01 18:04:54.014 I/HBD     (32459): k updateConfigs 
01-01 18:04:54.014 I/HBD     (32459): k isEnabledNightMode : true 
01-01 18:04:54.014 I/HBD     (32459): a IC have been binding, RemoteInputConnection{idHash=#c8a6990} 
01-01 18:04:54.014 I/HBD     (32459): h [EditorInputType]setPrivateImeOptionsToTable privateImeOptions ( null )
01-01 18:04:54.014 I/HBD     (32459): b incognitoMode : false 
01-01 18:04:54.014 I/HBD     (32459): h getDefaultInputRange : UNKNOWN 
01-01 18:04:54.014 I/HBD     (32459): h getDefaultInputRange : UNKNOWN 
01-01 18:04:54.014 I/HBD     (32459): h getDefaultInputRange : UNKNOWN 
01-01 18:04:54.015 I/InputMethodManager_LC(16852): showSoftInput(View,I)
01-01 18:04:54.015 I/ImeTracker(16852): com.wawapp.driver:64cc098e: onRequestShow at ORIGIN_CLIENT_SHOW_SOFT_INPUT reason SHOW_SOFT_INPUT
01-01 18:04:54.015 I/InputMethodManager_LC(16852): ssi(): flags=0 view=com.wawapp.driver reason = SHOW_SOFT_INPUT
01-01 18:04:54.015 I/InputMethodManager_LC(16852): ssi() view is not EditText
01-01 18:04:54.015 I/HBD     (32459): b update cached prediction status : false 
01-01 18:04:54.015 I/HBD     (32459): h getDefaultInputRange : UNKNOWN 
01-01 18:04:54.015 I/HBD     (32459): a currentState : 0 
01-01 18:04:54.015 D/InputMethodManager(16852): showSoftInput() view=io.flutter.embedding.android.FlutterView{34038dd VFE...... .F...... 0,0-1080,2273 #1 aid=1073741824} flags=0 reason=SHOW_SOFT_INPUT
01-01 18:04:54.016 I/HBD     (32459): a [UpdatePolicy] [post] a: 0 cl: 5308416 kit: [1/0] vt: 0 ir: 2 
01-01 18:04:54.016 I/HBD     (32459): a [NRIC] resetNoResponseState 
01-01 18:04:54.016 I/HBD     (32459): b update cached prediction status : false 
01-01 18:04:54.016 V/InputMethodManagerService( 1375): Client requesting input be shown, flags : 0
01-01 18:04:54.016 D/InputMethodManagerService( 1375): ACCESS_CONTROL_ENABLED = false, ACCESS_CONTROL_KEYBOARD_BLOCK = true
01-01 18:04:54.016 D/InputMethodManagerService( 1375): setWindowStateInner, windowToken=android.os.BinderProxy@ceaa8a5, state=ImeTargetWindowState{ imeToken android.os.Binder@9a872b6 imeFocusChanged false hasEditorFocused false requestedImeVisible true imeDisplayId 0 softInputModeState STATE_UNSPECIFIED|ADJUST_RESIZE isStartInputByGainFocus false}
01-01 18:04:54.016 D/InputMethodBindingController( 1375): bindCurrentInputMethodService: caller=com.android.server.inputmethod.InputMethodBindingController.setCurrentMethodVisible:541 com.android.server.inputmethod.InputMethodManagerService.showCurrentInputLocked:4098 com.android.server.inputmethod.InputMethodManagerService.showSoftInput:3888 com.android.internal.view.IInputMethodManager$Stub.onTransact:528 com.android.server.inputmethod.InputMethodManagerService.onTransact:2204 android.os.Binder.execTransactInternal:1375 android.os.Binder.execTransact:1311 <bottom of call stack> <bottom of call stack> <bottom of call stack> 
01-01 18:04:54.016 I/HBD     (32459): HoneyBoardService [PF_OP][onStartInput]  3 ms 
01-01 18:04:54.018 I/ActivityManager( 1375): Changes in 10243 7 to 5, 0 to 56
01-01 18:04:54.018 I/ActivityManager( 1375): Changes in 10140 7 to 5, 0 to 63
01-01 18:04:54.018 W/ProcessStats( 1375): Tracking association SourceState{cf8b099 com.samsung.android.honeyboard/10140 BFgs #547243} whose proc state 4 is better than process ProcessState{a0a4fbd com.samsung.android.intellivoiceservice:asr/10243 pkg=com.samsung.android.intellivoiceservice} proc state 6 (9 skipped)
01-01 18:04:54.018 V/InputMethodManagerService( 1375): Calling com.android.server.inputmethod.IInputMethodInvoker@7a13707.showSoftInput(android.os.BinderProxy@ceaa8a5, 1, null) for reason: SHOW_SOFT_INPUT
01-01 18:04:54.019 I/dxzo    ( 3126): (REDACTED) appOpsListener %s %s
01-01 18:04:54.019 I/dxzo    ( 3126): (REDACTED) Ignoring irrelevant audio permission changes for package %s
01-01 18:04:54.020 I/InputMethod(32459): showSoftInput(): flags=1
01-01 18:04:54.020 I/InputMethodManagerService( 1375): isAccessoryKeyboard 0
01-01 18:04:54.020 I/HBD     (32459): HoneyBoardService onEvaluateInputViewShown: true 
01-01 18:04:54.021 I/InputMethodManagerService( 1375): isAccessoryKeyboard 0
01-01 18:04:54.021 I/HBD     (32459): HoneyBoardService onEvaluateInputViewShown: true 
01-01 18:04:54.022 I/HBD     (32459): HoneyBoardService onStartInputView : restarting=false, client=com.wawapp.driver, pid=16852 
01-01 18:04:54.022 I/HBD     (32459): h [EditorInputType]setPrivateImeOptionsToTable privateImeOptions ( null )
01-01 18:04:54.022 I/HBD     (32459): b incognitoMode : false 
01-01 18:04:54.022 I/SemDvfsHyPerManager(32459): acquire hyper - SKBD_RE_ENTER_SHOW/32459@1, type = -999
01-01 18:04:54.022 I/HBD     (32459): h getDefaultInputRange : UNKNOWN 
01-01 18:04:54.022 I/HBD     (32459): h getDefaultInputRange : UNKNOWN 
01-01 18:04:54.022 I/HBD     (32459): h getDefaultInputRange : UNKNOWN 
01-01 18:04:54.022 I/HBD     (32459): HoneyBoardService onStartInputViewInternal: inputType=0x3, imeOptions=0x2000006, initialSelStart=0, initialSelEnd=0 
01-01 18:04:54.022 I/HBD     (32459): f applyThemesPolicy 
01-01 18:04:54.022 I/HBD     (32459): e mIsGalaxyTheme = false mIsDexDesktopDisplay : false IsRequiredDarkTypeTheme = true night mode : true mIsEnabledHighContrast = false mIsOpenThemeForHoneyBoardInstalled = false mIsWallpaperThemeInstalled = false mIsThemeParkTheme = false
01-01 18:04:54.022 I/HBD     (32459): a theme : Dark mode and no theme park 
01-01 18:04:54.022 I/HBD     (32459): f required dark type theme, isCoverDisplayTheme :  false
01-01 18:04:54.022 I/HBD     (32459): f update KeyboardTheme themeIndex : 0x 12000000  theme :  Dark
01-01 18:04:54.023 I/HBD     (32459): a set Theme convertedIndex : 4 
01-01 18:04:54.023 I/HYPER-HAL(  806): [RequestManager.cpp]acquire(): Acquired ID : 526842031  [32459 / 1]    HINT : KBD_APP_RE_ENTER_VIEW    list : [TIMEOUT / 400] 
01-01 18:04:54.023 I/HBD     (32459): a onThemeChanged: currTheme = 4, nextTheme = 4 
01-01 18:04:54.023 I/HBD     (32459): e onUpdate: mThemeStyle = 4 
01-01 18:04:54.023 I/HBD     (32459): b updatePredictionStatus : 1, editorOpt 
01-01 18:04:54.023 I/HBD     (32459): b updateForEditorClass isPredictionOn = false 
01-01 18:04:54.023 I/HBD     (32459): m0 EBD ssu s 0 
01-01 18:04:54.023 I/mtkpower_client(  806): perf_lock_acq, hdl:0, dur:0, num:2, tid:850
01-01 18:04:54.023 I/HBD     (32459): a [UpdatePolicy] [post] a: 1 cl: 5308416 kit: [1/0] vt: 0 ir: 2 
