01-01 18:19:44.877 32459 32459 I HBD     : l writeToFile path : /data/user/0/com.samsung.android.honeyboard/files/selected.json 
01-01 18:19:44.877 32459 32459 I HBD     : l writeToFile json : {"version":"4.1","currentLanguageOrder":1,"selected":[{"activeOptionList":["auto_replace","auto_spacing","writing_assistant"],"engName":"English","id":65538,"inputType":"qwerty","isUsed":true},{"activeOptionList":["auto_replace","auto_spacing"],"engName":"Arabic","id":5308416,"inputType":"qwerty","isUsed":true}]} 
01-01 18:19:44.877   813   869 I libPowerHal: vendor.samsung.: cpu_ctrl set cpu freq: -1 -1 -1 -1
01-01 18:19:44.877  1876  2038 I ViewRootImpl@fb3f9f6[driver]: Relayout returned: old=(0,0,1080,2408) new=(0,0,1080,2408) relayoutAsync=false req=(1080,2408)8 dur=9 res=0x402 s={false 0x0} ch=true seqId=0
01-01 18:19:44.878   806   850 I mtkpower_client: ret_hdl:54198
01-01 18:19:44.878   806   850 I HYPER-HAL: [RequestManager.cpp]releaseLocked(): Released ID : 973730
01-01 18:19:44.878   813   869 I libPowerHal: [perfLockAcq] idx:4 hdl:54198 hint:-1 pid:806 duration:0 lock_user:vendor.samsung. => ret_hdl:54198
01-01 18:19:44.878   813   869 I libPowerHal: vendor.samsung.: cpu_ctrl set cpu freq: -1 -1 1354000 -1
01-01 18:19:44.879 32459 20407 I HBD     : l writeToFile complete 
01-01 18:19:44.880   841   841 I Layer   : Layer [Splash Screen com.wawapp.driver$_1876#53331] hidden!! flag(1)
01-01 18:19:44.881 32459 20408 I HBD     : l Write selected lang for DE  
01-01 18:19:44.881 32459 20408 I HBD     : l writeToFile path : /data/user_de/0/com.samsung.android.honeyboard/files/selected.json 
01-01 18:19:44.881  1876  2038 W WindowOnBackDispatcher: sendCancelIfRunning: isInProgress=falsecallback=android.view.ViewRootImpl$$ExternalSyntheticLambda19@bd1e6e7
01-01 18:19:44.882 32459 20408 I HBD     : l writeToFile json : {"version":"4.1","currentLanguageOrder":1,"selected":[{"activeOptionList":["auto_replace","auto_spacing","writing_assistant"],"engName":"English","id":65538,"inputType":"qwerty","isUsed":true},{"activeOptionList":["auto_replace","auto_spacing"],"engName":"Arabic","id":5308416,"inputType":"qwerty","isUsed":true}]} 
01-01 18:19:44.882  1876  2038 I ViewRootImpl@fb3f9f6[driver]: dispatchDetachedFromWindow
01-01 18:19:44.882  1375  2069 D WindowManager: Starting window removed Window{73face8 u0 Splash Screen com.wawapp.driver}
01-01 18:19:44.882  1375  2069 I WindowManager: Cancelling animation restarting=false, leash=Surface(name=Surface(name=c275cc5 com.wawapp.driver/com.wawapp.driver.MainActivity)/@0xfb049f6 - animation-leash of starting_reveal)/@0xedca1f7
01-01 18:19:44.882  1375  2069 I WindowManager: Reparenting to original parent: Surface(name=ActivityRecord{9d49fc9 u0 com.wawapp.driver/.MainActivity t9552})/@0x1a20c4a, destroy=false, surface=Surface(name=c275cc5 com.wawapp.driver/com.wawapp.driver.MainActivity)/@0xfb049f6
01-01 18:19:44.883  1375  2069 D InputTransport: Input channel destroyed: '73face8', fd=1098
01-01 18:19:44.883  1375  2069 W InputManager-JNI: Input channel object '73face8 Splash Screen com.wawapp.driver (client)' was disposed without first being removed with the input manager!
01-01 18:19:44.883  1375  2069 D InputTransport: Input channel destroyed: '73face8', fd=1099
01-01 18:19:44.884 32459 32459 I HBD     : l writeToFile complete 
01-01 18:19:44.885 32459 32459 I HBD     : m normal : updateLanguage : Arabic 
01-01 18:19:44.885 15317 15317 D InputTransport: Input channel destroyed: 'ClientS', fd=300
01-01 18:19:44.886 32459 32459 I HBD     : g isCoverDisplay : false, cached selected json info : SelectedLanguageInfo(languageVersion=4.1, currentLanguageOrder=1, selectedLanguageList=[SelectedLanguage(id=65538, isUsed=true, engName=English, inputType=qwerty, activeOptionList=[auto_replace, auto_spacing, writing_assistant]), SelectedLanguage(id=5308416, isUsed=true, engName=Arabic, inputType=qwerty, activeOptionList=[auto_replace, auto_spacing])]) 
01-01 18:19:44.886 32459 32459 I HBD     : g isCoverDisplay : false, cached selected json info : SelectedLanguageInfo(languageVersion=4.1, currentLanguageOrder=1, selectedLanguageList=[SelectedLanguage(id=65538, isUsed=true, engName=English, inputType=qwerty, activeOptionList=[auto_replace, auto_spacing, writing_assistant]), SelectedLanguage(id=5308416, isUsed=true, engName=Arabic, inputType=qwerty, activeOptionList=[auto_replace, auto_spacing])]) 
01-01 18:19:44.886 32459 32459 I HBD     : g updateSelectedLanguageCache is succeeded. Arabic 
01-01 18:19:44.886  1375  2069 V WindowManager: Remove Window{73face8 u0 Splash Screen com.wawapp.driver}: mSurfaceController=Surface(name=Splash Screen com.wawapp.driver$_1876)/@0x4dc7acf mAnimatingExit=false mRemoveOnExit=false mHasSurface=true surfaceShowing=false animating=false app-animation=false mDisplayFrozen=false callers=com.android.server.wm.WindowManagerService.removeWindow:2148 com.android.server.wm.Session.remove:257 android.view.IWindowSession$Stub.onTransact:747 com.android.server.wm.Session.onTransact:204 android.os.Binder.execTransactInternal:1380 android.os.Binder.execTransact:1311 
01-01 18:19:44.886  1375  2069 I WindowManager: Destroying surface Surface(name=Splash Screen com.wawapp.driver$_1876)/@0x4dc7acf called by com.android.server.wm.WindowStateAnimator.destroySurface:799 com.android.server.wm.WindowStateAnimator.destroySurfaceLocked:472 com.android.server.wm.WindowState.removeImmediately:2937 com.android.server.wm.WindowState.removeIfPossible:3214 com.android.server.wm.WindowManagerService.removeWindow:2148 com.android.server.wm.Session.remove:257 android.view.IWindowSession$Stub.onTransact:747 com.android.server.wm.Session.onTransact:204 
01-01 18:19:44.887 32459 32459 I HBD     : l writeToFile path : /data/user/0/com.samsung.android.honeyboard/files/selected.json 
01-01 18:19:44.887 32459 32459 I HBD     : l writeToFile json : {"version":"4.1","currentLanguageOrder":1,"selected":[{"activeOptionList":["auto_replace","auto_spacing","writing_assistant"],"engName":"English","id":65538,"inputType":"qwerty","isUsed":true},{"activeOptionList":["auto_replace","auto_spacing"],"engName":"Arabic","id":5308416,"inputType":"qwerty","isUsed":true}]} 
01-01 18:19:44.887   841  1174 I SurfaceFlinger: id=53326 Removed Surface(name=eba3da2 InputMethod)/@0x6a04cab - animation-leash of insets_animation#53326 (137)
01-01 18:19:44.887   841   841 D SurfaceFlinger: Display 0 HWC layers:
01-01 18:19:44.887   841   841 D SurfaceFlinger:      DEVICE | 0xb400007aa09ced80 | 0102 | RGBA_8888    |    0.0    0.0 1080.0 2273.0 |    0    0 1080 2273 | SurfaceView[com.wawapp.driver/com.wawapp.driver.MainActivity]@0(BLAST)#53347
01-01 18:19:44.887   841   841 D SurfaceFlinger:      DEVICE | 0xb400007a9ec57500 | 0100 | RGBA_8888    |    0.0    0.0 1080.0 2408.0 |    0    0 1080 2408 | com.wawapp.driver/com.wawapp.driver.MainActivity$_20279#53342
01-01 18:19:44.887   841   841 D SurfaceFlinger:      DEVICE | 0xb400007a79376f80 | 0100 | RGBA_8888    |    0.0    0.0 1080.0   64.0 |    0    0 1080   64 | StatusBar$_1876#83
01-01 18:19:44.887   841   841 D SurfaceFlinger:      DEVICE | 0xb400007a79375c00 | 0100 | RGBA_8888    |    0.0    0.0 1080.0  135.0 |    0 2273 1080 2408 | NavigationBar0$_1876#79
01-01 18:19:44.887   841   841 D SurfaceFlinger: 
01-01 18:19:44.889 32459 32459 I HBD     : l writeToFile complete 
01-01 18:19:44.890 32459 20408 I HBD     : l writeToFile complete 
01-01 18:19:44.890  1876  2038 D InputTransport: Input channel destroyed: '73face8', fd=594
01-01 18:19:44.890 32459 32459 I HBD     : g isCoverDisplay : false, cached selected json info : SelectedLanguageInfo(languageVersion=4.1, currentLanguageOrder=1, selectedLanguageList=[SelectedLanguage(id=65538, isUsed=true, engName=English, inputType=qwerty, activeOptionList=[auto_replace, auto_spacing, writing_assistant]), SelectedLanguage(id=5308416, isUsed=true, engName=Arabic, inputType=qwerty, activeOptionList=[auto_replace, auto_spacing])]) 
01-01 18:19:44.890 32459 32459 I HBD     : g updateSelectedLanguageCache is succeeded. Arabic 
01-01 18:19:44.890 32459 20409 I HBD     : l Write selected lang for DE  
01-01 18:19:44.890 32459 20409 I HBD     : l writeToFile path : /data/user_de/0/com.samsung.android.honeyboard/files/selected.json 
01-01 18:19:44.890 32459 20409 I HBD     : l writeToFile json : {"version":"4.1","currentLanguageOrder":1,"selected":[{"activeOptionList":["auto_replace","auto_spacing","writing_assistant"],"engName":"English","id":65538,"inputType":"qwerty","isUsed":true},{"activeOptionList":["auto_replace","auto_spacing"],"engName":"Arabic","id":5308416,"inputType":"qwerty","isUsed":true}]} 
01-01 18:19:44.891  1375  3554 W WindowManager: Failed looking up window session=Session{6e849e6 1876:u0a10046} callers=com.android.server.wm.WindowManagerService.windowForClientLocked:6671 com.android.server.wm.Session.setOnBackInvokedCallbackInfo:1117 android.view.IWindowSession$Stub.onTransact:1325 
01-01 18:19:44.891  1375  3554 I WindowManager: setOnBackInvokedCallback(): No window state for package:com.android.systemui
01-01 18:19:44.891 32459 32459 I HBD     : l writeToFile path : /data/user/0/com.samsung.android.honeyboard/files/selected.json 
01-01 18:19:44.891 32459 32459 I HBD     : l writeToFile json : {"version":"4.1","currentLanguageOrder":1,"selected":[{"activeOptionList":["auto_replace","auto_spacing","writing_assistant"],"engName":"English","id":65538,"inputType":"qwerty","isUsed":true},{"activeOptionList":["auto_replace","auto_spacing"],"engName":"Arabic","id":5308416,"inputType":"qwerty","isUsed":true}]} 
01-01 18:19:44.891  1375  2069 D KNOX_MDM_SettingsProvider: isChangeAllowed() : name = enabled_input_methods
01-01 18:19:44.891  1375  2069 D KNOX_MDM_SettingsProvider: edmUri: content://com.sec.knox.provider/RestrictionPolicy3
01-01 18:19:44.891  1375  2069 D KNOX_MDM_SettingsProvider: projectionArgs: isSettingsChangesAllowed
01-01 18:19:44.891  1375  2069 D KNOX_MDM_SettingsProvider: selectionArgs: false
01-01 18:19:44.891  1375  2069 D KNOX_MDM_SettingsProvider: selectionArgs: 10140
01-01 18:19:44.891 32459 20410 I HBD     : l Write selected lang for DE  
01-01 18:19:44.892 32459 20410 I HBD     : l writeToFile path : /data/user_de/0/com.samsung.android.honeyboard/files/selected.json 
01-01 18:19:44.892 32459 20410 I HBD     : l writeToFile json : {"version":"4.1","currentLanguageOrder":1,"selected":[{"activeOptionList":["auto_replace","auto_spacing","writing_assistant"],"engName":"English","id":65538,"inputType":"qwerty","isUsed":true},{"activeOptionList":["auto_replace","auto_spacing"],"engName":"Arabic","id":5308416,"inputType":"qwerty","isUsed":true}]} 
01-01 18:19:44.892  1375  2069 D SecContentProvider: query(), uri = 17 selection = isSettingsChangesAllowed
01-01 18:19:44.892  1375  2069 D SecContentProvider: called from android.uid.honeyboard:10140
01-01 18:19:44.892  1375  2069 D RestrictionPolicy: isSettingsChangesAllowedAsUser, userId 0 : true
01-01 18:19:44.892 32459 32459 I HBD     : l writeToFile complete 
01-01 18:19:44.892  1375  2069 D KNOX_MDM_SettingsProvider: ret = 1
01-01 18:19:44.893 32459 20410 I HBD     : l writeToFile complete 
01-01 18:19:44.893  1375  2069 D KNOX_MDM_SettingsProvider: isChangeAllowed() : name = default_input_method
01-01 18:19:44.893  1375  2069 D KNOX_MDM_SettingsProvider: edmUri: content://com.sec.knox.provider/RestrictionPolicy3
01-01 18:19:44.893  1375  2069 D KNOX_MDM_SettingsProvider: projectionArgs: isSettingsChangesAllowed
01-01 18:19:44.893  1375  2069 D KNOX_MDM_SettingsProvider: selectionArgs: false
01-01 18:19:44.893  1375  2069 D KNOX_MDM_SettingsProvider: selectionArgs: 10140
01-01 18:19:44.893  1375  2069 D SecContentProvider: query(), uri = 17 selection = isSettingsChangesAllowed
01-01 18:19:44.894  1375  2069 D SecContentProvider: called from android.uid.honeyboard:10140
01-01 18:19:44.894 32459 32459 I HBD     : a [UpdatePolicy] [post] a: 32 cl: 5308416 kit: [0/0] vt: 0 ir: 1 
01-01 18:19:44.894 32459 20411 I HBD     : l Write selected lang for DE  
01-01 18:19:44.894  1375  2069 D RestrictionPolicy: isSettingsChangesAllowedAsUser, userId 0 : true
01-01 18:19:44.894 32459 20411 I HBD     : l writeToFile path : /data/user_de/0/com.samsung.android.honeyboard/files/selected.json 
01-01 18:19:44.894  1375  2069 D KNOX_MDM_SettingsProvider: ret = 1
01-01 18:19:44.894 32459 20411 I HBD     : l writeToFile json : {"version":"4.1","currentLanguageOrder":1,"selected":[{"activeOptionList":["auto_replace","auto_spacing","writing_assistant"],"engName":"English","id":65538,"inputType":"qwerty","isUsed":true},{"activeOptionList":["auto_replace","auto_spacing"],"engName":"Arabic","id":5308416,"inputType":"qwerty","isUsed":true}]} 
01-01 18:19:44.894 32459 20409 E AtomicFile: Failed to rename /data/user_de/0/com.samsung.android.honeyboard/files/selected.json.new to /data/user_de/0/com.samsung.android.honeyboard/files/selected.json
01-01 18:19:44.894 32459 32459 I HBD     : HoneyBoardService [PF_OP][onStartInput]  39 ms 
01-01 18:19:44.894 32459 20409 I HBD     : l writeToFile complete 
01-01 18:19:44.894 32459 32459 I InputMethodService: scheduleImeSurfaceRemoval: removeImeSurface is posted.
01-01 18:19:44.895  1375  3554 D KNOX_MDM_SettingsProvider: isChangeAllowed() : name = enabled_input_methods
01-01 18:19:44.895 32459 10541 I HBD     : p updated Sub Types. Arabic 
01-01 18:19:44.895  1375  1399 D DmaBufLeakDetector: SystemHeap:       229584 kB
01-01 18:19:44.895  1375  3554 D KNOX_MDM_SettingsProvider: edmUri: content://com.sec.knox.provider/RestrictionPolicy3
01-01 18:19:44.895  1375  3554 D KNOX_MDM_SettingsProvider: projectionArgs: isSettingsChangesAllowed
01-01 18:19:44.895  1375  3554 D KNOX_MDM_SettingsProvider: selectionArgs: false
01-01 18:19:44.895  1375  3554 D KNOX_MDM_SettingsProvider: selectionArgs: 10140
01-01 18:19:44.895  1375  3554 D SecContentProvider: query(), uri = 17 selection = isSettingsChangesAllowed
01-01 18:19:44.895  1375  3554 D SecContentProvider: called from android.uid.honeyboard:10140
01-01 18:19:44.895  1375  1399 I DmaBufLeakDetector: DmaBuf : 229584 KB
01-01 18:19:44.895  1375  3554 D RestrictionPolicy: isSettingsChangesAllowedAsUser, userId 0 : true
01-01 18:19:44.895  1375  3554 D KNOX_MDM_SettingsProvider: ret = 1
01-01 18:19:44.896   841   841 I Layer   : id=53330 removeFromCurrentState 73face8 Splash Screen com.wawapp.driver#53330 (137)
01-01 18:19:44.896   841   841 I Layer   : id=53331 removeFromCurrentState Splash Screen com.wawapp.driver$_1876#53331 (137)
01-01 18:19:44.897   841   841 I Layer   : id=53349 removeFromCurrentState Surface(name=c275cc5 com.wawapp.driver/com.wawapp.driver.MainActivity)/@0xfb049f6 - animation-leash of starting_reveal#53349 (137)
01-01 18:19:44.897   841   841 I Layer   : id=53331 removeFromCurrentState Splash Screen com.wawapp.driver$_1876#53331 (137)
01-01 18:19:44.897  1375  3554 D KNOX_MDM_SettingsProvider: isChangeAllowed() : name = default_input_method
01-01 18:19:44.897  1375  3554 D KNOX_MDM_SettingsProvider: edmUri: content://com.sec.knox.provider/RestrictionPolicy3
01-01 18:19:44.897  1375  3554 D KNOX_MDM_SettingsProvider: projectionArgs: isSettingsChangesAllowed
01-01 18:19:44.897  1375  3554 D KNOX_MDM_SettingsProvider: selectionArgs: false
01-01 18:19:44.897  1375  3554 D KNOX_MDM_SettingsProvider: selectionArgs: 10140
01-01 18:19:44.897   841   841 I BufferQueueDebug: [Surface(name=eba3da2 InputMethod)/@0x6a04cab - animation-leash of insets_animation#53326](this:0xb400007a786f0790,id:-1,api:0,p:-1,c:841) onDestructor()
01-01 18:19:44.897   841   841 I Layer   : id=53326 Destroyed Surface(name=eba3da2 InputMethod)/@0x6a04cab - animation-leash of insets_animation#53326
01-01 18:19:44.898  1375  3554 D SecContentProvider: query(), uri = 17 selection = isSettingsChangesAllowed
01-01 18:19:44.899   841   841 I SurfaceFlinger: id=53331 Removed Splash Screen com.wawapp.driver$_1876#53331 (136)
01-01 18:19:44.899  1375  3554 D SecContentProvider: called from android.uid.honeyboard:10140
01-01 18:19:44.899 32459 20411 I HBD     : l writeToFile complete 
01-01 18:19:44.899   841   841 I SurfaceFlinger: id=53330 Removed 73face8 Splash Screen com.wawapp.driver#53330 (136)
01-01 18:19:44.899  1375  3554 D RestrictionPolicy: isSettingsChangesAllowedAsUser, userId 0 : true
01-01 18:19:44.899  1375  1399 I ActivityTaskManager: Displayed com.wawapp.driver/.MainActivity for user 0: +2s51ms
01-01 18:19:44.899  1375  1399 I Pageboost: Launch time gathered : pid 20279 com.wawapp.driver 2051
01-01 18:19:44.899  1375  3554 D KNOX_MDM_SettingsProvider: ret = 1
01-01 18:19:44.899  1375  1399 I ActivityTaskManager: Fully drawn com.wawapp.driver/.MainActivity: +2s51ms
01-01 18:19:44.899  2929  2929 E pageboostd: Received HALT command code 2
01-01 18:19:44.901 32459  6960 I HBD     : p updated Sub Types. Arabic 
01-01 18:19:44.902 32459 20413 I HBD     : b InputMethodSubtype is set as local:ar 
01-01 18:19:44.902  1375  3303 V WindowManager: Relayout Window{3264c49 u0 com.whatsapp/com.whatsapp.home.ui.HomeActivity}: viewVisibility=8 req=1080x2408 ty=1 d0
01-01 18:19:44.904 32459 20414 I HBD     : b InputMethodSubtype is set as local:ar 
01-01 18:19:44.908  1375  3303 V WindowManager: Relayout hash=3264c49, pid=15317, syncId=-1: mAttrs={(0,0)(fillxfill) sim={adjust=pan} ty=BASE_APPLICATION fmt=TRANSPARENT wanim=0x1030303
01-01 18:19:44.908  1375  3303 V WindowManager:   fl=81810100
01-01 18:19:44.908  1375  3303 V WindowManager:   pfl=12008040
01-01 18:19:44.908  1375  3303 V WindowManager:   vsysui=400
01-01 18:19:44.908  1375  3303 V WindowManager:   bhv=DEFAULT
01-01 18:19:44.908  1375  3303 V WindowManager:   fitSides= naviIconColor=0}
01-01 18:19:44.909  1375  1375 I InputMethodManagerService: subtype state: oldSubtype = android.view.inputmethod.InputMethodSubtype@510000 newSubtype = android.view.inputmethod.InputMethodSubtype@510000 force = false, intent received : false
01-01 18:19:44.909  1375  1375 I InputMethodManagerService: subtype state: oldSubtype = android.view.inputmethod.InputMethodSubtype@510000 newSubtype = android.view.inputmethod.InputMethodSubtype@510000 force = false, intent received : false
01-01 18:19:44.909 15317 15317 I ViewRootImpl@9793d71[HomeActivity]: Relayout returned: old=(0,0,1080,2408) new=(0,0,1080,2408) relayoutAsync=false req=(1080,2408)8 dur=12 res=0x402 s={false 0x0} ch=false seqId=0
01-01 18:19:44.910 15317 15385 D OpenGLRenderer: CacheManager::trimMemory(20)
01-01 18:19:44.913   841   841 I BufferQueueDebug: [73face8 Splash Screen com.wawapp.driver#53330](this:0xb400007a7873e790,id:-1,api:0,p:-1,c:841) onDestructor()
01-01 18:19:44.913   841   841 I Layer   : id=53330 Destroyed 73face8 Splash Screen com.wawapp.driver#53330
01-01 18:19:44.913   841   841 I BufferQueueDebug: [Splash Screen com.wawapp.driver$_1876#53331](this:0xb400007a787b4790,id:-1,api:0,p:-1,c:841) onDestructor()
01-01 18:19:44.913   841   841 I Layer   : id=53331 Destroyed Splash Screen com.wawapp.driver$_1876#53331
01-01 18:19:44.916  1375  5925 E WindowManager: win=Window{3264c49 u0 com.whatsapp/com.whatsapp.home.ui.HomeActivity} destroySurfaces: appStopped=true cleanupOnResume=false win.mWindowRemovalAllowed=false win.mRemoveOnExit=false win.mViewVisibility=8 caller=com.android.server.wm.ActivityRecord.destroySurfaces:6952 com.android.server.wm.ActivityRecord.destroySurfaces:6933 com.android.server.wm.ActivityRecord.activityStopped:7633 com.android.server.wm.ActivityClientController.activityStopped:321 android.app.IActivityClientController$Stub.onTransact:702 com.android.server.wm.ActivityClientController.onTransact:186 android.os.Binder.execTransactInternal:1380 
01-01 18:19:44.917  1375  5925 I WindowManager: Destroying surface Surface(name=com.whatsapp/com.whatsapp.home.ui.HomeActivity$_15317)/@0x8cc5c92 called by com.android.server.wm.WindowStateAnimator.destroySurface:799 com.android.server.wm.WindowStateAnimator.destroySurfaceLocked:472 com.android.server.wm.WindowState.destroySurfaceUnchecked:4201 com.android.server.wm.WindowState.destroySurface:4175 com.android.server.wm.ActivityRecord.destroySurfaces:6952 com.android.server.wm.ActivityRecord.destroySurfaces:6933 com.android.server.wm.ActivityRecord.activityStopped:7633 com.android.server.wm.ActivityClientController.activityStopped:321 
01-01 18:19:44.929   841   841 I Layer   : id=53321 removeFromCurrentState com.whatsapp/com.whatsapp.home.ui.HomeActivity$_15317#53321 (134)
01-01 18:19:44.930   841   841 I SurfaceFlinger: id=53321 Removed com.whatsapp/com.whatsapp.home.ui.HomeActivity$_15317#53321 (134)
01-01 18:19:44.944  1375  1400 D PkgPredictorService-SecIpmManagerServiceImpl: bg information pid:15317 uid:10351 pkgName:com.whatsapp
01-01 18:19:44.946  1375  1400 D ScreenCurtainController: onForegroundActivitiesChanged: com.wawapp.driver
01-01 18:19:44.946   841   841 I BufferQueueDebug: [com.whatsapp/com.whatsapp.home.ui.HomeActivity$_15317#53321](this:0xb400007a787da790,id:-1,api:0,p:-1,c:841) onDestructor()
01-01 18:19:44.946   841   841 I Layer   : id=53321 Destroyed com.whatsapp/com.whatsapp.home.ui.HomeActivity$_15317#53321
01-01 18:19:44.951   966   966 I CameraService: onUidStateChanged: uid=10183, procState is changed. (15 -> 16)
01-01 18:19:45.074  1375  1631 D MdnieScenarioControlService:  packageName : com.wawapp.driver    className : com.wawapp.driver.MainActivity
01-01 18:19:45.075  1375  1631 V MdnieScenarioControlService: setUIMode from UI function(3)
01-01 18:19:45.080 11882 11887 D InputTransport: Input channel destroyed: 'ClientS', fd=376
01-01 18:19:45.080 11882 11887 D InputTransport: Input channel destroyed: 'ClientS', fd=302
01-01 18:19:45.096 11882 11888 W System  : A resource failed to call close. 
01-01 18:19:45.100 11882 11888 W System  : A resource failed to call close. 
01-01 18:19:45.137   806 20406 I mtkpower_client: perf_lock_rel, hdl:54196, tid:20406
01-01 18:19:45.138   806 20406 I mtkpower_client: perf_lock_rel, hdl:54197, tid:20406
01-01 18:19:45.138   813   869 I libPowerHal: [perfLockRel] hdl:54196, idx:2
01-01 18:19:45.139   813   869 I libPowerHal: [PD] vendor.samsung. update cmd:1c3c000 param:1
01-01 18:19:45.139   813   869 I libPowerHal: [PD] (more) /proc/mcdi/state set +prefix:enable 1;
01-01 18:19:45.140   813   869 I libPowerHal: [perfLockRel] hdl:54197, idx:1
01-01 18:19:45.140   813   869 I libPowerHal: [PD] vendor.samsung. update cmd:1000000, param:-1
01-01 18:19:45.140   806 20406 I mtkpower_client: perf_lock_rel, hdl:54198, tid:20406
01-01 18:19:45.140   813   869 I libPowerHal: [PD] vendor.samsung. update cmd:1000000 param:-1
01-01 18:19:45.141   813   869 I libPowerHal: [perfLockRel] hdl:54198, idx:4
01-01 18:19:45.141   806 20406 I HYPER-HAL: [RequestManager.cpp]releaseLocked(): Released ID : 970939
01-01 18:19:45.141   813   869 I libPowerHal: vendor.samsung.: cpu_ctrl set cpu freq: -1 -1 -1 -1
01-01 18:19:45.175  1809  2062 E Tethering: [api31.BpfCoordinatorShimImpl] ERROR Could not insert entry (iif: 82, dstMac: b2:78:5c:3b:cc:03, l4proto: 6, src4: /10.211.137.241, dst4: /34.36.57.103, srcPort: 53671, dstPort: 443, oif: 6, ethDstMac: 00:00:00:00:00:00, ethSrcMac: 00:00:00:00:00:00, ethProto: 2048, pmtu: 1430, src46: /10.52.4.175, dst46: /34.36.57.103, srcPort: 53671, dstPort: 443, lastUsed: 0): android.system.ErrnoException: nativeWriteToMapEntry failed: E2BIG (Argument list too long)
01-01 18:19:45.176  1375  1631 V MdnieScenarioControlService: mAclOffEnabled : false
01-01 18:19:45.179  1809  2062 E Tethering: [api31.BpfCoordinatorShimImpl] ERROR Could not insert entry (iif: 6, dstMac: 00:00:00:00:00:00, l4proto: 6, src4: /34.36.57.103, dst4: /10.52.4.175, srcPort: 443, dstPort: 53671, oif: 82, ethDstMac: 64:6e:e0:71:ed:e1, ethSrcMac: b2:78:5c:3b:cc:03, ethProto: 2048, pmtu: 1430, src46: /34.36.57.103, dst46: /10.211.137.241, srcPort: 443, dstPort: 53671, lastUsed: 0): android.system.ErrnoException: nativeWriteToMapEntry failed: E2BIG (Argument list too long)
01-01 18:19:45.256  1375  1534 D ActivityManager: Received BROADCAST intent 0xd5990ae Key{broadcastIntent pkg=com.google.android.gms/com.google.android.gms.auth_api__phone intent=act=com.google.android.gms.auth.api.phone.action.ON_ALARM pkg=com.google.android.gms flags=0x2000000 u=0} requestCode=0 sent=0 from uid 1000
01-01 18:19:45.268  1375  1534 D ActivityManager: Received BROADCAST intent 0x53cf8c9 Key{broadcastIntent pkg=com.google.android.gms/com.google.android.gms.scheduler intent=act=com.google.android.gms.gcm.ACTION_CHECK_QUEUE cmp=com.google.android.gms/.gcm.nts.SchedulerInternalReceiver flags=0x2000000 u=0} requestCode=0 sent=0 from uid 1000
01-01 18:19:45.284 20279 20279 I flutter : [Router] NAVIGATION_CHECK | location=/ | user=uh4rZFHzqYPrpg2aRwlpzPC65AH2 | hasPin=false | canOtp=false | otpStage=OtpStage.idle | isLoading=true
01-01 18:19:45.284 20279 20279 I flutter : [Router] ⏳ Auth loading - staying on current route
01-01 18:19:45.297 27954 27954 D BoundBrokerSvc: onBind: Intent { act=com.google.android.gms.auth.api.phone.service.InternalService.START dat=chimera-action:/... cmp=com.google.android.gms/.chimera.GmsInternalApiService }
01-01 18:19:45.297 20279 20279 I flutter : [Router] NAVIGATION_CHECK | location=/ | user=uh4rZFHzqYPrpg2aRwlpzPC65AH2 | hasPin=true | canOtp=false | otpStage=OtpStage.idle | isLoading=false
01-01 18:19:45.297 27954 27954 D BoundBrokerSvc: Loading bound service for intent: Intent { act=com.google.android.gms.auth.api.phone.service.InternalService.START dat=chimera-action:/... cmp=com.google.android.gms/.chimera.GmsInternalApiService }
01-01 18:19:45.297 20279 20279 I flutter : [Router] ✓ Authenticated - allowing access to /
01-01 18:19:45.298 20279 20279 I flutter : [AuthGate] NAVIGATION_DECISION | user: uh4rZFHzqYPrpg2aRwlpzPC65AH2, isLoading: false, isPinCheckLoading: false, otpStage: OtpStage.idle, hasPin: true
01-01 18:19:45.299 20279 20279 I flutter : [AuthGate] REDIRECT_REASON=PROFILE_LOADING → CircularProgressIndicator
01-01 18:19:45.326 20279 20279 I flutter : [AuthGate] NAVIGATION_DECISION | user: uh4rZFHzqYPrpg2aRwlpzPC65AH2, isLoading: false, isPinCheckLoading: false, otpStage: OtpStage.idle, hasPin: true
01-01 18:19:45.326 20279 20279 I flutter : [AuthGate] driver doc exists: true
01-01 18:19:45.326 20279 20279 I flutter : [AuthGate] driver hasPin: true
01-01 18:19:45.327 20279 20279 I flutter : [AuthGate] REDIRECT_REASON=AUTHENTICATED_WITH_PIN → DriverHomeScreen
01-01 18:19:45.328 20279 20279 I flutter : [DriverStatus] 👀 Watching online status for driver: uh4rZFHzqYPrpg2aRwlpzPC65AH2
01-01 18:19:45.328 20279 20279 I flutter : [DriverStatus] 📍 Firestore path: drivers/uh4rZFHzqYPrpg2aRwlpzPC65AH2
01-01 18:19:45.370 20279 20279 I flutter : [DriverStatus] 📡 Driver status changed: 🔴 OFFLINE
01-01 18:19:45.371 20279 20279 I flutter : [DriverStatus] ℹ️ Driver is OFFLINE - nearby orders will be empty
01-01 18:19:45.371 20279 20279 I flutter : [DriverStatus] 📡 Driver status changed: 🔴 OFFLINE
01-01 18:19:45.371 20279 20279 I flutter : [DriverStatus] ℹ️ Driver is OFFLINE - nearby orders will be empty
01-01 18:19:45.395 32459 32459 I InputMethodService: removeImeSurface
01-01 18:19:45.396 32459 32459 I InputMethodService: cancelImeSurfaceRemoval: removeCallbacks
01-01 18:19:45.399  1375  1450 W PackageSettings: Couldn't write -1 to /config/sdcardfs/com.google.android.tzdata5/appid
01-01 18:19:45.402  1375  1450 W PackageSettings: Couldn't write -1 to /config/sdcardfs/com.google.android.ondevicepersonalization/appid
01-01 18:19:45.406  1375  1450 W PackageSettings: Couldn't write -1 to /config/sdcardfs/com.google.android.media.swcodec/appid
01-01 18:19:45.409  1375  1450 W PackageSettings: Couldn't write -1 to /config/sdcardfs/com.google.android.os.statsd/appid
01-01 18:19:45.411  1375  1450 W PackageSettings: Couldn't write -1 to /config/sdcardfs/com.google.mainline.primary.libs/appid
01-01 18:19:45.415  1375  1450 W PackageSettings: Couldn't write -1 to /config/sdcardfs/com.google.android.extservices/appid
01-01 18:19:45.419  1375  1450 W PackageSettings: Couldn't write -1 to /config/sdcardfs/com.android.uwb/appid
01-01 18:19:45.421  1375  1450 W PackageSettings: Couldn't write -1 to /config/sdcardfs/com.android.btservices/appid
01-01 18:19:45.422  1375  1450 W PackageSettings: Couldn't write -1 to /config/sdcardfs/com.google.android.healthfitness/appid
01-01 18:19:45.424  1375  1450 W PackageSettings: Couldn't write -1 to /config/sdcardfs/com.google.android.ipsec/appid
01-01 18:19:45.425  1375  1450 W PackageSettings: Couldn't write -1 to /config/sdcardfs/com.google.android.media/appid
01-01 18:19:45.426  1375  1450 W PackageSettings: Couldn't write -1 to /config/sdcardfs/com.android.i18n/appid
01-01 18:19:45.426  1375  1450 W PackageSettings: Couldn't write -1 to /config/sdcardfs/com.android.rkpd/appid
01-01 18:19:45.426  1375  1450 W PackageSettings: Couldn't write -1 to /config/sdcardfs/com.android.virt/appid
01-01 18:19:45.427  1375  1450 W PackageSettings: Couldn't write -1 to /config/sdcardfs/com.android.wifi/appid
01-01 18:19:45.428  1375  1450 W PackageSettings: Couldn't write -1 to /config/sdcardfs/com.google.android.appsearch/appid
01-01 18:19:45.429  1375  1450 W PackageSettings: Couldn't write -1 to /config/sdcardfs/com.google.android.configinfrastructure/appid
01-01 18:19:45.429  1375  1450 W PackageSettings: Couldn't write -1 to /config/sdcardfs/com.android.runtime/appid
01-01 18:19:45.430  1375  1450 W PackageSettings: Couldn't write -1 to /config/sdcardfs/com.android.devicelock/appid
01-01 18:19:45.430  1375  1450 W PackageSettings: Couldn't write -1 to /config/sdcardfs/com.google.android.cellbroadcast/appid
01-01 18:19:45.430  1375  1450 W PackageSettings: Couldn't write -1 to /config/sdcardfs/com.android.apex.cts.shim/appid
01-01 18:19:45.431  1375  1450 W PackageSettings: Couldn't write -1 to /config/sdcardfs/com.google.android.resolv/appid
01-01 18:19:45.431  1375  1450 W PackageSettings: Couldn't write -1 to /config/sdcardfs/com.google.android.sdkext/appid
01-01 18:19:45.431  1375  1450 W PackageSettings: Couldn't write -1 to /config/sdcardfs/com.google.android.art/appid
01-01 18:19:45.433  1375  1450 W PackageSettings: Couldn't write -1 to /config/sdcardfs/com.samsung.android.lifeguard/appid
01-01 18:19:45.434  1375  1450 W PackageSettings: Couldn't write -1 to /config/sdcardfs/com.google.android.adservices/appid
01-01 18:19:45.435  1375  1450 W PackageSettings: Couldn't write -1 to /config/sdcardfs/com.google.android.scheduling/appid
01-01 18:19:45.436  1375  1450 W PackageSettings: Couldn't write -1 to /config/sdcardfs/com.google.android.mediaprovider/appid
01-01 18:19:45.436  1375  1450 W PackageSettings: Couldn't write -1 to /config/sdcardfs/com.google.android.permission/appid
01-01 18:19:45.438  1375  1450 W PackageSettings: Couldn't write -1 to /config/sdcardfs/com.android.vndk.v31/appid
01-01 18:19:45.438  1375  1450 W PackageSettings: Couldn't write -1 to /config/sdcardfs/com.android.vndk.v34/appid
01-01 18:19:45.440  1375  1450 W PackageSettings: Couldn't write -1 to /config/sdcardfs/com.samsung.android.spqr/appid
01-01 18:19:45.441  1375  1450 W PackageSettings: Couldn't write -1 to /config/sdcardfs/com.google.android.neuralnetworks/appid
01-01 18:19:45.441  1375  1450 W PackageSettings: Couldn't write -1 to /config/sdcardfs/com.google.android.tethering/appid
01-01 18:19:45.442  1375  1450 W PackageSettings: Couldn't write -1 to /config/sdcardfs/com.google.android.adbd/appid
01-01 18:19:45.442  1375  1450 W PackageSettings: Couldn't write -1 to /config/sdcardfs/com.google.android.conscrypt/appid
01-01 18:19:45.445  1375  1450 W PackageSettings: Couldn't write -1 to /config/sdcardfs/com.samsung.android.camera.unihal/appid
01-01 18:19:45.446  1375  1450 W PackageSettings: Couldn't write -1 to /config/sdcardfs/com.samsung.android.shell/appid
01-01 18:19:45.470  1809  2062 E Tethering: [api31.BpfCoordinatorShimImpl] ERROR Could not insert entry (iif: 82, dstMac: b2:78:5c:3b:cc:03, l4proto: 6, src4: /10.211.137.241, dst4: /34.36.57.103, srcPort: 53671, dstPort: 443, oif: 6, ethDstMac: 00:00:00:00:00:00, ethSrcMac: 00:00:00:00:00:00, ethProto: 2048, pmtu: 1430, src46: /10.52.4.175, dst46: /34.36.57.103, srcPort: 53671, dstPort: 443, lastUsed: 0): android.system.ErrnoException: nativeWriteToMapEntry failed: E2BIG (Argument list too long)
01-01 18:19:45.472  1809  2062 E Tethering: [api31.BpfCoordinatorShimImpl] ERROR Could not insert entry (iif: 6, dstMac: 00:00:00:00:00:00, l4proto: 6, src4: /34.36.57.103, dst4: /10.52.4.175, srcPort: 443, dstPort: 53671, oif: 82, ethDstMac: 64:6e:e0:71:ed:e1, ethSrcMac: b2:78:5c:3b:cc:03, ethProto: 2048, pmtu: 1430, src46: /34.36.57.103, dst46: /10.211.137.241, srcPort: 443, dstPort: 53671, lastUsed: 0): android.system.ErrnoException: nativeWriteToMapEntry failed: E2BIG (Argument list too long)
01-01 18:19:45.476  1809  2062 E Tethering: [api31.BpfCoordinatorShimImpl] ERROR Could not insert entry (iif: 82, dstMac: b2:78:5c:3b:cc:03, l4proto: 6, src4: /10.211.137.241, dst4: /34.36.57.103, srcPort: 53671, dstPort: 443, oif: 6, ethDstMac: 00:00:00:00:00:00, ethSrcMac: 00:00:00:00:00:00, ethProto: 2048, pmtu: 1430, src46: /10.52.4.175, dst46: /34.36.57.103, srcPort: 53671, dstPort: 443, lastUsed: 0): android.system.ErrnoException: nativeWriteToMapEntry failed: E2BIG (Argument list too long)
01-01 18:19:45.477  1809  2062 E Tethering: [api31.BpfCoordinatorShimImpl] ERROR Could not insert entry (iif: 6, dstMac: 00:00:00:00:00:00, l4proto: 6, src4: /34.36.57.103, dst4: /10.52.4.175, srcPort: 443, dstPort: 53671, oif: 82, ethDstMac: 64:6e:e0:71:ed:e1, ethSrcMac: b2:78:5c:3b:cc:03, ethProto: 2048, pmtu: 1430, src46: /34.36.57.103, dst46: /10.211.137.241, srcPort: 443, dstPort: 53671, lastUsed: 0): android.system.ErrnoException: nativeWriteToMapEntry failed: E2BIG (Argument list too long)
01-01 18:19:45.484  1876  1876 D StatusBarIconController: ignoring old pipeline callbacks, because the new mobile icons are enabled
01-01 18:19:45.484  1809  2062 E Tethering: [api31.BpfCoordinatorShimImpl] ERROR Could not insert entry (iif: 82, dstMac: b2:78:5c:3b:cc:03, l4proto: 6, src4: /10.211.137.241, dst4: /34.36.57.103, srcPort: 53671, dstPort: 443, oif: 6, ethDstMac: 00:00:00:00:00:00, ethSrcMac: 00:00:00:00:00:00, ethProto: 2048, pmtu: 1430, src46: /10.52.4.175, dst46: /34.36.57.103, srcPort: 53671, dstPort: 443, lastUsed: 0): android.system.ErrnoException: nativeWriteToMapEntry failed: E2BIG (Argument list too long)
01-01 18:19:45.485  1809  2062 E Tethering: [api31.BpfCoordinatorShimImpl] ERROR Could not insert entry (iif: 6, dstMac: 00:00:00:00:00:00, l4proto: 6, src4: /34.36.57.103, dst4: /10.52.4.175, srcPort: 443, dstPort: 53671, oif: 82, ethDstMac: 64:6e:e0:71:ed:e1, ethSrcMac: b2:78:5c:3b:cc:03, ethProto: 2048, pmtu: 1430, src46: /34.36.57.103, dst46: /10.211.137.241, srcPort: 443, dstPort: 53671, lastUsed: 0): android.system.ErrnoException: nativeWriteToMapEntry failed: E2BIG (Argument list too long)
01-01 18:19:45.488   773   773 E audit   : type=1400 audit(1767291585.484:1643093): avc:  denied  { ioctl } for  pid=20279 comm=4D6561737572656D656E7420576F72 path="/data/data/com.wawapp.driver/databases/google_app_measurement_local.db" dev="dm-50" ino=1439960 ioctlcmd=0xf522 scontext=u:r:untrusted_app:s0:c161,c257,c512,c768 tcontext=u:object_r:app_data_file:s0:c161,c257,c512,c768 tclass=file permissive=0 SEPF_SM-A145P_12_0001 audit_filtered
01-01 18:19:45.508 20279 20279 I flutter : [DriverStatus] 📡 Driver status changed: 🔴 OFFLINE
01-01 18:19:45.508 20279 20279 I flutter : [DriverStatus] ℹ️ Driver is OFFLINE - nearby orders will be empty
01-01 18:19:45.508 20279 20279 I flutter : [DriverStatus] 📡 Driver status changed: 🔴 OFFLINE
01-01 18:19:45.508 20279 20279 I flutter : [DriverStatus] ℹ️ Driver is OFFLINE - nearby orders will be empty
01-01 18:19:45.514   773   773 E audit   : type=1400 audit(1767291585.512:1643094): avc:  denied  { ioctl } for  pid=20279 comm=4D6561737572656D656E7420576F72 path="/data/data/com.wawapp.driver/databases/google_app_measurement_local.db" dev="dm-50" ino=1439960 ioctlcmd=0xf522 scontext=u:r:untrusted_app:s0:c161,c257,c512,c768 tcontext=u:object_r:app_data_file:s0:c161,c257,c512,c768 tclass=file permissive=0 SEPF_SM-A145P_12_0001 audit_filtered
01-01 18:19:45.523 20279 20279 I flutter : [AuthGate] NAVIGATION_DECISION | user: uh4rZFHzqYPrpg2aRwlpzPC65AH2, isLoading: false, isPinCheckLoading: false, otpStage: OtpStage.idle, hasPin: true
01-01 18:19:45.523 20279 20279 I flutter : [AuthGate] driver doc exists: true
01-01 18:19:45.523 20279 20279 I flutter : [AuthGate] driver hasPin: true
01-01 18:19:45.523 20279 20279 I flutter : [AuthGate] REDIRECT_REASON=AUTHENTICATED_WITH_PIN → DriverHomeScreen
01-01 18:19:45.528  1809  2062 E Tethering: [api31.BpfCoordinatorShimImpl] ERROR Could not insert entry (iif: 82, dstMac: b2:78:5c:3b:cc:03, l4proto: 6, src4: /10.211.137.241, dst4: /34.36.57.103, srcPort: 53671, dstPort: 443, oif: 6, ethDstMac: 00:00:00:00:00:00, ethSrcMac: 00:00:00:00:00:00, ethProto: 2048, pmtu: 1430, src46: /10.52.4.175, dst46: /34.36.57.103, srcPort: 53671, dstPort: 443, lastUsed: 0): android.system.ErrnoException: nativeWriteToMapEntry failed: E2BIG (Argument list too long)
01-01 18:19:45.530   773   773 E audit   : type=1400 audit(1767291585.524:1643095): avc:  denied  { ioctl } for  pid=20279 comm=4D6561737572656D656E7420576F72 path="/data/data/com.wawapp.driver/databases/google_app_measurement_local.db" dev="dm-50" ino=1439960 ioctlcmd=0xf522 scontext=u:r:untrusted_app:s0:c161,c257,c512,c768 tcontext=u:object_r:app_data_file:s0:c161,c257,c512,c768 tclass=file permissive=0 SEPF_SM-A145P_12_0001 audit_filtered
01-01 18:19:45.531  1809  2062 E Tethering: [api31.BpfCoordinatorShimImpl] ERROR Could not insert entry (iif: 6, dstMac: 00:00:00:00:00:00, l4proto: 6, src4: /34.36.57.103, dst4: /10.52.4.175, srcPort: 443, dstPort: 53671, oif: 82, ethDstMac: 64:6e:e0:71:ed:e1, ethSrcMac: b2:78:5c:3b:cc:03, ethProto: 2048, pmtu: 1430, src46: /34.36.57.103, dst46: /10.211.137.241, srcPort: 443, dstPort: 53671, lastUsed: 0): android.system.ErrnoException: nativeWriteToMapEntry failed: E2BIG (Argument list too long)
01-01 18:19:45.538   773   773 E audit   : type=1400 audit(1767291585.536:1643096): avc:  denied  { ioctl } for  pid=20279 comm=4D6561737572656D656E7420576F72 path="/data/data/com.wawapp.driver/databases/google_app_measurement_local.db" dev="dm-50" ino=1439960 ioctlcmd=0xf522 scontext=u:r:untrusted_app:s0:c161,c257,c512,c768 tcontext=u:object_r:app_data_file:s0:c161,c257,c512,c768 tclass=file permissive=0 SEPF_SM-A145P_12_0001 audit_filtered
01-01 18:19:45.544 28272 19757 I NetworkScheduler.Stats: (REDACTED) Task %s/%s started execution. cause:%s exec_start_elapsed_seconds: %s
01-01 18:19:45.544 28272 19757 I NetworkScheduler.Stats: (REDACTED) Task %s/%s started execution. cause:%s exec_start_elapsed_seconds: %s
01-01 18:19:45.553   773   773 E audit   : type=1400 audit(1767291585.548:1643097): avc:  denied  { ioctl } for  pid=20279 comm=4D6561737572656D656E7420576F72 path="/data/data/com.wawapp.driver/databases/google_app_measurement_local.db" dev="dm-50" ino=1439960 ioctlcmd=0xf522 scontext=u:r:untrusted_app:s0:c161,c257,c512,c768 tcontext=u:object_r:app_data_file:s0:c161,c257,c512,c768 tclass=file permissive=0 SEPF_SM-A145P_12_0001 audit_filtered
01-01 18:19:45.563 27954 20254 I PlayGamesServices[GamesSyncAdapter]: Starting sync for 3b993d08
01-01 18:19:45.563 27954  4702 I PlayGamesServices[GamesSyncAdapter]: Starting sync for 92aaaddc
01-01 18:19:45.568 28272 19697 I NetworkScheduler: (REDACTED) Error inserting %s
01-01 18:19:45.572 27954 20254 I PlayGamesServices[GamesSyncAdapter]: Sync duration for 3b993d08: 2
01-01 18:19:45.572 27954  4702 I PlayGamesServices[GamesSyncAdapter]: Sync duration for 92aaaddc: 2
01-01 18:19:45.609 27954  4702 W PlayGamesServices[DataBroker]: No player ID found when refreshing
01-01 18:19:45.609 27954 20254 W PlayGamesServices[DataBroker]: No player ID found when refreshing
01-01 18:19:45.610 27954  4702 W PlayGamesServices[DataBroker]: No player ID found when refreshing
01-01 18:19:45.610 27954 20254 W PlayGamesServices[DataBroker]: No player ID found when refreshing
01-01 18:19:45.623 28272 19727 I NetworkScheduler.Stats: (REDACTED) Task %s/%s finished executing. cause:%s result: %s elapsed_millis: %s uptime_millis: %s exec_start_elapsed_seconds: %s
01-01 18:19:45.633 28272 19727 I NetworkScheduler.Stats: (REDACTED) Task %s/%s finished executing. cause:%s result: %s elapsed_millis: %s uptime_millis: %s exec_start_elapsed_seconds: %s
01-01 18:19:45.655 27954  8483 W PlayGamesServices[UiUtils]: AppVersion: Cannot find the installed destination app.
01-01 18:19:45.656 27954  8483 I GetServiceValidatorImpl: (REDACTED) onGetService() from Client SDK version [%s], Module version [%s], PGA version [%s], Account [%s], Calling package [%s], Game package [%s]
01-01 18:19:45.660 27954  8483 W GetGamesServiceReqFacto: Parsing request with ignored arguments. signInOptionsBundle [Bundle[{com.google.android.gms.signin.internal.serverClientId=null, com.google.android.gms.signin.internal.usePromptModeForAuthCode=true, com.google.android.gms.signin.internal.logSessionId=null, com.google.android.gms.signin.internal.hostedDomain=null, com.google.android.gms.signin.internal.offlineAccessRequested=false, com.google.android.gms.signin.internal.waitForAccessTokenRefresh=false, com.google.android.gms.signin.internal.clientRequestedAccount=Account {name=<<default account>>, type=com.google}, com.google.android.gms.signin.internal.idTokenRequested=false, com.google.android.gms.signin.internal.forceCodeForRefreshToken=false}]], isRetryingSignIn [false], skipWelcomePopup [false], requireGooglePlus [false]
01-01 18:19:45.660 27954  8483 I GetGamesServiceReqFacto: Replacing request for `games` scope with `games_lite`
01-01 18:19:45.671 28272 19754 I NetworkScheduler.Stats: (REDACTED) Task %s/%s started execution. cause:%s exec_start_elapsed_seconds: %s
01-01 18:19:45.681 27954 20254 I PlayGamesServices[GamesSyncAdapter]: Starting sync for 320c6d22
01-01 18:19:45.682 27954 20425 I SignInPerformer-12: (REDACTED) Handling request [%s], isFirstPartyCaller [%s]
01-01 18:19:45.683 27954 20425 I SignInPerformer-12: Successfully brokered first-party unauthenticated GamesService [CONTEXT service_id=1 ]
01-01 18:19:45.684 27954 20254 I PlayGamesServices[GamesSyncAdapter]: Sync duration for 320c6d22: 2
01-01 18:19:45.688 27954 20425 I GetGamesServiceV2Op: (REDACTED) Successfully brokered GamesService for request %s
01-01 18:19:45.689 27954  8483 W PlayGamesServices[UiUtils]: AppVersion: Cannot find the installed destination app.
01-01 18:19:45.690 27954  8483 W PlayGamesServices[UiUtils]: AppVersionName: Cannot find the installed destination app.
01-01 18:19:45.702 27954 20254 W PlayGamesServices[DataBroker]: No player ID found when refreshing
01-01 18:19:45.703 27954 20254 W PlayGamesServices[DataBroker]: No player ID found when refreshing
01-01 18:19:45.709 27954  8483 W PlayGamesServices[UiUtils]: AppVersion: Cannot find the installed destination app.
01-01 18:19:45.710 27954  8483 W PlayGamesServices[UiUtils]: AppVersionName: Cannot find the installed destination app.
01-01 18:19:45.711 28272 19727 I NetworkScheduler.Stats: (REDACTED) Task %s/%s finished executing. cause:%s result: %s elapsed_millis: %s uptime_millis: %s exec_start_elapsed_seconds: %s
01-01 18:19:45.714  1375  1386 I system_server: Background concurrent copying GC freed 21MB AllocSpace bytes, 475(10148KB) LOS objects, 20% free, 94MB/118MB, paused 702us,387us total 389.003ms
01-01 18:19:45.717 27954  8483 W PlayGamesServices[UiUtils]: AppVersion: Cannot find the installed destination app.
01-01 18:19:45.717 27954  8483 W PlayGamesServices[UiUtils]: AppVersionName: Cannot find the installed destination app.
01-01 18:19:45.723  1375  1388 W System  : A resource failed to call HardwareBuffer.close. 
01-01 18:19:45.724  1375  1388 W system_server: ApkAssets: Deleting an ApkAssets object '<empty> and /data/app/~~GqYi5WRyrq-dFV5urAGNyQ==/com.microsoft.skydrive-Ws1Lx6m_hMikj7mZOgW86g==/base.apk' with 1 weak references
01-01 18:19:45.728  1375  1388 W system_server: ApkAssets: Deleting an ApkAssets object '<empty> and /system/priv-app/SamsungAccount/SamsungAccount.apk' with 1 weak references
01-01 18:19:45.729  1375  1388 W system_server: ApkAssets: Deleting an ApkAssets object '<empty> and /system/priv-app/SamsungExperienceService/SamsungExperienceService.apk' with 1 weak references
01-01 18:19:45.730  1375  1388 W system_server: ApkAssets: Deleting an ApkAssets object '<empty> and /data/app/~~a42UpxBZfREPHb05B_JBjA==/com.alibaba.intl.android.apps.poseidon-T5Edb9At5OLAxI4Hvtabbw==/base.apk' with 1 weak references
01-01 18:19:45.730  1375  1388 W system_server: ApkAssets: Deleting an ApkAssets object '<empty> and /data/app/~~a42UpxBZfREPHb05B_JBjA==/com.alibaba.intl.android.apps.poseidon-T5Edb9At5OLAxI4Hvtabbw==/split_config.ar.apk' with 1 weak references
01-01 18:19:45.730  1375  1388 W system_server: ApkAssets: Deleting an ApkAssets object '<empty> and /data/app/~~a42UpxBZfREPHb05B_JBjA==/com.alibaba.intl.android.apps.poseidon-T5Edb9At5OLAxI4Hvtabbw==/split_config.arm64_v8a.apk' with 1 weak references
01-01 18:19:45.731  1375  1388 W system_server: ApkAssets: Deleting an ApkAssets object '<empty> and /data/app/~~a42UpxBZfREPHb05B_JBjA==/com.alibaba.intl.android.apps.poseidon-T5Edb9At5OLAxI4Hvtabbw==/split_config.en.apk' with 1 weak references
01-01 18:19:45.731  1375  1388 W system_server: ApkAssets: Deleting an ApkAssets object '<empty> and /data/app/~~a42UpxBZfREPHb05B_JBjA==/com.alibaba.intl.android.apps.poseidon-T5Edb9At5OLAxI4Hvtabbw==/split_config.xxhdpi.apk' with 1 weak references
01-01 18:19:45.732  1375  1388 W system_server: ApkAssets: Deleting an ApkAssets object '<empty> and /data/app/~~aVMTLFfjuehAlCWve6oDMg==/com.azure.authenticator-RFl8ElFpI9nUh0pVzIYUlw==/base.apk' with 1 weak references
01-01 18:19:45.732  1375  1388 W system_server: ApkAssets: Deleting an ApkAssets object '<empty> and /data/app/~~5-H0vMX0n9836MOAuJLydQ==/com.opera.mini.native-9aSaU_CY8czVOQ2hm2kIaQ==/base.apk' with 1 weak references
01-01 18:19:45.732  1375  1388 W system_server: ApkAssets: Deleting an ApkAssets object '<empty> and /data/app/~~5-H0vMX0n9836MOAuJLydQ==/com.opera.mini.native-9aSaU_CY8czVOQ2hm2kIaQ==/split_config.ar.apk' with 1 weak references
01-01 18:19:45.732  1375  1388 W system_server: ApkAssets: Deleting an ApkAssets object '<empty> and /data/app/~~5-H0vMX0n9836MOAuJLydQ==/com.opera.mini.native-9aSaU_CY8czVOQ2hm2kIaQ==/split_config.arm64_v8a.apk' with 1 weak references
01-01 18:19:45.733  1375  1388 W system_server: ApkAssets: Deleting an ApkAssets object '<empty> and /data/app/~~5-H0vMX0n9836MOAuJLydQ==/com.opera.mini.native-9aSaU_CY8czVOQ2hm2kIaQ==/split_config.en.apk' with 1 weak references
01-01 18:19:45.733  1375  1388 W system_server: ApkAssets: Deleting an ApkAssets object '<empty> and /data/app/~~5-H0vMX0n9836MOAuJLydQ==/com.opera.mini.native-9aSaU_CY8czVOQ2hm2kIaQ==/split_config.xxhdpi.apk' with 1 weak references
01-01 18:19:45.733  1375  1388 W system_server: ApkAssets: Deleting an ApkAssets object '<empty> and /data/app/~~5-H0vMX0n9836MOAuJLydQ==/com.opera.mini.native-9aSaU_CY8czVOQ2hm2kIaQ==/split_pangle_ads.apk' with 1 weak references
01-01 18:19:45.733  1375  1388 W system_server: ApkAssets: Deleting an ApkAssets object '<empty> and /data/app/~~5-H0vMX0n9836MOAuJLydQ==/com.opera.mini.native-9aSaU_CY8czVOQ2hm2kIaQ==/split_pangle_ads.config.ar.apk' with 1 weak references
01-01 18:19:45.733  1375  1388 W system_server: ApkAssets: Deleting an ApkAssets object '<empty> and /data/app/~~5-H0vMX0n9836MOAuJLydQ==/com.opera.mini.native-9aSaU_CY8czVOQ2hm2kIaQ==/split_pangle_ads.config.arm64_v8a.apk' with 1 weak references
01-01 18:19:45.733  1375  1388 W system_server: ApkAssets: Deleting an ApkAssets object '<empty> and /data/app/~~5-H0vMX0n9836MOAuJLydQ==/com.opera.mini.native-9aSaU_CY8czVOQ2hm2kIaQ==/split_pangle_ads.config.en.apk' with 1 weak references
01-01 18:19:45.733  1375  1388 W system_server: ApkAssets: Deleting an ApkAssets object '<empty> and /system/priv-app/Accessibility/Accessibility.apk' with 1 weak references
01-01 18:19:45.734  1375  1388 W system_server: ApkAssets: Deleting an ApkAssets object '<empty> and /system/priv-app/TalkbackSE/TalkbackSE.apk' with 1 weak references
01-01 18:19:45.735  1375  1388 W system_server: ApkAssets: Deleting an ApkAssets object '<empty> and /data/app/~~OK2qi4hZntvOyIExuXxIWg==/com.antivirus-ljvhiyWsvxPiV0bX8KdbMQ==/base.apk' with 1 weak references
01-01 18:19:45.735  1375  1388 W system_server: ApkAssets: Deleting an ApkAssets object '<empty> and /data/app/~~OK2qi4hZntvOyIExuXxIWg==/com.antivirus-ljvhiyWsvxPiV0bX8KdbMQ==/split_config.ar.apk' with 1 weak references
01-01 18:19:45.735  1375  1388 W system_server: ApkAssets: Deleting an ApkAssets object '<empty> and /data/app/~~OK2qi4hZntvOyIExuXxIWg==/com.antivirus-ljvhiyWsvxPiV0bX8KdbMQ==/split_config.arm64_v8a.apk' with 1 weak references
01-01 18:19:45.735  1375  1388 W system_server: ApkAssets: Deleting an ApkAssets object '<empty> and /data/app/~~OK2qi4hZntvOyIExuXxIWg==/com.antivirus-ljvhiyWsvxPiV0bX8KdbMQ==/split_config.en.apk' with 1 weak references
01-01 18:19:45.735  1375  1388 W system_server: ApkAssets: Deleting an ApkAssets object '<empty> and /data/app/~~OK2qi4hZntvOyIExuXxIWg==/com.antivirus-ljvhiyWsvxPiV0bX8KdbMQ==/split_config.xxhdpi.apk' with 1 weak references
01-01 18:19:45.735  1375  1388 W system_server: ApkAssets: Deleting an ApkAssets object '<empty> and /system/priv-app/SecSettings/SecSettings.apk' with 1 weak references
01-01 18:19:45.736  1375  1388 W system_server: ApkAssets: Deleting an ApkAssets object '<empty> and /system/app/HoneyBoard/HoneyBoard.apk' with 1 weak references
