--------- beginning of main
01-01 18:19:44.311   806 20278 I mtkpower_client: perf_lock_rel, hdl:54183, tid:20278
01-01 18:19:44.312   806 20278 I mtkpower_client: perf_lock_acq, hdl:0, dur:0, num:2, tid:20278
01-01 18:19:44.312   813   869 I libPowerHal: [perfLockRel] hdl:54183, idx:2
01-01 18:19:44.312   813   869 I libPowerHal: [PD] vendor.samsung. update cmd:300c000 param:0
01-01 18:19:44.314   806 20278 I mtkpower_client: ret_hdl:54188
01-01 18:19:44.314   813   869 I libPowerHal: [perfLockAcq] idx:2 hdl:54188 hint:-1 pid:806 duration:0 lock_user:vendor.samsung. => ret_hdl:54188
01-01 18:19:44.315   813   869 I libPowerHal: [PE] vendor.samsung. update cmd:300c000, param:15
01-01 18:19:44.315   806 20278 I mtkpower_client: perf_lock_rel, hdl:54184, tid:20278
01-01 18:19:44.315   806 20278 I mtkpower_client: perf_lock_acq, hdl:0, dur:0, num:2, tid:20278
01-01 18:19:44.315   813   869 I libPowerHal: [perfLockRel] hdl:54184, idx:3
01-01 18:19:44.315   813   869 I libPowerHal: [PD] vendor.samsung. update cmd:1c3c000 param:1
01-01 18:19:44.316   813   869 I libPowerHal: [PD] (more) /proc/mcdi/state set +prefix:enable 1;
01-01 18:19:44.316   806 20278 I mtkpower_client: ret_hdl:54189
01-01 18:19:44.316   813   869 I libPowerHal: [perfLockAcq] idx:3 hdl:54189 hint:-1 pid:806 duration:0 lock_user:vendor.samsung. => ret_hdl:54189
01-01 18:19:44.317   813   869 I libPowerHal: [PE] (more) /proc/mcdi/state set +prefix:enable 0;
01-01 18:19:44.318   806 20278 I mtkpower_client: perf_lock_rel, hdl:54185, tid:20278
01-01 18:19:44.318   806 20278 I mtkpower_client: perf_lock_acq, hdl:0, dur:0, num:2, tid:20278
01-01 18:19:44.318   813   869 I libPowerHal: [perfLockRel] hdl:54185, idx:4
01-01 18:19:44.319   813   869 I libPowerHal: vendor.samsung.: cpu_ctrl set cpu freq: -1 -1 2000000 -1
01-01 18:19:44.319   806 20278 I mtkpower_client: ret_hdl:54190
01-01 18:19:44.319   806 20278 I mtkpower_client: perf_lock_rel, hdl:54186, tid:20278
01-01 18:19:44.320   813   869 I libPowerHal: [perfLockAcq] idx:6 hdl:54190 hint:-1 pid:806 duration:0 lock_user:vendor.samsung. => ret_hdl:54190
01-01 18:19:44.320   813   869 I libPowerHal: vendor.samsung.: cpu_ctrl set cpu freq: 1800000 -1 2000000 -1
01-01 18:19:44.321   806 20278 I mtkpower_client: perf_lock_acq, hdl:0, dur:0, num:2, tid:20278
01-01 18:19:44.321   813   869 I libPowerHal: [perfLockRel] hdl:54186, idx:1
01-01 18:19:44.321   813   869 I libPowerHal: [PD] vendor.samsung. update cmd:1000000, param:-1
01-01 18:19:44.321   813   869 I libPowerHal: [PD] vendor.samsung. update cmd:1000000 param:-1
01-01 18:19:44.322   806 20278 I mtkpower_client: ret_hdl:54191
01-01 18:19:44.322   806 20278 I mtkpower_client: perf_lock_rel, hdl:54187, tid:20278
01-01 18:19:44.322   813   869 I libPowerHal: [perfLockAcq] idx:1 hdl:54191 hint:-1 pid:806 duration:0 lock_user:vendor.samsung. => ret_hdl:54191
01-01 18:19:44.322   813   869 I libPowerHal: [PE] vendor.samsung. update cmd:1000000, param:0
01-01 18:19:44.323   813   869 I libPowerHal: [PE] vendor.samsung. update cmd:1000000 param:0
01-01 18:19:44.323   806 20278 I mtkpower_client: perf_lock_acq, hdl:0, dur:0, num:2, tid:20278
01-01 18:19:44.323   813   869 I libPowerHal: [perfLockRel] hdl:54187, idx:5
01-01 18:19:44.323   813   869 I libPowerHal: vendor.samsung.: cpu_ctrl set cpu freq: 1800000 -1 -1 -1
01-01 18:19:44.324   806 20278 I mtkpower_client: ret_hdl:54192
01-01 18:19:44.324   806 20278 I HYPER-HAL: [RequestManager.cpp]releaseLocked(): Released ID : 969545
01-01 18:19:44.324   813   869 I libPowerHal: [perfLockAcq] idx:4 hdl:54192 hint:-1 pid:806 duration:0 lock_user:vendor.samsung. => ret_hdl:54192
01-01 18:19:44.324   813   869 I libPowerHal: vendor.samsung.: cpu_ctrl set cpu freq: 1800000 -1 2000000 -1
01-01 18:19:44.349 20279 20378 D nativeloader: Configuring clns-9 for other apk /data/app/~~_Nac8VCqQ_vs8-CqRv5PwQ==/com.google.android.gms-QBQQ4buBT01ws6-94u7_oA==/base.apk. target_sdk_version=36, uses_libraries=, library_path=/data/app/~~_Nac8VCqQ_vs8-CqRv5PwQ==/com.google.android.gms-QBQQ4buBT01ws6-94u7_oA==/lib/arm64:/data/app/~~_Nac8VCqQ_vs8-CqRv5PwQ==/com.google.android.gms-QBQQ4buBT01ws6-94u7_oA==/base.apk!/lib/arm64-v8a, permitted_path=/data:/mnt/expand:/data/user/0/com.google.android.gms
01-01 18:19:44.386  1876  1876 D StatusBarIconController: ignoring old pipeline callbacks, because the new mobile icons are enabled
01-01 18:19:44.410 20279 20383 E GoogleApiManager: Failed to get service from broker. 
01-01 18:19:44.410 20279 20383 E GoogleApiManager: java.lang.SecurityException: Unknown calling package name 'com.google.android.gms'.
01-01 18:19:44.410 20279 20383 E GoogleApiManager: 	at android.os.Parcel.createExceptionOrNull(Parcel.java:3091)
01-01 18:19:44.410 20279 20383 E GoogleApiManager: 	at android.os.Parcel.createException(Parcel.java:3075)
01-01 18:19:44.410 20279 20383 E GoogleApiManager: 	at android.os.Parcel.readException(Parcel.java:3058)
01-01 18:19:44.410 20279 20383 E GoogleApiManager: 	at android.os.Parcel.readException(Parcel.java:3000)
01-01 18:19:44.410 20279 20383 E GoogleApiManager: 	at bcny.a(:com.google.android.gms@254730029@25.47.30 (190400-833691957):36)
01-01 18:19:44.410 20279 20383 E GoogleApiManager: 	at bclz.z(:com.google.android.gms@254730029@25.47.30 (190400-833691957):143)
01-01 18:19:44.410 20279 20383 E GoogleApiManager: 	at bbsa.run(:com.google.android.gms@254730029@25.47.30 (190400-833691957):42)
01-01 18:19:44.410 20279 20383 E GoogleApiManager: 	at android.os.Handler.handleCallback(Handler.java:958)
01-01 18:19:44.410 20279 20383 E GoogleApiManager: 	at android.os.Handler.dispatchMessage(Handler.java:99)
01-01 18:19:44.410 20279 20383 E GoogleApiManager: 	at cpsa.ms(:com.google.android.gms@254730029@25.47.30 (190400-833691957):1)
01-01 18:19:44.410 20279 20383 E GoogleApiManager: 	at cpsa.dispatchMessage(:com.google.android.gms@254730029@25.47.30 (190400-833691957):5)
01-01 18:19:44.410 20279 20383 E GoogleApiManager: 	at android.os.Looper.loopOnce(Looper.java:230)
01-01 18:19:44.410 20279 20383 E GoogleApiManager: 	at android.os.Looper.loop(Looper.java:319)
01-01 18:19:44.410 20279 20383 E GoogleApiManager: 	at android.os.HandlerThread.run(HandlerThread.java:67)
01-01 18:19:44.413 20279 20383 W GoogleApiManager: Not showing notification since connectionResult is not user-facing: ConnectionResult{statusCode=DEVELOPER_ERROR, resolution=null, message=null, clientMethodKey=null}
01-01 18:19:44.418 20279 20382 W FlagRegistrar: Failed to register com.google.android.gms.providerinstaller#com.wawapp.driver
01-01 18:19:44.418 20279 20382 W FlagRegistrar: fuxh: 17: 17: API: Phenotype.API is not available on this device. Connection failed with: ConnectionResult{statusCode=DEVELOPER_ERROR, resolution=null, message=null, clientMethodKey=null}
01-01 18:19:44.418 20279 20382 W FlagRegistrar: 	at fuxj.a(:com.google.android.gms@254730029@25.47.30 (190400-833691957):13)
01-01 18:19:44.418 20279 20382 W FlagRegistrar: 	at gsil.d(:com.google.android.gms@254730029@25.47.30 (190400-833691957):3)
01-01 18:19:44.418 20279 20382 W FlagRegistrar: 	at gsin.run(:com.google.android.gms@254730029@25.47.30 (190400-833691957):130)
01-01 18:19:44.418 20279 20382 W FlagRegistrar: 	at gsku.execute(:com.google.android.gms@254730029@25.47.30 (190400-833691957):1)
01-01 18:19:44.418 20279 20382 W FlagRegistrar: 	at gsiv.f(:com.google.android.gms@254730029@25.47.30 (190400-833691957):1)
01-01 18:19:44.418 20279 20382 W FlagRegistrar: 	at gsiv.m(:com.google.android.gms@254730029@25.47.30 (190400-833691957):99)
01-01 18:19:44.418 20279 20382 W FlagRegistrar: 	at gsiv.r(:com.google.android.gms@254730029@25.47.30 (190400-833691957):17)
01-01 18:19:44.418 20279 20382 W FlagRegistrar: 	at fnpk.hz(:com.google.android.gms@254730029@25.47.30 (190400-833691957):35)
01-01 18:19:44.418 20279 20382 W FlagRegistrar: 	at fbcs.run(:com.google.android.gms@254730029@25.47.30 (190400-833691957):12)
01-01 18:19:44.418 20279 20382 W FlagRegistrar: 	at gsku.execute(:com.google.android.gms@254730029@25.47.30 (190400-833691957):1)
01-01 18:19:44.418 20279 20382 W FlagRegistrar: 	at fbct.b(:com.google.android.gms@254730029@25.47.30 (190400-833691957):18)
01-01 18:19:44.418 20279 20382 W FlagRegistrar: 	at fbdi.b(:com.google.android.gms@254730029@25.47.30 (190400-833691957):36)
01-01 18:19:44.418 20279 20382 W FlagRegistrar: 	at fbdk.d(:com.google.android.gms@254730029@25.47.30 (190400-833691957):25)
01-01 18:19:44.418 20279 20382 W FlagRegistrar: 	at bbpj.c(:com.google.android.gms@254730029@25.47.30 (190400-833691957):9)
01-01 18:19:44.418 20279 20382 W FlagRegistrar: 	at bbry.q(:com.google.android.gms@254730029@25.47.30 (190400-833691957):48)
01-01 18:19:44.418 20279 20382 W FlagRegistrar: 	at bbry.d(:com.google.android.gms@254730029@25.47.30 (190400-833691957):10)
01-01 18:19:44.418 20279 20382 W FlagRegistrar: 	at bbry.g(:com.google.android.gms@254730029@25.47.30 (190400-833691957):185)
01-01 18:19:44.418 20279 20382 W FlagRegistrar: 	at bbry.onConnectionFailed(:com.google.android.gms@254730029@25.47.30 (190400-833691957):2)
01-01 18:19:44.418 20279 20382 W FlagRegistrar: 	at bbsa.run(:com.google.android.gms@254730029@25.47.30 (190400-833691957):70)
01-01 18:19:44.418 20279 20382 W FlagRegistrar: 	at android.os.Handler.handleCallback(Handler.java:958)
01-01 18:19:44.418 20279 20382 W FlagRegistrar: 	at android.os.Handler.dispatchMessage(Handler.java:99)
01-01 18:19:44.418 20279 20382 W FlagRegistrar: 	at cpsa.ms(:com.google.android.gms@254730029@25.47.30 (190400-833691957):1)
01-01 18:19:44.418 20279 20382 W FlagRegistrar: 	at cpsa.dispatchMessage(:com.google.android.gms@254730029@25.47.30 (190400-833691957):5)
01-01 18:19:44.418 20279 20382 W FlagRegistrar: 	at android.os.Looper.loopOnce(Looper.java:230)
01-01 18:19:44.418 20279 20382 W FlagRegistrar: 	at android.os.Looper.loop(Looper.java:319)
01-01 18:19:44.418 20279 20382 W FlagRegistrar: 	at android.os.HandlerThread.run(HandlerThread.java:67)
01-01 18:19:44.418 20279 20382 W FlagRegistrar: Caused by: bbnq: 17: API: Phenotype.API is not available on this device. Connection failed with: ConnectionResult{statusCode=DEVELOPER_ERROR, resolution=null, message=null, clientMethodKey=null}
01-01 18:19:44.418 20279 20382 W FlagRegistrar: 	at bcll.a(:com.google.android.gms@254730029@25.47.30 (190400-833691957):15)
01-01 18:19:44.418 20279 20382 W FlagRegistrar: 	at bbpm.a(:com.google.android.gms@254730029@25.47.30 (190400-833691957):1)
01-01 18:19:44.418 20279 20382 W FlagRegistrar: 	at bbpj.c(:com.google.android.gms@254730029@25.47.30 (190400-833691957):5)
01-01 18:19:44.418 20279 20382 W FlagRegistrar: 	... 12 more
01-01 18:19:44.462 20279 20378 D nativeloader: Load /data/app/~~_Nac8VCqQ_vs8-CqRv5PwQ==/com.google.android.gms-QBQQ4buBT01ws6-94u7_oA==/base.apk!/lib/arm64-v8a/libconscrypt_gmscore_jni.so using class loader ns clns-9 (caller=/data/app/~~_Nac8VCqQ_vs8-CqRv5PwQ==/com.google.android.gms-QBQQ4buBT01ws6-94u7_oA==/base.apk): ok
01-01 18:19:44.463 20279 20378 V NativeCrypto: Registering com/google/android/gms/org/conscrypt/NativeCrypto's 329 native methods...
01-01 18:19:44.506 20279 20378 I ProviderInstaller: Installed default security provider GmsCore_OpenSSL
01-01 18:19:44.528 20279 20378 D ConnectivityManager: StackLog: [android.net.ConnectivityManager.sendRequestForNetwork(ConnectivityManager.java:4736)] [android.net.ConnectivityManager.registerDefaultNetworkCallbackForUid(ConnectivityManager.java:5461)] [android.net.ConnectivityManager.registerDefaultNetworkCallback(ConnectivityManager.java:5428)] [android.net.ConnectivityManager.registerDefaultNetworkCallback(ConnectivityManager.java:5402)] [Y3.c.A(SourceFile:11)] [Y3.c.<init>(SourceFile:27)] [Y3.d.g(SourceFile:11)] [L2.c.a(SourceFile:239)] [L2.c.call(SourceFile:24)] [com.google.android.gms.tasks.zzz.run(SourceFile:5)] [n2.m.run(SourceFile:30)] [java.util.concurrent.ThreadPoolExecutor.runWorker(ThreadPoolExecutor.java:1156)] [java.util.concurrent.ThreadPoolExecutor$Worker.run(ThreadPoolExecutor.java:651)] [java.lang.Thread.run(Thread.java:1119)]
01-01 18:19:44.530  1375  2069 D ConnectivityService: requestNetwork for uid/pid:10417/20279 activeRequest: null callbackRequest: 8179 [NetworkRequest [ REQUEST id=8180, [ Capabilities: INTERNET&NOT_RESTRICTED&TRUSTED&NOT_VCN_MANAGED Uid: 10417 RequestorUid: 10417 RequestorPkg: com.wawapp.driver UnderlyingNetworks: Null] ]] callback flags: 0 order: 2147483647 isUidTracked: false declaredMethods: AVAIL|LOST|BLK
01-01 18:19:44.531  1375  1619 D ConnectivityService:    accepting network in place of null for NetworkRequest [ REQUEST id=8180, [ Capabilities: INTERNET&NOT_RESTRICTED&TRUSTED&NOT_VCN_MANAGED Uid: 10417 RequestorUid: 10417 RequestorPkg: com.wawapp.driver UnderlyingNetworks: Null] ]
01-01 18:19:44.533  1375  1592 D WifiNetworkFactory: got request NetworkRequest [ REQUEST id=8180, [ Capabilities: INTERNET&NOT_RESTRICTED&TRUSTED&NOT_VCN_MANAGED Uid: 10417 RequestorUid: 10417 RequestorPkg: com.wawapp.driver UnderlyingNetworks: Null] ]
01-01 18:19:44.533  1375  1592 V WifiNetworkFactory: Accepted network request NetworkRequest [ REQUEST id=8180, [ Capabilities: INTERNET&NOT_RESTRICTED&TRUSTED&NOT_VCN_MANAGED Uid: 10417 RequestorUid: 10417 RequestorPkg: com.wawapp.driver UnderlyingNetworks: Null] ]
01-01 18:19:44.533  1375  1619 D ConnectivityService: Rematched networks [computed 0ms] [applied 1ms] [issued 2]
01-01 18:19:44.533  1375  1619 D ConnectivityService: NetworkReassignment :
01-01 18:19:44.533  1375  1619 D ConnectivityService:   8180 : null → 127
01-01 18:19:44.534  1375  1592 D UntrustedWifiNetworkFactory: got request NetworkRequest [ REQUEST id=8180, [ Capabilities: INTERNET&NOT_RESTRICTED&TRUSTED&NOT_VCN_MANAGED Uid: 10417 RequestorUid: 10417 RequestorPkg: com.wawapp.driver UnderlyingNetworks: Null] ]
01-01 18:19:44.534  1375  1592 D OemPaidWifiNetworkFactory: got request NetworkRequest [ REQUEST id=8180, [ Capabilities: INTERNET&NOT_RESTRICTED&TRUSTED&NOT_VCN_MANAGED Uid: 10417 RequestorUid: 10417 RequestorPkg: com.wawapp.driver UnderlyingNetworks: Null] ]
01-01 18:19:44.534  1375  1592 D MultiInternetWifiNetworkFactory: got request NetworkRequest [ REQUEST id=8180, [ Capabilities: INTERNET&NOT_RESTRICTED&TRUSTED&NOT_VCN_MANAGED Uid: 10417 RequestorUid: 10417 RequestorPkg: com.wawapp.driver UnderlyingNetworks: Null] ]
01-01 18:19:44.598 27954 27954 D BoundBrokerSvc: onUnbind: Intent { act=com.google.android.gms.auth.key.retrieval.service.START dat=chimera-action:/... cmp=com.google.android.gms/.chimera.GmsApiService }
01-01 18:19:44.614  1375  1739 D NetdEventListenerService: DNS Requested by 127, 10417, 77
01-01 18:19:44.622  1375  1739 D NetdEventListenerService: DNS Requested by 127, 10417, 81
01-01 18:19:44.676  1375  1506 D SensorService: [SO] 0.357 0.044 9.703
01-01 18:19:44.758 20279 20324 W libc    : Access denied finding property "persist.vendor.debug.gpud.enable"
01-01 18:19:44.759 20279 20324 I gralloc4: @set_metadata: update dataspace from GM (0x08010000 -> 0x00000000)
01-01 18:19:44.759 20279 20324 D BLASTBufferQueue: [SurfaceView[com.wawapp.driver/com.wawapp.driver.MainActivity]@0#1](f:0,a:0) onFrameAvailable the first frame is available
01-01 18:19:44.759 20279 20324 D BLASTBufferQueue: [SurfaceView[com.wawapp.driver/com.wawapp.driver.MainActivity]@0#1](f:0,a:1) acquireNextBufferLocked size=1080x2273 mFrameNumber=1 applyTransaction=true mTimestamp=251546349296530(auto) mPendingTransactions.size=0 graphicBufferId=87097641795598 transform=0
01-01 18:19:44.762 20279 20279 I SurfaceView: 17810403 finishedDrawing
01-01 18:19:44.765 20279 20279 I ViewRootImpl@cc8824b[MainActivity]: Setup new sync=wmsSync-ViewRootImpl@cc8824b[MainActivity]#1
01-01 18:19:44.765 20279 20279 I ViewRootImpl@cc8824b[MainActivity]: Creating new active sync group ViewRootImpl@cc8824b[MainActivity]#2
01-01 18:19:44.767   799   879 I hwcomposer: [HWCDisplay] [Display_0 (type:1)] fps:18.252016,dur:1698.44,max:1138.61,min:13.20  
01-01 18:19:44.770 20279 20324 I gralloc4: @set_metadata: update dataspace from GM (0x08010000 -> 0x00000000)
01-01 18:19:44.773 20279 20279 I ViewRootImpl@cc8824b[MainActivity]: registerCallbacksForSync syncBuffer=false
01-01 18:19:44.777 20279 20317 D SurfaceView: 17810403 updateSurfacePosition RenderWorker, frameNr = 1, position = [0, 0, 1080, 2273] surfaceSize = 1080x2273
01-01 18:19:44.777 20279 20317 I SurfaceView@10fc3e3: uSP: rtp = Rect(0, 0 - 1080, 2273) rtsw = 1080 rtsh = 2273
01-01 18:19:44.777 20279 20317 I SurfaceView@10fc3e3: onSSPAndSRT: pl = 0 pt = 0 sx = 1.0 sy = 1.0
01-01 18:19:44.780 20279 20317 I SurfaceView@10fc3e3: aOrMT: ViewRootImpl@cc8824b[MainActivity] t = android.view.SurfaceControl$Transaction@8337752 fN = 1 android.view.SurfaceView.-$$Nest$mapplyOrMergeTransaction:0 android.view.SurfaceView$SurfaceViewPositionUpdateListener.positionChanged:1666 android.graphics.RenderNode$CompositePositionUpdateListener.positionChanged:369 
01-01 18:19:44.780 20279 20317 I ViewRootImpl@cc8824b[MainActivity]: mWNT: t=0xb400006fd6c7e980 mBlastBufferQueue=0xb400007069851980 fn= 1 mRenderHdrSdrRatio=1.0 caller= android.view.SurfaceView.applyOrMergeTransaction:1598 android.view.SurfaceView.-$$Nest$mapplyOrMergeTransaction:0 android.view.SurfaceView$SurfaceViewPositionUpdateListener.positionChanged:1666 
01-01 18:19:44.781 20279 20403 I ViewRootImpl@cc8824b[MainActivity]: Received frameDrawingCallback syncResult=0 frameNum=1.
01-01 18:19:44.781 20279 20403 I ViewRootImpl@cc8824b[MainActivity]: mWNT: t=0xb400006fb6ef2200 mBlastBufferQueue=0xb400007069851980 fn= 1 mRenderHdrSdrRatio=1.0 caller= android.view.ViewRootImpl$8.onFrameDraw:13841 android.view.ThreadedRenderer$1.onFrameDraw:792 <bottom of call stack> 
01-01 18:19:44.781 20279 20403 I ViewRootImpl@cc8824b[MainActivity]: Setting up sync and frameCommitCallback
01-01 18:19:44.795 20279 20317 D BLASTBufferQueue: [ViewRootImpl@cc8824b[MainActivity]#0](f:0,a:0) onFrameAvailable the first frame is available
01-01 18:19:44.796 20279 20317 D BLASTBufferQueue: [ViewRootImpl@cc8824b[MainActivity]#0](f:0,a:1) acquireNextBufferLocked size=1080x2408 mFrameNumber=1 applyTransaction=true mTimestamp=251546385725761(auto) mPendingTransactions.size=0 graphicBufferId=87097641795601 transform=0
01-01 18:19:44.798 20279 20317 I ViewRootImpl@cc8824b[MainActivity]: Received frameCommittedCallback lastAttemptedDrawFrameNum=1 didProduceBuffer=true
01-01 18:19:44.798   841   841 I gralloc4: @set_metadata: update dataspace from GM (0x08010000 -> 0x00000000)
01-01 18:19:44.799 20279 20317 D OpenGLRenderer: CFMS:: SetUp Pid : 20279    Tid : 20317
01-01 18:19:44.799 20279 20279 I ViewRootImpl@cc8824b[MainActivity]: reportDrawFinished seqId=0
--------- beginning of system
01-01 18:19:44.800  1375  2069 D WindowManager: finishDrawingWindow: Window{c275cc5 u0 com.wawapp.driver/com.wawapp.driver.MainActivity} mDrawState=DRAW_PENDING seqId=0
01-01 18:19:44.801  1375  1403 V WindowManager: Finish starting ActivityRecord{9d49fc9 u0 com.wawapp.driver/.MainActivity t9552}: first real window is shown, no animation
01-01 18:19:44.803  1375  1403 V WindowManager: Schedule remove starting ActivityRecord{9d49fc9 u0 com.wawapp.driver/.MainActivity t9552} startingWindow=Window{73face8 u0 Splash Screen com.wawapp.driver} animate=true Callers=com.android.server.wm.ActivityRecord.removeStartingWindow:3460 com.android.server.wm.ActivityRecord.onFirstWindowDrawn:7893 com.android.server.wm.WindowState.performShowLocked:5333 com.android.server.wm.WindowStateAnimator.commitFinishDrawingLocked:280 com.android.server.wm.DisplayContent.lambda$new$8:1294 
01-01 18:19:44.804  1375  1403 D TaskOrganizerController: applyStartingWindowAnimation, window=Window{c275cc5 u0 com.wawapp.driver/com.wawapp.driver.MainActivity}, caller=com.android.server.wm.TaskOrganizerController.removeStartingWindow:780 com.android.server.wm.StartingSurfaceController$StartingSurface.remove:292 com.android.server.wm.ActivityRecord.removeStartingWindowAnimation:3540 
01-01 18:19:44.804  1375  1403 I WindowManager: Reparenting to leash, surface=Surface(name=c275cc5 com.wawapp.driver/com.wawapp.driver.MainActivity)/@0xfb049f6, leashParent=Surface(name=ActivityRecord{9d49fc9 u0 com.wawapp.driver/.MainActivity t9552})/@0x1a20c4a
01-01 18:19:44.804 20279 20324 I gralloc4: @set_metadata: update dataspace from GM (0x08010000 -> 0x00000000)
01-01 18:19:44.805   841   887 E BufferQueueDebug: [Surface(name=c275cc5 com.wawapp.driver/com.wawapp.driver.MainActivity)/@0xfb049f6 - animation-leash of starting_reveal#53349](this:0xb400007a78d31790,id:-1,api:0,p:-1,c:-1) id info cannot be read from 'Surface(name=c275cc5 com.wawapp.driver/com.wawapp.driver.MainActivity)/@0xfb049f6 - animation-leash of starting_reveal#53349'
01-01 18:19:44.806   841   887 I BufferQueueDebug: [Surface(name=c275cc5 com.wawapp.driver/com.wawapp.driver.MainActivity)/@0xfb049f6 - animation-leash of starting_reveal#53349](this:0xb400007a78d31790,id:-1,api:0,p:-1,c:-1) BufferQueue core=(841:/system/bin/surfaceflinger)
01-01 18:19:44.806   841   887 I SurfaceFlinger: id=53349 createSurf, flag=24000, Surface(name=c275cc5 com.wawapp.driver/com.wawapp.driver.MainActivity)/@0xfb049f6 - animation-leash of starting_reveal#53349
01-01 18:19:44.807  1375  1403 D WindowManager: makeSurface duration=3 leash=Surface(name=Surface(name=c275cc5 com.wawapp.driver/com.wawapp.driver.MainActivity)/@0xfb049f6 - animation-leash of starting_reveal)/@0xedca1f7
01-01 18:19:44.808  1876  2015 D ShellTaskOrganizer: removeStartingWindow, removalInfo=StartingWindowRemovalInfo{taskId=9552 frame=Rect(0, 0 - 1080, 2408) playRevealAnimation=true roundedCornerRadius=0.0 deferRemoveForImeMode=0 windowlessSurface=false removeImmediately=false}
01-01 18:19:44.810  1375  1403 V WindowManager: performShowLocked: mDrawState=HAS_DRAWN in Window{c275cc5 u0 com.wawapp.driver/com.wawapp.driver.MainActivity}
01-01 18:19:44.814   841   841 I Layer   : Layer [com.wawapp.driver/com.wawapp.driver.MainActivity$_20279#53342] hidden!! flag(0)
01-01 18:19:44.814   841   841 I gralloc4: @set_metadata: update dataspace from GM (0x00000000 -> 0x08010000)
01-01 18:19:44.816  1375  2069 D InputDispatcher: Focus entered window (0): c275cc5 com.wawapp.driver/com.wawapp.driver.MainActivity
01-01 18:19:44.816  1375  5925 I SemDvfsHyPerManager: acquire hyper - AMS_RESUME_TAIL/1375@18, type = -999
01-01 18:19:44.817   813   835 I mtkpower@impl: [setMode] type:5, enabled:0
01-01 18:19:44.817  1375  5925 I SemDvfsHyPerManager: acquire hyper - AMS_ACT_LAZY/1375@19, type = -999
01-01 18:19:44.817 20279 20279 I ViewRootImpl@cc8824b[MainActivity]: handleWindowFocusChanged: 1 0 call from android.view.ViewRootImpl.-$$Nest$mhandleWindowFocusChanged:0
01-01 18:19:44.818 20279 20279 D ViewRootImpl@cc8824b[MainActivity]: mThreadedRenderer.initializeIfNeeded()#2 mSurface={isValid=true 0xb400007069937000}
01-01 18:19:44.819   806   850 I HYPER-HAL: [RequestManager.cpp]acquire(): Acquired ID : 970939  [1375 / 18]    HINT : AMS_RESUME_TAIL    list : 
01-01 18:19:44.820  1876  2534 I ViewRootImpl@fb3f9f6[driver]: mWNT: t=0xb400006f8eade500 mBlastBufferQueue=0xb40000707a53a100 fn= 2 mRenderHdrSdrRatio=1.0 caller= android.view.SyncRtSurfaceTransactionApplier.applyTransaction:96 android.view.SyncRtSurfaceTransactionApplier.lambda$scheduleApply$0:69 android.view.SyncRtSurfaceTransactionApplier.$r8$lambda$SgowXC58rj3PR958kHUfRgLZmvE:0 
01-01 18:19:44.820  1876  2534 I ViewRootImpl@fb3f9f6[driver]: mWNT: t=0xb400006f8eadf700 mBlastBufferQueue=0xb40000707a53a100 fn= 2 mRenderHdrSdrRatio=1.0 caller= android.view.SyncRtSurfaceTransactionApplier.applyTransaction:96 android.view.SyncRtSurfaceTransactionApplier.lambda$scheduleApply$0:69 android.view.SyncRtSurfaceTransactionApplier.$r8$lambda$SgowXC58rj3PR958kHUfRgLZmvE:0 
01-01 18:19:44.817  1375  5925 D ActivityManagerPerformance: AMP_acquire() TAIL
01-01 18:19:44.822  1375  5925 D ActivityManagerPerformance: AMP_release() APP_SWITCH
01-01 18:19:44.822   806   850 I mtkpower_client: perf_lock_rel, hdl:54189, tid:850
01-01 18:19:44.823   806   850 I mtkpower_client: perf_lock_acq, hdl:0, dur:0, num:2, tid:850
01-01 18:19:44.823   841   841 D SurfaceFlinger: Display 0 HWC layers:
01-01 18:19:44.823   841   841 D SurfaceFlinger:      DEVICE | 0xb400007aa0828a80 | 0102 | RGBA_8888    |    0.0    0.0 1080.0 2273.0 |    0    0 1080 2273 | SurfaceView[com.wawapp.driver/com.wawapp.driver.MainActivity]@0(BLAST)#53347
01-01 18:19:44.823   841   841 D SurfaceFlinger:      DEVICE | 0xb400007a9ec57500 | 0100 | RGBA_8888    |    0.0    0.0 1080.0 2408.0 |    0    0 1080 2408 | com.wawapp.driver/com.wawapp.driver.MainActivity$_20279#53342
01-01 18:19:44.823   841   841 D SurfaceFlinger:      DEVICE | 0xb400007aa0829f80 | 0100 | RGBA_8888    |    0.0    0.0 1080.0 2408.0 |    0    0 1080 2408 | Splash Screen com.wawapp.driver$_1876#53331
01-01 18:19:44.823   841   841 D SurfaceFlinger:      DEVICE | 0xb400007a79376f80 | 0100 | RGBA_8888    |    0.0    0.0 1080.0   64.0 |    0    0 1080   64 | StatusBar$_1876#83
01-01 18:19:44.823   841   841 D SurfaceFlinger:      DEVICE | 0xb400007a79375c00 | 0100 | RGBA_8888    |    0.0    0.0 1080.0  135.0 |    0 2273 1080 2408 | NavigationBar0$_1876#79
01-01 18:19:44.823   841   841 D SurfaceFlinger: 
01-01 18:19:44.823   806   850 I mtkpower_client: ret_hdl:54193
01-01 18:19:44.823  1375  5925 W ActivityTaskManager: Request to remove task ignored for non-existent task 9550
01-01 18:19:44.824  1375  1399 D [secipm]: mSecIpmManager report to nap
01-01 18:19:44.825   813   869 I libPowerHal: [perfLockRel] hdl:54189, idx:3
01-01 18:19:44.825   813   869 I libPowerHal: [PD] vendor.samsung. update cmd:1c3c000 param:1
01-01 18:19:44.825   806   850 I mtkpower_client: perf_lock_rel, hdl:54191, tid:850
01-01 18:19:44.825   813   869 I libPowerHal: [PD] (more) /proc/mcdi/state set +prefix:enable 1;
01-01 18:19:44.825 20279 20279 D InputMethodManagerUtils: startInputInner - Id : 0
01-01 18:19:44.826 20279 20279 I InputMethodManager: startInputInner - IInputMethodManagerGlobalInvoker.startInputOrWindowGainedFocus
01-01 18:19:44.828   813   869 I libPowerHal: [perfLockAcq] idx:5 hdl:54193 hint:-1 pid:806 duration:0 lock_user:vendor.samsung. => ret_hdl:54193
01-01 18:19:44.828   813   869 I libPowerHal: [PE] (more) /proc/mcdi/state set +prefix:enable 0;
01-01 18:19:44.829   806   850 I mtkpower_client: perf_lock_acq, hdl:0, dur:0, num:2, tid:850
01-01 18:19:44.829   813   869 I libPowerHal: [perfLockRel] hdl:54191, idx:1
01-01 18:19:44.829   813   869 I libPowerHal: [PD] vendor.samsung. update cmd:1000000, param:-1
01-01 18:19:44.830   813   869 I libPowerHal: [PD] vendor.samsung. update cmd:1000000 param:-1
01-01 18:19:44.830   841   841 I BufferQueueProducer: [Splash Screen com.wawapp.driver$_1876#53331](this:0xb400007a787b4790,id:-1,api:0,p:-1,c:841) queueBuffer: fps=0.52 dur=1912.67 max=1912.67 min=1912.67
01-01 18:19:44.831   806   850 I mtkpower_client: ret_hdl:54194
01-01 18:19:44.831  1375  5925 D CompatibilityChangeReporter: Compat change id reported: 214016041; UID 10417; state: ENABLED
01-01 18:19:44.831   806   850 I mtkpower_client: perf_lock_rel, hdl:54192, tid:850
01-01 18:19:44.831  1375  5925 D InputMethodManagerService: setWindowStateInner, windowToken=android.os.BinderProxy@a85173c, state=ImeTargetWindowState{ imeToken null imeFocusChanged true hasEditorFocused false requestedImeVisible false imeDisplayId 0 softInputModeState STATE_UNSPECIFIED|ADJUST_RESIZE|IS_FORWARD_NAVIGATION isStartInputByGainFocus true}
01-01 18:19:44.831  1375  5925 V InputMethodManagerService: Unspecified window will hide input
01-01 18:19:44.831  1375  5925 V InputMethodManagerService: applyImeVisibility state=6
01-01 18:19:44.831  1375  5925 I ImeTracker: com.wawapp.driver:9f6b4eb6: onRequestHide at ORIGIN_SERVER_HIDE_INPUT reason HIDE_UNSPECIFIED_WINDOW
01-01 18:19:44.831   841   841 I gralloc4: @set_metadata: update dataspace from GM (0x08010000 -> 0x00000000)
01-01 18:19:44.831  1375  5925 D InputMethodManagerService: setWindowStateInner, windowToken=android.os.BinderProxy@a85173c, state=ImeTargetWindowState{ imeToken android.os.Binder@2171acd imeFocusChanged true hasEditorFocused false requestedImeVisible false imeDisplayId 0 softInputModeState STATE_UNSPECIFIED|ADJUST_RESIZE|IS_FORWARD_NAVIGATION isStartInputByGainFocus true}
01-01 18:19:44.831  1375  5925 I ImeTracker: com.wawapp.driver:9f6b4eb6: onCancelled at PHASE_SERVER_SHOULD_HIDE
01-01 18:19:44.832  1876  2534 I ViewRootImpl@fb3f9f6[driver]: mWNT: t=0xb400006f8eaeb680 mBlastBufferQueue=0xb40000707a53a100 fn= 3 mRenderHdrSdrRatio=1.0 caller= android.view.SyncRtSurfaceTransactionApplier.applyTransaction:96 android.view.SyncRtSurfaceTransactionApplier.lambda$scheduleApply$0:69 android.view.SyncRtSurfaceTransactionApplier.$r8$lambda$SgowXC58rj3PR958kHUfRgLZmvE:0 
01-01 18:19:44.832  1375  5925 V InputMethodManagerService: hideCurrentInputLocked : canceled, shouldHideSoftInput=false, mInputShown=false, mImeWindowVis=0
01-01 18:19:44.832   813   869 I libPowerHal: [perfLockAcq] idx:1 hdl:54194 hint:-1 pid:806 duration:0 lock_user:vendor.samsung. => ret_hdl:54194
01-01 18:19:44.832  1375  5925 D InputMethodManagerService: mDesktopModeManager null!
01-01 18:19:44.832  1375  5925 V InputMethodManagerService: getDisplayIdOfInputMethodWindowToBeAdded: displayId=0
01-01 18:19:44.832   813   869 I libPowerHal: [PE] vendor.samsung. update cmd:1000000, param:0
01-01 18:19:44.832   813   869 I libPowerHal: [PE] vendor.samsung. update cmd:1000000 param:0
01-01 18:19:44.833   806   850 I mtkpower_client: perf_lock_acq, hdl:0, dur:0, num:2, tid:850
01-01 18:19:44.833  1375  1399 I PkgPredictorService-SecIpmManagerServiceImpl: reportToNAP uid:10417 com.wawapp.driver/com.wawapp.driver.MainActivity thisTime:2051
01-01 18:19:44.833   813   869 I libPowerHal: [perfLockRel] hdl:54192, idx:4
01-01 18:19:44.834   813   869 I libPowerHal: vendor.samsung.: cpu_ctrl set cpu freq: 1800000 -1 -1 -1
01-01 18:19:44.835   813   869 I libPowerHal: [perfLockAcq] idx:3 hdl:54195 hint:-1 pid:806 duration:0 lock_user:vendor.samsung. => ret_hdl:54195
01-01 18:19:44.835   813   869 I libPowerHal: vendor.samsung.: cpu_ctrl set cpu freq: 1800000 -1 2000000 -1
01-01 18:19:44.836  1375  1399 D PkgPredictorService-SecIpmManagerServiceImpl: reportToNAP: mHeavyLaunchCounter is false
01-01 18:19:44.837   806   850 I mtkpower_client: ret_hdl:54195
01-01 18:19:44.837   806   850 I mtkpower_client: perf_lock_rel, hdl:54188, tid:850
01-01 18:19:44.838  2772 18855 I HoneySpace.RecentTasks: onRecentTasksChanged
01-01 18:19:44.838 15317 15317 I ViewRootImpl@9793d71[HomeActivity]: stopped(true) old = false
01-01 18:19:44.838 15317 15317 D ViewRootImpl@9793d71[HomeActivity]: WindowStopped on com.whatsapp/com.whatsapp.home.ui.HomeActivity set to true
01-01 18:19:44.838 15317 15385 D OpenGLRenderer: CacheManager::trimMemory(20)
01-01 18:19:44.839  1375  5925 V InputMethodManagerService: Creating new session for client ClientState{58f0f82 mUid=10417 mPid=20279 mSelfReportedDisplayId=0}
01-01 18:19:44.839  1375  5925 D InputTransport: Input channel constructed: 'ClientS', fd=1100
01-01 18:19:44.839  1375  5925 D InputTransport: Input channel constructed: 'ClientS', fd=1101
01-01 18:19:44.839   813   869 I libPowerHal: [perfLockRel] hdl:54188, idx:2
01-01 18:19:44.840   813   869 I libPowerHal: [PD] vendor.samsung. update cmd:300c000 param:0
01-01 18:19:44.840  1375  5925 D InputTransport: Input channel destroyed: 'ClientS', fd=1101
01-01 18:19:44.846  1375  5925 D InputMethodManagerService: isImeSwitcherDisabledPackage : false
01-01 18:19:44.848   806   850 I mtkpower_client: perf_lock_rel, hdl:54193, tid:850
01-01 18:19:44.848   841   841 I gralloc4: @set_metadata: update dataspace from GM (0x08010000 -> 0x00000000)
01-01 18:19:44.848   806   850 I mtkpower_client: perf_lock_acq, hdl:0, dur:0, num:2, tid:850
01-01 18:19:44.849  1876  2534 I ViewRootImpl@fb3f9f6[driver]: mWNT: t=0xb400006f8eaeb980 mBlastBufferQueue=0xb40000707a53a100 fn= 4 mRenderHdrSdrRatio=1.0 caller= android.view.SyncRtSurfaceTransactionApplier.applyTransaction:96 android.view.SyncRtSurfaceTransactionApplier.lambda$scheduleApply$0:69 android.view.SyncRtSurfaceTransactionApplier.$r8$lambda$SgowXC58rj3PR958kHUfRgLZmvE:0 
01-01 18:19:44.849  1375  5925 D InputMethodManagerService: checkDisplayOfStartInputAndUpdateKeyboard: displayId=0, mFocusedDisplayId=0
01-01 18:19:44.849  1375  5925 D InputTransport: Input channel constructed: 'ClientS', fd=1102
01-01 18:19:44.849  1375  5925 D InputTransport: Input channel destroyed: 'ClientS', fd=1102
01-01 18:19:44.850   806   850 I mtkpower_client: ret_hdl:54196
01-01 18:19:44.850   806   850 I mtkpower_client: perf_lock_rel, hdl:54190, tid:850
01-01 18:19:44.851 20279 20279 D InputMethodManagerUtils: startInputInner - Id : 0
01-01 18:19:44.851  1876  2061 I gralloc4: @set_metadata: update dataspace from GM (0x00000000 -> 0x08010000)
01-01 18:19:44.852 32459 32459 I HBD     : HoneyBoardService onFinishInput 
01-01 18:19:44.854   813   869 I libPowerHal: [perfLockRel] hdl:54193, idx:5
01-01 18:19:44.855  1375  2069 D RestrictionPolicy: isScreenCaptureEnabled : ret=true userId=0
01-01 18:19:44.855 32459 32459 I HBD     : a IC have been unbinding,  RemoteInputConnection{idHash=#f10f634}
01-01 18:19:44.855 32459 32459 I HBD     : HoneyBoardService [PF_CL][onFinishInput]  3 ms 
01-01 18:19:44.855   806   850 I mtkpower_client: perf_lock_rel, hdl:54194, tid:850
01-01 18:19:44.855   813   869 I libPowerHal: [PD] vendor.samsung. update cmd:1c3c000 param:1
01-01 18:19:44.855   813   869 I libPowerHal: [PD] (more) /proc/mcdi/state set +prefix:enable 1;
01-01 18:19:44.855 32459 32459 I HBD     : HoneyBoardService [IMI] onStartInput - caller pid : 20279 , caller uid : 10417 
01-01 18:19:44.855 32459 32459 I HBD     : k updateConfigs 
01-01 18:19:44.855 32459 32459 I HBD     : k isEnabledNightMode : true 
01-01 18:19:44.856 32459 32459 I HBD     : a IC have been binding, RemoteInputConnection{idHash=#1ff55f6} 
01-01 18:19:44.856  1375  1402 I ActivityManager: Changes in 10351 2 to 8, 63 to 8
01-01 18:19:44.856  1375  2069 I WindowManager: Cancelling animation restarting=true, leash=Surface(name=Surface(name=eba3da2 InputMethod)/@0x6a04cab - animation-leash of insets_animation)/@0xf4cb677
01-01 18:19:44.856 32459 32459 I HBD     : h [EditorInputType]setPrivateImeOptionsToTable privateImeOptions ( null )
01-01 18:19:44.856  1375  2069 I WindowManager: Reparenting to original parent: Surface(name=WindowToken{7b8af0 type=2011 android.os.Binder@d2fc733})/@0x185470f, destroy=false, surface=Surface(name=eba3da2 InputMethod)/@0x6a04cab
01-01 18:19:44.856 32459 32459 I HBD     : b incognitoMode : false 
01-01 18:19:44.856 32459 32459 I HBD     : b needOff = true , isForceOff = false, isNullInputClass : true 
01-01 18:19:44.857 32459 32459 I HBD     : h getDefaultInputRange : UNKNOWN 
01-01 18:19:44.857  1375  2069 I WindowManager: Reparenting to leash, surface=Surface(name=eba3da2 InputMethod)/@0x6a04cab, leashParent=Surface(name=WindowToken{7b8af0 type=2011 android.os.Binder@d2fc733})/@0x185470f
01-01 18:19:44.857 32459 32459 I HBD     : h getDefaultInputRange : UNKNOWN 
01-01 18:19:44.857   841   887 E BufferQueueDebug: [Surface(name=eba3da2 InputMethod)/@0x6a04cab - animation-leash of insets_animation#53350](this:0xb400007a78da3790,id:-1,api:0,p:-1,c:-1) id info cannot be read from 'Surface(name=eba3da2 InputMethod)/@0x6a04cab - animation-leash of insets_animation#53350'
01-01 18:19:44.857 32459 32459 I HBD     : h getDefaultInputRange : UNKNOWN 
01-01 18:19:44.857   813   869 I libPowerHal: [perfLockAcq] idx:2 hdl:54196 hint:-1 pid:806 duration:0 lock_user:vendor.samsung. => ret_hdl:54196
01-01 18:19:44.857   813   869 I libPowerHal: [PE] (more) /proc/mcdi/state set +prefix:enable 0;
01-01 18:19:44.857   841   887 I BufferQueueDebug: [Surface(name=eba3da2 InputMethod)/@0x6a04cab - animation-leash of insets_animation#53350](this:0xb400007a78da3790,id:-1,api:0,p:-1,c:-1) BufferQueue core=(841:/system/bin/surfaceflinger)
01-01 18:19:44.858   841   887 I SurfaceFlinger: id=53350 createSurf, flag=24004, Surface(name=eba3da2 InputMethod)/@0x6a04cab - animation-leash of insets_animation#53350
01-01 18:19:44.858   813   869 I libPowerHal: [perfLockRel] hdl:54190, idx:6
01-01 18:19:44.858   813   869 I libPowerHal: vendor.samsung.: cpu_ctrl set cpu freq: -1 -1 2000000 -1
01-01 18:19:44.859 32459 32459 I HBD     : b needOff = true , isForceOff = false, isNullInputClass : true 
01-01 18:19:44.859 32459 32459 I HBD     : b update cached prediction status : false 
01-01 18:19:44.859  1375  2069 D WindowManager: makeSurface duration=2 leash=Surface(name=Surface(name=eba3da2 InputMethod)/@0x6a04cab - animation-leash of insets_animation)/@0xe88cd30
01-01 18:19:44.859 32459 32459 I HBD     : h getDefaultInputRange : UNKNOWN 
01-01 18:19:44.859 32459 32459 I HBD     : a currentState : 0 
01-01 18:19:44.859  1375  2069 D InsetsSourceProvider: updateControlForTarget: control=InsetsSourceControl: {3 mType=ime mSurfacePosition=Point(0, 64) mInsetsHint=Insets{left=0, top=0, right=0, bottom=1008}}, target=Window{c275cc5 u0 com.wawapp.driver/com.wawapp.driver.MainActivity}, from=com.android.server.wm.ImeInsetsSourceProvider.updateControlForTarget:165 com.android.server.wm.InsetsStateController.onControlTargetChanged:358 com.android.server.wm.InsetsStateController.onImeControlTargetChanged:302 com.android.server.wm.DisplayContent.updateImeControlTarget:5727 com.android.server.wm.DisplayContent.updateImeInputAndControlTarget:5687 
01-01 18:19:44.859 32459 32459 I HBD     : a [UpdatePolicy] [post] a: 0 cl: 5308416 kit: [0/0] vt: 0 ir: 1 
01-01 18:19:44.860 32459 32459 I HBD     : a [NRIC] resetNoResponseState 
01-01 18:19:44.860 32459 32459 I HBD     : b needOff = true , isForceOff = false, isNullInputClass : true 
01-01 18:19:44.860 32459 32459 I HBD     : b update cached prediction status : false 
01-01 18:19:44.860 32459 32459 I HBD     : b [AiWriter] setContact : com.wawapp.driver
01-01 18:19:44.860 32459 32459 I HBD     : m0 EBD si S 0 
01-01 18:19:44.860 32459 32459 I HBD     : m updateContactDBLanguage : 5308416 
01-01 18:19:44.861 32459 32459 I HBD     : g isCoverDisplay : false, cached selected json info : SelectedLanguageInfo(languageVersion=4.1, currentLanguageOrder=1, selectedLanguageList=[SelectedLanguage(id=65538, isUsed=true, engName=English, inputType=qwerty, activeOptionList=[auto_replace, auto_spacing, writing_assistant]), SelectedLanguage(id=5308416, isUsed=true, engName=Arabic, inputType=qwerty, activeOptionList=[auto_replace, auto_spacing])]) 
01-01 18:19:44.861 32459 32459 I HBD     : g updateSelectedLanguageCache is succeeded. Arabic 
01-01 18:19:44.861   543   543 D io_stats: !@ 179,0 r 37899167 535627526 w 5964321 67750188 d 892874 67056684 f 0 0 iot 9728976 0 th 0 0 0 pt 0 inp 0 0 251546.452
01-01 18:19:44.864   841   841 I Layer   : id=53326 removeFromCurrentState Surface(name=eba3da2 InputMethod)/@0x6a04cab - animation-leash of insets_animation#53326 (137)
01-01 18:19:44.864 32459 32459 I HBD     : l writeToFile path : /data/user/0/com.samsung.android.honeyboard/files/selected.json 
01-01 18:19:44.864 32459 32459 I HBD     : l writeToFile json : {"version":"4.1","currentLanguageOrder":1,"selected":[{"activeOptionList":["auto_replace","auto_spacing","writing_assistant"],"engName":"English","id":65538,"inputType":"qwerty","isUsed":true},{"activeOptionList":["auto_replace","auto_spacing"],"engName":"Arabic","id":5308416,"inputType":"qwerty","isUsed":true}]} 
01-01 18:19:44.864 20279 20279 I InsetsController: onStateChanged: host=com.wawapp.driver/com.wawapp.driver.MainActivity, from=android.view.ViewRootImpl$ViewRootHandler.handleMessageImpl:7209, state=InsetsState: {mDisplayFrame=Rect(0, 0 - 1080, 2408), mDisplayCutout=DisplayCutout{insets=Rect(0, 64 - 0, 0) waterfall=Insets{left=0, top=0, right=0, bottom=0} boundingRect={Bounds=[Rect(0, 0 - 0, 0), Rect(468, 0 - 612, 64), Rect(0, 0 - 0, 0), Rect(0, 0 - 0, 0)]} cutoutPathParserInfo={CutoutPathParserInfo{displayWidth=1080 displayHeight=2408 physicalDisplayWidth=1080 physicalDisplayHeight=2408 density={2.8125} cutoutSpec={M 0,0 H -25.6‬ V 22.75555555555556 H 25.6‬ V 0 H 0 Z @dp} rotation={0} scale={1.0} physicalPixelDisplaySizeRatio={1.0}}}}, mRoundedCorners=RoundedCorners{[RoundedCorner{position=TopLeft, radius=0, center=Point(0, 0)}, RoundedCorner{position=TopRight, radius=0, center=Point(0, 0)}, RoundedCorner{position=BottomRight, radius=0, center=Point(0, 0)}, RoundedCorner{position=BottomLeft, radius=0, center=Point(0, 0)}]}  mRoundedCornerFrame=Rect(0, 0 - 1080, 2408), mPrivacyIndicatorBounds=PrivacyIndicatorBounds {static bounds=Rect(956, 0 - 1080, 64) rotation=0}, mDisplayShape=DisplayShape{ spec=-311912193 displayWidth=1080 displayHeight=2408 physicalPixelDisplaySizeRatio=1.0 rotation=0 offsetX=0 offsetY=0 scale=1.0}, mSources= { InsetsSource: {ee1e0001 mType=navigationBars mFrame=[0,2273][1080,2408] mVisible=true mFlags=[]}, InsetsSource: {ee1e0004 mType=systemGestures mFrame=[0,0][0,0] mVisible=true mFlags=[]}, InsetsSource: {ee1e0005 mType=mandatorySystemGestures mFrame=[0,2273][1080,2408] mVisible=true mFlags=[]}, InsetsSource: {ee1e0006 mType=tappableElement mFrame=[0,2273][1080,2408] mVisible=true mFlags=[]}, InsetsSource: {ee1e0024 mType=systemGestures mFrame=[0,0][0,0] mVisible=true mFlags=[]}, InsetsSource: {fd270000 mType=statusBars mFrame=[0,0][1080,64] mVisible=true mFlags=[]}, InsetsSource: {fd270005 mType=mandatorySystemGestures mFrame=[0,0][1080,98] mVisible=true mFlags=[]}, InsetsSource: {fd270006 mType=tappableElement mFrame=[0,0][1080,64] mVisible=true mFlags=[]}, InsetsSource: {3 mType=ime mFrame=[0,0][0,0] mVisible=false mFlags=[]}, InsetsSource: {27 mType=displayCutout mFrame=[0,0][1080,64] mVisible=true mFlags=[]} }
01-01 18:19:44.865 20279 20279 I InsetsSourceConsumer: applyRequestedVisibilityToControl: visible=false, type=ime, host=com.wawapp.driver/com.wawapp.driver.MainActivity
01-01 18:19:44.865   806   850 I mtkpower_client: perf_lock_acq, hdl:0, dur:0, num:2, tid:850
01-01 18:19:44.865   813   869 I libPowerHal: [perfLockRel] hdl:54194, idx:1
01-01 18:19:44.865   813   869 I libPowerHal: [PD] vendor.samsung. update cmd:1000000, param:-1
01-01 18:19:44.866  1375  1994 D InputMethodManagerService: isImeSwitcherDisabledPackage : false
01-01 18:19:44.866   966   966 I CameraService: onUidStateChanged: uid=10046, procState is changed. (1 -> 0)
01-01 18:19:44.867 32459 32459 I HBD     : l writeToFile complete 
01-01 18:19:44.867  1375  3554 V WindowManager: Relayout Window{73face8 u0 Splash Screen com.wawapp.driver}: viewVisibility=8 req=1080x2408 ty=3 d0
01-01 18:19:44.869  1876  1876 D NavigationBar: setImeWindowStatus displayId=0 vis=0 backDisposition=0 showImeSwitcher=false imeShown=false
01-01 18:19:44.869 32459 20407 I HBD     : l Write selected lang for DE  
01-01 18:19:44.869 32459 32459 I HBD     : g isCoverDisplay : false, cached selected json info : SelectedLanguageInfo(languageVersion=4.1, currentLanguageOrder=1, selectedLanguageList=[SelectedLanguage(id=65538, isUsed=true, engName=English, inputType=qwerty, activeOptionList=[auto_replace, auto_spacing, writing_assistant]), SelectedLanguage(id=5308416, isUsed=true, engName=Arabic, inputType=qwerty, activeOptionList=[auto_replace, auto_spacing])]) 
01-01 18:19:44.870 32459 32459 I HBD     : n updateActionOptionFromPreference  
01-01 18:19:44.870 32459 32459 I HBD     : n before lang.activeOptionList =  [Ljava.lang.String;@e990dff 
01-01 18:19:44.870 32459 32459 I HBD     : n after lang.activeOptionList = [Ljava.lang.String;@f85464 
01-01 18:19:44.870 32459 32459 I HBD     : l writeToFile path : /data/user/0/com.samsung.android.honeyboard/files/selected.json 
01-01 18:19:44.870 32459 32459 I HBD     : l writeToFile json : {"version":"4.1","currentLanguageOrder":1,"selected":[{"activeOptionList":["auto_replace","auto_spacing","writing_assistant"],"engName":"English","id":65538,"inputType":"qwerty","isUsed":true},{"activeOptionList":["auto_replace","auto_spacing"],"engName":"Arabic","id":5308416,"inputType":"qwerty","isUsed":true}]} 
01-01 18:19:44.871 32459 20407 I HBD     : l writeToFile path : /data/user_de/0/com.samsung.android.honeyboard/files/selected.json 
01-01 18:19:44.871 32459 20407 I HBD     : l writeToFile json : {"version":"4.1","currentLanguageOrder":1,"selected":[{"activeOptionList":["auto_replace","auto_spacing","writing_assistant"],"engName":"English","id":65538,"inputType":"qwerty","isUsed":true},{"activeOptionList":["auto_replace","auto_spacing"],"engName":"Arabic","id":5308416,"inputType":"qwerty","isUsed":true}]} 
01-01 18:19:44.872  1375  1414 W libprocessgroup: SetCgroup::ExecuteForProcess: failed to open /dev/blkio//cgroup.procs: No such file or directory
01-01 18:19:44.872   813   869 I libPowerHal: [PD] vendor.samsung. update cmd:1000000 param:-1
01-01 18:19:44.873   806   850 I mtkpower_client: ret_hdl:54197
01-01 18:19:44.873   806   850 I mtkpower_client: perf_lock_rel, hdl:54195, tid:850
01-01 18:19:44.873  1375  3554 V WindowManager: Relayout hash=73face8, pid=1876, syncId=-1: mAttrs={(0,0)(fillxfill) sim={adjust=pan} ty=APPLICATION_STARTING fmt=TRANSLUCENT wanim=0x1030001 alpha=0.0
01-01 18:19:44.873  1375  3554 V WindowManager:   fl=81030118
01-01 18:19:44.873  1375  3554 V WindowManager:   pfl=16000010
01-01 18:19:44.873  1375  3554 V WindowManager:   bhv=DEFAULT
01-01 18:19:44.873  1375  3554 V WindowManager:   fitSides= naviIconColor=0}
01-01 18:19:44.873   806   850 I mtkpower_client: perf_lock_acq, hdl:0, dur:0, num:2, tid:850
01-01 18:19:44.874 32459 32459 I HBD     : l writeToFile complete 
01-01 18:19:44.874   813   869 I libPowerHal: [perfLockAcq] idx:1 hdl:54197 hint:-1 pid:806 duration:0 lock_user:vendor.samsung. => ret_hdl:54197
01-01 18:19:44.874   813   869 I libPowerHal: [PE] vendor.samsung. update cmd:1000000, param:1
01-01 18:19:44.874   813   869 I libPowerHal: [PE] vendor.samsung. update cmd:1000000 param:1
01-01 18:19:44.874 32459 32459 I HBD     : m normal : updateLanguage : Arabic 
01-01 18:19:44.875 32459 32459 I HBD     : g isCoverDisplay : false, cached selected json info : SelectedLanguageInfo(languageVersion=4.1, currentLanguageOrder=1, selectedLanguageList=[SelectedLanguage(id=65538, isUsed=true, engName=English, inputType=qwerty, activeOptionList=[auto_replace, auto_spacing, writing_assistant]), SelectedLanguage(id=5308416, isUsed=true, engName=Arabic, inputType=qwerty, activeOptionList=[auto_replace, auto_spacing])]) 
01-01 18:19:44.875  1876  2038 I InsetsController: onStateChanged: host=Splash Screen com.wawapp.driver, from=android.view.ViewRootImpl.relayoutWindow:10072, state=InsetsState: {mDisplayFrame=Rect(0, 0 - 1080, 2408), mDisplayCutout=DisplayCutout{insets=Rect(0, 64 - 0, 0) waterfall=Insets{left=0, top=0, right=0, bottom=0} boundingRect={Bounds=[Rect(0, 0 - 0, 0), Rect(468, 0 - 612, 64), Rect(0, 0 - 0, 0), Rect(0, 0 - 0, 0)]} cutoutPathParserInfo={CutoutPathParserInfo{displayWidth=1080 displayHeight=2408 physicalDisplayWidth=1080 physicalDisplayHeight=2408 density={2.8125} cutoutSpec={M 0,0 H -25.6‬ V 22.75555555555556 H 25.6‬ V 0 H 0 Z @dp} rotation={0} scale={1.0} physicalPixelDisplaySizeRatio={1.0}}}}, mRoundedCorners=RoundedCorners{[RoundedCorner{position=TopLeft, radius=0, center=Point(0, 0)}, RoundedCorner{position=TopRight, radius=0, center=Point(0, 0)}, RoundedCorner{position=BottomRight, radius=0, center=Point(0, 0)}, RoundedCorner{position=BottomLeft, radius=0, center=Point(0, 0)}]}  mRoundedCornerFrame=Rect(0, 0 - 1080, 2408), mPrivacyIndicatorBounds=PrivacyIndicatorBounds {static bounds=Rect(956, 0 - 1080, 64) rotation=0}, mDisplayShape=DisplayShape{ spec=-311912193 displayWidth=1080 displayHeight=2408 physicalPixelDisplaySizeRatio=1.0 rotation=0 offsetX=0 offsetY=0 scale=1.0}, mSources= { InsetsSource: {ee1e0001 mType=navigationBars mFrame=[0,2273][1080,2408] mVisible=true mFlags=[]}, InsetsSource: {ee1e0004 mType=systemGestures mFrame=[0,0][0,0] mVisible=true mFlags=[]}, InsetsSource: {ee1e0005 mType=mandatorySystemGestures mFrame=[0,2273][1080,2408] mVisible=true mFlags=[]}, InsetsSource: {ee1e0006 mType=tappableElement mFrame=[0,2273][1080,2408] mVisible=true mFlags=[]}, InsetsSource: {ee1e0024 mType=systemGestures mFrame=[0,0][0,0] mVisible=true mFlags=[]}, InsetsSource: {fd270000 mType=statusBars mFrame=[0,0][1080,64] mVisible=true mFlags=[]}, InsetsSource: {fd270005 mType=mandatorySystemGestures mFrame=[0,0][1080,98] mVisible=true mFlags=[]}, InsetsSource: {fd270006 mType=tappableElement mFrame=[0,0][1080,64] mVisible=true mFlags=[]}, InsetsSource: {3 mType=ime mFrame=[0,0][0,0] mVisible=false mFlags=[]}, InsetsSource: {27 mType=displayCutout mFrame=[0,0][1080,64] mVisible=true mFlags=[]} }
01-01 18:19:44.875 32459 32459 I HBD     : g isCoverDisplay : false, cached selected json info : SelectedLanguageInfo(languageVersion=4.1, currentLanguageOrder=1, selectedLanguageList=[SelectedLanguage(id=65538, isUsed=true, engName=English, inputType=qwerty, activeOptionList=[auto_replace, auto_spacing, writing_assistant]), SelectedLanguage(id=5308416, isUsed=true, engName=Arabic, inputType=qwerty, activeOptionList=[auto_replace, auto_spacing])]) 
01-01 18:19:44.875 32459 32459 I HBD     : n updateActionOptionFromPreference  
01-01 18:19:44.875 32459 32459 I HBD     : n before lang.activeOptionList =  [Ljava.lang.String;@f85464 
01-01 18:19:44.875 32459 32459 I HBD     : n after lang.activeOptionList = [Ljava.lang.String;@9654293 
01-01 18:19:44.876  1876  2038 D BLASTBufferQueue: [ViewRootImpl@fb3f9f6[driver]#3506](f:0,a:1) destructor()
01-01 18:19:44.876  1876  2038 D BufferQueueConsumer: [ViewRootImpl@fb3f9f6[driver]#3506(BLAST Consumer)3506](id:75400000dc5,api:0,p:-1,c:1876) disconnect
01-01 18:19:44.876   813   869 I libPowerHal: [perfLockRel] hdl:54195, idx:3
