01-01 18:19:54.004  1375  1545 I InputReader: Touch event's action is 0x0 (id=5, t=0) [pCnt=1, s=0.0 ] when=251555.593929
01-01 18:19:54.005  1375  1544 I InputDispatcher: Delivering touch to (1876): action: 0x4, f=0x0, d=0, '6c20be ', t=1 
01-01 18:19:54.005  1375  1544 I InputDispatcher: Delivering touch to (20279): action: 0x0, f=0x0, d=0, 'c275cc5', t=1 
01-01 18:19:54.005 20279 20279 I ViewRootImpl@cc8824b[MainActivity]: ViewPostIme pointer 0
01-01 18:19:54.006  1375  1544 D PowerManagerService: [api] userActivityFromNative : touch displayId=0 eventTime=251555593
01-01 18:19:54.006  1375  1544 D PowerManagerService: UserActivityStateListenerState: 1
01-01 18:19:54.008  1375  1400 I GestureDetector: obtain mCurrentDownEvent. id: 251038432 caller: com.android.server.wm.SystemGesturesPointerEventListener.onPointerEvent:204 com.android.server.wm.PointerEventDispatcher.onInputEvent:53 android.view.InputEventReceiver.dispatchInputEvent:337 
01-01 18:19:54.008  1375  1400 I GestureDetector: obtain mCurrentDownEvent. id: 251038432 caller: com.android.server.wm.SystemPerformancePointerEventListener.onPointerEvent:89 com.android.server.wm.PointerEventDispatcher.onInputEvent:53 android.view.InputEventReceiver.dispatchInputEvent:337 
01-01 18:19:54.011  1375  1414 W libprocessgroup: SetCgroup::ExecuteForProcess: failed to open /dev/blkio//cgroup.procs: No such file or directory
01-01 18:19:54.047  1764  1764 D TelephonyManager: requestModemActivityInfo: Sending result to app: ModemActivityInfo{ mTimestamp=513413779 mSleepTimeMs=7589 mIdleTimeMs=336724 mActivityStatsTechSpecificInfo=[{mRat=UNKNOWN,mFrequencyRange=UNKNOWN,mTxTimeMs[]=[0, 55, 0, 1487, 2898],mRxTimeMs=135356451}]}
01-01 18:19:54.070  1375  1400 I GestureDetector: obtain mCurrentMotionEventRaw. action: 2 id: 808058604
01-01 18:19:54.070  1375  1400 I GestureDetector: obtain mCurrentMotionEventRaw. action: 2 id: 808058604
01-01 18:19:54.090 28272 19393 I FusedLocation: (REDACTED) stationary throttling engaged @%s
01-01 18:19:54.094  1375  1545 I InputReader: Touch event's action is 0x1 (id=5, t=0) [pCnt=1, s=] when=251555.684756
01-01 18:19:54.094  1375  1544 I InputDispatcher: Delivering touch to (20279): action: 0x1, f=0x0, d=0, 'c275cc5', t=1 
01-01 18:19:54.095 20279 20279 I ViewRootImpl@cc8824b[MainActivity]: ViewPostIme pointer 1
01-01 18:19:54.097 20279 20279 I flutter : [DriverProfile] Watching profile for driverId: uh4rZFHzqYPrpg2aRwlpzPC65AH2
01-01 18:19:54.102 28272 20428 I FusedLocation: (REDACTED) location delivery to %s blocked - too fast
01-01 18:19:54.105  1375  2046 D SLocation: PositionManager - Passive handleLocationChanged fused 1767291594097
01-01 18:19:54.106  1375  2046 I SLocation: PositionManager - do not refresh last location about fused location
01-01 18:19:54.106  1375  2046 D SLocation: ARDistanceBigData - BIGDATA ARD - receive location
01-01 18:19:54.106  1375  2046 D SLocation: ARDistanceBigData - BIGDATA ARD disabled, onReceiveLocation
01-01 18:19:54.106  1375  2046 D SLocation: PositionManager - receive fused location
01-01 18:19:54.112 28272 19026 I FusedLocation: (REDACTED) stationary throttling engaged @%s
01-01 18:19:54.115   841   841 I BufferQueueProducer: [SurfaceView[com.wawapp.driver/com.wawapp.driver.MainActivity]@0(BLAST)#53347](this:0xb400007a7882e790,id:-1,api:0,p:-1,c:841) queueBuffer: fps=0.12 dur=8013.19 max=8013.19 min=8013.19
01-01 18:19:54.117   799   879 I hwcomposer: [HWCDisplay] [Display_0 (type:1)] fps:0.124795,dur:8013.17,max:8013.17,min:8013.17  
01-01 18:19:54.306  1375  1400 I GestureDetector: handleMessage TAP
01-01 18:19:54.308  1375  1375 I GestureDetector: handleMessage TAP
01-01 18:19:54.425  1876  1876 D StatusBarIconController: ignoring old pipeline callbacks, because the new mobile icons are enabled
01-01 18:19:54.435 20279 20383 E GoogleApiManager: Failed to get service from broker. 
01-01 18:19:54.435 20279 20383 E GoogleApiManager: java.lang.SecurityException: Unknown calling package name 'com.google.android.gms'.
01-01 18:19:54.435 20279 20383 E GoogleApiManager: 	at android.os.Parcel.createExceptionOrNull(Parcel.java:3091)
01-01 18:19:54.435 20279 20383 E GoogleApiManager: 	at android.os.Parcel.createException(Parcel.java:3075)
01-01 18:19:54.435 20279 20383 E GoogleApiManager: 	at android.os.Parcel.readException(Parcel.java:3058)
01-01 18:19:54.435 20279 20383 E GoogleApiManager: 	at android.os.Parcel.readException(Parcel.java:3000)
01-01 18:19:54.435 20279 20383 E GoogleApiManager: 	at bcny.a(:com.google.android.gms@254730029@25.47.30 (190400-833691957):36)
01-01 18:19:54.435 20279 20383 E GoogleApiManager: 	at bclz.z(:com.google.android.gms@254730029@25.47.30 (190400-833691957):143)
01-01 18:19:54.435 20279 20383 E GoogleApiManager: 	at bbsa.run(:com.google.android.gms@254730029@25.47.30 (190400-833691957):42)
01-01 18:19:54.435 20279 20383 E GoogleApiManager: 	at android.os.Handler.handleCallback(Handler.java:958)
01-01 18:19:54.435 20279 20383 E GoogleApiManager: 	at android.os.Handler.dispatchMessage(Handler.java:99)
01-01 18:19:54.435 20279 20383 E GoogleApiManager: 	at cpsa.ms(:com.google.android.gms@254730029@25.47.30 (190400-833691957):1)
01-01 18:19:54.435 20279 20383 E GoogleApiManager: 	at cpsa.dispatchMessage(:com.google.android.gms@254730029@25.47.30 (190400-833691957):5)
01-01 18:19:54.435 20279 20383 E GoogleApiManager: 	at android.os.Looper.loopOnce(Looper.java:230)
01-01 18:19:54.435 20279 20383 E GoogleApiManager: 	at android.os.Looper.loop(Looper.java:319)
01-01 18:19:54.435 20279 20383 E GoogleApiManager: 	at android.os.HandlerThread.run(HandlerThread.java:67)
01-01 18:19:54.435 20279 20383 W GoogleApiManager: Not showing notification since connectionResult is not user-facing: ConnectionResult{statusCode=DEVELOPER_ERROR, resolution=null, message=null, clientMethodKey=null}
01-01 18:19:54.486   573 20374 I keystore2: system/security/keystore2/src/watchdog.rs:319 - Watchdog thread idle -> terminating. Have a great day.
01-01 18:19:54.866   543   543 D io_stats: !@ 179,0 r 37900428 535640054 w 5964548 67755716 d 892874 67056684 f 0 0 iot 9729324 0 th 0 0 0 pt 0 inp 0 0 251556.457
01-01 18:19:55.584 27954 27954 D BoundBrokerSvc: onUnbind: Intent { act=com.google.android.gms.measurement.START pkg=com.google.android.gms }
01-01 18:19:56.055  1876  1876 D StatusBarIconController: ignoring old pipeline callbacks, because the new mobile icons are enabled
01-01 18:19:56.082  1876  2061 I gralloc4: @set_metadata: update dataspace from GM (0x00000000 -> 0x08010000)
01-01 18:19:56.097   841   841 I SurfaceFlinger: SFWD update time=251557688146685
01-01 18:19:56.098   841   841 I BufferQueueProducer: [StatusBar$_1876#83](this:0xb400007a78f3f790,id:-1,api:0,p:-1,c:841) queueBuffer: fps=0.07 dur=14037.19 max=14037.19 min=14037.19
01-01 18:19:56.101   799   879 I hwcomposer: [HWCDisplay] [Display_0 (type:1)] fps:1.008155,dur:1983.82,max:1968.92,min:14.90  
01-01 18:19:56.438  1028  1028 I thermal_repeater: socket -1
01-01 18:19:56.867   543   543 D io_stats: !@ 179,0 r 37900442 535640182 w 5964551 67755732 d 892874 67056684 f 0 0 iot 9729332 0 th 0 0 0 pt 0 inp 0 0 251558.458
01-01 18:19:57.010  1375  1431 D PowerManagerService: UserActivityStateListenerState: 0
01-01 18:19:57.081  1876  1876 D StatusBarIconController: ignoring old pipeline callbacks, because the new mobile icons are enabled
01-01 18:19:57.092  1876  2061 I gralloc4: @set_metadata: update dataspace from GM (0x00000000 -> 0x08010000)
01-01 18:19:57.099   841   841 I BufferQueueProducer: [StatusBar$_1876#83](this:0xb400007a78f3f790,id:-1,api:0,p:-1,c:841) queueBuffer: fps=1.00 dur=1001.42 max=1001.42 min=1001.42
01-01 18:19:57.102   799   879 I hwcomposer: [HWCDisplay] [Display_0 (type:1)] fps:0.998813,dur:1001.19,max:1001.19,min:1001.19  
01-01 18:19:57.434  1876  1876 D StatusBarIconController: ignoring old pipeline callbacks, because the new mobile icons are enabled
01-01 18:19:57.542   844   856 D ccci_mdinit: (1):monitor_time_update_thread round:19921 ########
01-01 18:19:57.649  1375  2904 I SemWifiApDataUsage: handleMessage: 14
01-01 18:19:57.649  1375  2904 I SemWifiApEbpf: DATA_USAGE_STATS_START_POLL,mhs= true,upstream= 2,client size 2
01-01 18:19:57.651  1375  2904 D SemWifiApEbpf: getWifiApDataUsageForOverAllMhs():  overall data is246548624
01-01 18:19:57.651  1375  2904 I SemWifiApEbpf: updating the overall dataUsage , overall =246548624 , global = {mTotalDataBytes=246508647,mTotalDataIngressBytes=0,mTotalDataEgressBytes=0,mCellularBytes=246508647,mCurrentDayAndSimCellularBytes=246508647}
01-01 18:19:58.434  1876  1876 D StatusBarIconController: ignoring old pipeline callbacks, because the new mobile icons are enabled
01-01 18:19:58.868   543   543 D io_stats: !@ 179,0 r 37900472 535640374 w 5964551 67755732 d 892874 67056684 f 0 0 iot 9729340 0 th 0 0 0 pt 0 inp 0 0 251560.458
01-01 18:19:59.333 15317 15374 I WM-WorkerWrapper: Worker result SUCCESS for Work [ id=303e48c6-245e-4d11-ac79-2945ed96b87e, tags={ com.whatsapp.xmpp.messaging.XmppLifecycleWorker } ]
01-01 18:19:59.337 15317 15317 D WM-Processor: 1DT 303e48c6-245e-4d11-ac79-2945ed96b87e executed; reschedule = false
01-01 18:19:59.338 15317 15317 D WM-GreedyScheduler: Stopping tracking for WorkGenerationalId(workSpecId=303e48c6-245e-4d11-ac79-2945ed96b87e, generation=0)
01-01 18:19:59.339 15317 15317 D WM-SystemJobService: 303e48c6-245e-4d11-ac79-2945ed96b87e executed on JobScheduler
01-01 18:19:59.347  1375  2069 I ActivityManager: Changes in 10351 8 to 10, 8 to 0
01-01 18:19:59.349  3126  3553 I dxzo    : (REDACTED) appOpsListener %s %s
01-01 18:19:59.349  3126  3553 I dxzo    : (REDACTED) Ignoring irrelevant audio permission changes for package %s
01-01 18:19:59.356 15317 15376 D WM-GreedyScheduler: Cancelling work ID 303e48c6-245e-4d11-ac79-2945ed96b87e
01-01 18:19:59.360 15317 15376 D WM-GreedyScheduler: Starting tracking for 2ca326d3-e740-46b5-a736-56783084e28f
01-01 18:19:59.434  1876  1876 D StatusBarIconController: ignoring old pipeline callbacks, because the new mobile icons are enabled
01-01 18:19:59.818 27954 20435 I GmscoreIpa: Starting mediastore instant index [CONTEXT service_id=255 ]
01-01 18:19:59.925 27954 27954 D BoundBrokerSvc: onUnbind: Intent { act=com.google.android.gms.auth.blockstore.service.START dat=chimera-action:/... cmp=com.google.android.gms/.chimera.GmsApiService }
01-01 18:19:59.930  1375  2069 W ProcessStats: Tracking association SourceState{f0b6e38 com.wawapp.driver/10417 BTop #549657} whose proc state 2 is better than process ProcessState{ae5b82b com.google.android.gms/10173 pkg=com.google.android.gms} proc state 6 (100 skipped)
01-01 18:20:00.003 28272 28272 D BoundBrokerSvc: onUnbind: Intent { act=com.google.android.gms.libs.gmscorelogger.service.START dat=chimera-action:/... cmp=com.google.android.gms/.chimera.PersistentDirectBootAwareApiService }
01-01 18:20:00.010  1876  2386 D QSClockBellTower: onReceive(android.intent.action.TIME_TICK) mTimeZoneString:Africa/Nouakchott
01-01 18:20:00.010  1876  1876 D FaceWidgetPagesController: onTimeChanged()
01-01 18:20:00.012  1876  2386 I DateTimeView: updateAll - getTimeFormat
01-01 18:20:00.017  1876  1876 D QSClockBellTower: He is ready to ring the bell. (((QSClockBellSound - TimeText:18:20, TimeContentDescription:18:20, DateText:Thu, 1 January, ShortDateText:Thu, 1 Jan, Demo:false, QuickStar-Second(false|12:34:56), QuickStar-DateText:Thu, 1 Jan)))
01-01 18:20:00.017  1876  1876 D QSClock : StatusBar clock=18:20 notifyTimeChanged(QSClockBellSound - TimeText:18:20, TimeContentDescription:18:20, DateText:Thu, 1 January, ShortDateText:Thu, 1 Jan, Demo:false, QuickStar-Second(false|12:34:56), QuickStar-DateText:Thu, 1 Jan) clockVisibleByPolicy=true, clockVisibleByUser=true, visible=true, parent=android.widget.LinearLayout{51f2ff8 V.E...... ......ID 0,0-95,56 #7f0a0591 app:id/left_clock_container}
01-01 18:20:00.022  1876  1876 D QSClockBellTower: Everyone heard the bell. run(currentTime:1767291600016, getTime():Thu Jan 01 18:20:00 GMT 2026, getTimeZone():libcore.util.ZoneInfo[mDstSavings=0,mUseDst=false,mDelegate=[id="Africa/Nouakchott",mRawOffset=0,mEarliestRawOffset=-968000,transitions=1]])
01-01 18:20:00.032  1375  1545 I InputReader: Touch event's action is 0x0 (id=5, t=0) [pCnt=1, s=0.0 ] when=251561.622346
01-01 18:20:00.032  1375  1544 I InputDispatcher: Delivering touch to (1876): action: 0x4, f=0x0, d=0, '6c20be ', t=1 
01-01 18:20:00.033  1375  1544 I InputDispatcher: Delivering touch to (20279): action: 0x0, f=0x0, d=0, 'c275cc5', t=1 
01-01 18:20:00.033  1375  1544 D PowerManagerService: [api] userActivityFromNative : touch displayId=0 eventTime=251561622
01-01 18:20:00.033 20279 20279 I ViewRootImpl@cc8824b[MainActivity]: ViewPostIme pointer 0
01-01 18:20:00.033  1375  1544 D PowerManagerService: UserActivityStateListenerState: 1
01-01 18:20:00.033  1375  1400 I GestureDetector: obtain mCurrentDownEvent. id: 86850427 caller: com.android.server.wm.SystemGesturesPointerEventListener.onPointerEvent:204 com.android.server.wm.PointerEventDispatcher.onInputEvent:53 android.view.InputEventReceiver.dispatchInputEvent:337 
01-01 18:20:00.034  1375  1400 I GestureDetector: obtain mCurrentDownEvent. id: 86850427 caller: com.android.server.wm.SystemPerformancePointerEventListener.onPointerEvent:89 com.android.server.wm.PointerEventDispatcher.onInputEvent:53 android.view.InputEventReceiver.dispatchInputEvent:337 
01-01 18:20:00.038  1876  1876 D QsExpandAnimator: mIsDateButtonOverlapped = false >> false, (348.0 + 375) = 723.0 : 984
01-01 18:20:00.039  1375  1400 I GestureDetector: obtain mCurrentMotionEventRaw. action: 2 id: 99911587
01-01 18:20:00.039  1375  1400 I GestureDetector: obtain mCurrentMotionEventRaw. action: 2 id: 99911587
01-01 18:20:00.044  1876  1876 W View    : requestLayout() improperly called by android.widget.FrameLayout{4318375 V.E...... ......ID 0,126-1080,2273 #7f0a0846 app:id/qs_frame} during layout: running second layout pass
01-01 18:20:00.053  1876  2061 I gralloc4: @set_metadata: update dataspace from GM (0x00000000 -> 0x08010000)
01-01 18:20:00.067   841   841 I BufferQueueProducer: [StatusBar$_1876#83](this:0xb400007a78f3f790,id:-1,api:0,p:-1,c:841) queueBuffer: fps=0.34 dur=2967.92 max=2967.92 min=2967.92
01-01 18:20:00.069   799   879 I hwcomposer: [HWCDisplay] [Display_0 (type:1)] fps:0.337035,dur:2967.05,max:2967.05,min:2967.05  
01-01 18:20:00.069  1876  1876 D StatusBarIconController: ignoring old pipeline callbacks, because the new mobile icons are enabled
01-01 18:20:00.089  1876  2061 I gralloc4: @set_metadata: update dataspace from GM (0x00000000 -> 0x08010000)
01-01 18:20:00.120  1375  1545 I InputReader: Touch event's action is 0x1 (id=5, t=0) [pCnt=1, s=] when=251561.711184
01-01 18:20:00.121  1375  1544 I InputDispatcher: Delivering touch to (20279): action: 0x1, f=0x0, d=0, 'c275cc5', t=1 
01-01 18:20:00.121 20279 20279 I ViewRootImpl@cc8824b[MainActivity]: ViewPostIme pointer 1
01-01 18:20:00.334  1375  1375 I GestureDetector: handleMessage TAP
01-01 18:20:00.334  1375  1400 I GestureDetector: handleMessage TAP
01-01 18:20:00.426  1876  1876 D StatusBarIconController: ignoring old pipeline callbacks, because the new mobile icons are enabled
01-01 18:20:00.526 27954 27954 D BoundBrokerSvc: onUnbind: Intent { act=com.google.android.gms.auth.api.phone.service.InternalService.START dat=chimera-action:/... cmp=com.google.android.gms/.chimera.GmsInternalApiService }
01-01 18:20:00.657  1375  1414 W libprocessgroup: SetCgroup::ExecuteForProcess: failed to open /dev/blkio//cgroup.procs: No such file or directory
01-01 18:20:00.662  1375  1414 W libprocessgroup: SetCgroup::ExecuteForProcess: failed to open /dev/blkio//cgroup.procs: No such file or directory
01-01 18:20:00.667  8338  8338 I Finsky  : [2] SCH: job service start with id 9457.
01-01 18:20:00.686  8338 20243 I Finsky  : [601] SCH: Satisfied jobs for 9457 are: 12-1
01-01 18:20:00.696  8338 20437 I Finsky  : [604] SCH: Job 12-1 starting
01-01 18:20:00.699  8338  8338 I Finsky  : [2] WM::SCH: Logging work start for 12-1
01-01 18:20:00.700  8338  8338 I Finsky  : [2] [ContentSync] job started
01-01 18:20:00.869   543   543 D io_stats: !@ 179,0 r 37901364 535651090 w 5964572 67756256 d 892874 67056684 f 0 0 iot 9729468 0 th 0 0 0 pt 0 inp 0 0 251562.459
01-01 18:20:00.874  1375  1739 D NetdEventListenerService: DNS Requested by 127, 10303, 86
01-01 18:20:01.075  1876  1876 D StatusBarIconController: ignoring old pipeline callbacks, because the new mobile icons are enabled
01-01 18:20:01.095  1876  2061 I gralloc4: @set_metadata: update dataspace from GM (0x00000000 -> 0x08010000)
01-01 18:20:01.100   841   841 I BufferQueueProducer: [StatusBar$_1876#83](this:0xb400007a78f3f790,id:-1,api:0,p:-1,c:841) queueBuffer: fps=1.94 dur=1032.61 max=999.10 min=33.51
01-01 18:20:01.102   799   879 I hwcomposer: [HWCDisplay] [Display_0 (type:1)] fps:1.936345,dur:1032.87,max:999.47,min:33.40  
01-01 18:20:01.202  8338  8338 W Finsky  : [2] STU: Failed to get storage stats for package 'com.google.mainline.primary.libs' (1601: Error getting stats: android.content.pm.PackageManager.NameNotFoundException)
01-01 18:20:01.227  8338  8338 W Finsky  : [2] STU: Failed to get storage stats for package 'com.android.wifi' (1601: Error getting stats: android.content.pm.PackageManager.NameNotFoundException)
01-01 18:20:01.249  8338  8338 W Finsky  : [2] STU: Failed to get storage stats for package 'com.samsung.android.camera.unihal' (1601: Error getting stats: android.content.pm.PackageManager.NameNotFoundException)
01-01 18:20:01.294  8338  8338 W Finsky  : [2] STU: Failed to get storage stats for package 'com.samsung.android.shell' (1601: Error getting stats: android.content.pm.PackageManager.NameNotFoundException)
01-01 18:20:01.317  1375  2904 I SemWifiApDataUsage: handleMessage: 15
01-01 18:20:01.321   773   773 E audit   : type=1400 audit(1767291601.316:1643099): avc:  denied  { ioctl } for  pid=1375 comm="SemWifiApDataUs" path="/data/system/SemWifiApDataUsageHistory.db" dev="dm-50" ino=202538 ioctlcmd=0xf522 scontext=u:r:system_server:s0 tcontext=u:object_r:system_data_file:s0 tclass=file permissive=0 SEPF_SM-A145P_12_0001 audit_filtered
01-01 18:20:01.330  1375  2904 D SemWifiApDbHistoryTableHelper: insertOrUpdateOnGivenDate() : data has been updated or inserted for date=2026-01-01
01-01 18:20:01.333  1375  2904 I SemWifiApDbSimTableHelper: updated for SIM : 8922201040**********
01-01 18:20:01.429  1876  1876 D StatusBarIconController: ignoring old pipeline callbacks, because the new mobile icons are enabled
01-01 18:20:01.439  1028  1028 I thermal_repeater: socket -1
01-01 18:20:01.580  8338  8338 W Finsky  : [2] STU: Failed to get storage stats for package 'com.android.apex.cts.shim' (1601: Error getting stats: android.content.pm.PackageManager.NameNotFoundException)
01-01 18:20:01.730  8338  8338 W Finsky  : [2] STU: Failed to get storage stats for package 'com.google.android.appsearch' (1601: Error getting stats: android.content.pm.PackageManager.NameNotFoundException)
01-01 18:20:01.748  8338  8338 W Finsky  : [2] STU: Failed to get storage stats for package 'com.google.android.art' (1601: Error getting stats: android.content.pm.PackageManager.NameNotFoundException)
01-01 18:20:01.915  8338  8338 W Finsky  : [2] STU: Failed to get storage stats for package 'com.google.android.mediaprovider' (1601: Error getting stats: android.content.pm.PackageManager.NameNotFoundException)
01-01 18:20:01.948  8338  8338 W Finsky  : [2] STU: Failed to get storage stats for package 'com.android.virt' (1601: Error getting stats: android.content.pm.PackageManager.NameNotFoundException)
01-01 18:20:01.953  8338  8338 W Finsky  : [2] STU: Failed to get storage stats for package 'com.android.btservices' (1601: Error getting stats: android.content.pm.PackageManager.NameNotFoundException)
01-01 18:20:01.972  8338  8338 W Finsky  : [2] STU: Failed to get storage stats for package 'com.google.android.resolv' (1601: Error getting stats: android.content.pm.PackageManager.NameNotFoundException)
01-01 18:20:02.027  8338  8338 W Finsky  : [2] STU: Failed to get storage stats for package 'com.google.android.configinfrastructure' (1601: Error getting stats: android.content.pm.PackageManager.NameNotFoundException)
01-01 18:20:02.027  8338  8338 W Finsky  : [2] STU: Failed to get storage stats for package 'com.google.android.media' (1601: Error getting stats: android.content.pm.PackageManager.NameNotFoundException)
01-01 18:20:02.073  8338  8338 W Finsky  : [2] STU: Failed to get storage stats for package 'com.android.vndk.v31' (1601: Error getting stats: android.content.pm.PackageManager.NameNotFoundException)
01-01 18:20:02.078  8338  8338 W Finsky  : [2] STU: Failed to get storage stats for package 'com.android.vndk.v34' (1601: Error getting stats: android.content.pm.PackageManager.NameNotFoundException)
01-01 18:20:02.177  8338  8338 W Finsky  : [2] STU: Failed to get storage stats for package 'com.google.android.sdkext' (1601: Error getting stats: android.content.pm.PackageManager.NameNotFoundException)
01-01 18:20:02.187  8338  8338 W Finsky  : [2] STU: Failed to get storage stats for package 'com.google.android.adservices' (1601: Error getting stats: android.content.pm.PackageManager.NameNotFoundException)
01-01 18:20:02.187  8338  8338 W Finsky  : [2] STU: Failed to get storage stats for package 'com.google.android.tethering' (1601: Error getting stats: android.content.pm.PackageManager.NameNotFoundException)
01-01 18:20:02.256  8338  8338 W Finsky  : [2] STU: Failed to get storage stats for package 'com.android.runtime' (1601: Error getting stats: android.content.pm.PackageManager.NameNotFoundException)
01-01 18:20:02.351  8338  8338 W Finsky  : [2] STU: Failed to get storage stats for package 'com.google.android.cellbroadcast' (1601: Error getting stats: android.content.pm.PackageManager.NameNotFoundException)
01-01 18:20:02.430  1876  1876 D StatusBarIconController: ignoring old pipeline callbacks, because the new mobile icons are enabled
01-01 18:20:02.547  1375  1386 I system_server: Background concurrent copying GC freed 18MB AllocSpace bytes, 525(10MB) LOS objects, 21% free, 89MB/113MB, paused 408us,223us total 356.556ms
01-01 18:20:02.549  1375  1387 W JavaBinder: BinderProxy is being destroyed but the application did not call unlinkToDeath to unlink all of its death recipients beforehand.  Releasing leaked death recipient: com.android.server.art.ArtdRefCache$CacheDeathRecipient
01-01 18:20:02.549  1375  1387 I BpBinder: onLastStrongRef automatically unlinking death recipients: 
01-01 18:20:02.612  1375  1506 D SensorService: [SO] 0.376 0.005 9.703
01-01 18:20:02.653  1375  2904 I SemWifiApDataUsage: handleMessage: 14
01-01 18:20:02.653  1375  2904 I SemWifiApEbpf: DATA_USAGE_STATS_START_POLL,mhs= true,upstream= 2,client size 2
01-01 18:20:02.653  1375  2904 D SemWifiApEbpf: getWifiApDataUsageForOverAllMhs():  overall data is246551390
01-01 18:20:02.654  1375  2904 I SemWifiApEbpf: updating the overall dataUsage , overall =246551390 , global = {mTotalDataBytes=246548624,mTotalDataIngressBytes=0,mTotalDataEgressBytes=0,mCellularBytes=246548624,mCurrentDayAndSimCellularBytes=246548624}
01-01 18:20:02.720  8338  8338 W Finsky  : [2] STU: Failed to get storage stats for package 'com.google.android.tzdata5' (1601: Error getting stats: android.content.pm.PackageManager.NameNotFoundException)
01-01 18:20:02.753  8338  8338 W Finsky  : [2] STU: Failed to get storage stats for package 'com.google.android.permission' (1601: Error getting stats: android.content.pm.PackageManager.NameNotFoundException)
01-01 18:20:02.872   543   543 D io_stats: !@ 179,0 r 37905635 535669194 w 5964581 67756288 d 892874 67056684 f 0 0 iot 9730100 0 th 0 0 0 pt 0 inp 0 4 251564.462
01-01 18:20:03.036  1375  1431 D PowerManagerService: UserActivityStateListenerState: 0
01-01 18:20:03.082  1876  1876 D StatusBarIconController: ignoring old pipeline callbacks, because the new mobile icons are enabled
01-01 18:20:03.098  1876  2061 I gralloc4: @set_metadata: update dataspace from GM (0x00000000 -> 0x08010000)
01-01 18:20:03.105   841   841 I BufferQueueProducer: [StatusBar$_1876#83](this:0xb400007a78f3f790,id:-1,api:0,p:-1,c:841) queueBuffer: fps=0.50 dur=2005.26 max=2005.26 min=2005.26
01-01 18:20:03.107   799   879 I hwcomposer: [HWCDisplay] [Display_0 (type:1)] fps:0.498758,dur:2004.98,max:2004.98,min:2004.98  
01-01 18:20:03.430  1876  1876 D StatusBarIconController: ignoring old pipeline callbacks, because the new mobile icons are enabled
01-01 18:20:03.547 20182 20182 I AidlLazyServiceRegistrar: Process has 0 (of 1 available) client(s) in use after notification artd has clients: 0
01-01 18:20:03.547 20182 20182 I AidlLazyServiceRegistrar: Trying to shut down the service. No clients in use for any service in process.
01-01 18:20:03.548 20182 20182 I AidlLazyServiceRegistrar: Unregistered all clients and exiting
01-01 18:20:04.084  1876  1876 D StatusBarIconController: ignoring old pipeline callbacks, because the new mobile icons are enabled
01-01 18:20:04.112  1876  2061 I gralloc4: @set_metadata: update dataspace from GM (0x00000000 -> 0x08010000)
01-01 18:20:04.124   841   841 I BufferQueueProducer: [StatusBar$_1876#83](this:0xb400007a78f3f790,id:-1,api:0,p:-1,c:841) queueBuffer: fps=0.98 dur=1018.68 max=1018.68 min=1018.68
01-01 18:20:04.126   799   879 I hwcomposer: [HWCDisplay] [Display_0 (type:1)] fps:0.981518,dur:1018.83,max:1018.83,min:1018.83  
01-01 18:20:04.515  8338  8338 W Finsky  : [2] STU: Failed to get storage stats for package 'com.google.android.media.swcodec' (1601: Error getting stats: android.content.pm.PackageManager.NameNotFoundException)
01-01 18:20:04.677  1375 14629 D PerProcessNandswap$NandswapHandler: nandswap start for non-activity com.samsung.android.rubin.app(pid 18091) action:2 adj:500 type:1
01-01 18:20:04.707  1375 14629 D PerProcessNandswap$NandswapHandler: nandswap end for non-activity com.samsung.android.rubin.app(pid 18091) ret:1 adj:500
01-01 18:20:04.718  8338  8338 W Finsky  : [2] STU: Failed to get storage stats for package 'com.google.android.adbd' (1601: Error getting stats: android.content.pm.PackageManager.NameNotFoundException)
01-01 18:20:04.745  8338  8338 W Finsky  : [2] STU: Failed to get storage stats for package 'com.android.i18n' (1601: Error getting stats: android.content.pm.PackageManager.NameNotFoundException)
01-01 18:20:04.761  8338  8338 W Finsky  : [2] STU: Failed to get storage stats for package 'com.samsung.android.spqr' (1601: Error getting stats: android.content.pm.PackageManager.NameNotFoundException)
01-01 18:20:04.762  8338  8338 W Finsky  : [2] STU: Failed to get storage stats for package 'com.google.android.conscrypt' (1601: Error getting stats: android.content.pm.PackageManager.NameNotFoundException)
01-01 18:20:04.840  8338  8338 W Finsky  : [2] STU: Failed to get storage stats for package 'com.google.android.neuralnetworks' (1601: Error getting stats: android.content.pm.PackageManager.NameNotFoundException)
01-01 18:20:04.868  8338  8338 W Finsky  : [2] STU: Failed to get storage stats for package 'com.google.android.ipsec' (1601: Error getting stats: android.content.pm.PackageManager.NameNotFoundException)
01-01 18:20:04.874   543   543 D io_stats: !@ 179,0 r 37916032 535712438 w 5964607 67756528 d 892874 67056684 f 0 0 iot 9731044 0 th 0 0 0 pt 0 inp 0 5 251566.465
01-01 18:20:05.048  8338  8338 W Finsky  : [2] STU: Failed to get storage stats for package 'com.android.devicelock' (1601: Error getting stats: android.content.pm.PackageManager.NameNotFoundException)
01-01 18:20:05.082  8338  8338 W Finsky  : [2] STU: Failed to get storage stats for package 'com.google.android.ondevicepersonalization' (1601: Error getting stats: android.content.pm.PackageManager.NameNotFoundException)
01-01 18:20:05.095  8338  8338 W Finsky  : [2] STU: Failed to get storage stats for package 'com.google.android.healthfitness' (1601: Error getting stats: android.content.pm.PackageManager.NameNotFoundException)
01-01 18:20:05.176  8338  8338 W Finsky  : [2] STU: Failed to get storage stats for package 'com.android.uwb' (1601: Error getting stats: android.content.pm.PackageManager.NameNotFoundException)
01-01 18:20:05.177  8338  8338 W Finsky  : [2] STU: Failed to get storage stats for package 'com.google.android.extservices' (1601: Error getting stats: android.content.pm.PackageManager.NameNotFoundException)
01-01 18:20:05.235  8338  8338 W Finsky  : [2] STU: Failed to get storage stats for package 'com.google.android.os.statsd' (1601: Error getting stats: android.content.pm.PackageManager.NameNotFoundException)
01-01 18:20:05.303  8338  8338 W Finsky  : [2] STU: Failed to get storage stats for package 'com.android.rkpd' (1601: Error getting stats: android.content.pm.PackageManager.NameNotFoundException)
01-01 18:20:05.308  8338  8338 W Finsky  : [2] STU: Failed to get storage stats for package 'com.google.android.scheduling' (1601: Error getting stats: android.content.pm.PackageManager.NameNotFoundException)
01-01 18:20:05.323  8338  8338 W Finsky  : [2] STU: Failed to get storage stats for package 'com.samsung.android.lifeguard' (1601: Error getting stats: android.content.pm.PackageManager.NameNotFoundException)
01-01 18:20:05.346  8338  8338 I Finsky  : [2] App states replicator found 58 unowned apps
01-01 18:20:05.398  8338  8445 I Finsky  : [442] Completed 0 account content syncs with 0 successful.
01-01 18:20:05.400  8338  8338 I Finsky  : [2] [ContentSync] Installation state replication succeeded.
01-01 18:20:05.400  8338  8338 I Finsky  : [2] SCH: jobFinished: 12-1. TimeElapsed: 4702ms.
01-01 18:20:05.402  8338  8338 I Finsky  : [2] WM::SCH: Logging work end for 12-1
01-01 18:20:05.426  8338  8445 I Finsky  : [442] SCH: Scheduling phonesky job Id: 1-1337, CT: 1767285800209, Constraints: [{ L: 41722570, D: 84922570, C: CHARGING_NONE, I: IDLE_NONE, N: NET_ANY, B: BATTERY_ANY }]
01-01 18:20:05.426  8338  8445 I Finsky  : [442] SCH: Scheduling phonesky job Id: 34-4139, CT: 1767285816643, Constraints: [{ L: 604800000, D: 2471236197, C: CHARGING_NONE, I: IDLE_NONE, N: NET_ANY, B: BATTERY_ANY }]
01-01 18:20:05.426  8338  8445 I Finsky  : [442] SCH: Scheduling phonesky job Id: 34-4143, CT: 1767285816643, Constraints: [{ L: 604800000, D: 2557750221, C: CHARGING_NONE, I: IDLE_NONE, N: NET_ANY, B: BATTERY_ANY }]
01-01 18:20:05.426  8338  8445 I Finsky  : [442] SCH: Scheduling phonesky job Id: 34-4146, CT: 1767285816643, Constraints: [{ L: 44949882, D: 1340949882, C: CHARGING_NONE, I: IDLE_NONE, N: NET_ANY, B: BATTERY_ANY }]
01-01 18:20:05.434  8338  8447 I Finsky  : [444] SCH: Scheduling 1 system job(s)
01-01 18:20:05.434  8338  8447 I Finsky  : [444] SCH: Scheduling system job Id: 9463, L: 35917345, D: 79117345, C: false, I: false, N: 1
01-01 18:20:05.447  8338 20437 I Finsky  : [604] SCH: job service finished with id 9457.
01-01 18:20:05.469  1876  1876 D StatusBarIconController: ignoring old pipeline callbacks, because the new mobile icons are enabled
01-01 18:20:05.630 15611 15611 I espt    : (REDACTED) Created gRPC endpoint for service %s
01-01 18:20:05.897   773   773 E audit   : type=1400 audit(1767291605.892:1643100): avc:  denied  { ioctl } for  pid=28272 comm="lowpool[1955]" path="/data/data/com.google.android.gms/databases/phenotype.db" dev="dm-50" ino=6143 ioctlcmd=0xf522 scontext=u:r:gmscore_app:s0:c512,c768 tcontext=u:object_r:privapp_data_file:s0:c512,c768 tclass=file permissive=0 SEPF_SM-A145P_12_0001 audit_filtered
01-01 18:20:06.003 19841 20746 V ClearcutMetricXmitter: Transmission is done.
01-01 18:20:06.439  1028  1028 I thermal_repeater: socket -1
01-01 18:20:06.474  1876  1876 D StatusBarIconController: ignoring old pipeline callbacks, because the new mobile icons are enabled
01-01 18:20:06.879   543   543 D io_stats: !@ 179,0 r 37918890 535749774 w 5964631 67756620 d 892874 67056684 f 0 0 iot 9731560 0 th 0 0 0 pt 0 inp 0 0 251568.469
01-01 18:20:07.474  1876  1876 D StatusBarIconController: ignoring old pipeline callbacks, because the new mobile icons are enabled
01-01 18:20:07.658  1375  2904 I SemWifiApDataUsage: handleMessage: 14
01-01 18:20:07.658  1375  2904 I SemWifiApEbpf: DATA_USAGE_STATS_START_POLL,mhs= true,upstream= 2,client size 2
01-01 18:20:07.659  1375  2904 D SemWifiApEbpf: getWifiApDataUsageForOverAllMhs():  overall data is246571592
01-01 18:20:07.659  1375  2904 I SemWifiApEbpf: updating the overall dataUsage , overall =246571592 , global = {mTotalDataBytes=246551390,mTotalDataIngressBytes=0,mTotalDataEgressBytes=0,mCellularBytes=246551390,mCurrentDayAndSimCellularBytes=246551390}
01-01 18:20:08.105  1876  1876 D StatusBarIconController: ignoring old pipeline callbacks, because the new mobile icons are enabled
01-01 18:20:08.140  1876  2061 I gralloc4: @set_metadata: update dataspace from GM (0x00000000 -> 0x08010000)
01-01 18:20:08.148   841   841 I BufferQueueProducer: [StatusBar$_1876#83](this:0xb400007a78f3f790,id:-1,api:0,p:-1,c:841) queueBuffer: fps=0.25 dur=4024.07 max=4024.07 min=4024.07
01-01 18:20:08.151   799   879 I hwcomposer: [HWCDisplay] [Display_0 (type:1)] fps:0.248402,dur:4025.74,max:4025.74,min:4025.74  
01-01 18:20:08.474  1876  1876 D StatusBarIconController: ignoring old pipeline callbacks, because the new mobile icons are enabled
01-01 18:20:08.880   543   543 D io_stats: !@ 179,0 r 37918903 535749862 w 5964631 67756620 d 892874 67056684 f 0 0 iot 9731572 0 th 0 0 0 pt 0 inp 0 0 251570.470
01-01 18:20:09.112  1876  1876 D StatusBarIconController: ignoring old pipeline callbacks, because the new mobile icons are enabled
01-01 18:20:09.145  1876  2061 I gralloc4: @set_metadata: update dataspace from GM (0x00000000 -> 0x08010000)
01-01 18:20:09.154   841   841 I BufferQueueProducer: [StatusBar$_1876#83](this:0xb400007a78f3f790,id:-1,api:0,p:-1,c:841) queueBuffer: fps=0.99 dur=1006.38 max=1006.38 min=1006.38
01-01 18:20:09.158   799   879 I hwcomposer: [HWCDisplay] [Display_0 (type:1)] fps:0.993765,dur:1006.27,max:1006.27,min:1006.27  
01-01 18:20:10.881   543   543 D io_stats: !@ 179,0 r 37918907 535749878 w 5964648 67756728 d 892874 67056684 f 0 0 iot 9731576 0 th 0 0 0 pt 0 inp 0 0 251572.471
01-01 18:20:11.120  1876  1876 D StatusBarIconController: ignoring old pipeline callbacks, because the new mobile icons are enabled
01-01 18:20:11.153  1876  2061 I gralloc4: @set_metadata: update dataspace from GM (0x00000000 -> 0x08010000)
01-01 18:20:11.166   841   841 I BufferQueueProducer: [StatusBar$_1876#83](this:0xb400007a78f3f790,id:-1,api:0,p:-1,c:841) queueBuffer: fps=0.50 dur=2011.75 max=2011.75 min=2011.75
01-01 18:20:11.169   799   879 I hwcomposer: [HWCDisplay] [Display_0 (type:1)] fps:0.497104,dur:2011.65,max:2011.65,min:2011.65  
01-01 18:20:11.440  1028  1028 I thermal_repeater: socket -1
01-01 18:20:11.474  1876  1876 D StatusBarIconController: ignoring old pipeline callbacks, because the new mobile icons are enabled
01-01 18:20:11.580  1375  1506 D SensorService: [SO] 0.376 -0.032 9.742
01-01 18:20:12.474  1876  1876 D StatusBarIconController: ignoring old pipeline callbacks, because the new mobile icons are enabled
01-01 18:20:12.661  1375  2904 I SemWifiApDataUsage: handleMessage: 14
01-01 18:20:12.662  1375  2904 I SemWifiApEbpf: DATA_USAGE_STATS_START_POLL,mhs= true,upstream= 2,client size 2
01-01 18:20:12.663  1375  2904 D SemWifiApEbpf: getWifiApDataUsageForOverAllMhs():  overall data is246580187
01-01 18:20:12.663  1375  2904 I SemWifiApEbpf: updating the overall dataUsage , overall =246580187 , global = {mTotalDataBytes=246571592,mTotalDataIngressBytes=0,mTotalDataEgressBytes=0,mCellularBytes=246571592,mCurrentDayAndSimCellularBytes=246571592}
01-01 18:20:12.882   543   543 D io_stats: !@ 179,0 r 37918914 535749906 w 5964648 67756728 d 892874 67056684 f 0 0 iot 9731580 0 th 0 0 0 pt 0 inp 0 0 251574.473
01-01 18:20:12.981   813   836 D power@timer: [mtkPowerTimer] visRead:0
01-01 18:20:13.475  1876  1876 D StatusBarIconController: ignoring old pipeline callbacks, because the new mobile icons are enabled
01-01 18:20:13.908  1375  1994 W ProcessStats: Tracking association SourceState{f0b6e38 com.wawapp.driver/10417 BTop #549688} whose proc state 2 is better than process ProcessState{ae5b82b com.google.android.gms/10173 pkg=com.google.android.gms} proc state 6 (13 skipped)
01-01 18:20:14.474  1876  1876 D StatusBarIconController: ignoring old pipeline callbacks, because the new mobile icons are enabled
01-01 18:20:15.144  1876  1876 D StatusBarIconController: ignoring old pipeline callbacks, because the new mobile icons are enabled
01-01 18:20:15.165  1876  2061 I gralloc4: @set_metadata: update dataspace from GM (0x00000000 -> 0x08010000)
01-01 18:20:15.182   841   841 I BufferQueueProducer: [StatusBar$_1876#83](this:0xb400007a78f3f790,id:-1,api:0,p:-1,c:841) queueBuffer: fps=0.25 dur=4015.70 max=4015.70 min=4015.70
01-01 18:20:15.185   799   879 I hwcomposer: [HWCDisplay] [Display_0 (type:1)] fps:0.249028,dur:4015.62,max:4015.62,min:4015.62  
01-01 18:20:15.474  1876  1876 D StatusBarIconController: ignoring old pipeline callbacks, because the new mobile icons are enabled
01-01 18:20:16.150  1876  1876 D StatusBarIconController: ignoring old pipeline callbacks, because the new mobile icons are enabled
01-01 18:20:16.170  1876  2061 I gralloc4: @set_metadata: update dataspace from GM (0x00000000 -> 0x08010000)
01-01 18:20:16.188   841   841 I BufferQueueProducer: [StatusBar$_1876#83](this:0xb400007a78f3f790,id:-1,api:0,p:-1,c:841) queueBuffer: fps=0.99 dur=1006.66 max=1006.66 min=1006.66
01-01 18:20:16.192   799   879 I hwcomposer: [HWCDisplay] [Display_0 (type:1)] fps:0.993170,dur:1006.88,max:1006.88,min:1006.88  
01-01 18:20:16.441  1028  1028 I thermal_repeater: socket -1
01-01 18:20:16.887   543   543 D io_stats: !@ 179,0 r 37918944 535750082 w 5964655 67756800 d 892874 67056684 f 0 0 iot 9731588 0 th 0 0 0 pt 0 inp 0 0 251578.478
01-01 18:20:17.477  1876  1876 D StatusBarIconController: ignoring old pipeline callbacks, because the new mobile icons are enabled
01-01 18:20:17.665  1375  2904 I SemWifiApDataUsage: handleMessage: 14
01-01 18:20:17.666  1375  2904 I SemWifiApEbpf: DATA_USAGE_STATS_START_POLL,mhs= true,upstream= 2,client size 2
01-01 18:20:17.667  1375  2904 D SemWifiApEbpf: getWifiApDataUsageForOverAllMhs():  overall data is246605559
01-01 18:20:17.667  1375  2904 I SemWifiApEbpf: updating the overall dataUsage , overall =246605559 , global = {mTotalDataBytes=246580187,mTotalDataIngressBytes=0,mTotalDataEgressBytes=0,mCellularBytes=246580187,mCurrentDayAndSimCellularBytes=246580187}
01-01 18:20:18.476  1876  1876 D StatusBarIconController: ignoring old pipeline callbacks, because the new mobile icons are enabled
01-01 18:20:18.888   543   543 D io_stats: !@ 179,0 r 37918948 535750098 w 5964655 67756800 d 892874 67056684 f 0 0 iot 9731592 0 th 0 0 0 pt 0 inp 0 0 251580.479
01-01 18:20:19.474  1876  1876 D StatusBarIconController: ignoring old pipeline callbacks, because the new mobile icons are enabled
01-01 18:20:20.029  1375  1405 E Watchdog: !@Sync: 8382 heap: 94 / 113 FD: 992 [2026-01-01 18:20:20.028]
01-01 18:20:20.063  1375  1418 D BatteryExternalStatsWorker: update stats : procstate-change (14)
01-01 18:20:20.063  1375  1418 I WifiService: getSupportedFeatures uid=1000 returns f8106ac889459
01-01 18:20:20.063  1375  1418 D BatteryExternalStatsWorker: Update Rail Energy data
01-01 18:20:20.064  1375  1418 D BatteryExternalStatsWorker: Fetch Bluetooth data
01-01 18:20:20.064  1375  1418 D BatteryExternalStatsWorker: Fetch modem data
01-01 18:20:20.069  1375  1994 W BatteryExternalStatsWorker: error reading Bluetooth stats: 11
01-01 18:20:20.080  1375  5925 D TelephonyManager: requestModemActivityInfo: Sending result to app: ModemActivityInfo{ mTimestamp=513439811 mSleepTimeMs=7589 mIdleTimeMs=336725 mActivityStatsTechSpecificInfo=[{mRat=UNKNOWN,mFrequencyRange=UNKNOWN,mTxTimeMs[]=[0, 55, 0, 1487, 2898],mRxTimeMs=135382482}]}
01-01 18:20:20.082  1375  1418 D BatteryExternalStatsWorker: mStats lock released
01-01 18:20:20.099  1375  1418 D BatteryExternalStatsWorker: Update modem state
01-01 18:20:20.099  1375  1418 D BatteryExternalStatsWorker: done updateExternalStatsLocked
01-01 18:20:20.474  1876  1876 D StatusBarIconController: ignoring old pipeline callbacks, because the new mobile icons are enabled
01-01 18:20:20.546  1375  1506 D SensorService: [SO] 0.376 0.005 9.665
01-01 18:20:20.890   543   543 D io_stats: !@ 179,0 r 37918959 535750142 w 5964660 67756860 d 892874 67056684 f 0 0 iot 9731600 0 th 0 0 0 pt 0 inp 0 0 251582.480
01-01 18:20:21.442  1028  1028 I thermal_repeater: socket -1
01-01 18:20:21.474  1876  1876 D StatusBarIconController: ignoring old pipeline callbacks, because the new mobile icons are enabled
01-01 18:20:22.473  1876  1876 D StatusBarIconController: ignoring old pipeline callbacks, because the new mobile icons are enabled
01-01 18:20:22.673  1375  2904 I SemWifiApDataUsage: handleMessage: 14
01-01 18:20:22.674  1375  2904 I SemWifiApEbpf: DATA_USAGE_STATS_START_POLL,mhs= true,upstream= 2,client size 2
01-01 18:20:22.675  1375  2904 D SemWifiApEbpf: getWifiApDataUsageForOverAllMhs():  overall data is246621842
01-01 18:20:22.675  1375  2904 I SemWifiApEbpf: updating the overall dataUsage , overall =246621842 , global = {mTotalDataBytes=246605559,mTotalDataIngressBytes=0,mTotalDataEgressBytes=0,mCellularBytes=246605559,mCurrentDayAndSimCellularBytes=246605559}
01-01 18:20:22.891   543   543 D io_stats: !@ 179,0 r 37919007 535750486 w 5964662 67756868 d 892874 67056684 f 0 0 iot 9731604 0 th 0 0 0 pt 0 inp 0 0 251584.481
01-01 18:20:23.187  1876  1876 D StatusBarIconController: ignoring old pipeline callbacks, because the new mobile icons are enabled
01-01 18:20:23.213  1876  2061 I gralloc4: @set_metadata: update dataspace from GM (0x00000000 -> 0x08010000)
01-01 18:20:23.227   841   841 I BufferQueueProducer: [StatusBar$_1876#83](this:0xb400007a78f3f790,id:-1,api:0,p:-1,c:841) queueBuffer: fps=0.14 dur=7039.21 max=7039.21 min=7039.21
01-01 18:20:23.231   799   879 I hwcomposer: [HWCDisplay] [Display_0 (type:1)] fps:0.142064,dur:7039.09,max:7039.09,min:7039.09  
01-01 18:20:23.475  1876  1876 D StatusBarIconController: ignoring old pipeline callbacks, because the new mobile icons are enabled
01-01 18:20:24.475  1876  1876 D StatusBarIconController: ignoring old pipeline callbacks, because the new mobile icons are enabled
01-01 18:20:24.892   543   543 D io_stats: !@ 179,0 r 37919016 535750522 w 5964662 67756868 d 892874 67056684 f 0 0 iot 9731612 0 th 0 0 0 pt 0 inp 0 0 251586.482
01-01 18:20:26.443  1028  1028 I thermal_repeater: socket -1
01-01 18:20:26.893   543   543 D io_stats: !@ 179,0 r 37919020 535750538 w 5964668 67756932 d 892874 67056684 f 0 0 iot 9731620 0 th 0 0 0 pt 0 inp 0 0 251588.483
01-01 18:20:27.572   844   856 D ccci_mdinit: (1):monitor_time_update_thread round:19922 ########
01-01 18:20:27.681  1375  2904 I SemWifiApDataUsage: handleMessage: 14
01-01 18:20:27.681  1375  2904 I SemWifiApEbpf: DATA_USAGE_STATS_START_POLL,mhs= true,upstream= 2,client size 2
01-01 18:20:27.682  1375  2904 D SemWifiApEbpf: getWifiApDataUsageForOverAllMhs():  overall data is246622084
01-01 18:20:27.682  1375  2904 I SemWifiApEbpf: updating the overall dataUsage , overall =246622084 , global = {mTotalDataBytes=246621842,mTotalDataIngressBytes=0,mTotalDataEgressBytes=0,mCellularBytes=246621842,mCurrentDayAndSimCellularBytes=246621842}
01-01 18:20:28.474  1876  1876 D StatusBarIconController: ignoring old pipeline callbacks, because the new mobile icons are enabled
01-01 18:20:28.895   543   543 D io_stats: !@ 179,0 r 37919029 535750586 w 5964668 67756932 d 892874 67056684 f 0 0 iot 9731624 0 th 0 0 0 pt 0 inp 0 0 251590.485
01-01 18:20:28.963  1375  1545 I InputReader: Touch event's action is 0x0 (id=5, t=0) [pCnt=1, s=0.0 ] when=251590.553370
01-01 18:20:28.964  1375  1544 I InputDispatcher: Delivering touch to (1876): action: 0x4, f=0x0, d=0, '6c20be ', t=1 
01-01 18:20:28.964  1375  1544 I InputDispatcher: Delivering touch to (20279): action: 0x0, f=0x0, d=0, 'c275cc5', t=1 
01-01 18:20:28.964  1375  1544 D PowerManagerService: [api] userActivityFromNative : touch displayId=0 eventTime=251590553
01-01 18:20:28.964 20279 20279 I ViewRootImpl@cc8824b[MainActivity]: ViewPostIme pointer 0
01-01 18:20:28.964  1375  1400 I GestureDetector: obtain mCurrentDownEvent. id: 191000826 caller: com.android.server.wm.SystemGesturesPointerEventListener.onPointerEvent:204 com.android.server.wm.PointerEventDispatcher.onInputEvent:53 android.view.InputEventReceiver.dispatchInputEvent:337 
01-01 18:20:28.965  1375  1400 I GestureDetector: obtain mCurrentDownEvent. id: 191000826 caller: com.android.server.wm.SystemPerformancePointerEventListener.onPointerEvent:89 com.android.server.wm.PointerEventDispatcher.onInputEvent:53 android.view.InputEventReceiver.dispatchInputEvent:337 
01-01 18:20:28.965  1375  1544 D PowerManagerService: UserActivityStateListenerState: 1
01-01 18:20:28.979  1375  1400 I GestureDetector: obtain mCurrentMotionEventRaw. action: 2 id: 520549669
01-01 18:20:28.979  1375  1400 I GestureDetector: obtain mCurrentMotionEventRaw. action: 2 id: 520549669
01-01 18:20:29.070  1375  1545 I InputReader: Touch event's action is 0x1 (id=5, t=0) [pCnt=1, s=] when=251590.660343
01-01 18:20:29.070  1375  1544 I InputDispatcher: Delivering touch to (20279): action: 0x1, f=0x0, d=0, 'c275cc5', t=1 
01-01 18:20:29.070 20279 20279 I ViewRootImpl@cc8824b[MainActivity]: ViewPostIme pointer 1
01-01 18:20:29.211  1876  1876 D StatusBarIconController: ignoring old pipeline callbacks, because the new mobile icons are enabled
01-01 18:20:29.226  1876  2061 I gralloc4: @set_metadata: update dataspace from GM (0x00000000 -> 0x08010000)
01-01 18:20:29.237   841   841 I SurfaceFlinger: SFWD update time=251590827952610
01-01 18:20:29.237   841   841 I BufferQueueProducer: [StatusBar$_1876#83](this:0xb400007a78f3f790,id:-1,api:0,p:-1,c:841) queueBuffer: fps=0.17 dur=6009.98 max=6009.98 min=6009.98
01-01 18:20:29.239   799   879 I hwcomposer: [HWCDisplay] [Display_0 (type:1)] fps:0.166435,dur:6008.34,max:6008.34,min:6008.34  
01-01 18:20:29.265  1375  1400 I GestureDetector: handleMessage TAP
01-01 18:20:29.265  1375  1375 I GestureDetector: handleMessage TAP
01-01 18:20:29.465  1876  1876 D StatusBarIconController: ignoring old pipeline callbacks, because the new mobile icons are enabled
01-01 18:20:29.513  1375  1506 D SensorService: [SO] 0.357 0.005 9.703
01-01 18:20:29.573  8338  8389 I Finsky  : [421] Stats for Executor: BlockingExecutor ury@b90a85f[Running, pool size = 2, active threads = 0, queued tasks = 0, completed tasks = 105]
01-01 18:20:29.574  8338  8389 I Finsky  : [421] Stats for Executor: LightweightExecutor ury@85ed2ac[Running, pool size = 4, active threads = 0, queued tasks = 0, completed tasks = 490]
01-01 18:20:29.588  8338  8389 I Finsky  : [421] Stats for Executor: bgExecutor ury@1984b75[Running, pool size = 4, active threads = 0, queued tasks = 0, completed tasks = 1260]
01-01 18:20:29.860  8338  8389 I Finsky  : [421] Stats for Executor: GrpcBackgroundExecutor ury@653f70a[Running, pool size = 2, active threads = 0, queued tasks = 0, completed tasks = 2]
01-01 18:20:30.246  1876  1876 D StatusBarIconController: ignoring old pipeline callbacks, because the new mobile icons are enabled
01-01 18:20:30.258  1375  1545 I InputReader: Touch event's action is 0x0 (id=5, t=0) [pCnt=1, s=0.0 ] when=251591.848730
01-01 18:20:30.259  1876  2061 I gralloc4: @set_metadata: update dataspace from GM (0x00000000 -> 0x08010000)
01-01 18:20:30.259  1375  1544 I InputDispatcher: Delivering touch to (1876): action: 0x4, f=0x0, d=0, '6c20be ', t=1 
01-01 18:20:30.259  1375  1544 I InputDispatcher: Delivering touch to (20279): action: 0x0, f=0x0, d=0, 'c275cc5', t=1 
01-01 18:20:30.259  1375  1544 D PowerManagerService: [api] userActivityFromNative : touch displayId=0 eventTime=251591848
01-01 18:20:30.259 20279 20279 I ViewRootImpl@cc8824b[MainActivity]: ViewPostIme pointer 0
01-01 18:20:30.260  1375  1400 I GestureDetector: obtain mCurrentDownEvent. id: 509859009 caller: com.android.server.wm.SystemGesturesPointerEventListener.onPointerEvent:204 com.android.server.wm.PointerEventDispatcher.onInputEvent:53 android.view.InputEventReceiver.dispatchInputEvent:337 
01-01 18:20:30.260  1375  1400 I GestureDetector: obtain mCurrentDownEvent. id: 509859009 caller: com.android.server.wm.SystemPerformancePointerEventListener.onPointerEvent:89 com.android.server.wm.PointerEventDispatcher.onInputEvent:53 android.view.InputEventReceiver.dispatchInputEvent:337 
01-01 18:20:30.261   841   841 I BufferQueueProducer: [StatusBar$_1876#83](this:0xb400007a78f3f790,id:-1,api:0,p:-1,c:841) queueBuffer: fps=0.98 dur=1023.81 max=1023.81 min=1023.81
01-01 18:20:30.263   799   879 I hwcomposer: [HWCDisplay] [Display_0 (type:1)] fps:0.976853,dur:1023.70,max:1023.70,min:1023.70  
01-01 18:20:30.324  1375  1400 I GestureDetector: obtain mCurrentMotionEventRaw. action: 2 id: 158683613
01-01 18:20:30.324  1375  1400 I GestureDetector: obtain mCurrentMotionEventRaw. action: 2 id: 158683613
01-01 18:20:30.347  1375  1545 I InputReader: Touch event's action is 0x1 (id=5, t=0) [pCnt=1, s=] when=251591.937625
01-01 18:20:30.347  1375  1544 I InputDispatcher: Delivering touch to (20279): action: 0x1, f=0x0, d=0, 'c275cc5', t=1 
01-01 18:20:30.347 20279 20279 I ViewRootImpl@cc8824b[MainActivity]: ViewPostIme pointer 1
01-01 18:20:30.465  1876  1876 D StatusBarIconController: ignoring old pipeline callbacks, because the new mobile icons are enabled
01-01 18:20:30.560  1375  1400 I GestureDetector: handleMessage TAP
01-01 18:20:30.561  1375  1375 I GestureDetector: handleMessage TAP
01-01 18:20:30.895   543   543 D io_stats: !@ 179,0 r 37919035 535750630 w 5964673 67756992 d 892874 67056684 f 0 0 iot 9731628 0 th 0 0 0 pt 0 inp 0 0 251592.486
