01-01 18:21:23.520  1876  1876 D StatusBarIconController: ignoring old pipeline callbacks, because the new mobile icons are enabled
01-01 18:21:23.533  1876  2061 I gralloc4: @set_metadata: update dataspace from GM (0x00000000 -> 0x08010000)
01-01 18:21:23.549   841   841 I BufferQueueProducer: [StatusBar$_1876#83](this:0xb400007a78f3f790,id:-1,api:0,p:-1,c:841) queueBuffer: fps=0.25 dur=4028.22 max=4028.22 min=4028.22
01-01 18:21:23.552   799   879 I hwcomposer: [HWCDisplay] [Display_0 (type:1)] fps:0.248261,dur:4028.01,max:4028.01,min:4028.01  
01-01 18:21:24.555  1876  1876 D StatusBarIconController: ignoring old pipeline callbacks, because the new mobile icons are enabled
01-01 18:21:24.929   543   543 D io_stats: !@ 179,0 r 37921932 535797638 w 5965174 67760268 d 892891 67068896 f 0 0 iot 9732420 0 th 0 0 0 pt 0 inp 0 0 251646.519
01-01 18:21:25.517  1876  1876 D StatusBarIconController: ignoring old pipeline callbacks, because the new mobile icons are enabled
01-01 18:21:25.539  1876  2061 I gralloc4: @set_metadata: update dataspace from GM (0x00000000 -> 0x08010000)
01-01 18:21:25.556   841   841 I BufferQueueProducer: [StatusBar$_1876#83](this:0xb400007a78f3f790,id:-1,api:0,p:-1,c:841) queueBuffer: fps=0.50 dur=2006.88 max=2006.88 min=2006.88
01-01 18:21:25.559   799   879 I hwcomposer: [HWCDisplay] [Display_0 (type:1)] fps:0.498277,dur:2006.92,max:2006.92,min:2006.92  
01-01 18:21:26.453  1028  1028 I thermal_repeater: socket -1
01-01 18:21:26.555  1876  1876 D StatusBarIconController: ignoring old pipeline callbacks, because the new mobile icons are enabled
01-01 18:21:27.558  1876  1876 D StatusBarIconController: ignoring old pipeline callbacks, because the new mobile icons are enabled
01-01 18:21:27.629   844   856 D ccci_mdinit: (1):monitor_time_update_thread round:19924 ########
01-01 18:21:27.749  1375  2904 I SemWifiApDataUsage: handleMessage: 14
01-01 18:21:27.750  1375  2904 I SemWifiApEbpf: DATA_USAGE_STATS_START_POLL,mhs= true,upstream= 2,client size 2
01-01 18:21:27.751  1375  2904 D SemWifiApEbpf: getWifiApDataUsageForOverAllMhs():  overall data is246995765
01-01 18:21:27.751  1375  2904 I SemWifiApEbpf: updating the overall dataUsage , overall =246995765 , global = {mTotalDataBytes=246823182,mTotalDataIngressBytes=0,mTotalDataEgressBytes=0,mCellularBytes=246823182,mCurrentDayAndSimCellularBytes=246823182}
01-01 18:21:28.555  1876  1876 D StatusBarIconController: ignoring old pipeline callbacks, because the new mobile icons are enabled
01-01 18:21:28.931   543   543 D io_stats: !@ 179,0 r 37921940 535797670 w 5965184 67760340 d 892891 67068896 f 0 0 iot 9732428 0 th 0 0 0 pt 0 inp 0 0 251650.521
01-01 18:21:29.555  1876  1876 D StatusBarIconController: ignoring old pipeline callbacks, because the new mobile icons are enabled
01-01 18:21:30.594  1876  1876 D StatusBarIconController: ignoring old pipeline callbacks, because the new mobile icons are enabled
01-01 18:21:31.386  1375  2904 I SemWifiApDataUsage: handleMessage: 15
01-01 18:21:31.388   773   773 E audit   : type=1400 audit(1767291691.384:1643119): avc:  denied  { ioctl } for  pid=1375 comm="SemWifiApDataUs" path="/data/system/SemWifiApDataUsageHistory.db" dev="dm-50" ino=202538 ioctlcmd=0xf522 scontext=u:r:system_server:s0 tcontext=u:object_r:system_data_file:s0 tclass=file permissive=0 SEPF_SM-A145P_12_0001 audit_filtered
01-01 18:21:31.398  1375  2904 D SemWifiApDbHistoryTableHelper: insertOrUpdateOnGivenDate() : data has been updated or inserted for date=2026-01-01
01-01 18:21:31.403  1375  2904 I SemWifiApDbSimTableHelper: updated for SIM : 8922201040**********
01-01 18:21:31.454  1028  1028 I thermal_repeater: socket -1
01-01 18:21:31.558  1876  1876 D StatusBarIconController: ignoring old pipeline callbacks, because the new mobile icons are enabled
01-01 18:21:31.583  1876  2061 I gralloc4: @set_metadata: update dataspace from GM (0x00000000 -> 0x08010000)
01-01 18:21:31.601   841   841 I SurfaceFlinger: SFWD update time=251653191589844
01-01 18:21:31.601   841   841 I BufferQueueProducer: [StatusBar$_1876#83](this:0xb400007a78f3f790,id:-1,api:0,p:-1,c:841) queueBuffer: fps=0.17 dur=6045.23 max=6045.23 min=6045.23
01-01 18:21:31.603   799   879 I hwcomposer: [HWCDisplay] [Display_0 (type:1)] fps:0.165453,dur:6044.01,max:6044.01,min:6044.01  
01-01 18:21:32.282  1375  1506 D SensorService: [SO] 0.376 0.063 9.723
01-01 18:21:32.556  1876  1876 D StatusBarIconController: ignoring old pipeline callbacks, because the new mobile icons are enabled
01-01 18:21:32.578  1876  2061 I gralloc4: @set_metadata: update dataspace from GM (0x00000000 -> 0x08010000)
01-01 18:21:32.626  1876  1876 D StatusBarIconController: ignoring old pipeline callbacks, because the new mobile icons are enabled
01-01 18:21:32.677  5764  5795 V CpEventLog(u0): cp_state: [                 contacts = {contacts=2229, raw_contacts=3729, data=18000, account={secphone(1)=276, google(2)=1962, sim(3)=0, sim2(4)=0, agg(5)=0, duo(8)=191, google(9)=0, whatsapp(12)=1275, google(24)=0, com.opera.mini.native.ping(32)=0}, trash=0, trash_acc={}, trash_sync=25, database=contacts2.db} ]
01-01 18:21:32.677  5764  5795 V CpEventLog(u0): cp_state: [               aggregated = {[1,12,8]=27, [1,12]=170, [1,8]=4, [12,1]=3, [12,8]=1, [12]=3, [1]=71, [2,12,12]=1, [2,12,8]=120, [2,12]=932, [2,1]=1, [2,2,12]=7, [2,2]=1, [2,8,12]=10, [2,8]=29, [2]=853} ]
01-01 18:21:32.677  5764  5795 V CpEventLog(u0): cp_state: [                  request = {} ]
01-01 18:21:32.677  5764  5795 V CpEventLog(u0): cp_state: [                    calls = {types={[100]=2000}, database=calllog.db} ]
01-01 18:21:32.677  5764  5795 V CpEventLog(u0): cp_state: [                  profile = {contacts=0, raw_contacts=0, data=0, account={secphone(1)=0, google(2)=0, sim(3)=0, sim2(4)=0, agg(5)=0, duo(8)=0, google(9)=0, whatsapp(12)=0, google(20)=0, com.opera.mini.native.ping(26)=0}, trash=0, trash_acc={}, trash_sync=0, database=profile.db} ]
01-01 18:21:32.677  5764  5795 V CpEventLog(u0): cp_state: [               sa_profile = {contacts=1, raw_contacts=1, data=1, account={secphone(1)=1, google(2)=0, sim(3)=0, sim2(4)=0, agg(5)=0, duo(8)=0, google(9)=0, whatsapp(12)=0, google(20)=0, com.opera.mini.native.ping(26)=0}, trash=0, trash_acc={}, trash_sync=0, database=profile_sa.db} ]
01-01 18:21:32.677  5764  5795 V CpEventLog(u0): cp_state: [                      etc = {binders=0, country_iso=MR, version=15.0.64, db_version=1708, csc=/} ]
01-01 18:21:32.677  5764  5795 V CpEventLog(u0): cp_state: ------------------------------------------------------------------------------
01-01 18:21:32.753  1375  2904 I SemWifiApDataUsage: handleMessage: 14
01-01 18:21:32.753  1375  2904 I SemWifiApEbpf: DATA_USAGE_STATS_START_POLL,mhs= true,upstream= 2,client size 2
01-01 18:21:32.755  1375  2904 D SemWifiApEbpf: getWifiApDataUsageForOverAllMhs():  overall data is247645011
01-01 18:21:32.755  1375  2904 I SemWifiApEbpf: updating the overall dataUsage , overall =247645011 , global = {mTotalDataBytes=246995765,mTotalDataIngressBytes=0,mTotalDataEgressBytes=0,mCellularBytes=246995765,mCurrentDayAndSimCellularBytes=246995765}
01-01 18:21:32.932   543   543 D io_stats: !@ 179,0 r 37922242 535799698 w 5965319 67760972 d 892891 67068896 f 0 0 iot 9732492 0 th 0 0 0 pt 0 inp 0 0 251654.523
01-01 18:21:33.565  1876  1876 D StatusBarIconController: ignoring old pipeline callbacks, because the new mobile icons are enabled
01-01 18:21:33.591  1876  2061 I gralloc4: @set_metadata: update dataspace from GM (0x00000000 -> 0x08010000)
01-01 18:21:33.610   841   841 I BufferQueueProducer: [StatusBar$_1876#83](this:0xb400007a78f3f790,id:-1,api:0,p:-1,c:841) queueBuffer: fps=1.00 dur=2008.45 max=1017.00 min=991.45
01-01 18:21:33.613   799   879 I hwcomposer: [HWCDisplay] [Display_0 (type:1)] fps:0.995232,dur:2009.58,max:1018.91,min:990.68  
01-01 18:21:33.634  1876  1876 D StatusBarIconController: ignoring old pipeline callbacks, because the new mobile icons are enabled
01-01 18:21:33.783  1375  1418 D BatteryExternalStatsWorker: update stats : procstate-change (14)
01-01 18:21:33.783  1375  1418 I WifiService: getSupportedFeatures uid=1000 returns f8106ac889459
01-01 18:21:33.784  1375  1418 D BatteryExternalStatsWorker: Update Rail Energy data
01-01 18:21:33.785  1375  1418 D BatteryExternalStatsWorker: Fetch Bluetooth data
01-01 18:21:33.785  1375  1418 D BatteryExternalStatsWorker: Fetch modem data
01-01 18:21:33.788  1375  3303 W BatteryExternalStatsWorker: error reading Bluetooth stats: 11
01-01 18:21:33.807  1375  3303 D TelephonyManager: requestModemActivityInfo: Sending result to app: ModemActivityInfo{ mTimestamp=513439811 mSleepTimeMs=7589 mIdleTimeMs=336725 mActivityStatsTechSpecificInfo=[{mRat=UNKNOWN,mFrequencyRange=UNKNOWN,mTxTimeMs[]=[0, 55, 0, 1487, 2898],mRxTimeMs=135382482}]}
01-01 18:21:33.808  1375  1418 D BatteryExternalStatsWorker: mStats lock released
01-01 18:21:33.828  1375  1418 D BatteryExternalStatsWorker: Update modem state
01-01 18:21:33.828  1375  1418 D BatteryExternalStatsWorker: done updateExternalStatsLocked
01-01 18:21:34.108  1809  2062 E NetlinkUtils: receiveNetlinkAck, errmsg=NetlinkErrorMessage{ nlmsghdr{StructNlMsgHdr{ nlmsg_len{100}, nlmsg_type{2()}, nlmsg_flags{0()}, nlmsg_seq{1}, nlmsg_pid{-1747872101} }}, nlmsgerr{StructNlMsgErr{ error{-2}, msg{StructNlMsgHdr{ nlmsg_len{80}, nlmsg_type{256()}, nlmsg_flags{261(NLM_F_REQUEST|NLM_F_ACK|NLM_F_ROOT)}, nlmsg_seq{1}, nlmsg_pid{0} }} }} }
01-01 18:21:34.108  1809  2062 W Tethering: [BpfCoordinator] WARN Failed to update conntrack entry (proto: 6, src4: /10.211.137.241, srcPort: 63414, dst4: /34.54.84.110, dstPort: 443), msg: 50000000000105010100000000000000020000003400018014000180080001000AD389F1080002002236546E1C000280050001000600000006000200F7B600000600030001BB00000800070000069780, e: android.system.ErrnoException: NetlinkErrorMessage{ nlmsghdr{StructNlMsgHdr{ nlmsg_len{100}, nlmsg_type{2()}, nlmsg_flags{0()}, nlmsg_seq{1}, nlmsg_pid{-1747872101} }}, nlmsgerr{StructNlMsgErr{ error{-2}, msg{StructNlMsgHdr{ nlmsg_len{80}, nlmsg_type{256()}, nlmsg_flags{261(NLM_F_REQUEST|NLM_F_ACK|NLM_F_ROOT)}, nlmsg_seq{1}, nlmsg_pid{0} }} }} } failed: ENOENT (No such file or directory)
01-01 18:21:34.479  1809  2062 E NetlinkUtils: receiveNetlinkAck, errmsg=NetlinkErrorMessage{ nlmsghdr{StructNlMsgHdr{ nlmsg_len{100}, nlmsg_type{2()}, nlmsg_flags{0()}, nlmsg_seq{1}, nlmsg_pid{-1252100247} }}, nlmsgerr{StructNlMsgErr{ error{-2}, msg{StructNlMsgHdr{ nlmsg_len{80}, nlmsg_type{256()}, nlmsg_flags{261(NLM_F_REQUEST|NLM_F_ACK|NLM_F_ROOT)}, nlmsg_seq{1}, nlmsg_pid{0} }} }} }
01-01 18:21:34.479  1809  2062 W Tethering: [BpfCoordinator] WARN Failed to update conntrack entry (proto: 6, src4: /10.211.137.241, srcPort: 63414, dst4: /34.54.84.110, dstPort: 443), msg: 50000000000105010100000000000000020000003400018014000180080001000AD389F1080002002236546E1C000280050001000600000006000200F7B600000600030001BB00000800070000069780, e: android.system.ErrnoException: NetlinkErrorMessage{ nlmsghdr{StructNlMsgHdr{ nlmsg_len{100}, nlmsg_type{2()}, nlmsg_flags{0()}, nlmsg_seq{1}, nlmsg_pid{-1252100247} }}, nlmsgerr{StructNlMsgErr{ error{-2}, msg{StructNlMsgHdr{ nlmsg_len{80}, nlmsg_type{256()}, nlmsg_flags{261(NLM_F_REQUEST|NLM_F_ACK|NLM_F_ROOT)}, nlmsg_seq{1}, nlmsg_pid{0} }} }} } failed: ENOENT (No such file or directory)
01-01 18:21:34.567  1876  1876 D StatusBarIconController: ignoring old pipeline callbacks, because the new mobile icons are enabled
01-01 18:21:34.579  1764  1764 D TelephonyManager: requestModemActivityInfo: Sending result to app: ModemActivityInfo{ mTimestamp=513514311 mSleepTimeMs=7589 mIdleTimeMs=336725 mActivityStatsTechSpecificInfo=[{mRat=UNKNOWN,mFrequencyRange=UNKNOWN,mTxTimeMs[]=[0, 55, 0, 1487, 2898],mRxTimeMs=135383256}]}
01-01 18:21:34.596  1876  2061 I gralloc4: @set_metadata: update dataspace from GM (0x00000000 -> 0x08010000)
01-01 18:21:34.640  1876  1876 D StatusBarIconController: ignoring old pipeline callbacks, because the new mobile icons are enabled
01-01 18:21:34.936   543   543 D io_stats: !@ 179,0 r 37922246 535799714 w 5965323 67761028 d 892891 67068896 f 0 0 iot 9732496 0 th 0 0 0 pt 0 inp 0 0 251656.527
01-01 18:21:35.335  1375  1994 W ProcessStats: Tracking association SourceState{f0b6e38 com.wawapp.driver/10417 BTop #549723} whose proc state 2 is better than process ProcessState{ae5b82b com.google.android.gms/10173 pkg=com.google.android.gms} proc state 6 (0 skipped)
01-01 18:21:35.676  1876  1876 D StatusBarIconController: ignoring old pipeline callbacks, because the new mobile icons are enabled
01-01 18:21:36.455  1028  1028 I thermal_repeater: socket -1
01-01 18:21:36.937   543   543 D io_stats: !@ 179,0 r 37922250 535799730 w 5965328 67761052 d 892891 67068896 f 0 0 iot 9732500 0 th 0 0 0 pt 0 inp 0 0 251658.528
01-01 18:21:37.715  1876  1876 D StatusBarIconController: ignoring old pipeline callbacks, because the new mobile icons are enabled
01-01 18:21:37.757  1375  2904 I SemWifiApDataUsage: handleMessage: 14
01-01 18:21:37.757  1375  2904 I SemWifiApEbpf: DATA_USAGE_STATS_START_POLL,mhs= true,upstream= 2,client size 2
01-01 18:21:37.759  1375  2904 D SemWifiApEbpf: getWifiApDataUsageForOverAllMhs():  overall data is247943797
01-01 18:21:37.759  1375  2904 I SemWifiApEbpf: updating the overall dataUsage , overall =247943797 , global = {mTotalDataBytes=247645011,mTotalDataIngressBytes=0,mTotalDataEgressBytes=0,mCellularBytes=247645011,mCurrentDayAndSimCellularBytes=247645011}
01-01 18:21:38.609  1876  1876 D StatusBarIconController: ignoring old pipeline callbacks, because the new mobile icons are enabled
01-01 18:21:38.621  1876  2061 I gralloc4: @set_metadata: update dataspace from GM (0x00000000 -> 0x08010000)
01-01 18:21:38.629   841   841 I BufferQueueProducer: [StatusBar$_1876#83](this:0xb400007a78f3f790,id:-1,api:0,p:-1,c:841) queueBuffer: fps=0.40 dur=5019.45 max=4023.97 min=995.49
01-01 18:21:38.632   799   879 I hwcomposer: [HWCDisplay] [Display_0 (type:1)] fps:0.398455,dur:5019.38,max:4024.21,min:995.17  
01-01 18:21:38.939   543   543 D io_stats: !@ 179,0 r 37922254 535799746 w 5965338 67761120 d 892891 67068896 f 0 0 iot 9732504 0 th 0 0 0 pt 0 inp 0 0 251660.529
01-01 18:21:39.597  1876  1876 D StatusBarIconController: ignoring old pipeline callbacks, because the new mobile icons are enabled
01-01 18:21:39.629  1876  2061 I gralloc4: @set_metadata: update dataspace from GM (0x00000000 -> 0x08010000)
01-01 18:21:39.644   841   841 I BufferQueueProducer: [StatusBar$_1876#83](this:0xb400007a78f3f790,id:-1,api:0,p:-1,c:841) queueBuffer: fps=0.98 dur=1015.27 max=1015.27 min=1015.27
01-01 18:21:39.649   799   879 I hwcomposer: [HWCDisplay] [Display_0 (type:1)] fps:0.983880,dur:1016.38,max:1016.38,min:1016.38  
01-01 18:21:39.744   813   860 I libPerfCtl: xgfGetFPS pid:-1 fps:0
01-01 18:21:39.745   813   860 I libPerfCtl: xgfGetFPS ioctl_ret:-1
01-01 18:21:39.758  1876  1876 D StatusBarIconController: ignoring old pipeline callbacks, because the new mobile icons are enabled
01-01 18:21:40.796  1876  1876 D StatusBarIconController: ignoring old pipeline callbacks, because the new mobile icons are enabled
01-01 18:21:40.939   543   543 D io_stats: !@ 179,0 r 37922258 535799762 w 5965338 67761120 d 892891 67068896 f 0 0 iot 9732508 0 th 0 0 0 pt 0 inp 0 0 251662.530
01-01 18:21:41.251  1375  1506 D SensorService: [SO] 0.376 0.044 9.742
01-01 18:21:41.455  1028  1028 I thermal_repeater: socket -1
01-01 18:21:41.834  1876  1876 D StatusBarIconController: ignoring old pipeline callbacks, because the new mobile icons are enabled
01-01 18:21:42.615  1876  1876 D StatusBarIconController: ignoring old pipeline callbacks, because the new mobile icons are enabled
01-01 18:21:42.650  1876  2061 I gralloc4: @set_metadata: update dataspace from GM (0x00000000 -> 0x08010000)
01-01 18:21:42.669   841   841 I BufferQueueProducer: [StatusBar$_1876#83](this:0xb400007a78f3f790,id:-1,api:0,p:-1,c:841) queueBuffer: fps=0.33 dur=3024.31 max=3024.31 min=3024.31
01-01 18:21:42.672   799   879 I hwcomposer: [HWCDisplay] [Display_0 (type:1)] fps:0.330762,dur:3023.32,max:3023.32,min:3023.32  
01-01 18:21:42.762  1375  2904 I SemWifiApDataUsage: handleMessage: 14
01-01 18:21:42.763  1375  2904 I SemWifiApEbpf: DATA_USAGE_STATS_START_POLL,mhs= true,upstream= 2,client size 2
01-01 18:21:42.764  1375  2904 D SemWifiApEbpf: getWifiApDataUsageForOverAllMhs():  overall data is248203471
01-01 18:21:42.764  1375  2904 I SemWifiApEbpf: updating the overall dataUsage , overall =248203471 , global = {mTotalDataBytes=247943797,mTotalDataIngressBytes=0,mTotalDataEgressBytes=0,mCellularBytes=247943797,mCurrentDayAndSimCellularBytes=247943797}
01-01 18:21:42.836  1876  1876 D StatusBarIconController: ignoring old pipeline callbacks, because the new mobile icons are enabled
01-01 18:21:42.940   543   543 D io_stats: !@ 179,0 r 37922260 535799770 w 5965338 67761120 d 892891 67068896 f 0 0 iot 9732512 0 th 0 0 0 pt 0 inp 0 0 251664.531
01-01 18:21:43.640  1876  1876 D StatusBarIconController: ignoring old pipeline callbacks, because the new mobile icons are enabled
01-01 18:21:43.652  1876  2061 I gralloc4: @set_metadata: update dataspace from GM (0x00000000 -> 0x08010000)
01-01 18:21:43.834  1876  1876 D StatusBarIconController: ignoring old pipeline callbacks, because the new mobile icons are enabled
01-01 18:21:44.359  1375  1401 W NotifHistoryProto: notification package name (com.android.systemui) not found in string cache
01-01 18:21:44.360  1375  1401 W NotifHistoryProto: notification package name (com.android.systemui) not found in string cache
01-01 18:21:44.360  1375  1401 W NotifHistoryProto: notification package name (com.android.systemui) not found in string cache
01-01 18:21:44.360  1375  1401 W NotifHistoryProto: notification package name (com.google.android.apps.messaging) not found in string cache
01-01 18:21:44.360  1375  1401 W NotifHistoryProto: notification package name (com.android.systemui) not found in string cache
01-01 18:21:44.360  1375  1401 W NotifHistoryProto: notification package name (com.android.systemui) not found in string cache
01-01 18:21:44.360  1375  1401 W NotifHistoryProto: notification package name (com.android.systemui) not found in string cache
01-01 18:21:44.360  1375  1401 W NotifHistoryProto: notification package name (com.android.systemui) not found in string cache
01-01 18:21:44.360  1375  1401 W NotifHistoryProto: notification package name (com.android.systemui) not found in string cache
01-01 18:21:44.360  1375  1401 W NotifHistoryProto: notification package name (com.android.systemui) not found in string cache
01-01 18:21:44.360  1375  1401 W NotifHistoryProto: notification package name (com.android.systemui) not found in string cache
01-01 18:21:44.360  1375  1401 W NotifHistoryProto: notification package name (com.android.systemui) not found in string cache
01-01 18:21:44.360  1375  1401 W NotifHistoryProto: notification package name (com.android.systemui) not found in string cache
01-01 18:21:44.360  1375  1401 W NotifHistoryProto: notification package name (com.android.systemui) not found in string cache
01-01 18:21:44.361  1375  1401 W NotifHistoryProto: notification package name (com.android.systemui) not found in string cache
01-01 18:21:44.361  1375  1401 W NotifHistoryProto: notification package name (com.android.systemui) not found in string cache
01-01 18:21:44.361  1375  1401 W NotifHistoryProto: notification package name (com.android.systemui) not found in string cache
01-01 18:21:44.361  1375  1401 W NotifHistoryProto: notification package name (com.android.systemui) not found in string cache
01-01 18:21:44.361  1375  1401 W NotifHistoryProto: notification package name (com.whatsapp) not found in string cache
01-01 18:21:44.361  1375  1401 W NotifHistoryProto: notification package name (com.whatsapp) not found in string cache
01-01 18:21:44.361  1375  1401 W NotifHistoryProto: notification package name (com.whatsapp) not found in string cache
01-01 18:21:44.361  1375  1401 W NotifHistoryProto: notification package name (com.whatsapp) not found in string cache
01-01 18:21:44.361  1375  1401 W NotifHistoryProto: notification package name (com.android.systemui) not found in string cache
01-01 18:21:44.361  1375  1401 W NotifHistoryProto: notification package name (com.android.systemui) not found in string cache
01-01 18:21:44.361  1375  1401 W NotifHistoryProto: notification package name (com.android.systemui) not found in string cache
01-01 18:21:44.361  1375  1401 W NotifHistoryProto: notification package name (com.android.systemui) not found in string cache
01-01 18:21:44.361  1375  1401 W NotifHistoryProto: notification package name (com.android.systemui) not found in string cache
01-01 18:21:44.361  1375  1401 W NotifHistoryProto: notification package name (com.android.systemui) not found in string cache
01-01 18:21:44.361  1375  1401 W NotifHistoryProto: notification package name (com.android.systemui) not found in string cache
01-01 18:21:44.362  1375  1401 W NotifHistoryProto: notification package name (com.android.systemui) not found in string cache
01-01 18:21:44.362  1375  1401 W NotifHistoryProto: notification package name (com.whatsapp) not found in string cache
01-01 18:21:44.362  1375  1401 W NotifHistoryProto: notification package name (com.android.systemui) not found in string cache
01-01 18:21:44.628  1876  1876 D StatusBarIconController: ignoring old pipeline callbacks, because the new mobile icons are enabled
01-01 18:21:44.660  1876  2061 I gralloc4: @set_metadata: update dataspace from GM (0x00000000 -> 0x08010000)
01-01 18:21:44.674   841   841 I BufferQueueProducer: [StatusBar$_1876#83](this:0xb400007a78f3f790,id:-1,api:0,p:-1,c:841) queueBuffer: fps=1.00 dur=2005.13 max=1005.70 min=999.43
01-01 18:21:44.678   799   879 I hwcomposer: [HWCDisplay] [Display_0 (type:1)] fps:0.997275,dur:2005.46,max:1006.10,min:999.36  
01-01 18:21:44.733   800   800 I android.hardware.health@2.1-service-samsung: start ISehThermal::getService()
01-01 18:21:44.734   497   497 I hwservicemanager: getTransport: Cannot find entry vendor.samsung.hardware.thermal@1.0::ISehThermal/default in either framework or device VINTF manifest.
01-01 18:21:44.734   800   800 E android.hardware.health@2.1-service-samsung: ISehThermal::getService() fail
01-01 18:21:44.735  1375  1407 D BatteryService: Sending ACTION_BATTERY_CHANGED: level:78, status:2, health:2, remain:420, ac:false, usb:true, wireless:false, pogo:false, misc:0x0, charge_type:1, charger_type:0, voltage:4195, temperature:399, online:6, charging_status:0, cycle_count:542, current_avg:548100, ps:false, hvc:false, capacity:280000, current_event:0x0, current_now:548400, mcc:500000, mcv:5000000, cc:2297880, present:true, scale:100, technology:Li-ion
01-01 18:21:44.737  1375  1730 I DeviceBatteryInfoService: action: android.intent.action.BATTERY_CHANGED
01-01 18:21:44.737  1375  1730 I DeviceBatteryInfoService: phone battery level: 78
01-01 18:21:44.737  1375  1730 I DeviceBatteryInfoService: phone battery status: 2
01-01 18:21:44.738  1375  1584 D MotionRecognitionService: [SAR]  onReceive : ACTION_BATTERY_CHANGED, Plugged: 2
01-01 18:21:44.739  1876  1876 I AODBatteryManager: updateBatteryData: ACTION_BATTERY_CHANGED
01-01 18:21:44.739  1764  1764 D SemBigDataInfoController: Intent: android.intent.action.BATTERY_CHANGED
01-01 18:21:44.739  1764  1764 D SemBigDataInfoController: Intent: android.intent.action.BATTERY_CHANGED
01-01 18:21:44.740  1876  1876 I AODBatteryManager: saveBatteryData : AOD BatteryData [mBatteryLevel=78, mBatteryStatus=CHARGING, mBatteryPlugType=USB, mBatteryPlugged=true, mRemainingChargeTime=420000, mBatteryChargingType=1, mBatteryChargerType=NORMAL, mBatteryOnline=NOT_DEFINED, mBatterySwellingMode=NONE, mBatteryProtectMode=false, mBatteryProtectModeType=1, mSleepChargingEvent=null, mSleepChargingEventFinishTime=null]
01-01 18:21:44.741  1876  1876 D SamsungBatteryMeterDrawable: onBatteryLevelChanged isSomethingChanged: false
01-01 18:21:44.741  1876  1876 D SamsungBatteryMeterDrawable: onBatteryLevelChanged isSomethingChanged: false
01-01 18:21:44.741  1876  1876 D SamsungBatteryMeterDrawable: onBatteryLevelChanged isSomethingChanged: false
01-01 18:21:44.741  1876  1876 I PowerUI : mBootCompleted = true |  mFullyConnected = true
01-01 18:21:44.741  1876  1876 I PowerUI : BATTERY_HEALTH_CHECK extraHealth=2 mBatteryMiscEvent=0
01-01 18:21:44.741  1876  1876 W PowerUI : Plug reason
01-01 18:21:44.741  1876  1876 W PowerUI : Skip charging animation - by plug status
01-01 18:21:44.741  1876  1876 D PowerUI : priorPlugType = 2 mPlugType = 2 priorBatteryStatus = 2 mBatteryStatus = 2
01-01 18:21:44.741  1876  1876 W PowerUI : Plug reason
01-01 18:21:44.742  1876  1876 W PowerUI : Skip charging sound - by plug status
01-01 18:21:44.742  1876  1876 I PowerUI : oldMisalign : false, curMisalign : false
01-01 18:21:44.742  1876  3275 D SecPowerUI.Notification: dismissing low battery warning: level=78
01-01 18:21:44.742  1876  3275 D SecPowerUI.Notification: updateNotification mWarning=false mPlaySound=false
01-01 18:21:44.742  1876  3275 D SecPowerUI.Notification: SecBatteryStatsSnapshot{batteryLevel=78, currentBatteryMode=1, chargingTime=420000, chargingType=11, batteryHealth=2, automaticTestMode=false, isHiccupState=false, optChargingFinishTime=}
01-01 18:21:44.742  1876  3275 D SecPowerUI.Notification: 1. restoreScreenTimeOut - saved_value : :
01-01 18:21:44.742  1876  3275 E SecPowerUI.Notification: no saved value, so we do nothing !!
01-01 18:21:44.743  1876  1876 D SecPowerUI.Notification: showChargingNotice oldChargingType : 11 / currentChargingType : 11, oldChargingTime : 420000 / mChargingTime : 420000
01-01 18:21:44.743  1876  1876 D SecPowerUI.Notification: showChargingNotice There is no change about charging status, so return!
01-01 18:21:44.743  1876  1876 D PowerUI : Battery swelling mode - priorBatterySwellingMode = 0 mBatterySwellingMode = 0 mBatteryStatus = 2
01-01 18:21:44.743  1876  1876 I PowerUI : mBatteryMiscEvent = 0
01-01 18:21:44.743  1876  1876 I PowerUI : checkRestoreProtectBattery pb value : 1, Scheduling start ? : false
01-01 18:21:44.743  1876  1876 I PowerUI : Clear time
01-01 18:21:44.743  1375  1994 D KNOX_MDM_SettingsProvider: isChangeAllowed() : name = ltc_highsoc_exceed_time
01-01 18:21:44.743  1375  1994 D KNOX_MDM_SettingsProvider: edmUri: content://com.sec.knox.provider/RestrictionPolicy3
01-01 18:21:44.743  1375  1994 D KNOX_MDM_SettingsProvider: projectionArgs: isSettingsChangesAllowed
01-01 18:21:44.743  1375  1994 D KNOX_MDM_SettingsProvider: selectionArgs: false
01-01 18:21:44.743  1375  1994 D KNOX_MDM_SettingsProvider: selectionArgs: 10046
01-01 18:21:44.744  1375  1994 D SecContentProvider: query(), uri = 17 selection = isSettingsChangesAllowed
01-01 18:21:44.744  1375  1994 D SecContentProvider: called from android.uid.systemui:10046
01-01 18:21:44.744  1375  1994 D RestrictionPolicy: isSettingsChangesAllowedAsUser, userId 0 : true
01-01 18:21:44.744  1375  1994 D KNOX_MDM_SettingsProvider: ret = 1
01-01 18:21:44.744  1876  1876 I PowerUI : checkBatteryProtectionNotification : 2, pb value : 1, plugType : 2, level : 78
01-01 18:21:44.744  1876  1876 D SecPowerUI.Notification: SecBatteryStatsSnapshot{batteryLevel=78, currentBatteryMode=1, chargingTime=420000, chargingType=11, batteryHealth=2, automaticTestMode=false, isHiccupState=false, optChargingFinishTime=}
01-01 18:21:44.746  1876  1876 D KeyguardUpdateMonitor: handleBatteryUpdate
01-01 18:21:44.835  1876  1876 D StatusBarIconController: ignoring old pipeline callbacks, because the new mobile icons are enabled
01-01 18:21:44.942   543   543 D io_stats: !@ 179,0 r 37922282 535799942 w 5965349 67761204 d 892891 67068896 f 0 0 iot 9732520 0 th 0 0 0 pt 0 inp 0 0 251666.532
01-01 18:21:45.633  1876  1876 D StatusBarIconController: ignoring old pipeline callbacks, because the new mobile icons are enabled
01-01 18:21:45.665  1876  2061 I gralloc4: @set_metadata: update dataspace from GM (0x00000000 -> 0x08010000)
01-01 18:21:45.680   841   841 I BufferQueueProducer: [StatusBar$_1876#83](this:0xb400007a78f3f790,id:-1,api:0,p:-1,c:841) queueBuffer: fps=0.99 dur=1005.80 max=1005.80 min=1005.80
01-01 18:21:45.684   799   879 I hwcomposer: [HWCDisplay] [Display_0 (type:1)] fps:0.994039,dur:1006.00,max:1006.00,min:1006.00  
01-01 18:21:45.836  1876  1876 D StatusBarIconController: ignoring old pipeline callbacks, because the new mobile icons are enabled
01-01 18:21:46.456  1028  1028 I thermal_repeater: socket -1
01-01 18:21:46.835  1876  1876 D StatusBarIconController: ignoring old pipeline callbacks, because the new mobile icons are enabled
01-01 18:21:47.727  1375  1629 W DeviceStorageMonitorService: updateBroadcasts(/data) oldLevel:0, newLevel:0, seq:1
01-01 18:21:47.729  1375  1629 D DeviceStorageMonitorService: Available File Node Number is [12256444]
01-01 18:21:47.729  1375  1629 W DeviceStorageMonitorService: updateBroadcasts_filenode(/data) fn_oldLevel:0, fn_newLevel:0, seq:1
01-01 18:21:47.770  1375  2904 I SemWifiApDataUsage: handleMessage: 14
01-01 18:21:47.770  1375  2904 I SemWifiApEbpf: DATA_USAGE_STATS_START_POLL,mhs= true,upstream= 2,client size 2
01-01 18:21:47.772  1375  2904 D SemWifiApEbpf: getWifiApDataUsageForOverAllMhs():  overall data is248505033
01-01 18:21:47.772  1375  2904 I SemWifiApEbpf: updating the overall dataUsage , overall =248505033 , global = {mTotalDataBytes=248203471,mTotalDataIngressBytes=0,mTotalDataEgressBytes=0,mCellularBytes=248203471,mCurrentDayAndSimCellularBytes=248203471}
01-01 18:21:47.835  1876  1876 D StatusBarIconController: ignoring old pipeline callbacks, because the new mobile icons are enabled
01-01 18:21:48.650  1876  1876 D StatusBarIconController: ignoring old pipeline callbacks, because the new mobile icons are enabled
01-01 18:21:48.669  1876  2061 I gralloc4: @set_metadata: update dataspace from GM (0x00000000 -> 0x08010000)
01-01 18:21:48.686   841   841 I BufferQueueProducer: [StatusBar$_1876#83](this:0xb400007a78f3f790,id:-1,api:0,p:-1,c:841) queueBuffer: fps=0.33 dur=3006.04 max=3006.04 min=3006.04
01-01 18:21:48.689   799   879 I hwcomposer: [HWCDisplay] [Display_0 (type:1)] fps:0.332687,dur:3005.83,max:3005.83,min:3005.83  
01-01 18:21:48.832  1876  1876 D StatusBarIconController: ignoring old pipeline callbacks, because the new mobile icons are enabled
01-01 18:21:49.657  1876  1876 D StatusBarIconController: ignoring old pipeline callbacks, because the new mobile icons are enabled
01-01 18:21:49.689  1876  2061 I gralloc4: @set_metadata: update dataspace from GM (0x00000000 -> 0x08010000)
01-01 18:21:49.703   841   841 I BufferQueueProducer: [StatusBar$_1876#83](this:0xb400007a78f3f790,id:-1,api:0,p:-1,c:841) queueBuffer: fps=0.98 dur=1017.63 max=1017.63 min=1017.63
01-01 18:21:49.707   799   879 I hwcomposer: [HWCDisplay] [Display_0 (type:1)] fps:0.982521,dur:1017.79,max:1017.79,min:1017.79  
01-01 18:21:49.746  1876  1876 D SecPowerUI.Notification: showChargingNotice oldChargingType : 11 / currentChargingType : 11, oldChargingTime : 420000 / mChargingTime : 420000
01-01 18:21:49.746  1876  1876 D SecPowerUI.Notification: showChargingNotice There is no change about charging status, so return!
01-01 18:21:49.837  1876  1876 D StatusBarIconController: ignoring old pipeline callbacks, because the new mobile icons are enabled
01-01 18:21:50.074  1375  1405 E Watchdog: !@Sync: 8385 heap: 103 / 113 FD: 991 [2026-01-01 18:21:50.073]
01-01 18:21:50.222  1375  1506 D SensorService: [SO] 0.376 0.024 9.703
01-01 18:21:50.834  1876  1876 D StatusBarIconController: ignoring old pipeline callbacks, because the new mobile icons are enabled
01-01 18:21:51.457  1028  1028 I thermal_repeater: socket -1
01-01 18:21:51.694  1375  1545 I InputReader: Touch event's action is 0x0 (id=5, t=0) [pCnt=1, s=0.0 ] when=251673.284316
01-01 18:21:51.696  1375  1544 I InputDispatcher: Delivering touch to (1876): action: 0x4, f=0x0, d=0, '6c20be ', t=1 
01-01 18:21:51.696  1375  1544 I InputDispatcher: Delivering touch to (20279): action: 0x0, f=0x0, d=0, 'c275cc5', t=1 
01-01 18:21:51.696  1375  1544 D PowerManagerService: [api] userActivityFromNative : touch displayId=0 eventTime=251673284
01-01 18:21:51.696 20279 20279 I ViewRootImpl@cc8824b[MainActivity]: ViewPostIme pointer 0
01-01 18:21:51.697  1375  1400 I GestureDetector: obtain mCurrentDownEvent. id: 93638832 caller: com.android.server.wm.SystemGesturesPointerEventListener.onPointerEvent:204 com.android.server.wm.PointerEventDispatcher.onInputEvent:53 android.view.InputEventReceiver.dispatchInputEvent:337 
01-01 18:21:51.697  1375  1544 D PowerManagerService: UserActivityStateListenerState: 1
01-01 18:21:51.697  1375  1400 I GestureDetector: obtain mCurrentDownEvent. id: 93638832 caller: com.android.server.wm.SystemPerformancePointerEventListener.onPointerEvent:89 com.android.server.wm.PointerEventDispatcher.onInputEvent:53 android.view.InputEventReceiver.dispatchInputEvent:337 
01-01 18:21:51.768  1375  1400 I GestureDetector: obtain mCurrentMotionEventRaw. action: 2 id: 186642068
01-01 18:21:51.768  1375  1400 I GestureDetector: obtain mCurrentMotionEventRaw. action: 2 id: 186642068
01-01 18:21:51.784  1375  1545 I InputReader: Touch event's action is 0x1 (id=5, t=0) [pCnt=1, s=] when=251673.374365
01-01 18:21:51.784  1375  1544 I InputDispatcher: Delivering touch to (20279): action: 0x1, f=0x0, d=0, 'c275cc5', t=1 
01-01 18:21:51.784 20279 20279 I ViewRootImpl@cc8824b[MainActivity]: ViewPostIme pointer 1
01-01 18:21:51.808 20279 20279 W WindowOnBackDispatcher: OnBackInvokedCallback is not enabled for the application.
01-01 18:21:51.808 20279 20279 W WindowOnBackDispatcher: Set 'android:enableOnBackInvokedCallback="true"' in the application manifest.
01-01 18:21:51.826  1876  1876 D StatusBarIconController: ignoring old pipeline callbacks, because the new mobile icons are enabled
01-01 18:21:51.869   841   841 I BufferQueueProducer: [SurfaceView[com.wawapp.driver/com.wawapp.driver.MainActivity]@0(BLAST)#53347](this:0xb400007a7882e790,id:-1,api:0,p:-1,c:841) queueBuffer: fps=0.02 dur=117754.10 max=117738.67 min=15.43
01-01 18:21:51.871   799   879 I hwcomposer: [HWCDisplay] [Display_0 (type:1)] fps:0.462191,dur:2163.61,max:2163.61,min:2163.61  
