01-01 18:03:59.723 I/BufferQueueProducer(  841): [com.wawapp.driver/com.wawapp.driver.MainActivity$_16852#53127](this:0xb400007a78ce0790,id:-1,api:0,p:-1,c:841) queueBuffer: fps=1.70 dur=11788.95 max=11393.91 min=15.22
01-01 18:03:59.728 I/ViewRootImpl@3ab9635[MainActivity](16852): mWNT: t=0xb400006fb03ba780 mBlastBufferQueue=0xb400006faffa0380 fn= 26 mRenderHdrSdrRatio=1.0 caller= android.view.SyncRtSurfaceTransactionApplier.applyTransaction:96 android.view.SyncRtSurfaceTransactionApplier.lambda$scheduleApply$0:69 android.view.SyncRtSurfaceTransactionApplier.$r8$lambda$SgowXC58rj3PR958kHUfRgLZmvE:0 
01-01 18:03:59.728 V/WindowManager( 1375): Relayout hash=6c20be, pid=0, syncId=-1: mAttrs={(0,0)(fillx135) gr=BOTTOM CENTER_VERTICAL sim={adjust=pan} layoutInDisplayCutoutMode=always ty=NAVIGATION_BAR fmt=TRANSLUCENT
01-01 18:03:59.728 V/WindowManager( 1375):   fl=20840028
01-01 18:03:59.728 V/WindowManager( 1375):   pfl=33001000
01-01 18:03:59.728 V/WindowManager( 1375):   bhv=DEFAULT
01-01 18:03:59.728 V/WindowManager( 1375):   providedInsets:
01-01 18:03:59.728 V/WindowManager( 1375):     InsetsFrameProvider: {id=#ee1e0001, index=0, type=navigationBars, source=FRAME, flags=[], insetsSize=Insets{left=0, top=0, right=0, bottom=135}, insetsSizeOverrides=[TypedInsetsSize: {windowType=INPUT_METHOD, insetsSize=null}]}
01-01 18:03:59.728 V/WindowManager( 1375):     InsetsFrameProvider: {id=#ee1e0006, index=0, type=tappableElement, source=FRAME, flags=[]}
01-01 18:03:59.728 V/WindowManager( 1375):     InsetsFrameProvider: {id=#ee1e0005, index=0, type=mandatorySystemGestures, source=FRAME, flags=[]}
01-01 18:03:59.728 V/WindowManager( 1375):     InsetsFrameProvider: {id=#ee1e0004, index=0, type=systemGestures, source=DISPLAY, flags=[], insetsSize=Insets{left=0, top=0, right=0, bottom=0}, mMinimalInsetsSizeInDisplayCutoutSafe=Insets{left=0, top=0, right=0, bottom=0}}
01-01 18:03:59.728 V/WindowManager( 1375):     InsetsFrameProvider: {id=#ee1e0024, index=1, type=systemGestures, source=DISPLAY, flags=[], insetsSize=Insets{left=0, top=0, right=0, bottom=0}, mMinimalInsetsSizeInDisplayCutoutSafe=Insets{left=0, top=0, right=0, bottom=0}}
01-01 18:03:59.728 V/WindowManager( 1375):   paramsForRotation:
01-01 18:03:59.728 V/WindowManager( 1375):     ROTATION_0={(0,0)(fillx135) gr=BOTTOM CENTER_VERTICAL layoutInDisplayCutoutMode=always ty=NAVIGATION_BAR fmt=TRANSLUCENT
01-01 18:03:59.728 V/WindowManager( 1375):       fl=20840028
01-01 18:03:59.728 V/WindowManager( 1375):       pfl=31001000
01-01 18:03:59.728 V/WindowManager( 1375):       bhv=DEFAULT
01-01 18:03:59.728 V/WindowManager( 1375):       providedInsets:
01-01 18:03:59.728 V/WindowManager( 1375):         InsetsFrameProvider: {id=#ee1e0001, index=0, type=navigationBars, source=FRAME, flags=[], insetsSize=Insets{left=0, top=0, right=0, bottom=135}, insetsSizeOverrides=[TypedInsetsSize: {windowType=INPUT_METHOD, insetsSize=null}]}
01-01 18:03:59.728 V/WindowManager( 1375):         InsetsFrameProvider: {id=#ee1e0006, index=0, type=tappableElement, source=FRAME, flags=[]}
01-01 18:03:59.728 V/WindowManager( 1375):         InsetsFrameProvider: {id=#ee1e0005, index=0, type=mandatorySystemGestures, source=FRAME, flags=[]}
01-01 18:03:59.728 V/WindowManager( 1375):         InsetsFrameProvider: {id=#ee1e0004, index=0, type=systemGestures, source=DISPLAY, flags=[], insetsSize=Insets{left=0, top=0, right=0, bottom=0}, mMinimalInsetsSizeInDisplayCutoutSafe=Insets{left=0, top=0, right=0, bottom=0}}
01-01 18:03:59.728 V/WindowManager( 1375):         InsetsFrameProvider: {id=#ee1e0024, index=1, type=systemGestures, source=DISPLAY, flags=[], insetsSize=Insets{left=0, top=0, right=0, bottom=0}, mMinimalInsetsSizeInDisplayCutoutSafe=Insets{left=0, top=0, right=0, bottom=0}} naviIconColor=0}
01-01 18:03:59.728 V/WindowManager( 1375):     ROTATION_90={(0,0)(135xfill) gr=RIGHT CENTER_HORIZONTAL layoutInDisplayCutoutMode=always ty=NAVIGATION_BAR fmt=TRANSLUCENT
01-01 18:03:59.728 V/WindowManager( 1375):       fl=20840028
01-01 18:03:59.728 V/WindowManager( 1375):       pfl=31001000
01-01 18:03:59.728 V/WindowManager( 1375):       bhv=DEFAULT
01-01 18:03:59.728 V/WindowManager( 1375):       providedInsets:
01-01 18:03:59.728 V/WindowManager( 1375):         InsetsFrameProvider: {id=#ee1e0001, index=0, type=navigationBars, source=FRAME, flags=[], insetsSizeOverrides=[TypedInsetsSize: {windowType=INPUT_METHOD, insetsSize=null}]}
01-01 18:03:59.728 V/WindowManager( 1375):         InsetsFrameProvider: {id=#ee1e0006, index=0, type=tappableElement, source=FRAME, flags=[]}
01-01 18:03:59.728 V/WindowManager( 1375):         InsetsFrameProvider: {id=#ee1e0005, index=0, type=mandatorySystemGestures, source=FRAME, flags=[]}
01-01 18:03:59.728 V/WindowManager( 1375):         InsetsFrameProvider: {id=#ee1e0004, index=0, type=systemGestures, source=DISPLAY, flags=[], insetsSize=Insets{left=0, top=0, right=0, bottom=0}, mMinimalInsetsSizeInDisplayCutoutSafe=Insets{left=0, top=0, right=0, bottom=0}}
01-01 18:03:59.728 V/WindowManager( 1375):         InsetsFrameProvider: {id=#ee1e0024, index=1, type=systemGestures, source=DISPLAY, flags=[], insetsSize=Insets{left=0, top=0, right=0, bottom=0}, mMinimalInsetsSizeInDisplayCutoutSafe=Insets{left=0, top=0, right=0, bottom=0}} naviIconColor=0}
01-01 18:03:59.728 V/WindowManager( 1375):     ROTATION_180={(0,0)(fillx135) gr=BOTTOM CENTER_VERTICAL layoutInDisplayCutoutMode=always ty=NAVIGATION_BAR fmt=TRANSLUCENT
01-01 18:03:59.728 V/WindowManager( 1375):       fl=20840028
01-01 18:03:59.728 V/WindowManager( 1375):       pfl=31001000
01-01 18:03:59.728 V/WindowManager( 1375):       bhv=DEFAULT
01-01 18:03:59.728 V/WindowManager( 1375):       providedInsets:
01-01 18:03:59.728 V/WindowManager( 1375):         InsetsFrameProvider: {id=#ee1e0001, index=0, type=navigationBars, source=FRAME, flags=[], insetsSize=Insets{left=0, top=0, right=0, bottom=135}, insetsSizeOverrides=[TypedInsetsSize: {windowType=INPUT_METHOD, insetsSize=null}]}
01-01 18:03:59.728 V/WindowManager( 1375):         InsetsFrameProvider: {id=#ee1e0006, index=0, type=tappableElement, source=FRAME, flags=[]}
01-01 18:03:59.728 V/WindowManager( 1375):         InsetsFrameProvider: {id=#ee1e0005, index=0, type=mandatorySystemGestures, source=FRAME, flags=[]}
01-01 18:03:59.729 V/WindowManager( 1375):         InsetsFrameProvider: {id=#ee1e0004, index=0, type=systemGestures, source=DISPLAY, flags=[], insetsSize=Insets{left=0, top=0, right=0, bottom=0}, mMinimalInsetsSizeInDisplayCutoutSafe=Insets{left=0, top=0, right=0, bottom=0}}
01-01 18:03:59.729 V/WindowManager( 1375):         InsetsFrameProvider: {id=#ee1e0024, index=1, type=systemGestures, source=DISPLAY, flags=[], insetsSize=Insets{left=0, top=0, right=0, bottom=0}, mMinimalInsetsSizeInDisplayCutoutSafe=Insets{left=0, top=0, right=0, bottom=0}} naviIconColor=0}
01-01 18:03:59.729 V/WindowManager( 1375):     ROTATION_270={(0,0)(135xfill) gr=LEFT CENTER_HORIZONTAL layoutInDisplayCutoutMode=always ty=NAVIGATION_BAR fmt=TRANSLUCENT
01-01 18:03:59.729 V/WindowManager( 1375):       fl=20840028
01-01 18:03:59.729 V/WindowManager( 1375):       pfl=31001000
01-01 18:03:59.729 V/WindowManager( 1375):       bhv=DEFAULT
01-01 18:03:59.729 V/WindowManager( 1375):       providedInsets:
01-01 18:03:59.729 V/WindowManager( 1375):         InsetsFrameProvider: {id=#ee1e0001, index=0, type=navigationBars, source=FRAME, flags=[], insetsSizeOverrides=[TypedInsetsSize: {windowType=INPUT_METHOD, insetsSize=null}]}
01-01 18:03:59.729 V/WindowManager( 1375):         InsetsFrameProvider: {id=#ee1e0006, index=0, type=tappableElement, source=FRAME, flags=[]}
01-01 18:03:59.729 V/WindowManager( 1375):         InsetsFrameProvider: {id=#ee1e0005, index=0, type=mandatorySystemGestures, source=FRAME, flags=[]}
01-01 18:03:59.729 V/WindowManager( 1375):         InsetsFrameProvider: {id=#ee1e0004, index=0, type=systemGestures, source=DISPLAY, flags=[], insetsSize=Insets{left=0, top=0, right=0, bottom=0}, mMinimalInsetsSizeInDisplayCutoutSafe=Insets{left=0, top=0, right=0, bottom=0}}
01-01 18:03:59.729 V/WindowManager( 1375):         InsetsFrameProvider: {id=#ee1e0024, index=1, type=systemGestures, source=DISPLAY, flags=[], insetsSize=Insets{left=0, top=0, right=0, bottom=0}, mMinimalInsetsSizeInDisplayCutoutSafe=Insets{left=0, top=0, right=0, bottom=0}} naviIconColor=0} naviIconColor=0}
01-01 18:03:59.729 I/AiAiAutofill(31993): Connected AiAiAugmentedAutofillService.
01-01 18:03:59.730 I/gralloc4(16852): @set_metadata: update dataspace from GM (0x00000000 -> 0x08010000)
01-01 18:03:59.730 I/gralloc4( 1876): @set_metadata: update dataspace from GM (0x00000000 -> 0x08010000)
01-01 18:03:59.740 I/BufferQueueProducer(  841): [SurfaceView[com.wawapp.driver/com.wawapp.driver.MainActivity]@0(BLAST)#53130](this:0xb400007a78e48790,id:-1,api:0,p:-1,c:841) queueBuffer: fps=2.19 dur=1367.56 max=511.54 min=378.39
01-01 18:03:59.744 I/ViewRootImpl@3ab9635[MainActivity](16852): mWNT: t=0xb4000070899dd680 mBlastBufferQueue=0xb400006faffa0380 fn= 27 mRenderHdrSdrRatio=1.0 caller= android.view.SyncRtSurfaceTransactionApplier.applyTransaction:96 android.view.SyncRtSurfaceTransactionApplier.lambda$scheduleApply$0:69 android.view.SyncRtSurfaceTransactionApplier.$r8$lambda$SgowXC58rj3PR958kHUfRgLZmvE:0 
01-01 18:03:59.746 I/gralloc4( 1876): @set_metadata: update dataspace from GM (0x00000000 -> 0x08010000)
01-01 18:03:59.746 I/gralloc4(16852): @set_metadata: update dataspace from GM (0x00000000 -> 0x08010000)
01-01 18:03:59.759 I/ViewRootImpl@3ab9635[MainActivity](16852): mWNT: t=0xb4000070697bd780 mBlastBufferQueue=0xb400006faffa0380 fn= 28 mRenderHdrSdrRatio=1.0 caller= android.view.SyncRtSurfaceTransactionApplier.applyTransaction:96 android.view.SyncRtSurfaceTransactionApplier.lambda$scheduleApply$0:69 android.view.SyncRtSurfaceTransactionApplier.$r8$lambda$SgowXC58rj3PR958kHUfRgLZmvE:0 
01-01 18:03:59.761 I/gralloc4(16852): @set_metadata: update dataspace from GM (0x00000000 -> 0x08010000)
01-01 18:03:59.763 I/gralloc4( 1876): @set_metadata: update dataspace from GM (0x00000000 -> 0x08010000)
01-01 18:03:59.776 I/ViewRootImpl@3ab9635[MainActivity](16852): mWNT: t=0xb40000706990e680 mBlastBufferQueue=0xb400006faffa0380 fn= 29 mRenderHdrSdrRatio=1.0 caller= android.view.SyncRtSurfaceTransactionApplier.applyTransaction:96 android.view.SyncRtSurfaceTransactionApplier.lambda$scheduleApply$0:69 android.view.SyncRtSurfaceTransactionApplier.$r8$lambda$SgowXC58rj3PR958kHUfRgLZmvE:0 
01-01 18:03:59.779 I/gralloc4(16852): @set_metadata: update dataspace from GM (0x00000000 -> 0x08010000)
01-01 18:03:59.779 I/gralloc4( 1876): @set_metadata: update dataspace from GM (0x00000000 -> 0x08010000)
01-01 18:03:59.792 I/ViewRootImpl@3ab9635[MainActivity](16852): mWNT: t=0xb400006fb03bb080 mBlastBufferQueue=0xb400006faffa0380 fn= 30 mRenderHdrSdrRatio=1.0 caller= android.view.SyncRtSurfaceTransactionApplier.applyTransaction:96 android.view.SyncRtSurfaceTransactionApplier.lambda$scheduleApply$0:69 android.view.SyncRtSurfaceTransactionApplier.$r8$lambda$SgowXC58rj3PR958kHUfRgLZmvE:0 
01-01 18:03:59.796 I/gralloc4( 1876): @set_metadata: update dataspace from GM (0x00000000 -> 0x08010000)
01-01 18:03:59.796 I/gralloc4(16852): @set_metadata: update dataspace from GM (0x00000000 -> 0x08010000)
01-01 18:03:59.808 I/ViewRootImpl@3ab9635[MainActivity](16852): mWNT: t=0xb400006fb03bc400 mBlastBufferQueue=0xb400006faffa0380 fn= 31 mRenderHdrSdrRatio=1.0 caller= android.view.SyncRtSurfaceTransactionApplier.applyTransaction:96 android.view.SyncRtSurfaceTransactionApplier.lambda$scheduleApply$0:69 android.view.SyncRtSurfaceTransactionApplier.$r8$lambda$SgowXC58rj3PR958kHUfRgLZmvE:0 
01-01 18:03:59.810 I/gralloc4(16852): @set_metadata: update dataspace from GM (0x00000000 -> 0x08010000)
01-01 18:03:59.814 I/gralloc4( 1876): @set_metadata: update dataspace from GM (0x00000000 -> 0x08010000)
01-01 18:03:59.826 I/ViewRootImpl@3ab9635[MainActivity](16852): mWNT: t=0xb400006fadbe1480 mBlastBufferQueue=0xb400006faffa0380 fn= 32 mRenderHdrSdrRatio=1.0 caller= android.view.SyncRtSurfaceTransactionApplier.applyTransaction:96 android.view.SyncRtSurfaceTransactionApplier.lambda$scheduleApply$0:69 android.view.SyncRtSurfaceTransactionApplier.$r8$lambda$SgowXC58rj3PR958kHUfRgLZmvE:0 
01-01 18:03:59.828 I/gralloc4(16852): @set_metadata: update dataspace from GM (0x00000000 -> 0x08010000)
01-01 18:03:59.828 I/gralloc4( 1876): @set_metadata: update dataspace from GM (0x00000000 -> 0x08010000)
01-01 18:03:59.832 I/GestureDetector( 1375): handleMessage TAP
01-01 18:03:59.832 I/GestureDetector( 1375): handleMessage TAP
01-01 18:03:59.842 I/ViewRootImpl@3ab9635[MainActivity](16852): mWNT: t=0xb400006fb03bb500 mBlastBufferQueue=0xb400006faffa0380 fn= 33 mRenderHdrSdrRatio=1.0 caller= android.view.SyncRtSurfaceTransactionApplier.applyTransaction:96 android.view.SyncRtSurfaceTransactionApplier.lambda$scheduleApply$0:69 android.view.SyncRtSurfaceTransactionApplier.$r8$lambda$SgowXC58rj3PR958kHUfRgLZmvE:0 
01-01 18:03:59.843 I/gralloc4(16852): @set_metadata: update dataspace from GM (0x00000000 -> 0x08010000)
01-01 18:03:59.845 I/gralloc4( 1876): @set_metadata: update dataspace from GM (0x00000000 -> 0x08010000)
01-01 18:03:59.858 I/ViewRootImpl@3ab9635[MainActivity](16852): mWNT: t=0xb4000070899dc480 mBlastBufferQueue=0xb400006faffa0380 fn= 34 mRenderHdrSdrRatio=1.0 caller= android.view.SyncRtSurfaceTransactionApplier.applyTransaction:96 android.view.SyncRtSurfaceTransactionApplier.lambda$scheduleApply$0:69 android.view.SyncRtSurfaceTransactionApplier.$r8$lambda$SgowXC58rj3PR958kHUfRgLZmvE:0 
01-01 18:03:59.860 I/gralloc4(16852): @set_metadata: update dataspace from GM (0x00000000 -> 0x08010000)
01-01 18:03:59.862 I/gralloc4( 1876): @set_metadata: update dataspace from GM (0x00000000 -> 0x08010000)
01-01 18:03:59.874 I/mtkpower_client(  806): perf_lock_rel, hdl:54021, tid:17640
01-01 18:03:59.874 I/HYPER-HAL(  806): [RequestManager.cpp]releaseLocked(): Released ID : 965369
01-01 18:03:59.875 I/libPowerHal(  813): [perfLockRel] hdl:54021, idx:1
01-01 18:03:59.875 I/libPowerHal(  813): vendor.samsung.: cpu_ctrl set cpu freq: -1 -1 -1 -1
01-01 18:03:59.875 I/ViewRootImpl@3ab9635[MainActivity](16852): mWNT: t=0xb400007076a62e80 mBlastBufferQueue=0xb400006faffa0380 fn= 35 mRenderHdrSdrRatio=1.0 caller= android.view.SyncRtSurfaceTransactionApplier.applyTransaction:96 android.view.SyncRtSurfaceTransactionApplier.lambda$scheduleApply$0:69 android.view.SyncRtSurfaceTransactionApplier.$r8$lambda$SgowXC58rj3PR958kHUfRgLZmvE:0 
01-01 18:03:59.878 I/gralloc4( 1876): @set_metadata: update dataspace from GM (0x00000000 -> 0x08010000)
01-01 18:03:59.878 I/gralloc4(16852): @set_metadata: update dataspace from GM (0x00000000 -> 0x08010000)
01-01 18:03:59.891 I/ViewRootImpl@3ab9635[MainActivity](16852): mWNT: t=0xb400006fc913e480 mBlastBufferQueue=0xb400006faffa0380 fn= 36 mRenderHdrSdrRatio=1.0 caller= android.view.SyncRtSurfaceTransactionApplier.applyTransaction:96 android.view.SyncRtSurfaceTransactionApplier.lambda$scheduleApply$0:69 android.view.SyncRtSurfaceTransactionApplier.$r8$lambda$SgowXC58rj3PR958kHUfRgLZmvE:0 
01-01 18:03:59.894 I/gralloc4(16852): @set_metadata: update dataspace from GM (0x00000000 -> 0x08010000)
01-01 18:03:59.896 I/gralloc4( 1876): @set_metadata: update dataspace from GM (0x00000000 -> 0x08010000)
01-01 18:03:59.908 I/ViewRootImpl@3ab9635[MainActivity](16852): mWNT: t=0xb400006fc913e900 mBlastBufferQueue=0xb400006faffa0380 fn= 37 mRenderHdrSdrRatio=1.0 caller= android.view.SyncRtSurfaceTransactionApplier.applyTransaction:96 android.view.SyncRtSurfaceTransactionApplier.lambda$scheduleApply$0:69 android.view.SyncRtSurfaceTransactionApplier.$r8$lambda$SgowXC58rj3PR958kHUfRgLZmvE:0 
01-01 18:03:59.910 I/gralloc4(16852): @set_metadata: update dataspace from GM (0x00000000 -> 0x08010000)
01-01 18:03:59.911 I/gralloc4( 1876): @set_metadata: update dataspace from GM (0x00000000 -> 0x08010000)
01-01 18:03:59.922 D/InputMethodManagerService( 1375): isImeSwitcherDisabledPackage : false
01-01 18:03:59.923 D/NavigationBar( 1876): setImeWindowStatus displayId=0 vis=0 backDisposition=0 showImeSwitcher=false imeShown=false
01-01 18:03:59.924 I/ViewRootImpl@3ab9635[MainActivity](16852): mWNT: t=0xb400006fc93e8a80 mBlastBufferQueue=0xb400006faffa0380 fn= 38 mRenderHdrSdrRatio=1.0 caller= android.view.SyncRtSurfaceTransactionApplier.applyTransaction:96 android.view.SyncRtSurfaceTransactionApplier.lambda$scheduleApply$0:69 android.view.SyncRtSurfaceTransactionApplier.$r8$lambda$SgowXC58rj3PR958kHUfRgLZmvE:0 
01-01 18:03:59.926 I/gralloc4(16852): @set_metadata: update dataspace from GM (0x00000000 -> 0x08010000)
01-01 18:03:59.928 I/gralloc4( 1876): @set_metadata: update dataspace from GM (0x00000000 -> 0x08010000)
01-01 18:03:59.940 I/ViewRootImpl@3ab9635[MainActivity](16852): mWNT: t=0xb400006fb03bb380 mBlastBufferQueue=0xb400006faffa0380 fn= 39 mRenderHdrSdrRatio=1.0 caller= android.view.SyncRtSurfaceTransactionApplier.applyTransaction:96 android.view.SyncRtSurfaceTransactionApplier.lambda$scheduleApply$0:69 android.view.SyncRtSurfaceTransactionApplier.$r8$lambda$SgowXC58rj3PR958kHUfRgLZmvE:0 
01-01 18:03:59.942 I/gralloc4(16852): @set_metadata: update dataspace from GM (0x00000000 -> 0x08010000)
01-01 18:03:59.944 I/gralloc4( 1876): @set_metadata: update dataspace from GM (0x00000000 -> 0x08010000)
01-01 18:03:59.957 I/ViewRootImpl@3ab9635[MainActivity](16852): mWNT: t=0xb400006fb03bcb80 mBlastBufferQueue=0xb400006faffa0380 fn= 40 mRenderHdrSdrRatio=1.0 caller= android.view.SyncRtSurfaceTransactionApplier.applyTransaction:96 android.view.SyncRtSurfaceTransactionApplier.lambda$scheduleApply$0:69 android.view.SyncRtSurfaceTransactionApplier.$r8$lambda$SgowXC58rj3PR958kHUfRgLZmvE:0 
01-01 18:03:59.959 I/gralloc4(16852): @set_metadata: update dataspace from GM (0x00000000 -> 0x08010000)
01-01 18:03:59.962 I/gralloc4( 1876): @set_metadata: update dataspace from GM (0x00000000 -> 0x08010000)
01-01 18:03:59.974 I/ViewRootImpl@3ab9635[MainActivity](16852): mWNT: t=0xb400006fadbe1300 mBlastBufferQueue=0xb400006faffa0380 fn= 41 mRenderHdrSdrRatio=1.0 caller= android.view.SyncRtSurfaceTransactionApplier.applyTransaction:96 android.view.SyncRtSurfaceTransactionApplier.lambda$scheduleApply$0:69 android.view.SyncRtSurfaceTransactionApplier.$r8$lambda$SgowXC58rj3PR958kHUfRgLZmvE:0 
01-01 18:03:59.977 I/gralloc4(16852): @set_metadata: update dataspace from GM (0x00000000 -> 0x08010000)
01-01 18:03:59.978 I/gralloc4( 1876): @set_metadata: update dataspace from GM (0x00000000 -> 0x08010000)
01-01 18:03:59.990 I/ViewRootImpl@3ab9635[MainActivity](16852): mWNT: t=0xb4000070899dd680 mBlastBufferQueue=0xb400006faffa0380 fn= 42 mRenderHdrSdrRatio=1.0 caller= android.view.SyncRtSurfaceTransactionApplier.applyTransaction:96 android.view.SyncRtSurfaceTransactionApplier.lambda$scheduleApply$0:69 android.view.SyncRtSurfaceTransactionApplier.$r8$lambda$SgowXC58rj3PR958kHUfRgLZmvE:0 
01-01 18:03:59.993 I/gralloc4(16852): @set_metadata: update dataspace from GM (0x00000000 -> 0x08010000)
01-01 18:03:59.994 I/gralloc4( 1876): @set_metadata: update dataspace from GM (0x00000000 -> 0x08010000)
01-01 18:04:00.003 I/DateTimeView( 1876): updateAll - getTimeFormat
01-01 18:04:00.003 D/QSClockBellTower( 1876): onReceive(android.intent.action.TIME_TICK) mTimeZoneString:Africa/Nouakchott
01-01 18:04:00.003 D/FaceWidgetPagesController( 1876): onTimeChanged()
01-01 18:04:00.005 I/InsetsController(16852): cancelAnimation: types=ime, animType=1, host=com.wawapp.driver/com.wawapp.driver.MainActivity, from=android.view.InsetsController.notifyFinished:1748 android.view.InsetsAnimationControlImpl.applyChangeInsets:312 android.view.InsetsController.lambda$new$3:918 
01-01 18:04:00.006 I/ImeTracker(16852): com.wawapp.driver:b35537b3: onRequestHide at ORIGIN_CLIENT_HIDE_SOFT_INPUT reason HIDE_SOFT_INPUT_BY_INSETS_API
01-01 18:04:00.006 I/InputMethodManager_LC(16852): notifyImeHidden: IInputMethodManagerGlobalInvoker.hideSoftInput
01-01 18:04:00.006 D/InputMethodManagerService( 1375): hideSoftInput
01-01 18:04:00.006 V/InputMethodManagerService( 1375): Client requesting input be hidden
01-01 18:04:00.006 D/InputMethodManagerService( 1375): setWindowStateInner, windowToken=android.os.BinderProxy@ceaa8a5, state=ImeTargetWindowState{ imeToken android.os.Binder@556c689 imeFocusChanged false hasEditorFocused false requestedImeVisible false imeDisplayId 0 softInputModeState STATE_UNSPECIFIED|ADJUST_RESIZE isStartInputByGainFocus false}
01-01 18:04:00.007 I/ImeTracker( 1375): com.wawapp.driver:b35537b3: onCancelled at PHASE_SERVER_SHOULD_HIDE
01-01 18:04:00.007 V/InputMethodManagerService( 1375): hideCurrentInputLocked : canceled, shouldHideSoftInput=false, mInputShown=false, mImeWindowVis=0
01-01 18:04:00.007 I/ImeTracker(16852): com.wawapp.driver:983530c1: onHidden
01-01 18:04:00.008 I/InputMethodService(32459): scheduleImeSurfaceRemoval: removeImeSurface is posted.
01-01 18:04:00.008 D/QSClockBellTower( 1876): He is ready to ring the bell. (((QSClockBellSound - TimeText:18:04, TimeContentDescription:18:04, DateText:Thu, 1 January, ShortDateText:Thu, 1 Jan, Demo:false, QuickStar-Second(false|12:34:56), QuickStar-DateText:Thu, 1 Jan)))
01-01 18:04:00.008 D/QSClock ( 1876): StatusBar clock=18:04 notifyTimeChanged(QSClockBellSound - TimeText:18:04, TimeContentDescription:18:04, DateText:Thu, 1 January, ShortDateText:Thu, 1 Jan, Demo:false, QuickStar-Second(false|12:34:56), QuickStar-DateText:Thu, 1 Jan) clockVisibleByPolicy=true, clockVisibleByUser=true, visible=true, parent=android.widget.LinearLayout{51f2ff8 V.E...... ......ID 0,0-100,56 #7f0a0591 app:id/left_clock_container}
01-01 18:04:00.008 D/QSClockBellTower( 1876): Everyone heard the bell. run(currentTime:1767290640008, getTime():Thu Jan 01 18:04:00 GMT 2026, getTimeZone():libcore.util.ZoneInfo[mDstSavings=0,mUseDst=false,mDelegate=[id="Africa/Nouakchott",mRawOffset=0,mEarliestRawOffset=-968000,transitions=1]])
01-01 18:04:00.011 I/gralloc4( 1876): @set_metadata: update dataspace from GM (0x00000000 -> 0x08010000)
01-01 18:04:00.011 I/ViewRootImpl@3ab9635[MainActivity](16852): mWNT: t=0xb4000070697bd780 mBlastBufferQueue=0xb400006faffa0380 fn= 43 mRenderHdrSdrRatio=1.0 caller= android.view.SyncRtSurfaceTransactionApplier.applyTransaction:96 android.view.SyncRtSurfaceTransactionApplier.lambda$scheduleApply$0:69 android.view.SyncRtSurfaceTransactionApplier.$r8$lambda$SgowXC58rj3PR958kHUfRgLZmvE:0 
01-01 18:04:00.012 I/gralloc4(16852): @set_metadata: update dataspace from GM (0x00000000 -> 0x08010000)
01-01 18:04:00.024 D/QsExpandAnimator( 1876): mIsDateButtonOverlapped = false >> false, (349.0 + 375) = 724.0 : 984
01-01 18:04:00.026 D/SurfaceFlinger(  841): Display 0 HWC layers:
01-01 18:04:00.026 D/SurfaceFlinger(  841):      DEVICE | 0xb400007aa0828a80 | 0102 | RGBA_8888    |    0.0    0.0 1080.0 2273.0 |    0    0 1080 2273 | SurfaceView[com.wawapp.driver/com.wawapp.driver.MainActivity]@0(BLAST)#53130
01-01 18:04:00.026 D/SurfaceFlinger(  841):      DEVICE | 0xb400007aa09ced80 | 0100 | RGBA_8888    |    0.0    0.0 1080.0 2408.0 |    0    0 1080 2408 | com.wawapp.driver/com.wawapp.driver.MainActivity$_16852#53127
01-01 18:04:00.026 D/SurfaceFlinger(  841):      DEVICE | 0xb400007aa09e8880 | 0100 | RGBA_8888    |    0.0    0.0 1080.0   64.0 |    0    0 1080   64 | StatusBar$_1876#83
01-01 18:04:00.026 D/SurfaceFlinger(  841):      DEVICE | 0xb400007a78686000 | 0100 | RGBA_8888    |    0.0    0.0 1080.0  135.0 |    0 2273 1080 2408 | NavigationBar0$_1876#79
01-01 18:04:00.026 D/SurfaceFlinger(  841): 
01-01 18:04:00.027 I/gralloc4( 1876): @set_metadata: update dataspace from GM (0x00000000 -> 0x08010000)
01-01 18:04:00.030 W/View    ( 1876): requestLayout() improperly called by android.widget.FrameLayout{4318375 V.E...... ......ID 0,126-1080,2273 #7f0a0846 app:id/qs_frame} during layout: running second layout pass
01-01 18:04:00.038 I/gralloc4( 1876): @set_metadata: update dataspace from GM (0x00000000 -> 0x08010000)
01-01 18:04:00.043 I/gralloc4( 1876): @set_metadata: update dataspace from GM (0x00000000 -> 0x08010000)
01-01 18:04:00.059 I/gralloc4( 1876): @set_metadata: update dataspace from GM (0x00000000 -> 0x08010000)
01-01 18:04:00.076 I/gralloc4( 1876): @set_metadata: update dataspace from GM (0x00000000 -> 0x08010000)
01-01 18:04:00.093 I/gralloc4( 1876): @set_metadata: update dataspace from GM (0x00000000 -> 0x08010000)
01-01 18:04:00.109 I/gralloc4( 1876): @set_metadata: update dataspace from GM (0x00000000 -> 0x08010000)
01-01 18:04:00.126 I/gralloc4( 1876): @set_metadata: update dataspace from GM (0x00000000 -> 0x08010000)
01-01 18:04:00.142 I/gralloc4( 1876): @set_metadata: update dataspace from GM (0x00000000 -> 0x08010000)
01-01 18:04:00.155 I/gralloc4( 1876): @set_metadata: update dataspace from GM (0x00000000 -> 0x08010000)
01-01 18:04:00.188 I/SemInputDeviceManagerService( 1375): setMotionControl: maybe not supported or not yet enabled
01-01 18:04:00.188 D/SemInputDeviceManager( 1375): setProperty: (100) CMD,SIP,0
01-01 18:04:00.188 D/SemInputDevice:TSP( 1375): setProperty: not support cmd "SIP" at supportCommands
01-01 18:04:00.188 I/SemInputCommandService( 1375): setPropertyAllTouch: SIP,0 retDefault=-5 retExtra=-2
01-01 18:04:00.189 D/TspStateManager( 1375): wrote command: cmd=0, type=5
01-01 18:04:00.231 D/StatusBarIconController( 1876): ignoring old pipeline callbacks, because the new mobile icons are enabled
01-01 18:04:00.242 D/io_stats(  543): !@ 179,0 r 37686601 533039134 w 5947771 67450280 d 892652 66632536 f 0 0 iot 9688536 0 th 0 0 0 pt 0 inp 0 0 250601.833
01-01 18:04:00.247 I/gralloc4( 1876): @set_metadata: update dataspace from GM (0x00000000 -> 0x08010000)
01-01 18:04:00.371 I/hwcomposer(  799): [HWCDisplay] [Display_0 (type:1)] fps:37.683300,dur:1088.02,max:196.14,min:13.28  
01-01 18:04:00.509 I/InputMethodService(32459): removeImeSurface
01-01 18:04:00.509 I/InputMethodService(32459): cancelImeSurfaceRemoval: removeCallbacks
01-01 18:04:00.517 I/ViewRootImpl@2abddcd[InputMethod](32459): destroyHardwareResources: Callers=android.view.ViewRootImpl.performTraversals:3932 android.view.ViewRootImpl.doTraversal:3288 android.view.ViewRootImpl$TraversalRunnable.run:11344 android.view.Choreographer$CallbackRecord.run:1689 android.view.Choreographer$CallbackRecord.run:1698 android.view.Choreographer.doCallbacks:1153 android.view.Choreographer.doFrame:1079 android.view.Choreographer$FrameDisplayEventReceiver.run:1646 android.os.Handler.handleCallback:958 android.os.Handler.dispatchMessage:99 
01-01 18:04:00.522 V/WindowManager( 1375): Relayout Window{eba3da2 u0 InputMethod}: viewVisibility=8 req=1080x2344 ty=2011 d0
01-01 18:04:00.523 E/WindowManager( 1375): win=Window{eba3da2 u0 InputMethod} destroySurfaces: appStopped=true cleanupOnResume=false win.mWindowRemovalAllowed=false win.mRemoveOnExit=false win.mViewVisibility=8 caller=com.android.server.wm.WindowManagerService.tryStartExitingAnimation:2980 com.android.server.wm.WindowManagerService.relayoutWindow:2685 com.android.server.wm.Session.relayout:282 android.view.IWindowSession$Stub.onTransact:782 com.android.server.wm.Session.onTransact:204 android.os.Binder.execTransactInternal:1375 android.os.Binder.execTransact:1311 
01-01 18:04:00.523 I/WindowManager( 1375): Destroying surface Surface(name=InputMethod$_32459)/@0xd66768e called by com.android.server.wm.WindowStateAnimator.destroySurface:799 com.android.server.wm.WindowStateAnimator.destroySurfaceLocked:472 com.android.server.wm.WindowState.destroySurfaceUnchecked:4201 com.android.server.wm.WindowState.destroySurface:4175 com.android.server.wm.WindowManagerService.tryStartExitingAnimation:2980 com.android.server.wm.WindowManagerService.relayoutWindow:2685 com.android.server.wm.Session.relayout:282 android.view.IWindowSession$Stub.onTransact:782 
01-01 18:04:00.533 I/Layer   (  841): id=53139 removeFromCurrentState InputMethod$_32459#53139 (132)
01-01 18:04:00.536 I/ViewRootImpl@28cc391[NavigationBar0]( 1876): Resizing android.view.ViewRootImpl@71c14e3: frame = [0,2273][1080,2408] reportDraw = false forceLayout = false syncSeqId = -1
01-01 18:04:00.537 I/ViewRootImpl@3ab9635[MainActivity](16852): Resizing android.view.ViewRootImpl@117a820: frame = [0,0][1080,2408] reportDraw = false forceLayout = false syncSeqId = -1
01-01 18:04:00.538 I/ViewRootImpl@28cc391[NavigationBar0]( 1876): handleResized, msg = 4 frames=ClientWindowFrames{frame=[0,2273][1080,2408] display=[0,0][1080,2408] parentFrame=[0,0][0,0]} forceNextWindowRelayout=false displayId=0 dragResizing=false compatScale=1.0 frameChanged=false attachedFrameChanged=false configChanged=false displayChanged=false compatScaleChanged=false
01-01 18:04:00.540 V/WindowManager( 1375): Relayout hash=eba3da2, pid=32459, syncId=-1: mAttrs={(0,0)(fillxfill) gr=BOTTOM CENTER_VERTICAL sim={adjust=pan} ty=INPUT_METHOD fmt=TRANSPARENT wanim=0x7f1401b3 preferredMinDisplayRefreshRate=60.0 receive insets ignoring z-order
01-01 18:04:00.540 V/WindowManager( 1375):   fl=81800108
01-01 18:04:00.540 V/WindowManager( 1375):   pfl=12000000
01-01 18:04:00.540 V/WindowManager( 1375):   bhv=DEFAULT
01-01 18:04:00.540 V/WindowManager( 1375):   fitTypes=STATUS_BARS NAVIGATION_BARS
01-01 18:04:00.540 V/WindowManager( 1375):   fitSides=LEFT TOP RIGHT
01-01 18:04:00.540 V/WindowManager( 1375):   fitIgnoreVis dimDuration=150 naviIconColor=0}
01-01 18:04:00.541 I/InsetsController(16852): onStateChanged: host=com.wawapp.driver/com.wawapp.driver.MainActivity, from=android.view.ViewRootImpl$ViewRootHandler.handleMessageImpl:7196, state=InsetsState: {mDisplayFrame=Rect(0, 0 - 1080, 2408), mDisplayCutout=DisplayCutout{insets=Rect(0, 64 - 0, 0) waterfall=Insets{left=0, top=0, right=0, bottom=0} boundingRect={Bounds=[Rect(0, 0 - 0, 0), Rect(468, 0 - 612, 64), Rect(0, 0 - 0, 0), Rect(0, 0 - 0, 0)]} cutoutPathParserInfo={CutoutPathParserInfo{displayWidth=1080 displayHeight=2408 physicalDisplayWidth=1080 physicalDisplayHeight=2408 density={2.8125} cutoutSpec={M 0,0 H -25.6 V 22.75555555555556 H 25.6 V 0 H 0 Z @dp} rotation={0} scale={1.0} physicalPixelDisplaySizeRatio={1.0}}}}, mRoundedCorners=RoundedCorners{[RoundedCorner{position=TopLeft, radius=0, center=Point(0, 0)}, RoundedCorner{position=TopRight, radius=0, center=Point(0, 0)}, RoundedCorner{position=BottomRight, radius=0, center=Point(0, 0)}, RoundedCorner{position=BottomLeft, radius=0, center=Point(0, 0)}]}  mRoundedCornerFrame=Rect(0, 0 - 1080, 2408), mPrivacyIndicatorBounds=PrivacyIndicatorBounds {static bounds=Rect(956, 0 - 1080, 64) rotation=0}, mDisplayShape=DisplayShape{ spec=-311912193 displayWidth=1080 displayHeight=2408 physicalPixelDisplaySizeRatio=1.0 rotation=0 offsetX=0 offsetY=0 scale=1.0}, mSources= { InsetsSource: {ee1e0001 mType=navigationBars mFrame=[0,2273][1080,2408] mVisible=true mFlags=[]}, InsetsSource: {ee1e0004 mType=systemGestures mFrame=[0,0][0,0] mVisible=true mFlags=[]}, InsetsSource: {ee1e0005 mType=mandatorySystemGestures mFrame=[0,2273][1080,2408] mVisible=true mFlags=[]}, InsetsSource: {ee1e0006 mType=tappableElement mFrame=[0,2273][1080,2408] mVisible=true mFlags=[]}, InsetsSource: {ee1e0024 mType=systemGestures mFrame=[0,0][0,0] mVisible=true mFlags=[]}, InsetsSource: {fd270000 mType=statusBars mFrame=[0,0][1080,64] mVisible=true mFlags=[]}, InsetsSource: {fd270005 mType=mandatorySystemGestures mFrame=[0,0][1080,98] mVisible=true mFlags=[]}, InsetsSource: {fd270006 mType=tappableElement mFrame=[0,0][1080,64] mVisible=true mFlags=[]}, InsetsSource: {3 mType=ime mFrame=[0,0][0,0] mVisible=false mFlags=[]}, InsetsSource: {27 mType=displayCutout mFrame=[0,0][1080,64] mVisible=true mFlags=[]} }
01-01 18:04:00.542 I/RefreshRateSelector(  841): Display 0 policy changed
01-01 18:04:00.542 I/RefreshRateSelector(  841): Previous: {defaultModeId=0, allowGroupSwitching=false, primaryRanges={physical=[60.00 Hz, inf Hz], render=[60.00 Hz, 60.00 Hz]}, appRequestRanges={physical=[60.00 Hz, inf Hz], render=[60.00 Hz, 60.00 Hz]}}
01-01 18:04:00.542 I/RefreshRateSelector(  841): Current:  DisplayManagerPolicy{defaultModeId=0, allowGroupSwitching=false, primaryRanges={physical=[0.00 Hz, inf Hz], render=[0.00 Hz, 60.00 Hz]}, appRequestRanges={physical=[0.00 Hz, inf Hz], render=[0.00 Hz, 60.00 Hz]}}
01-01 18:04:00.542 I/RefreshRateSelector(  841): 0 mode changes were performed under the previous policy
01-01 18:04:00.543 I/ViewRootImpl@3ab9635[MainActivity](16852): handleResized, msg = 4 frames=ClientWindowFrames{frame=[0,0][1080,2408] display=[0,0][1080,2408] parentFrame=[0,0][0,0]} forceNextWindowRelayout=false displayId=0 dragResizing=false compatScale=1.0 frameChanged=false attachedFrameChanged=false configChanged=false displayChanged=false compatScaleChanged=false
01-01 18:04:00.544 I/SurfaceFlinger(  841): id=53139 Removed InputMethod$_32459#53139 (132)
01-01 18:04:00.544 I/ViewRootImpl@2abddcd[InputMethod](32459): Relayout returned: old=(0,64,1080,2408) new=(0,64,1080,2408) relayoutAsync=false req=(1080,2344)8 dur=20 res=0x2 s={false 0x0} ch=true seqId=0
01-01 18:04:00.545 I/ViewRootImpl@266dbd4[StatusBar]( 1876): Resizing android.view.ViewRootImpl@f7ce344: frame = [0,0][1080,64] reportDraw = false forceLayout = false syncSeqId = -1
01-01 18:04:00.546 I/ViewRootImpl@266dbd4[StatusBar]( 1876): handleResized, msg = 4 frames=ClientWindowFrames{frame=[0,0][1080,64] display=[0,0][1080,2408] parentFrame=[0,0][0,0]} forceNextWindowRelayout=false displayId=0 dragResizing=false compatScale=1.0 frameChanged=false attachedFrameChanged=false configChanged=false displayChanged=false compatScaleChanged=false
01-01 18:04:00.551 I/BufferQueueDebug(  841): [InputMethod$_32459#53139](this:0xb400007a78720790,id:-1,api:0,p:-1,c:841) onDestructor()
01-01 18:04:00.552 I/Layer   (  841): id=53139 Destroyed InputMethod$_32459#53139
01-01 18:04:00.602 I/SemWifiApDataUsage( 1375): handleMessage: 15
01-01 18:04:00.605 E/audit   (  773): type=1400 audit(1767290640.600:1641389): avc:  denied  { ioctl } for  pid=1375 comm="SemWifiApDataUs" path="/data/system/SemWifiApDataUsageHistory.db" dev="dm-50" ino=202538 ioctlcmd=0xf522 scontext=u:r:system_server:s0 tcontext=u:object_r:system_data_file:s0 tclass=file permissive=0 SEPF_SM-A145P_12_0001 audit_filtered
01-01 18:04:00.616 D/SemWifiApDbHistoryTableHelper( 1375): insertOrUpdateOnGivenDate() : data has been updated or inserted for date=2026-01-01
01-01 18:04:00.622 I/SemWifiApDbSimTableHelper( 1375): updated for SIM : 8922201040**********
01-01 18:04:00.676 D/StatusBarIconController( 1876): ignoring old pipeline callbacks, because the new mobile icons are enabled
01-01 18:04:00.686 I/dxzo    ( 3126): (REDACTED) appOpsListener %s %s
01-01 18:04:00.686 I/dxzo    ( 3126): (REDACTED) Ignoring irrelevant audio permission changes for package %s
01-01 18:04:00.718 I/InputReader( 1375): Touch event's action is 0x0 (id=5, t=0) [pCnt=1, s=0.0 ] when=250602.308818
01-01 18:04:00.719 I/InputDispatcher( 1375): Delivering touch to (1876): action: 0x4, f=0x0, d=0, '6c20be ', t=1 
01-01 18:04:00.720 I/InputDispatcher( 1375): Delivering touch to (16852): action: 0x0, f=0x0, d=0, '3ea447a', t=1 
01-01 18:04:00.720 D/PowerManagerService( 1375): [api] userActivityFromNative : touch displayId=0 eventTime=250602308
01-01 18:04:00.720 I/GestureDetector( 1375): obtain mCurrentDownEvent. id: 1024040067 caller: com.android.server.wm.SystemGesturesPointerEventListener.onPointerEvent:204 com.android.server.wm.PointerEventDispatcher.onInputEvent:53 android.view.InputEventReceiver.dispatchInputEvent:337 
01-01 18:04:00.720 I/ViewRootImpl@3ab9635[MainActivity](16852): ViewPostIme pointer 0
01-01 18:04:00.720 I/GestureDetector( 1375): obtain mCurrentDownEvent. id: 1024040067 caller: com.android.server.wm.SystemPerformancePointerEventListener.onPointerEvent:89 com.android.server.wm.PointerEventDispatcher.onInputEvent:53 android.view.InputEventReceiver.dispatchInputEvent:337 
01-01 18:04:00.727 I/GestureDetector( 1375): obtain mCurrentMotionEventRaw. action: 2 id: 381966755
01-01 18:04:00.727 I/GestureDetector( 1375): obtain mCurrentMotionEventRaw. action: 2 id: 381966755
01-01 18:04:00.762 I/BufferQueueProducer(  841): [SurfaceView[com.wawapp.driver/com.wawapp.driver.MainActivity]@0(BLAST)#53130](this:0xb400007a78e48790,id:-1,api:0,p:-1,c:841) queueBuffer: fps=13.70 dur=1022.19 max=361.86 min=16.38
01-01 18:04:00.816 I/InputReader( 1375): Touch event's action is 0x1 (id=5, t=0) [pCnt=1, s=] when=250602.406872
01-01 18:04:00.817 I/InputDispatcher( 1375): Delivering touch to (16852): action: 0x1, f=0x0, d=0, '3ea447a', t=1 
01-01 18:04:00.826 I/ViewRootImpl@3ab9635[MainActivity](16852): ViewPostIme pointer 1
01-01 18:04:00.830 I/flutter (16852): [PhonePinLogin] Starting registration flow for phone: +22231035376
01-01 18:04:00.831 I/flutter (16852): [AuthNotifier] OTP flow started
01-01 18:04:00.831 I/flutter (16852): [AuthNotifier] DIAGNOSTIC: sendOtp() starting for phone=+22231035376 at 2026-01-01 18:04:00.831473
01-01 18:04:00.831 I/flutter (16852): [AuthNotifier] DIAGNOSTIC: forceNewSession=false (isPinResetFlow=false)
01-01 18:04:00.831 I/flutter (16852): [PhonePinAuth] ensurePhoneSession() starting Firebase Auth flow for phone=+22231035376, forceNewSession=false
01-01 18:04:00.832 I/flutter (16852): [PhonePinAuth] DIAGNOSTIC: Calling Firebase verifyPhoneNumber() for phone=+22231035376 at 2026-01-01 18:04:00.832120
01-01 18:04:00.833 I/flutter (16852): [Router] NAVIGATION_CHECK | location=/login | user=null | hasPin=false | canOtp=false | otpStage=OtpStage.failed | isLoading=false
01-01 18:04:00.834 I/flutter (16852): [Router]  Already on /login
01-01 18:04:00.834 I/flutter (16852): [Router] NAVIGATION_CHECK | location=/login | user=null | hasPin=false | canOtp=false | otpStage=OtpStage.failed | isLoading=false
01-01 18:04:00.834 I/flutter (16852): [Router]  Already on /login
01-01 18:04:00.843 I/flutter (16852): [Router] NAVIGATION_CHECK | location=/ | user=null | hasPin=false | canOtp=true | otpStage=OtpStage.sending | isLoading=true
01-01 18:04:00.843 I/flutter (16852): [Router]  Auth loading - staying on current route
01-01 18:04:00.853 I/flutter (16852): [AuthGate] NAVIGATION_DECISION | user: null, isLoading: true, isPinCheckLoading: false, otpStage: OtpStage.sending, hasPin: false
01-01 18:04:00.853 I/flutter (16852): [AuthGate] REDIRECT_REASON=AUTH_LOADING  CircularProgressIndicator
01-01 18:04:00.959 I/flutter (16852): [PhonePinAuth] DIAGNOSTIC: verifyPhoneNumber() call initiated, waiting for callbacks...
01-01 18:04:00.970 E/audit   (  773): type=1400 audit(1767290640.968:1641390): avc:  denied  { ioctl } for  pid=16852 comm=4D6561737572656D656E7420576F72 path="/data/data/com.wawapp.driver/databases/google_app_measurement_local.db" dev="dm-50" ino=1439960 ioctlcmd=0xf522 scontext=u:r:untrusted_app:s0:c161,c257,c512,c768 tcontext=u:object_r:app_data_file:s0:c161,c257,c512,c768 tclass=file permissive=0 SEPF_SM-A145P_12_0001 audit_filtered
01-01 18:04:00.981 I/CameraService(  966): onUidStateChanged: uid=10173, procState is changed. (5 -> 3)
01-01 18:04:00.982 I/ActivityManager( 1375): Changes in 99137 19 to 3, 0 to 56
01-01 18:04:00.986 D/BoundBrokerSvc(27954): onBind: Intent { act=com.google.android.gms.measurement.START pkg=com.google.android.gms }
01-01 18:04:00.986 D/BoundBrokerSvc(27954): Loading bound service for intent: Intent { act=com.google.android.gms.measurement.START pkg=com.google.android.gms }
01-01 18:04:00.987 W/libprocessgroup( 1375): SetCgroup::ExecuteForProcess: failed to open /dev/blkio//cgroup.procs: No such file or directory
01-01 18:04:00.988 W/libprocessgroup( 1375): SetCgroup::ExecuteForProcess: failed to open /dev/blkio//cgroup.procs: No such file or directory
01-01 18:04:01.021 I/GestureDetector( 1375): handleMessage TAP
01-01 18:04:01.021 I/GestureDetector( 1375): handleMessage TAP
01-01 18:04:01.124 W/WindowOnBackDispatcher(16852): OnBackInvokedCallback is not enabled for the application.
01-01 18:04:01.124 W/WindowOnBackDispatcher(16852): Set 'android:enableOnBackInvokedCallback="true"' in the application manifest.
01-01 18:04:01.150 I/ImeTracker(16852): com.wawapp.driver:ae539511: onRequestHide at ORIGIN_CLIENT_HIDE_SOFT_INPUT reason HIDE_SOFT_INPUT
01-01 18:04:01.150 I/InputMethodManager_LC(16852): hsifw() - flag : 0
01-01 18:04:01.150 I/InputMethodManager_LC(16852): hsifw() - mService.hideSoftInput
01-01 18:04:01.150 D/InputMethodManagerService( 1375): hideSoftInput
01-01 18:04:01.150 V/InputMethodManagerService( 1375): Client requesting input be hidden
01-01 18:04:01.150 D/InputMethodManagerService( 1375): setWindowStateInner, windowToken=android.os.BinderProxy@ceaa8a5, state=ImeTargetWindowState{ imeToken android.os.Binder@3ffb2ec imeFocusChanged false hasEditorFocused false requestedImeVisible false imeDisplayId 0 softInputModeState STATE_UNSPECIFIED|ADJUST_RESIZE isStartInputByGainFocus false}
01-01 18:04:01.150 I/ImeTracker( 1375): com.wawapp.driver:ae539511: onCancelled at PHASE_SERVER_SHOULD_HIDE
01-01 18:04:01.150 V/InputMethodManagerService( 1375): hideCurrentInputLocked : canceled, shouldHideSoftInput=false, mInputShown=false, mImeWindowVis=0
01-01 18:04:01.159 E/audit   (  773): type=1400 audit(1767290641.156:1641391): avc:  denied  { ioctl } for  pid=16852 comm=4D6561737572656D656E7420576F72 path="/data/data/com.wawapp.driver/databases/google_app_measurement_local.db" dev="dm-50" ino=1439960 ioctlcmd=0xf522 scontext=u:r:untrusted_app:s0:c161,c257,c512,c768 tcontext=u:object_r:app_data_file:s0:c161,c257,c512,c768 tclass=file permissive=0 SEPF_SM-A145P_12_0001 audit_filtered
01-01 18:04:01.159 W/System  (16852): Ignoring header X-Firebase-Locale because its value was null.
01-01 18:04:01.164 D/BoundBrokerSvc(27954): onBind: Intent { act=com.google.android.gms.auth.api.phone.service.SmsRetrieverApiService.START pkg=com.google.android.gms }
01-01 18:04:01.164 D/BoundBrokerSvc(27954): Loading bound service for intent: Intent { act=com.google.android.gms.auth.api.phone.service.SmsRetrieverApiService.START pkg=com.google.android.gms }
01-01 18:04:01.171 D/AdvertisingIdClient(27954): AdvertisingIdClient already created.
01-01 18:04:01.172 I/AdvertisingIdClient(27954): shouldSendLog 512448229
01-01 18:04:01.172 I/AdvertisingIdClient(27954): GetInfoInternal elapse 1ms
01-01 18:04:01.187 I/NetworkScheduler(28272): (REDACTED) Error inserting %s
01-01 18:04:01.199 D/BoundBrokerSvc(27954): onBind: Intent { act=com.google.android.gms.auth.api.phone.service.InternalService.START dat=chimera-action:/... cmp=com.google.android.gms/.chimera.GmsInternalApiService }
01-01 18:04:01.199 D/BoundBrokerSvc(27954): Loading bound service for intent: Intent { act=com.google.android.gms.auth.api.phone.service.InternalService.START dat=chimera-action:/... cmp=com.google.android.gms/.chimera.GmsInternalApiService }
01-01 18:04:01.238 D/StatusBarIconController( 1876): ignoring old pipeline callbacks, because the new mobile icons are enabled
01-01 18:04:01.252 I/gralloc4( 1876): @set_metadata: update dataspace from GM (0x00000000 -> 0x08010000)
01-01 18:04:01.257 I/BufferQueueProducer(  841): [StatusBar$_1876#83](this:0xb400007a78f3f790,id:-1,api:0,p:-1,c:841) queueBuffer: fps=1.52 dur=1977.58 max=1005.42 min=198.39
01-01 18:04:01.270 D/NetdEventListenerService( 1375): DNS Requested by 127, 10417, 99
01-01 18:04:01.288 I/thermal_repeater( 1028): socket -1
01-01 18:04:01.374 I/hwcomposer(  799): [HWCDisplay] [Display_0 (type:1)] fps:21.928661,dur:1003.25,max:181.44,min:15.66  
01-01 18:04:01.509 I/SemWifiApDataUsage( 1375): handleMessage: 14
01-01 18:04:01.509 I/SemWifiApEbpf( 1375): DATA_USAGE_STATS_START_POLL,mhs= true,upstream= 2,client size 1
01-01 18:04:01.510 D/SemWifiApEbpf( 1375): getWifiApDataUsageForOverAllMhs():  overall data is198008100
01-01 18:04:01.510 I/SemWifiApEbpf( 1375): updating the overall dataUsage , overall =198008100 , global = {mTotalDataBytes=198008100,mTotalDataIngressBytes=0,mTotalDataEgressBytes=0,mCellularBytes=198008100,mCurrentDayAndSimCellularBytes=198008100}
01-01 18:04:01.557 I/system_server( 1375): Background concurrent copying GC freed 17MB AllocSpace bytes, 360(7392KB) LOS objects, 21% free, 90MB/114MB, paused 854us,282us total 378.853ms
01-01 18:04:01.582 W/System  ( 1375): A resource failed to call close. 
01-01 18:04:01.587 W/System  ( 1375): A resource failed to call HardwareBuffer.close. 
01-01 18:04:01.588 W/System  ( 1375): A resource failed to call CursorWindow.close. 
01-01 18:04:01.589 W/System  ( 1375): A resource failed to call CursorWindow.close. 
01-01 18:04:01.589 W/System  ( 1375): A resource failed to call close. 
01-01 18:04:01.589 W/System  ( 1375): A resource failed to call close. 
01-01 18:04:01.589 W/System  ( 1375): A resource failed to call CursorWindow.close. 
01-01 18:04:01.590 W/System  ( 1375): A resource failed to call close. 
01-01 18:04:01.590 W/System  ( 1375): A resource failed to call CursorWindow.close. 
01-01 18:04:01.590 W/System  ( 1375): A resource failed to call close. 
01-01 18:04:01.590 W/System  ( 1375): A resource failed to call CursorWindow.close. 
01-01 18:04:01.590 W/System  ( 1375): A resource failed to call close. 
01-01 18:04:01.591 W/System  ( 1375): A resource failed to call CursorWindow.close. 
01-01 18:04:01.591 W/System  ( 1375): A resource failed to call close. 
01-01 18:04:01.591 W/System  ( 1375): A resource failed to call CursorWindow.close. 
01-01 18:04:01.591 W/System  ( 1375): A resource failed to call CursorWindow.close. 
01-01 18:04:01.708 E/FirebaseAuth(16852): [SmsRetrieverHelper] SMS verification code request failed: unknown status code: 17093 null
01-01 18:04:01.713 D/FirebaseAuth(16852): Invoking original failure callbacks after phone verification failure for +22231035376, error - This request is missing a valid app identifier, meaning that Play Integrity checks, and reCAPTCHA checks were unsuccessful. Please try again, or check the logcat for more details.
01-01 18:04:01.715 D/StatusBarIconController( 1876): ignoring old pipeline callbacks, because the new mobile icons are enabled
01-01 18:04:01.717 I/flutter (16852): [PhonePinAuth] DIAGNOSTIC: verificationFailed callback - code: missing-client-identifier, message: This request is missing a valid app identifier, meaning that Play Integrity checks, and reCAPTCHA checks were unsuccessful. Please try again, or check the logcat for more details., details: [firebase_auth/missing-client-identifier] This request is missing a valid app identifier, meaning that Play Integrity checks, and reCAPTCHA checks were unsuccessful. Please try again, or check the logcat for more details.
01-01 18:04:01.719 I/flutter (16852): ----------------FIREBASE CRASHLYTICS----------------
01-01 18:04:01.719 I/flutter (16852): OTP Verification Failed
01-01 18:04:01.719 I/flutter (16852): Phone: +22231035376
01-01 18:04:01.719 I/flutter (16852): Error Code: missing-client-identifier
01-01 18:04:01.719 I/flutter (16852): Error Message: This request is missing a valid app identifier, meaning that Play Integrity checks, and reCAPTCHA checks were unsuccessful. Please try again, or check the logcat for more details.
01-01 18:04:01.719 I/flutter (16852): Full Error: [firebase_auth/missing-client-identifier] This request is missing a valid app identifier, meaning that Play Integrity checks, and reCAPTCHA checks were unsuccessful. Please try again, or check the logcat for more details.
01-01 18:04:01.719 I/flutter (16852): #0      PhonePinAuth.ensurePhoneSession.<anonymous closure> (package:auth_shared/src/phone_pin_auth.dart:104:26)
01-01 18:04:01.719 I/flutter (16852): #1      MethodChannelFirebaseAuth.verifyPhoneNumber.<anonymous closure> (package:firebase_auth_platform_interface/src/method_channel/method_channel_firebase_auth.dart:634:29)
01-01 18:04:01.719 I/flutter (16852): #2      _rootRunUnary (dart:async/zone.dart:1538:47)
01-01 18:04:01.719 I/flutter (16852): #3      _CustomZone.runUnary (dart:async/zone.dart:1429:19)
01-01 18:04:01.719 I/flutter (16852): #4      _CustomZone.runUnaryGuarded (dart:async/zone.dart:1329:7)
01-01 18:04:01.719 I/flutter (16852): #5      _BufferingStreamSubscription._sendData (dart:async/stream_impl.dart:381:11)
01-01 18:04:01.719 I/flutter (16852): #6      _BufferingStreamSubscription._add (dart:async/stream_impl.dart:312:7)
01-01 18:04:01.719 I/flutter (16852): #7      _ForwardingStreamSubscription._add (dart:async/stream_pipe.dart:154:11)
01-01 18:04:01.719 I/flutter (16852): #8      _HandleErrorStream._handleData (dart:async/stream_pipe.dart:287:10)
01-01 18:04:01.719 I/flutter (16852): #9      _ForwardingStreamSubscription._handleData (dart:async/stream_pipe.dart:184:13)
01-01 18:04:01.719 I/flutter (16852): #10     _rootRunUnary (dart:async/zone.dart:1538:47)
01-01 18:04:01.719 I/flutter (16852): #11     _CustomZone.runUnary (dart:async/zone.dart:1429:19)
01-01 18:04:01.719 I/flutter (16852): #12     _CustomZone.runUnaryGuarded (
01-01 18:04:01.719 I/flutter (16852): ----------------------------------------------------
01-01 18:04:01.728 I/flutter (16852): [PhonePinAuth] DIAGNOSTIC: ensurePhoneSession() EXCEPTION: FirebaseAuthException - [firebase_auth/missing-client-identifier] This request is missing a valid app identifier, meaning that Play Integrity checks, and reCAPTCHA checks were unsuccessful. Please try again, or check the logcat for more details.
01-01 18:04:01.728 I/flutter (16852): [PhonePinAuth] DIAGNOSTIC: Stacktrace: 
01-01 18:04:01.729 I/flutter (16852): ----------------FIREBASE CRASHLYTICS----------------
01-01 18:04:01.729 I/flutter (16852): [firebase_auth/missing-client-identifier] This request is missing a valid app identifier, meaning that Play Integrity checks, and reCAPTCHA checks were unsuccessful. Please try again, or check the logcat for more details.
01-01 18:04:01.729 I/flutter (16852): Phone: +22231035376
01-01 18:04:01.729 I/flutter (16852): Operation: ensurePhoneSession
01-01 18:04:01.729 I/flutter (16852): 
