01-01 18:04:54.178 D/Navbar.Store( 1876): --------apply(0) NavBarStoreAction$UpdateRemoteViewContainer
01-01 18:04:54.178 D/Navbar.Store( 1876): --------apply(0) NavBarStoreAction$UpdateRemoteViewDarkIntensity
01-01 18:04:54.179 D/Navbar.Store( 1876): handleEvent(0) OnUpdateSysUiStateFlag(noArguments=true) [Module] SamsungNavigationBarView
01-01 18:04:54.179 D/Navbar.Store( 1876): --[Band]GESTURE_PACK_UPDATE_SYSTEMUI_STATE_FLAG
01-01 18:04:54.179 D/Navbar.Store( 1876): --[Band] (afterAction) GESTURE_PACK_UPDATE_SYSTEMUI_STATE_FLAG
01-01 18:04:54.179 D/SysUiState( 1876): SysUiState changed: old=0x10020000 new=0x10060000
01-01 18:04:54.180 I/HoneySpace.SystemUiRepository( 2772): systemUiFlags: allow_gesture|ime_visible|awake
01-01 18:04:54.180 I/HoneySpace.TaskbarEventTracker( 2772): invokeEvent() called with: event = SystemUiStateChanged(stateFlags=268828672)
01-01 18:04:54.180 D/SurfaceFlinger(  841): Display 0 HWC layers:
01-01 18:04:54.180 D/SurfaceFlinger(  841):      DEVICE | 0xb400007a79377100 | 0102 | RGBA_8888    |    0.0    0.0 1080.0 2273.0 |    0    0 1080 2273 | SurfaceView[com.wawapp.driver/com.wawapp.driver.MainActivity]@0(BLAST)#53130
01-01 18:04:54.180 D/SurfaceFlinger(  841):      DEVICE | 0xb400007aa09ced80 | 0100 | RGBA_8888    |    0.0    0.0 1080.0 2408.0 |    0    0 1080 2408 | com.wawapp.driver/com.wawapp.driver.MainActivity$_16852#53127
01-01 18:04:54.180 D/SurfaceFlinger(  841):      DEVICE | 0xb400007aa09cec00 | 0100 | RGBA_8888    |    0.0    0.0 1080.0 1382.0 |    0 1026 1080 2408 | InputMethod$_32459#53141
01-01 18:04:54.180 D/SurfaceFlinger(  841):      DEVICE | 0xb400007aa09e8880 | 0100 | RGBA_8888    |    0.0    0.0 1080.0   64.0 |    0    0 1080   64 | StatusBar$_1876#83
01-01 18:04:54.180 D/SurfaceFlinger(  841):      DEVICE | 0xb400007a753dbc00 | 0100 | RGBA_8888    |    0.0    0.0 1080.0  135.0 |    0 2273 1080 2408 | NavigationBar0$_1876#79
01-01 18:04:54.180 D/SurfaceFlinger(  841): 
01-01 18:04:54.191 D/Navbar.Store( 1876): --NavBarStates(0) canUseNavBarBackgroundFrame: false
01-01 18:04:54.194 I/ViewRootImpl@3ab9635[MainActivity](16852): mWNT: t=0xb400006fadc54d00 mBlastBufferQueue=0xb400006faffa0380 fn= 48 mRenderHdrSdrRatio=1.0 caller= android.view.SyncRtSurfaceTransactionApplier.applyTransaction:96 android.view.SyncRtSurfaceTransactionApplier.lambda$scheduleApply$0:69 android.view.SyncRtSurfaceTransactionApplier.$r8$lambda$SgowXC58rj3PR958kHUfRgLZmvE:0 
01-01 18:04:54.195 I/gralloc4( 1876): @set_metadata: update dataspace from GM (0x00000000 -> 0x08010000)
01-01 18:04:54.196 I/gralloc4(16852): @set_metadata: update dataspace from GM (0x00000000 -> 0x08010000)
01-01 18:04:54.211 I/ViewRootImpl@3ab9635[MainActivity](16852): mWNT: t=0xb400006fadc54e80 mBlastBufferQueue=0xb400006faffa0380 fn= 49 mRenderHdrSdrRatio=1.0 caller= android.view.SyncRtSurfaceTransactionApplier.applyTransaction:96 android.view.SyncRtSurfaceTransactionApplier.lambda$scheduleApply$0:69 android.view.SyncRtSurfaceTransactionApplier.$r8$lambda$SgowXC58rj3PR958kHUfRgLZmvE:0 
01-01 18:04:54.213 I/gralloc4(16852): @set_metadata: update dataspace from GM (0x00000000 -> 0x08010000)
01-01 18:04:54.226 I/ViewRootImpl@3ab9635[MainActivity](16852): mWNT: t=0xb4000070899dc480 mBlastBufferQueue=0xb400006faffa0380 fn= 50 mRenderHdrSdrRatio=1.0 caller= android.view.SyncRtSurfaceTransactionApplier.applyTransaction:96 android.view.SyncRtSurfaceTransactionApplier.lambda$scheduleApply$0:69 android.view.SyncRtSurfaceTransactionApplier.$r8$lambda$SgowXC58rj3PR958kHUfRgLZmvE:0 
01-01 18:04:54.229 I/gralloc4(16852): @set_metadata: update dataspace from GM (0x00000000 -> 0x08010000)
01-01 18:04:54.242 I/ViewRootImpl@3ab9635[MainActivity](16852): mWNT: t=0xb400007076a62e80 mBlastBufferQueue=0xb400006faffa0380 fn= 51 mRenderHdrSdrRatio=1.0 caller= android.view.SyncRtSurfaceTransactionApplier.applyTransaction:96 android.view.SyncRtSurfaceTransactionApplier.lambda$scheduleApply$0:69 android.view.SyncRtSurfaceTransactionApplier.$r8$lambda$SgowXC58rj3PR958kHUfRgLZmvE:0 
01-01 18:04:54.243 I/gralloc4(16852): @set_metadata: update dataspace from GM (0x00000000 -> 0x08010000)
01-01 18:04:54.258 I/ViewRootImpl@3ab9635[MainActivity](16852): mWNT: t=0xb400006fc913e480 mBlastBufferQueue=0xb400006faffa0380 fn= 52 mRenderHdrSdrRatio=1.0 caller= android.view.SyncRtSurfaceTransactionApplier.applyTransaction:96 android.view.SyncRtSurfaceTransactionApplier.lambda$scheduleApply$0:69 android.view.SyncRtSurfaceTransactionApplier.$r8$lambda$SgowXC58rj3PR958kHUfRgLZmvE:0 
01-01 18:04:54.260 I/gralloc4(16852): @set_metadata: update dataspace from GM (0x00000000 -> 0x08010000)
01-01 18:04:54.268 I/AssistStructure( 1375): Flattened final assist data: 300 bytes, containing 1 windows, 3 views
01-01 18:04:54.271 D/io_stats(  543): !@ 179,0 r 37687386 533049658 w 5947942 67451496 d 892652 66632536 f 0 0 iot 9688784 0 th 0 0 0 pt 0 inp 0 0 250655.861
01-01 18:04:54.273 D/BoundBrokerSvc(27954): onBind: Intent { act=com.google.android.gms.wallet.service.BIND pkg=com.google.android.gms }
01-01 18:04:54.273 D/BoundBrokerSvc(27954): Loading bound service for intent: Intent { act=com.google.android.gms.wallet.service.BIND pkg=com.google.android.gms }
01-01 18:04:54.276 W/aoam    (28272): Failed to retrieve prediction data. [CONTEXT service_id=177 ]
01-01 18:04:54.276 W/aoam    (28272): java.util.concurrent.ExecutionException: fqqw: No data was found for the table autofill-domain-predictions-prod-spanner.
01-01 18:04:54.276 W/aoam    (28272): 	at gsiv.j(:com.google.android.gms@254730029@25.47.30 (190400-833691957):21)
01-01 18:04:54.276 W/aoam    (28272): 	at gsje.v(:com.google.android.gms@254730029@25.47.30 (190400-833691957):107)
01-01 18:04:54.276 W/aoam    (28272): 	at gsiv.get(:com.google.android.gms@254730029@25.47.30 (190400-833691957):6)
01-01 18:04:54.276 W/aoam    (28272): 	at aoam.e(:com.google.android.gms@254730029@25.47.30 (190400-833691957):81)
01-01 18:04:54.276 W/aoam    (28272): 	at aoam.a(:com.google.android.gms@254730029@25.47.30 (190400-833691957):124)
01-01 18:04:54.276 W/aoam    (28272): 	at anxw.call(:com.google.android.gms@254730029@25.47.30 (190400-833691957):5)
01-01 18:04:54.276 W/aoam    (28272): 	at java.util.concurrent.FutureTask.run(FutureTask.java:317)
01-01 18:04:54.276 W/aoam    (28272): 	at bdhp.c(:com.google.android.gms@254730029@25.47.30 (190400-833691957):50)
01-01 18:04:54.276 W/aoam    (28272): 	at bdhp.run(:com.google.android.gms@254730029@25.47.30 (190400-833691957):73)
01-01 18:04:54.276 W/aoam    (28272): 	at java.util.concurrent.ThreadPoolExecutor.runWorker(ThreadPoolExecutor.java:1156)
01-01 18:04:54.276 W/aoam    (28272): 	at java.util.concurrent.ThreadPoolExecutor$Worker.run(ThreadPoolExecutor.java:651)
01-01 18:04:54.276 W/aoam    (28272): 	at bdnh.run(:com.google.android.gms@254730029@25.47.30 (190400-833691957):8)
01-01 18:04:54.276 W/aoam    (28272): 	at java.lang.Thread.run(Thread.java:1119)
01-01 18:04:54.276 W/aoam    (28272): Caused by: fqqw: No data was found for the table autofill-domain-predictions-prod-spanner.
01-01 18:04:54.276 W/aoam    (28272): 	at fqrn.a(:com.google.android.gms@254730029@25.47.30 (190400-833691957):217)
01-01 18:04:54.276 W/aoam    (28272): 	at gsjg.d(:com.google.android.gms@254730029@25.47.30 (190400-833691957):3)
01-01 18:04:54.276 W/aoam    (28272): 	at gsji.run(:com.google.android.gms@254730029@25.47.30 (190400-833691957):38)
01-01 18:04:54.276 W/aoam    (28272): 	at gsku.execute(:com.google.android.gms@254730029@25.47.30 (190400-833691957):1)
01-01 18:04:54.276 W/aoam    (28272): 	at gsiv.f(:com.google.android.gms@254730029@25.47.30 (190400-833691957):1)
01-01 18:04:54.276 W/aoam    (28272): 	at gsiv.m(:com.google.android.gms@254730029@25.47.30 (190400-833691957):99)
01-01 18:04:54.276 W/aoam    (28272): 	at gsiv.t(:com.google.android.gms@254730029@25.47.30 (190400-833691957):26)
01-01 18:04:54.276 W/aoam    (28272): 	at gsjg.e(:com.google.android.gms@254730029@25.47.30 (190400-833691957):3)
01-01 18:04:54.276 W/aoam    (28272): 	at gsji.run(:com.google.android.gms@254730029@25.47.30 (190400-833691957):44)
01-01 18:04:54.276 W/aoam    (28272): 	at gsku.execute(:com.google.android.gms@254730029@25.47.30 (190400-833691957):1)
01-01 18:04:54.276 W/aoam    (28272): 	at gsiv.f(:com.google.android.gms@254730029@25.47.30 (190400-833691957):1)
01-01 18:04:54.276 W/aoam    (28272): 	at gsiv.m(:com.google.android.gms@254730029@25.47.30 (190400-833691957):99)
01-01 18:04:54.276 W/aoam    (28272): 	at gsiv.q(:com.google.android.gms@254730029@25.47.30 (190400-833691957):13)
01-01 18:04:54.276 W/aoam    (28272): 	at gsin.run(:com.google.android.gms@254730029@25.47.30 (190400-833691957):120)
01-01 18:04:54.276 W/aoam    (28272): 	at gsku.execute(:com.google.android.gms@254730029@25.47.30 (190400-833691957):1)
01-01 18:04:54.276 W/aoam    (28272): 	at gsiv.f(:com.google.android.gms@254730029@25.47.30 (190400-833691957):1)
01-01 18:04:54.276 W/aoam    (28272): 	at gsiv.m(:com.google.android.gms@254730029@25.47.30 (190400-833691957):99)
01-01 18:04:54.276 W/aoam    (28272): 	at gsiv.q(:com.google.android.gms@254730029@25.47.30 (190400-833691957):13)
01-01 18:04:54.276 W/aoam    (28272): 	at gsjh.e(:com.google.android.gms@254730029@25.47.30 (190400-833691957):1)
01-01 18:04:54.276 W/aoam    (28272): 	at gsji.run(:com.google.android.gms@254730029@25.47.30 (190400-833691957):44)
01-01 18:04:54.276 W/aoam    (28272): 	at gsku.execute(:com.google.android.gms@254730029@25.47.30 (190400-833691957):1)
01-01 18:04:54.276 W/aoam    (28272): 	at gsiv.f(:com.google.android.gms@254730029@25.47.30 (190400-833691957):1)
01-01 18:04:54.276 W/aoam    (28272): 	at gsiv.m(:com.google.android.gms@254730029@25.47.30 (190400-833691957):99)
01-01 18:04:54.276 W/aoam    (28272): 	at gsiv.q(:com.google.android.gms@254730029@25.47.30 (190400-833691957):13)
01-01 18:04:54.276 W/aoam    (28272): 	at gsin.run(:com.google.android.gms@254730029@25.47.30 (190400-833691957):120)
01-01 18:04:54.276 W/aoam    (28272): 	at gsku.execute(:com.google.android.gms@254730029@25.47.30 (190400-833691957):1)
01-01 18:04:54.276 W/aoam    (28272): 	at gsiv.f(:com.google.android.gms@254730029@25.47.30 (190400-833691957):1)
01-01 18:04:54.276 W/aoam    (28272): 	at gsiv.m(:com.google.android.gms@254730029@25.47.30 (190400-833691957):99)
01-01 18:04:54.276 W/aoam    (28272): 	at gsiv.q(:com.google.android.gms@254730029@25.47.30 (190400-833691957):13)
01-01 18:04:54.276 W/aoam    (28272): 	at gsjh.e(:com.google.android.gms@254730029@25.47.30 (190400-833691957):1)
01-01 18:04:54.276 W/aoam    (28272): 	at gsji.run(:com.google.android.gms@254730029@25.47.30 (190400-833691957):44)
01-01 18:04:54.276 W/aoam    (28272): 	at gsku.execute(:com.google.android.gms@254730029@25.47.30 (190400-833691957):1)
01-01 18:04:54.276 W/aoam    (28272): 	at gsiv.f(:com.google.android.gms@254730029@25.47.30 (190400-833691957):1)
01-01 18:04:54.276 W/aoam    (28272): 	at gsiv.m(:com.google.android.gms@254730029@25.47.30 (190400-833691957):99)
01-01 18:04:54.276 W/aoam    (28272): 	at gsiv.t(:com.google.android.gms@254730029@25.47.30 (190400-833691957):26)
01-01 18:04:54.276 W/aoam    (28272): 	at gslr.run(:com.google.android.gms@254730029@25.47.30 (190400-833691957):5)
01-01 18:04:54.276 W/aoam    (28272): 	at gsku.execute(:com.google.android.gms@254730029@25.47.30 (190400-833691957):1)
01-01 18:04:54.276 W/aoam    (28272): 	at gsiv.f(:com.google.android.gms@254730029@25.47.30 (190400-833691957):1)
01-01 18:04:54.276 W/aoam    (28272): 	at gsiv.m(:com.google.android.gms@254730029@25.47.30 (190400-833691957):99)
01-01 18:04:54.276 W/aoam    (28272): 	at gsiv.t(:com.google.android.gms@254730029@25.47.30 (190400-833691957):26)
01-01 18:04:54.276 W/aoam    (28272): 	at gsjg.e(:com.google.android.gms@254730029@25.47.30 (190400-833691957):3)
01-01 18:04:54.276 W/aoam    (28272): 	at gsji.run(:com.google.android.gms@254730029@25.47.30 (190400-833691957):44)
01-01 18:04:54.276 W/aoam    (28272): 	at gsmx.run(:com.google.android.gms@254730029@25.47.30 (190400-833691957):64)
01-01 18:04:54.276 W/aoam    (28272): 	... 6 more
01-01 18:04:54.277 I/ViewRootImpl@3ab9635[MainActivity](16852): mWNT: t=0xb400006fc913e900 mBlastBufferQueue=0xb400006faffa0380 fn= 53 mRenderHdrSdrRatio=1.0 caller= android.view.SyncRtSurfaceTransactionApplier.applyTransaction:96 android.view.SyncRtSurfaceTransactionApplier.lambda$scheduleApply$0:69 android.view.SyncRtSurfaceTransactionApplier.$r8$lambda$SgowXC58rj3PR958kHUfRgLZmvE:0 
01-01 18:04:54.280 I/gralloc4(16852): @set_metadata: update dataspace from GM (0x00000000 -> 0x08010000)
01-01 18:04:54.285 D/BoundBrokerSvc(27954): onBind: Intent { act=com.google.android.gms.chromesync.service.zeroparty.START dat=chimera-action:/... cmp=com.google.android.gms/.chimera.GmsApiService }
01-01 18:04:54.285 D/BoundBrokerSvc(27954): Loading bound service for intent: Intent { act=com.google.android.gms.chromesync.service.zeroparty.START dat=chimera-action:/... cmp=com.google.android.gms/.chimera.GmsApiService }
01-01 18:04:54.288 D/BoundBrokerSvc(27954): onBind: Intent { act=com.google.android.gms.auth.api.phone.service.SmsRetrieverApiService.START dat=chimera-action:/... cmp=com.google.android.gms/.chimera.GmsApiService }
01-01 18:04:54.288 D/BoundBrokerSvc(27954): Loading bound service for intent: Intent { act=com.google.android.gms.auth.api.phone.service.SmsRetrieverApiService.START dat=chimera-action:/... cmp=com.google.android.gms/.chimera.GmsApiService }
01-01 18:04:54.289 W/FillRequestEventLogger( 1375): Shouldn't be logging AutofillFillRequestReported again for same event
01-01 18:04:54.289 W/FillResponseEventLogger( 1375): Shouldn't be logging AutofillFillRequestReported again for same event
01-01 18:04:54.290 D/AutofillSession( 1375): clearPendingIntentLocked
01-01 18:04:54.291 I/HBD     (32459): HoneyBoardService onInlineSuggestionsResponse 
01-01 18:04:54.292 I/ViewRootImpl@3ab9635[MainActivity](16852): mWNT: t=0xb400006fb03bb080 mBlastBufferQueue=0xb400006faffa0380 fn= 54 mRenderHdrSdrRatio=1.0 caller= android.view.SyncRtSurfaceTransactionApplier.applyTransaction:96 android.view.SyncRtSurfaceTransactionApplier.lambda$scheduleApply$0:69 android.view.SyncRtSurfaceTransactionApplier.$r8$lambda$SgowXC58rj3PR958kHUfRgLZmvE:0 
01-01 18:04:54.292 V/InlineSuggestionRenderService(32417): handleDestroySuggestionViews called for 0:206607555
01-01 18:04:54.296 I/gralloc4(16852): @set_metadata: update dataspace from GM (0x00000000 -> 0x08010000)
01-01 18:04:54.305 I/IPCThreadState(28272): oneway function results for code 1 on binder at 0xb400006fe0cd1f00 will be dropped but finished with status UNKNOWN_TRANSACTION and reply parcel size 80
01-01 18:04:54.319 D/BoundBrokerSvc(28272): onRebind: Intent { act=com.google.android.gms.auth.aang.events.services.START dat=chimera-action:/... cmp=com.google.android.gms/.chimera.PersistentApiService }
01-01 18:04:54.336 I/SyncManager(27954): (REDACTED) Executing sync(type=%s%s)
01-01 18:04:54.336 E/audit   (  773): type=1400 audit(1767290694.332:1641397): avc:  denied  { ioctl } for  pid=27954 comm="highpool[162]" path="/data/data/com.google.android.gms/databases/chromesync.data_store" dev="dm-50" ino=7463 ioctlcmd=0xf522 scontext=u:r:gmscore_app:s0:c512,c768 tcontext=u:object_r:privapp_data_file:s0:c512,c768 tclass=file permissive=0 SEPF_SM-A145P_12_0001 audit_filtered
01-01 18:04:54.344 I/SyncManager(27954): (REDACTED) Executing sync(type=%s) finished in %s
01-01 18:04:54.392 I/ViewRootImpl@3ab9635[MainActivity](16852): mWNT: t=0xb400006fb03bb500 mBlastBufferQueue=0xb400006faffa0380 fn= 55 mRenderHdrSdrRatio=1.0 caller= android.view.SyncRtSurfaceTransactionApplier.applyTransaction:96 android.view.SyncRtSurfaceTransactionApplier.lambda$scheduleApply$0:69 android.view.SyncRtSurfaceTransactionApplier.$r8$lambda$SgowXC58rj3PR958kHUfRgLZmvE:0 
01-01 18:04:54.395 I/gralloc4(16852): @set_metadata: update dataspace from GM (0x00000000 -> 0x08010000)
01-01 18:04:54.407 I/ViewRootImpl@3ab9635[MainActivity](16852): mWNT: t=0xb400006fc93e8a80 mBlastBufferQueue=0xb400006faffa0380 fn= 56 mRenderHdrSdrRatio=1.0 caller= android.view.SyncRtSurfaceTransactionApplier.applyTransaction:96 android.view.SyncRtSurfaceTransactionApplier.lambda$scheduleApply$0:69 android.view.SyncRtSurfaceTransactionApplier.$r8$lambda$SgowXC58rj3PR958kHUfRgLZmvE:0 
01-01 18:04:54.410 I/gralloc4(16852): @set_metadata: update dataspace from GM (0x00000000 -> 0x08010000)
01-01 18:04:54.423 I/InsetsController(16852): cancelAnimation: types=ime, animType=0, host=com.wawapp.driver/com.wawapp.driver.MainActivity, from=android.view.InsetsController.notifyFinished:1748 android.view.InsetsAnimationControlImpl.applyChangeInsets:312 android.view.InsetsController.lambda$new$3:918 
01-01 18:04:54.423 I/ImeTracker(16852): com.wawapp.driver:64cc098e: onShown
01-01 18:04:54.424 I/mtkpower_client(  806): perf_lock_rel, hdl:54022, tid:17674
01-01 18:04:54.425 I/HYPER-HAL(  806): [RequestManager.cpp]releaseLocked(): Released ID : 526842031
01-01 18:04:54.425 I/libPowerHal(  813): [perfLockRel] hdl:54022, idx:1
01-01 18:04:54.426 I/libPowerHal(  813): vendor.samsung.: cpu_ctrl set cpu freq: -1 -1 -1 -1
01-01 18:04:54.426 I/ViewRootImpl@3ab9635[MainActivity](16852): mWNT: t=0xb400006fb03bcb80 mBlastBufferQueue=0xb400006faffa0380 fn= 57 mRenderHdrSdrRatio=1.0 caller= android.view.SyncRtSurfaceTransactionApplier.applyTransaction:96 android.view.SyncRtSurfaceTransactionApplier.lambda$scheduleApply$0:69 android.view.SyncRtSurfaceTransactionApplier.$r8$lambda$SgowXC58rj3PR958kHUfRgLZmvE:0 
01-01 18:04:54.426 I/ViewRootImpl@3ab9635[MainActivity](16852): mWNT: t=0xb400006fb03bb380 mBlastBufferQueue=0xb400006faffa0380 fn= 57 mRenderHdrSdrRatio=1.0 caller= android.view.SyncRtSurfaceTransactionApplier.applyTransaction:96 android.view.SyncRtSurfaceTransactionApplier.lambda$scheduleApply$0:69 android.view.SyncRtSurfaceTransactionApplier.$r8$lambda$SgowXC58rj3PR958kHUfRgLZmvE:0 
01-01 18:04:54.427 I/gralloc4(16852): @set_metadata: update dataspace from GM (0x00000000 -> 0x08010000)
01-01 18:04:54.506 D/InputTransport(16852): Input channel destroyed: 'ClientS', fd=193
01-01 18:04:54.506 D/InputTransport(16852): Input channel destroyed: 'ClientS', fd=194
01-01 18:04:54.506 D/InputTransport(16852): Input channel destroyed: 'ClientS', fd=191
01-01 18:04:54.518 D/InputTransport(16852): Input channel destroyed: 'ClientS', fd=224
01-01 18:04:54.523 W/m.wawapp.driver(16852): ApkAssets: Deleting an ApkAssets object '<empty> and /data/app/~~-5Kym54_SB0ikeyf79a3eA==/com.anthropic.claude-mPD9uYfAltsIkl7gaW8hOw==/base.apk' with 1 weak references
01-01 18:04:54.524 W/m.wawapp.driver(16852): ApkAssets: Deleting an ApkAssets object '<empty> and /data/app/~~-5Kym54_SB0ikeyf79a3eA==/com.anthropic.claude-mPD9uYfAltsIkl7gaW8hOw==/split_config.ar.apk' with 1 weak references
01-01 18:04:54.524 W/m.wawapp.driver(16852): ApkAssets: Deleting an ApkAssets object '<empty> and /data/app/~~-5Kym54_SB0ikeyf79a3eA==/com.anthropic.claude-mPD9uYfAltsIkl7gaW8hOw==/split_config.arm64_v8a.apk' with 1 weak references
01-01 18:04:54.524 W/m.wawapp.driver(16852): ApkAssets: Deleting an ApkAssets object '<empty> and /data/app/~~-5Kym54_SB0ikeyf79a3eA==/com.anthropic.claude-mPD9uYfAltsIkl7gaW8hOw==/split_config.en.apk' with 1 weak references
01-01 18:04:54.524 W/m.wawapp.driver(16852): ApkAssets: Deleting an ApkAssets object '<empty> and /data/app/~~-5Kym54_SB0ikeyf79a3eA==/com.anthropic.claude-mPD9uYfAltsIkl7gaW8hOw==/split_config.xxhdpi.apk' with 1 weak references
01-01 18:04:54.524 W/m.wawapp.driver(16852): ApkAssets: Deleting an ApkAssets object '<empty> and /data/app/~~qmjJ-Ku_Cug2HpjeJRZdJA==/com.docxreader.documentreader.wordoffice-q6FrhmFNz_az2HQKk8Bg9Q==/base.apk' with 1 weak references
01-01 18:04:54.525 W/m.wawapp.driver(16852): ApkAssets: Deleting an ApkAssets object '<empty> and /data/app/~~qmjJ-Ku_Cug2HpjeJRZdJA==/com.docxreader.documentreader.wordoffice-q6FrhmFNz_az2HQKk8Bg9Q==/split_config.arm64_v8a.apk' with 1 weak references
01-01 18:04:54.525 W/m.wawapp.driver(16852): ApkAssets: Deleting an ApkAssets object '<empty> and /data/app/~~qmjJ-Ku_Cug2HpjeJRZdJA==/com.docxreader.documentreader.wordoffice-q6FrhmFNz_az2HQKk8Bg9Q==/split_config.xxhdpi.apk' with 1 weak references
01-01 18:04:54.525 W/m.wawapp.driver(16852): ApkAssets: Deleting an ApkAssets object '<empty> and /data/app/~~5-H0vMX0n9836MOAuJLydQ==/com.opera.mini.native-9aSaU_CY8czVOQ2hm2kIaQ==/base.apk' with 1 weak references
01-01 18:04:54.525 W/m.wawapp.driver(16852): ApkAssets: Deleting an ApkAssets object '<empty> and /data/app/~~5-H0vMX0n9836MOAuJLydQ==/com.opera.mini.native-9aSaU_CY8czVOQ2hm2kIaQ==/split_config.ar.apk' with 1 weak references
01-01 18:04:54.525 W/m.wawapp.driver(16852): ApkAssets: Deleting an ApkAssets object '<empty> and /data/app/~~5-H0vMX0n9836MOAuJLydQ==/com.opera.mini.native-9aSaU_CY8czVOQ2hm2kIaQ==/split_config.arm64_v8a.apk' with 1 weak references
01-01 18:04:54.525 W/m.wawapp.driver(16852): ApkAssets: Deleting an ApkAssets object '<empty> and /data/app/~~5-H0vMX0n9836MOAuJLydQ==/com.opera.mini.native-9aSaU_CY8czVOQ2hm2kIaQ==/split_config.en.apk' with 1 weak references
01-01 18:04:54.525 W/m.wawapp.driver(16852): ApkAssets: Deleting an ApkAssets object '<empty> and /data/app/~~5-H0vMX0n9836MOAuJLydQ==/com.opera.mini.native-9aSaU_CY8czVOQ2hm2kIaQ==/split_config.xxhdpi.apk' with 1 weak references
01-01 18:04:54.525 W/m.wawapp.driver(16852): ApkAssets: Deleting an ApkAssets object '<empty> and /data/app/~~5-H0vMX0n9836MOAuJLydQ==/com.opera.mini.native-9aSaU_CY8czVOQ2hm2kIaQ==/split_pangle_ads.apk' with 1 weak references
01-01 18:04:54.526 W/m.wawapp.driver(16852): ApkAssets: Deleting an ApkAssets object '<empty> and /data/app/~~5-H0vMX0n9836MOAuJLydQ==/com.opera.mini.native-9aSaU_CY8czVOQ2hm2kIaQ==/split_pangle_ads.config.ar.apk' with 1 weak references
01-01 18:04:54.526 W/m.wawapp.driver(16852): ApkAssets: Deleting an ApkAssets object '<empty> and /data/app/~~5-H0vMX0n9836MOAuJLydQ==/com.opera.mini.native-9aSaU_CY8czVOQ2hm2kIaQ==/split_pangle_ads.config.arm64_v8a.apk' with 1 weak references
01-01 18:04:54.526 W/m.wawapp.driver(16852): ApkAssets: Deleting an ApkAssets object '<empty> and /data/app/~~5-H0vMX0n9836MOAuJLydQ==/com.opera.mini.native-9aSaU_CY8czVOQ2hm2kIaQ==/split_pangle_ads.config.en.apk' with 1 weak references
01-01 18:04:54.526 W/m.wawapp.driver(16852): ApkAssets: Deleting an ApkAssets object '<empty> and /data/app/~~kbElf0qR7vm_L7dZO1d0mQ==/com.openai.chatgpt-zIj9LxVd_UEcjLAHoB_tuQ==/base.apk' with 1 weak references
01-01 18:04:54.526 W/m.wawapp.driver(16852): ApkAssets: Deleting an ApkAssets object '<empty> and /data/app/~~kbElf0qR7vm_L7dZO1d0mQ==/com.openai.chatgpt-zIj9LxVd_UEcjLAHoB_tuQ==/split_config.ar.apk' with 1 weak references
01-01 18:04:54.526 W/m.wawapp.driver(16852): ApkAssets: Deleting an ApkAssets object '<empty> and /data/app/~~kbElf0qR7vm_L7dZO1d0mQ==/com.openai.chatgpt-zIj9LxVd_UEcjLAHoB_tuQ==/split_config.arm64_v8a.apk' with 1 weak references
01-01 18:04:54.526 W/m.wawapp.driver(16852): ApkAssets: Deleting an ApkAssets object '<empty> and /data/app/~~kbElf0qR7vm_L7dZO1d0mQ==/com.openai.chatgpt-zIj9LxVd_UEcjLAHoB_tuQ==/split_config.en.apk' with 1 weak references
01-01 18:04:54.526 W/m.wawapp.driver(16852): ApkAssets: Deleting an ApkAssets object '<empty> and /data/app/~~kbElf0qR7vm_L7dZO1d0mQ==/com.openai.chatgpt-zIj9LxVd_UEcjLAHoB_tuQ==/split_config.xxhdpi.apk' with 1 weak references
01-01 18:04:54.564 E/audit   (  773): type=1400 audit(1767290694.560:1641398): avc:  denied  { ioctl } for  pid=16852 comm=4D6561737572656D656E7420576F72 path="/data/data/com.wawapp.driver/databases/google_app_measurement_local.db" dev="dm-50" ino=1439960 ioctlcmd=0xf522 scontext=u:r:untrusted_app:s0:c161,c257,c512,c768 tcontext=u:object_r:app_data_file:s0:c161,c257,c512,c768 tclass=file permissive=0 SEPF_SM-A145P_12_0001 audit_filtered
01-01 18:04:54.604 D/BoundBrokerSvc(27954): onBind: Intent { act=com.google.android.gms.measurement.START pkg=com.google.android.gms }
01-01 18:04:54.604 D/BoundBrokerSvc(27954): Loading bound service for intent: Intent { act=com.google.android.gms.measurement.START pkg=com.google.android.gms }
01-01 18:04:54.624 E/audit   (  773): type=1400 audit(1767290694.620:1641399): avc:  denied  { ioctl } for  pid=16852 comm=4D6561737572656D656E7420576F72 path="/data/data/com.wawapp.driver/databases/google_app_measurement_local.db" dev="dm-50" ino=1439960 ioctlcmd=0xf522 scontext=u:r:untrusted_app:s0:c161,c257,c512,c768 tcontext=u:object_r:app_data_file:s0:c161,c257,c512,c768 tclass=file permissive=0 SEPF_SM-A145P_12_0001 audit_filtered
01-01 18:04:54.636 D/AdvertisingIdClient(27954): AdvertisingIdClient already created.
01-01 18:04:54.636 D/AdvertisingIdClient(27954): AdvertisingIdClient is not bounded. Starting to bind it...
01-01 18:04:54.651 D/AdvertisingIdClient(27954): AdvertisingIdClient is bounded
01-01 18:04:54.652 I/AdvertisingIdClient(27954): shouldSendLog 512448229
01-01 18:04:54.652 I/AdvertisingIdClient(27954): GetInfoInternal elapse 16ms
01-01 18:04:54.661 D/BoundBrokerSvc(28272): onRebind: Intent { act=com.google.android.gms.presencemanager.service.START dat=chimera-action:/... cmp=com.google.android.gms/.chimera.PersistentApiService }
01-01 18:04:54.669 D/BoundBrokerSvc(28272): onRebind: Intent { act=com.google.android.gms.presencemanager.service.INTERNAL_IDENTITY dat=chimera-action:/... cmp=com.google.android.gms/.chimera.PersistentApiService }
01-01 18:04:54.687 I/android.hardware.health@2.1-service-samsung(  800): start ISehThermal::getService()
01-01 18:04:54.688 I/hwservicemanager(  497): getTransport: Cannot find entry vendor.samsung.hardware.thermal@1.0::ISehThermal/default in either framework or device VINTF manifest.
01-01 18:04:54.688 E/android.hardware.health@2.1-service-samsung(  800): ISehThermal::getService() fail
01-01 18:04:54.689 D/BatteryService( 1375): Sending ACTION_BATTERY_CHANGED: level:74, status:2, health:2, remain:1140, ac:false, usb:true, wireless:false, pogo:false, misc:0x0, charge_type:1, charger_type:0, voltage:4166, temperature:391, online:6, charging_status:0, cycle_count:542, current_avg:548500, ps:false, hvc:false, capacity:280000, current_event:0x0, current_now:550000, mcc:500000, mcv:5000000, cc:2180040, present:true, scale:100, technology:Li-ion
01-01 18:04:54.691 E/audit   (  773): type=1400 audit(1767290694.688:1641400): avc:  denied  { ioctl } for  pid=28272 comm="lowpool[1908]" path="/data/data/com.google.android.gms/databases/ns.db" dev="dm-50" ino=4614 ioctlcmd=0xf522 scontext=u:r:gmscore_app:s0:c512,c768 tcontext=u:object_r:privapp_data_file:s0:c512,c768 tclass=file permissive=0 SEPF_SM-A145P_12_0001 audit_filtered
01-01 18:04:54.691 I/DeviceBatteryInfoService( 1375): action: android.intent.action.BATTERY_CHANGED
01-01 18:04:54.692 I/DeviceBatteryInfoService( 1375): phone battery level: 74
01-01 18:04:54.692 I/DeviceBatteryInfoService( 1375): phone battery status: 2
01-01 18:04:54.695 I/NetworkScheduler(28272): (REDACTED) Error inserting %s
01-01 18:04:54.696 D/MotionRecognitionService( 1375): [SAR]  onReceive : ACTION_BATTERY_CHANGED, Plugged: 2
01-01 18:04:54.698 D/SemBigDataInfoController( 1764): Intent: android.intent.action.BATTERY_CHANGED
01-01 18:04:54.698 D/SemBigDataInfoController( 1764): Intent: android.intent.action.BATTERY_CHANGED
01-01 18:04:54.699 I/AODBatteryManager( 1876): updateBatteryData: ACTION_BATTERY_CHANGED
01-01 18:04:54.701 I/AODBatteryManager( 1876): saveBatteryData : AOD BatteryData [mBatteryLevel=74, mBatteryStatus=CHARGING, mBatteryPlugType=USB, mBatteryPlugged=true, mRemainingChargeTime=1140000, mBatteryChargingType=1, mBatteryChargerType=NORMAL, mBatteryOnline=NOT_DEFINED, mBatterySwellingMode=NONE, mBatteryProtectMode=false, mBatteryProtectModeType=1, mSleepChargingEvent=null, mSleepChargingEventFinishTime=null]
01-01 18:04:54.701 D/SamsungBatteryMeterDrawable( 1876): onBatteryLevelChanged isSomethingChanged: false
01-01 18:04:54.701 D/SamsungBatteryMeterDrawable( 1876): onBatteryLevelChanged isSomethingChanged: false
01-01 18:04:54.702 D/SamsungBatteryMeterDrawable( 1876): onBatteryLevelChanged isSomethingChanged: false
01-01 18:04:54.702 I/PowerUI ( 1876): mBootCompleted = true |  mFullyConnected = true
01-01 18:04:54.702 I/PowerUI ( 1876): BATTERY_HEALTH_CHECK extraHealth=2 mBatteryMiscEvent=0
01-01 18:04:54.702 W/PowerUI ( 1876): Plug reason
01-01 18:04:54.702 W/PowerUI ( 1876): Skip charging animation - by plug status
01-01 18:04:54.702 D/PowerUI ( 1876): priorPlugType = 2 mPlugType = 2 priorBatteryStatus = 2 mBatteryStatus = 2
01-01 18:04:54.702 W/PowerUI ( 1876): Plug reason
01-01 18:04:54.702 W/PowerUI ( 1876): Skip charging sound - by plug status
01-01 18:04:54.702 I/PowerUI ( 1876): oldMisalign : false, curMisalign : false
01-01 18:04:54.702 D/SecPowerUI.Notification( 1876): dismissing low battery warning: level=74
01-01 18:04:54.702 D/SecPowerUI.Notification( 1876): updateNotification mWarning=false mPlaySound=false
01-01 18:04:54.702 D/SecPowerUI.Notification( 1876): SecBatteryStatsSnapshot{batteryLevel=74, currentBatteryMode=1, chargingTime=1140000, chargingType=11, batteryHealth=2, automaticTestMode=false, isHiccupState=false, optChargingFinishTime=}
01-01 18:04:54.703 D/SecPowerUI.Notification( 1876): 1. restoreScreenTimeOut - saved_value : :
01-01 18:04:54.703 E/SecPowerUI.Notification( 1876): no saved value, so we do nothing !!
01-01 18:04:54.703 D/SecPowerUI.Notification( 1876): showChargingNotice oldChargingType : 11 / currentChargingType : 11, oldChargingTime : 1140000 / mChargingTime : 1140000
01-01 18:04:54.703 D/SecPowerUI.Notification( 1876): showChargingNotice There is no change about charging status, so return!
01-01 18:04:54.703 D/PowerUI ( 1876): Battery swelling mode - priorBatterySwellingMode = 0 mBatterySwellingMode = 0 mBatteryStatus = 2
01-01 18:04:54.703 I/PowerUI ( 1876): mBatteryMiscEvent = 0
01-01 18:04:54.703 I/PowerUI ( 1876): checkRestoreProtectBattery pb value : 1, Scheduling start ? : false
01-01 18:04:54.703 I/PowerUI ( 1876): Clear time
01-01 18:04:54.703 D/KNOX_MDM_SettingsProvider( 1375): isChangeAllowed() : name = ltc_highsoc_exceed_time
01-01 18:04:54.703 D/KNOX_MDM_SettingsProvider( 1375): edmUri: content://com.sec.knox.provider/RestrictionPolicy3
01-01 18:04:54.703 D/KNOX_MDM_SettingsProvider( 1375): projectionArgs: isSettingsChangesAllowed
01-01 18:04:54.703 D/KNOX_MDM_SettingsProvider( 1375): selectionArgs: false
01-01 18:04:54.703 D/KNOX_MDM_SettingsProvider( 1375): selectionArgs: 10046
01-01 18:04:54.704 D/SecContentProvider( 1375): query(), uri = 17 selection = isSettingsChangesAllowed
01-01 18:04:54.704 D/SecContentProvider( 1375): called from android.uid.systemui:10046
01-01 18:04:54.704 D/RestrictionPolicy( 1375): isSettingsChangesAllowedAsUser, userId 0 : true
01-01 18:04:54.704 D/KNOX_MDM_SettingsProvider( 1375): ret = 1
01-01 18:04:54.704 I/PowerUI ( 1876): checkBatteryProtectionNotification : 2, pb value : 1, plugType : 2, level : 74
01-01 18:04:54.704 D/SecPowerUI.Notification( 1876): SecBatteryStatsSnapshot{batteryLevel=74, currentBatteryMode=1, chargingTime=1140000, chargingType=11, batteryHealth=2, automaticTestMode=false, isHiccupState=false, optChargingFinishTime=}
01-01 18:04:54.707 D/KeyguardUpdateMonitor( 1876): handleBatteryUpdate
01-01 18:04:55.002 I/hwcomposer(  799): [HWCDisplay] [Display_0 (type:1)] fps:16.732012,dur:1434.38,max:480.51,min:14.21  
01-01 18:04:55.113 D/StatusBarIconController( 1876): ignoring old pipeline callbacks, because the new mobile icons are enabled
01-01 18:04:55.173 W/FA-SVC  (27954): Did not find measurement config or missing version info. appId: com.wawapp.driver
01-01 18:04:55.282 D/NetdEventListenerService( 1375): DNS Requested by 127, 10173, 87
01-01 18:04:55.511 I/BufferQueueProducer(  841): [SurfaceView[com.wawapp.driver/com.wawapp.driver.MainActivity]@0(BLAST)#53130](this:0xb400007a78e48790,id:-1,api:0,p:-1,c:841) queueBuffer: fps=12.11 dur=1486.55 max=511.83 min=16.11
01-01 18:04:55.526 D/StatusBarIconController( 1876): ignoring old pipeline callbacks, because the new mobile icons are enabled
01-01 18:04:55.561 I/gralloc4( 1876): @set_metadata: update dataspace from GM (0x00000000 -> 0x08010000)
01-01 18:04:55.575 I/NetworkScheduler(28272): (REDACTED) Error inserting %s
01-01 18:04:55.576 I/BufferQueueProducer(  841): [StatusBar$_1876#83](this:0xb400007a78f3f790,id:-1,api:0,p:-1,c:841) queueBuffer: fps=0.50 dur=2012.09 max=2012.09 min=2012.09
01-01 18:04:55.645 D/ActivityManager( 1375): Received BROADCAST intent 0xa677409 Key{broadcastIntent pkg=com.samsung.android.rubin.app intent=act=com.samsung.android.rubin.controller.keepaliveservice.ACTION_SERVICE_ALARM pkg=com.samsung.android.rubin.app cmp=com.samsung.android.rubin.app/com.samsung.android.rubin.controller.KeepAliveService$AlarmBroadcastReceiver flags=0x4000000 u=0} requestCode=0 sent=0 from uid 1000
01-01 18:04:55.653 D/CompatibilityChangeReporter( 1375): Compat change id reported: 135634846; UID 10075; state: DISABLED
01-01 18:04:55.653 D/CompatibilityChangeReporter( 1375): Compat change id reported: 177438394; UID 10075; state: DISABLED
01-01 18:04:55.654 D/CompatibilityChangeReporter( 1375): Compat change id reported: 135772972; UID 10075; state: DISABLED
01-01 18:04:55.654 D/CompatibilityChangeReporter( 1375): Compat change id reported: 135754954; UID 10075; state: ENABLED
01-01 18:04:55.656 D/CompatibilityChangeReporter( 1375): Compat change id reported: 143937733; UID 10075; state: ENABLED
01-01 18:04:55.679 D/Zygote  (  785): Forked child process 17705
01-01 18:04:55.681 I/ActivityManager( 1375): Start proc 17705:com.samsung.android.rubin.app/u0a75 for broadcast {com.samsung.android.rubin.app/com.samsung.android.rubin.controller.KeepAliveService$AlarmBroadcastReceiver}
01-01 18:04:55.696 I/TRuntime.CctTransportBackend(16852): Making request to: https://crashlyticsreports-pa.googleapis.com/v1/firelog/legacy/batchlog
01-01 18:04:55.717 I/droid.rubin.app(17705): Using CollectorTypeCC GC.
01-01 18:04:55.723 E/droid.rubin.app(17705): Not starting debugger since process cannot load the jdwp agent.
01-01 18:04:55.741 D/CompatibilityChangeReporter( 1375): Compat change id reported: 168419799; UID 10075; state: DISABLED
01-01 18:04:55.741 D/CompatibilityChangeReporter( 1375): Compat change id reported: 273564678; UID 10075; state: DISABLED
01-01 18:04:55.755 D/CompatibilityChangeReporter( 1375): Compat change id reported: 265195908; UID 10075; state: ENABLED
01-01 18:04:55.759 D/CompatibilityChangeReporter( 1375): Compat change id reported: 170503758; UID 10075; state: ENABLED
01-01 18:04:55.779 D/NetdEventListenerService( 1375): DNS Requested by 127, 10417, 79
01-01 18:04:55.881 D/VpnManagerService( 1375): Exception: java.lang.NullPointerException: Attempt to invoke interface method 'int com.samsung.android.knox.zt.networktrust.filter.IKnoxNetworkFilterService.getKnoxNwFilterHttpProxyPort(int, java.lang.String)' on a null object reference
01-01 18:04:55.881 D/VpnManagerService( 1375): 	at com.android.server.VpnManagerService.getKnoxNwFilterHttpProxyPort(VpnManagerService.java:1945)
01-01 18:04:55.881 D/VpnManagerService( 1375): 	at android.net.IVpnManager$Stub.onTransact(IVpnManager.java:1075)
01-01 18:04:55.881 D/VpnManagerService( 1375): 	at android.os.Binder.execTransactInternal(Binder.java:1375)
01-01 18:04:55.881 D/VpnManagerService( 1375): 	at android.os.Binder.execTransact(Binder.java:1311)
01-01 18:04:55.917 I/FirebaseApp(17705): Device unlocked: initializing all Firebase APIs for app [DEFAULT]
01-01 18:04:55.923 I/FirebaseInitProvider(17705): FirebaseApp initialization successful
01-01 18:04:55.929 E/audit   (  773): type=1400 audit(1767290695.924:1641401): avc:  denied  { ioctl } for  pid=17705 comm="pool-4-thread-1" path="/data/data/com.samsung.android.rubin.app/databases/com.google.android.datatransport.events" dev="dm-50" ino=8517 ioctlcmd=0xf522 scontext=u:r:platform_app:s0:c512,c768 tcontext=u:object_r:app_data_file:s0:c512,c768 tclass=file permissive=0 SEPF_SM-A145P_12_0001 audit_filtered
01-01 18:04:55.960 D/PackageManager( 1375): setEnabledSetting : userId = 0 packageName = com.samsung.android.rubin.app cmp = androidx.work.impl.background.systemjob.SystemJobService newState = 1 callingPackage = com.samsung.android.rubin.app
01-01 18:04:55.961 D/ApplicationPolicy( 1375): getApplicationStateEnabled : pkg = com.samsung.android.rubin.app userId : 0
01-01 18:04:55.963 D/ApplicationPolicy( 1375): getApplicationComponentState : pkg = com.samsung.android.rubin.app userId : 0
01-01 18:04:55.980 E/audit   (  773): type=1400 audit(1767290695.976:1641402): avc:  denied  { ioctl } for  pid=17705 comm="WM.task-1" path="/data/data/com.samsung.android.rubin.app/no_backup/androidx.work.workdb" dev="dm-50" ino=8521 ioctlcmd=0xf522 scontext=u:r:platform_app:s0:c512,c768 tcontext=u:object_r:app_data_file:s0:c512,c768 tclass=file permissive=0 SEPF_SM-A145P_12_0001 audit_filtered
01-01 18:04:55.988 E/audit   (  773): type=1400 audit(1767290695.984:1641403): avc:  denied  { ioctl } for  pid=17705 comm="droid.rubin.app" path="/data/data/com.samsung.android.rubin.app/databases/config.db" dev="dm-50" ino=8525 ioctlcmd=0xf522 scontext=u:r:platform_app:s0:c512,c768 tcontext=u:object_r:app_data_file:s0:c512,c768 tclass=file permissive=0 SEPF_SM-A145P_12_0001 audit_filtered
01-01 18:04:55.993 E/audit   (  773): type=1400 audit(1767290695.992:1641404): avc:  denied  { ioctl } for  pid=17705 comm="WM.task-1" path="/data/data/com.samsung.android.rubin.app/no_backup/androidx.work.workdb" dev="dm-50" ino=8521 ioctlcmd=0xf522 scontext=u:r:platform_app:s0:c512,c768 tcontext=u:object_r:app_data_file:s0:c512,c768 tclass=file permissive=0 SEPF_SM-A145P_12_0001 audit_filtered
01-01 18:04:55.995 E/audit   (  773): type=1400 audit(1767290695.992:1641405): avc:  denied  { ioctl } for  pid=17705 comm="droid.rubin.app" path="/data/data/com.samsung.android.rubin.app/databases/config.db" dev="dm-50" ino=8525 ioctlcmd=0xf522 scontext=u:r:platform_app:s0:c512,c768 tcontext=u:object_r:app_data_file:s0:c512,c768 tclass=file permissive=0 SEPF_SM-A145P_12_0001 audit_filtered
01-01 18:04:56.000 I/Rubin   (17705): [2] fa.b.c(Unknown Source) : Reusing the existing key
01-01 18:04:56.003 E/audit   (  773): type=1400 audit(1767290696.000:1641406): avc:  denied  { ioctl } for  pid=17705 comm="WM.task-1" path="/data/data/com.samsung.android.rubin.app/no_backup/androidx.work.workdb" dev="dm-50" ino=8521 ioctlcmd=0xf522 scontext=u:r:platform_app:s0:c512,c768 tcontext=u:object_r:app_data_file:s0:c512,c768 tclass=file permissive=0 SEPF_SM-A145P_12_0001 audit_filtered
01-01 18:04:56.007 I/hwcomposer(  799): [HWCDisplay] [Display_0 (type:1)] fps:2.985205,dur:1004.96,max:512.13,min:64.48  
01-01 18:04:56.016 W/keymint_tee(  574): [WRN]begin req PARAMS: A32, BM2, PD64, 
01-01 18:04:56.018 D/android.hardware.security.keymint-service(  574): begin: ret 0
01-01 18:04:56.019 I/keystore2(  573): system/security/keystore2/src/security_level.rs:448 - In create_operation. Success to create IKeystoreOperation. 10075, None
01-01 18:04:56.022 D/android.hardware.security.keymint-service(  574): update: ret 0
01-01 18:04:56.024 D/android.hardware.security.keymint-service(  574): finish: ret 0
01-01 18:04:56.028 E/audit   (  773): type=1400 audit(1767290696.024:1641407): avc:  denied  { ioctl } for  pid=17705 comm="droid.rubin.app" path="/data/data/com.samsung.android.rubin.app/databases/inferenceengine_analytics.db" dev="dm-50" ino=8547 ioctlcmd=0xf522 scontext=u:r:platform_app:s0:c512,c768 tcontext=u:object_r:app_data_file:s0:c512,c768 tclass=file permissive=0 SEPF_SM-A145P_12_0001 audit_filtered
01-01 18:04:56.090 W/FA-Ads  (17705): Disabling data collection. Found google_app_id in strings.xml but Google Analytics for Firebase is missing. Remove this value or add Google Analytics for Firebase to resume data collection.
01-01 18:04:56.101 W/libprocessgroup( 1375): SetCgroup::ExecuteForProcess: failed to open /dev/blkio//cgroup.procs: No such file or directory
01-01 18:04:56.108 D/StatusBarIconController( 1876): ignoring old pipeline callbacks, because the new mobile icons are enabled
01-01 18:04:56.109 W/droid.rubin.app(17705): ClassLoaderContext classpath size mismatch. expected=1, found=0 (DLC[];PCL[base.apk*2108145554]{PCL[/system/framework/org.apache.http.legacy.jar*365604909]#PCL[/system/framework/com.android.media.remotedisplay.jar*2114713712]#PCL[/system/framework/com.android.location.provider.jar*3994156537]#PCL[/system/framework/org.apache.http.legacy.jar*365604909]} | DLC[];PCL[])
01-01 18:04:56.113 I/DynamiteModule(17705): Considering local module com.google.android.gms.ads.dynamite:0 and remote module com.google.android.gms.ads.dynamite:254380203
01-01 18:04:56.114 I/DynamiteModule(17705): Selected remote version of com.google.android.gms.ads.dynamite, version >= 254380203
01-01 18:04:56.115 I/Rubin   (17705): [2] fa.b.c(Unknown Source) : Reusing the existing key
01-01 18:04:56.121 D/CompatibilityChangeReporter( 1375): Compat change id reported: 161145287; UID 10075; state: ENABLED
01-01 18:04:56.122 W/keymint_tee(  574): [WRN]begin req PARAMS: A32, BM2, PD64, 
01-01 18:04:56.123 D/android.hardware.security.keymint-service(  574): begin: ret 0
01-01 18:04:56.124 I/keystore2(  573): system/security/keystore2/src/security_level.rs:448 - In create_operation. Success to create IKeystoreOperation. 10075, None
01-01 18:04:56.126 D/android.hardware.security.keymint-service(  574): update: ret 0
01-01 18:04:56.128 W/System  (17705): ClassLoader referenced unknown path: 
01-01 18:04:56.128 D/android.hardware.security.keymint-service(  574): finish: ret 0
01-01 18:04:56.131 E/audit   (  773): type=1400 audit(1767290696.128:1641408): avc:  denied  { ioctl } for  pid=17705 comm="droid.rubin.app" path="/data/data/com.samsung.android.rubin.app/databases/rubin_access_control.db" dev="dm-50" ino=8531 ioctlcmd=0xf522 scontext=u:r:platform_app:s0:c512,c768 tcontext=u:object_r:app_data_file:s0:c512,c768 tclass=file permissive=0 SEPF_SM-A145P_12_0001 audit_filtered
01-01 18:04:56.193 I/Rubin   (17705): [2] com.samsung.android.rubin.app.RubinApplication.onCreate(Unknown Source) : Runestone process starts
01-01 18:04:56.196 I/Rubin   (17705): [2] s8.d.f(Unknown Source) : current version = 5 upgrade version = 5
01-01 18:04:56.207 I/Rubin   (17705): [2] w9.f.p(Unknown Source) : device rubin state : true -> true
01-01 18:04:56.210 I/Rubin   (17705): [2] q8.c.a(Unknown Source) : active permissions : [CONTACTS, NEARBY_DEVICES, SMS, CALL_LOG, PHYSICAL_ACTIVITY, LOCATION, STORAGE, CALENDAR]
01-01 18:04:56.213 I/Rubin   (17705): [2] aa.h.k(Unknown Source) : Enabling device rubin service
01-01 18:04:56.220 I/Rubin   (17705): [2] aa.d.<init>(Unknown Source) : Blocked module due to counter -> {}
01-01 18:04:56.223 I/Rubin   (17705): [2] hb.b.g(Unknown Source) : init
01-01 18:04:56.226 I/Rubin   (17705): [2] aa.d.<init>(Unknown Source) : Blocked module due to counter -> {}
01-01 18:04:56.226 I/Rubin   (17705): [2] dd.c.<init>(Unknown Source) : AnalyzerHolder - DEVICE
01-01 18:04:56.226 I/Rubin   (17705): [2] dd.e.<init>(Unknown Source) : LoggerHolder - DEVICE
01-01 18:04:56.226 I/Rubin   (17705): [2] hb.c.<init>(Unknown Source) : create DeviceInferenceEngineManager instance
01-01 18:04:56.227 I/Rubin   (17705): [2] dd.c.e(Unknown Source) : initAnalyzers
01-01 18:04:56.227 I/Rubin   (17705): [2] dd.c.f(Unknown Source) : setupAnalyzers
01-01 18:04:56.236 I/Rubin   (17705): [2] dd.a.e(Unknown Source) : setupAnalyzers
01-01 18:04:56.238 I/Rubin   (17705): [2] dd.g.c(Unknown Source) : addAnalyzerDevice
01-01 18:04:56.240 I/Rubin   (17705): [2] fa.b.c(Unknown Source) : Reusing the existing key
01-01 18:04:56.248 W/keymint_tee(  574): [WRN]begin req PARAMS: A32, BM2, PD64, 
01-01 18:04:56.250 D/android.hardware.security.keymint-service(  574): begin: ret 0
01-01 18:04:56.251 I/keystore2(  573): system/security/keystore2/src/security_level.rs:448 - In create_operation. Success to create IKeystoreOperation. 10075, None
01-01 18:04:56.252 D/android.hardware.security.keymint-service(  574): update: ret 0
01-01 18:04:56.254 D/android.hardware.security.keymint-service(  574): finish: ret 0
01-01 18:04:56.272 D/io_stats(  543): !@ 179,0 r 37688809 533078746 w 5948114 67452412 d 892653 66632540 f 0 0 iot 9689104 0 th 0 0 0 pt 0 inp 0 0 250657.863
01-01 18:04:56.296 I/thermal_repeater( 1028): socket -1
01-01 18:04:56.304 I/Rubin   (17705): [2] dd.a.e(Unknown Source) : setupAnalyzers
01-01 18:04:56.305 I/Rubin   (17705): [2] dd.f.c(Unknown Source) : addAnalyzerDevice
01-01 18:04:56.307 I/Rubin   (17705): [2] fa.b.c(Unknown Source) : Reusing the existing key
01-01 18:04:56.319 W/keymint_tee(  574): [WRN]begin req PARAMS: A32, BM2, PD64, 
01-01 18:04:56.320 D/android.hardware.security.keymint-service(  574): begin: ret 0
01-01 18:04:56.321 I/keystore2(  573): system/security/keystore2/src/security_level.rs:448 - In create_operation. Success to create IKeystoreOperation. 10075, None
01-01 18:04:56.322 D/android.hardware.security.keymint-service(  574): update: ret 0
01-01 18:04:56.324 D/android.hardware.security.keymint-service(  574): finish: ret 0
01-01 18:04:56.379 I/Rubin   (17705): [2] q8.c.a(Unknown Source) : active permissions : [CONTACTS, NEARBY_DEVICES, SMS, CALL_LOG, PHYSICAL_ACTIVITY, LOCATION, STORAGE, CALENDAR]
01-01 18:04:56.380 I/Rubin   (17705): [2] dd.a.e(Unknown Source) : setupAnalyzers
01-01 18:04:56.381 I/Rubin   (17705): [2] dd.h.c(Unknown Source) : addAnalyzerDevice
01-01 18:04:56.383 I/Rubin   (17705): [2] nb.b.init(Unknown Source) : init
01-01 18:04:56.383 I/Rubin   (17705): [2] com.samsung.android.rubin.inferenceengine.contextanalytics.engine.analyzers.momentanalysis.SleepPatternAnalyzer.init(Unknown Source) : init
01-01 18:04:56.386 I/Rubin   (17705): [2] com.samsung.android.rubin.inferenceengine.contextanalytics.engine.monitors.moment.SleepTimeEventMonitor.init(Unknown Source) : init
01-01 18:04:56.387 I/Rubin   (17705): [2] com.samsung.android.rubin.inferenceengine.contextanalytics.engine.monitors.moment.WakeupEventMonitor.init(Unknown Source) : init
01-01 18:04:56.387 I/Rubin   (17705): [2] com.samsung.android.rubin.smombie.monitor.SmombieEventMonitor.init(Unknown Source) : init
01-01 18:04:56.387 I/Rubin   (17705): [2] com.samsung.android.rubin.inferenceengine.contextanalytics.engine.monitors.tpoevent.TpoAnalyzer.init(Unknown Source) : init
01-01 18:04:56.387 I/Rubin   (17705): [2] dd.e.h(Unknown Source) : initDataLoggers
01-01 18:04:56.388 I/Rubin   (17705): [2] dd.e.i(Unknown Source) : setupDataLoggers
01-01 18:04:56.388 I/Rubin   (17705): [2] dd.e.d(Unknown Source) : addDeviceDataLogger
01-01 18:04:56.390 I/Rubin   (17705): [2] com.samsung.android.rubin.inferenceengine.contextanalytics.engine.loggers.AppUsageLogger.init(Unknown Source) : initLoggers
01-01 18:04:56.390 I/Rubin   (17705): [2] com.samsung.android.rubin.inferenceengine.contextanalytics.engine.loggers.ScreenStateLogger.init(Unknown Source) : initLoggers
01-01 18:04:56.390 I/Rubin   (17705): [2] hb.b.j(Unknown Source) : start
01-01 18:04:56.390 I/Rubin   (17705): [2] dd.c.g(Unknown Source) : start
01-01 18:04:56.391 I/Rubin   (17705): [2] q8.c.a(Unknown Source) : active permissions : [CONTACTS, NEARBY_DEVICES, SMS, CALL_LOG, PHYSICAL_ACTIVITY, LOCATION, STORAGE, CALENDAR]
01-01 18:04:56.392 I/Rubin   (17705): [2] k9.b.a(Unknown Source) : active china permissions : []
01-01 18:04:56.392 I/Rubin   (17705): [2] nb.b.start(Unknown Source) : start
01-01 18:04:56.395 I/Rubin   (17705): [2] com.samsung.android.rubin.inferenceengine.contextanalytics.engine.analyzers.momentanalysis.SleepPatternAnalyzer.start(Unknown Source) : start
01-01 18:04:56.396 I/Rubin   (17705): [2] com.samsung.android.rubin.inferenceengine.contextanalytics.engine.monitors.moment.SleepTimeEventMonitor.start(Unknown Source) : start
01-01 18:04:56.400 I/Rubin   (17705): [449] qc.c.i(Unknown Source) : Gear state receiver unregistered!!
01-01 18:04:56.400 I/Rubin   (17705): [2] com.samsung.android.rubin.inferenceengine.contextanalytics.engine.monitors.moment.WakeupEventMonitor.start(Unknown Source) : start
01-01 18:04:56.403 W/Rubin   (17705): [449] com.samsung.android.rubin.inferenceengine.contextanalytics.engine.monitors.moment.SleepTimeEventMonitor.unregisterScreenBroadcastReceiver(Unknown Source) : Receiver not registered: com.samsung.android.rubin.inferenceengine.contextanalytics.engine.monitors.moment.SleepTimeEventMonitor$b@63ab6e1
01-01 18:04:56.404 I/Rubin   (17705): [2] ch.i.q(Unknown Source) : Walking enabled by policy ? true
01-01 18:04:56.404 I/Rubin   (17705): [2] ch.i.E(Unknown Source) : stopActivityEventDetection - updates currently active ?false
01-01 18:04:56.406 W/Rubin   (17705): [449] com.samsung.android.rubin.inferenceengine.contextanalytics.engine.monitors.moment.SleepTimeEventMonitor.unregisterScreenBroadcastReceiver(Unknown Source) : Receiver not registered: com.samsung.android.rubin.inferenceengine.contextanalytics.engine.monitors.moment.SleepTimeEventMonitor$b@63ab6e1
01-01 18:04:56.407 I/Rubin   (17705): [2] ch.i.E(Unknown Source) : stopActivityEventDetection issued taskf6.h0@84ae01d success ? false
01-01 18:04:56.409 I/Rubin   (17705): [2] ch.i.m(Unknown Source) : Rubin Walking Enable Condition Failed
01-01 18:04:56.409 I/Rubin   (17705): [2] com.samsung.android.rubin.inferenceengine.contextanalytics.engine.monitors.tpoevent.TpoAnalyzer.start(Unknown Source) : start
01-01 18:04:56.409 W/Rubin   (17705): [449] com.samsung.android.rubin.inferenceengine.contextanalytics.engine.monitors.moment.SleepTimeEventMonitor.unregisterScreenBroadcastReceiver(Unknown Source) : Receiver not registered: com.samsung.android.rubin.inferenceengine.contextanalytics.engine.monitors.moment.SleepTimeEventMonitor$b@63ab6e1
01-01 18:04:56.410 D/CompatibilityChangeReporter( 1375): Compat change id reported: 261072174; UID 10075; state: ENABLED
01-01 18:04:56.410 I/Rubin   (17705): [2] dd.e.j(Unknown Source) : start
