01-05 19:34:28.099   766   766 E audit   : type=1400 audit(1767641668.096:2640004): avc:  denied  { read } for  pid=1199 comm="fingerprint@2.1" name="u:object_r:default_prop:s0" dev="tmpfs" ino=7325 scontext=u:r:hal_fingerprint_default:s0 tcontext=u:object_r:default_prop:s0 tclass=file permissive=0 SEPF_SM-A145P_12_0001 audit_filtered
01-05 19:34:28.099   766   766 E audit   : type=1400 audit(1767641668.096:2640005): avc:  denied  { read } for  pid=1199 comm="fingerprint@2.1" name="u:object_r:default_prop:s0" dev="tmpfs" ino=7325 scontext=u:r:hal_fingerprint_default:s0 tcontext=u:object_r:default_prop:s0 tclass=file permissive=0 SEPF_SM-A145P_12_0001 audit_filtered
01-05 19:34:28.221   792   792 E android.hardware.health@2.1-service-samsung: ISehThermal::getService() fail
01-05 19:34:28.235   766   766 E audit   : type=1400 audit(1767641668.232:2640006): avc:  denied  { read } for  pid=1199 comm="fingerprint@2.1" name="u:object_r:default_prop:s0" dev="tmpfs" ino=7325 scontext=u:r:hal_fingerprint_default:s0 tcontext=u:object_r:default_prop:s0 tclass=file permissive=0 SEPF_SM-A145P_12_0001 audit_filtered
01-05 19:34:28.296  1878  3286 E SecPowerUI.Notification: no saved value, so we do nothing !!
01-05 19:34:28.321   792   792 E android.hardware.health@2.1-service-samsung: ISehThermal::getService() fail
01-05 19:34:28.405  1878  6063 E SecPowerUI.Notification: no saved value, so we do nothing !!
01-05 19:34:29.089   766   766 E audit   : type=1400 audit(1767641669.088:2640018): avc:  denied  { read } for  pid=1199 comm="fingerprint@2.1" name="u:object_r:default_prop:s0" dev="tmpfs" ino=7325 scontext=u:r:hal_fingerprint_default:s0 tcontext=u:object_r:default_prop:s0 tclass=file permissive=0 SEPF_SM-A145P_12_0001 audit_filtered
01-05 19:34:29.089   766   766 E audit   : type=1400 audit(1767641669.088:2640019): avc:  denied  { read } for  pid=1199 comm="fingerprint@2.1" name="u:object_r:default_prop:s0" dev="tmpfs" ino=7325 scontext=u:r:hal_fingerprint_default:s0 tcontext=u:object_r:default_prop:s0 tclass=file permissive=0 SEPF_SM-A145P_12_0001 audit_filtered
01-05 19:34:29.223   766   766 E audit   : type=1400 audit(1767641669.220:2640020): avc:  denied  { read } for  pid=1199 comm="fingerprint@2.1" name="u:object_r:default_prop:s0" dev="tmpfs" ino=7325 scontext=u:r:hal_fingerprint_default:s0 tcontext=u:object_r:default_prop:s0 tclass=file permissive=0 SEPF_SM-A145P_12_0001 audit_filtered
01-05 19:34:29.223   766   766 E audit   : type=1400 audit(1767641669.220:2640021): avc:  denied  { read } for  pid=1199 comm="fingerprint@2.1" name="u:object_r:default_prop:s0" dev="tmpfs" ino=7325 scontext=u:r:hal_fingerprint_default:s0 tcontext=u:object_r:default_prop:s0 tclass=file permissive=0 SEPF_SM-A145P_12_0001 audit_filtered
01-05 19:34:29.362   766   766 E audit   : type=1400 audit(1767641669.360:2640022): avc:  denied  { read } for  pid=1199 comm="fingerprint@2.1" name="u:object_r:default_prop:s0" dev="tmpfs" ino=7325 scontext=u:r:hal_fingerprint_default:s0 tcontext=u:object_r:default_prop:s0 tclass=file permissive=0 SEPF_SM-A145P_12_0001 audit_filtered
01-05 19:34:30.093   766   766 E audit   : type=1400 audit(1767641670.092:2640033): avc:  denied  { read } for  pid=1199 comm="fingerprint@2.1" name="u:object_r:default_prop:s0" dev="tmpfs" ino=7325 scontext=u:r:hal_fingerprint_default:s0 tcontext=u:object_r:default_prop:s0 tclass=file permissive=0 SEPF_SM-A145P_12_0001 audit_filtered
01-05 19:34:30.093   766   766 E audit   : type=1400 audit(1767641670.092:2640034): avc:  denied  { read } for  pid=1199 comm="fingerprint@2.1" name="u:object_r:default_prop:s0" dev="tmpfs" ino=7325 scontext=u:r:hal_fingerprint_default:s0 tcontext=u:object_r:default_prop:s0 tclass=file permissive=0 SEPF_SM-A145P_12_0001 audit_filtered
01-05 19:34:30.241   766   766 E audit   : type=1400 audit(1767641670.240:2640035): avc:  denied  { read } for  pid=1199 comm="fingerprint@2.1" name="u:object_r:default_prop:s0" dev="tmpfs" ino=7325 scontext=u:r:hal_fingerprint_default:s0 tcontext=u:object_r:default_prop:s0 tclass=file permissive=0 SEPF_SM-A145P_12_0001 audit_filtered
01-05 19:34:30.241   766   766 E audit   : type=1400 audit(1767641670.240:2640036): avc:  denied  { read } for  pid=1199 comm="fingerprint@2.1" name="u:object_r:default_prop:s0" dev="tmpfs" ino=7325 scontext=u:r:hal_fingerprint_default:s0 tcontext=u:object_r:default_prop:s0 tclass=file permissive=0 SEPF_SM-A145P_12_0001 audit_filtered
01-05 19:34:30.392   766   766 E audit   : type=1400 audit(1767641670.392:2640037): avc:  denied  { read } for  pid=1199 comm="fingerprint@2.1" name="u:object_r:default_prop:s0" dev="tmpfs" ino=7325 scontext=u:r:hal_fingerprint_default:s0 tcontext=u:object_r:default_prop:s0 tclass=file permissive=0 SEPF_SM-A145P_12_0001 audit_filtered
01-05 19:34:31.118   766   766 E audit   : type=1400 audit(1767641671.116:2640047): avc:  denied  { read } for  pid=1199 comm="fingerprint@2.1" name="u:object_r:default_prop:s0" dev="tmpfs" ino=7325 scontext=u:r:hal_fingerprint_default:s0 tcontext=u:object_r:default_prop:s0 tclass=file permissive=0 SEPF_SM-A145P_12_0001 audit_filtered
01-05 19:34:31.118   766   766 E audit   : type=1400 audit(1767641671.116:2640048): avc:  denied  { read } for  pid=1199 comm="fingerprint@2.1" name="u:object_r:default_prop:s0" dev="tmpfs" ino=7325 scontext=u:r:hal_fingerprint_default:s0 tcontext=u:object_r:default_prop:s0 tclass=file permissive=0 SEPF_SM-A145P_12_0001 audit_filtered
01-05 19:34:31.253   766   766 E audit   : type=1400 audit(1767641671.252:2640049): avc:  denied  { read } for  pid=1199 comm="fingerprint@2.1" name="u:object_r:default_prop:s0" dev="tmpfs" ino=7325 scontext=u:r:hal_fingerprint_default:s0 tcontext=u:object_r:default_prop:s0 tclass=file permissive=0 SEPF_SM-A145P_12_0001 audit_filtered
01-05 19:34:31.253   766   766 E audit   : type=1400 audit(1767641671.252:2640050): avc:  denied  { read } for  pid=1199 comm="fingerprint@2.1" name="u:object_r:default_prop:s0" dev="tmpfs" ino=7325 scontext=u:r:hal_fingerprint_default:s0 tcontext=u:object_r:default_prop:s0 tclass=file permissive=0 SEPF_SM-A145P_12_0001 audit_filtered
01-05 19:34:31.389   766   766 E audit   : type=1400 audit(1767641671.388:2640051): avc:  denied  { read } for  pid=1199 comm="fingerprint@2.1" name="u:object_r:default_prop:s0" dev="tmpfs" ino=7325 scontext=u:r:hal_fingerprint_default:s0 tcontext=u:object_r:default_prop:s0 tclass=file permissive=0 SEPF_SM-A145P_12_0001 audit_filtered
01-05 19:34:31.565 22326 22383 E msys    : E[N WCIHTTPImplNetworkSession]WCIHTTPTaskImplCreateRegular(556)=>[I] http/task/regular/create/start
01-05 19:34:31.565 22326 22383 E msys    : E[N WCIHTTPImplNetworkSession]WCIHTTPTaskImplCreateRegular(591)=>[I] http/task/regular/create/execute
01-05 19:34:31.565 22326 22383 E msys    : E[N WCIHTTPImplNetworkSession]WCIHTTPTaskImplCreateRegular(614)=>[I] http/task/regular/create/success
01-05 19:34:32.088  1371  1371 E NotificationService: Package enqueue rate is 5.785263. Shedding 0|com.whatsapp|1|5LKP4H1tgd1bASI23IVPyrMHbacU4phRqCQ75XwE4hQ=
01-05 19:34:32.088  1371  1371 E NotificationService: |10351. package=com.whatsapp
01-05 19:34:32.101  1371  2072 E NotificationService: Package enqueue rate is 5.6995325. Shedding 0|com.whatsapp|1|/qbJHPylFpGQLkVzdd8b77Je3terIAvtuVH8Yv7iNPg=
01-05 19:34:32.101  1371  2072 E NotificationService: |10351. package=com.whatsapp
01-05 19:34:32.121   834   894 E RenderEngine: updatePQFlag: get gralloc GRALLOC_EXTRA_GET_AI_PQ_INFO fail, return
01-05 19:34:32.123   834   894 E RenderEngine: updatePQFlag: get gralloc GRALLOC_EXTRA_GET_AI_PQ_INFO fail, return
01-05 19:34:32.130  1371  2011 E NotificationService: Package enqueue rate is 5.523245. Shedding 0|com.whatsapp|1|K7zaLxWjI+RuGmrUecq8XVsSVwxnfpfc27pjf3XAJyc=
01-05 19:34:32.130  1371  2011 E NotificationService: |10351. package=com.whatsapp
01-05 19:34:32.145  1371  2011 E NotificationService: Package enqueue rate is 5.433218. Shedding 0|com.whatsapp|1|null|10351. package=com.whatsapp
01-05 19:34:32.169   834  1439 E BufferQueueDebug: [NotificationShade$_1878#32078](this:0xb400007d3a99c790,id:-1,api:0,p:-1,c:-1) id info cannot be read from 'NotificationShade$_1878#32078'
01-05 19:34:32.173   834   880 E BufferQueueDebug: [Surface(name=9634540 NavigationBar0)/@0x14152ee - animation-leash of insets_animation#32079](this:0xb400007d3a86c790,id:-1,api:0,p:-1,c:-1) id info cannot be read from 'Surface(name=9634540 NavigationBar0)/@0x14152ee - animation-leash of insets_animation#32079'
01-05 19:34:32.175   834  1439 E BufferQueueDebug: [Surface(name=5fd348f StatusBar)/@0x1509225 - animation-leash of insets_animation#32080](this:0xb400007d3a9c0790,id:-1,api:0,p:-1,c:-1) id info cannot be read from 'Surface(name=5fd348f StatusBar)/@0x1509225 - animation-leash of insets_animation#32080'
01-05 19:34:32.202   766   766 E audit   : type=1400 audit(1767641672.200:2640063): avc:  denied  { read } for  pid=1199 comm="fingerprint@2.1" name="u:object_r:default_prop:s0" dev="tmpfs" ino=7325 scontext=u:r:hal_fingerprint_default:s0 tcontext=u:object_r:default_prop:s0 tclass=file permissive=0 SEPF_SM-A145P_12_0001 audit_filtered
01-05 19:34:32.202   766   766 E audit   : type=1400 audit(1767641672.200:2640064): avc:  denied  { read } for  pid=1199 comm="fingerprint@2.1" name="u:object_r:default_prop:s0" dev="tmpfs" ino=7325 scontext=u:r:hal_fingerprint_default:s0 tcontext=u:object_r:default_prop:s0 tclass=file permissive=0 SEPF_SM-A145P_12_0001 audit_filtered
01-05 19:34:32.337   766   766 E audit   : type=1400 audit(1767641672.336:2640065): avc:  denied  { read } for  pid=1199 comm="fingerprint@2.1" name="u:object_r:default_prop:s0" dev="tmpfs" ino=7325 scontext=u:r:hal_fingerprint_default:s0 tcontext=u:object_r:default_prop:s0 tclass=file permissive=0 SEPF_SM-A145P_12_0001 audit_filtered
01-05 19:34:32.337   766   766 E audit   : type=1400 audit(1767641672.336:2640066): avc:  denied  { read } for  pid=1199 comm="fingerprint@2.1" name="u:object_r:default_prop:s0" dev="tmpfs" ino=7325 scontext=u:r:hal_fingerprint_default:s0 tcontext=u:object_r:default_prop:s0 tclass=file permissive=0 SEPF_SM-A145P_12_0001 audit_filtered
01-05 19:34:32.468   766   766 E audit   : type=1400 audit(1767641672.468:2640067): avc:  denied  { read } for  pid=1199 comm="fingerprint@2.1" name="u:object_r:default_prop:s0" dev="tmpfs" ino=7325 scontext=u:r:hal_fingerprint_default:s0 tcontext=u:object_r:default_prop:s0 tclass=file permissive=0 SEPF_SM-A145P_12_0001 audit_filtered
01-05 19:34:32.659 22326 24514 E DatabaseUtils: Writing exception to parcel
01-05 19:34:32.659 22326 24514 E DatabaseUtils: java.lang.SecurityException: Permission Denial: reading com.whatsapp.media.contentprovider.MediaProvider uri content://com.whatsapp.provider.media/item/19b9acf3-6cba-4661-a34d-b6ad10f6af22 from pid=1878, uid=10046 requires the provider be exported, or grantUriPermission()
01-05 19:34:32.659 22326 24514 E DatabaseUtils: 	at android.content.ContentProvider.enforceReadPermissionInner(ContentProvider.java:1055)
01-05 19:34:32.659 22326 24514 E DatabaseUtils: 	at android.content.ContentProvider.semEnforceReadPermission(ContentProvider.java:973)
01-05 19:34:32.659 22326 24514 E DatabaseUtils: 	at android.content.ContentProvider$Transport.enforceReadPermission(ContentProvider.java:818)
01-05 19:34:32.659 22326 24514 E DatabaseUtils: 	at android.content.ContentProvider$Transport.enforceFilePermission(ContentProvider.java:808)
01-05 19:34:32.659 22326 24514 E DatabaseUtils: 	at android.content.ContentProvider$Transport.openTypedAssetFile(ContentProvider.java:667)
01-05 19:34:32.659 22326 24514 E DatabaseUtils: 	at android.content.ContentProviderNative.onTransact(ContentProviderNative.java:341)
01-05 19:34:32.659 22326 24514 E DatabaseUtils: 	at android.os.Binder.execTransactInternal(Binder.java:1375)
01-05 19:34:32.659 22326 24514 E DatabaseUtils: 	at android.os.Binder.execTransact(Binder.java:1311)
01-05 19:34:32.912 22326 22539 E DatabaseUtils: Writing exception to parcel
01-05 19:34:32.912 22326 22539 E DatabaseUtils: java.lang.SecurityException: Permission Denial: reading com.whatsapp.media.contentprovider.MediaProvider uri content://com.whatsapp.provider.media/item/25318000-001b-43e4-9abb-61981456e3a9 from pid=1878, uid=10046 requires the provider be exported, or grantUriPermission()
01-05 19:34:32.912 22326 22539 E DatabaseUtils: 	at android.content.ContentProvider.enforceReadPermissionInner(ContentProvider.java:1055)
01-05 19:34:32.912 22326 22539 E DatabaseUtils: 	at android.content.ContentProvider.semEnforceReadPermission(ContentProvider.java:973)
01-05 19:34:32.912 22326 22539 E DatabaseUtils: 	at android.content.ContentProvider$Transport.enforceReadPermission(ContentProvider.java:818)
01-05 19:34:32.912 22326 22539 E DatabaseUtils: 	at android.content.ContentProvider$Transport.enforceFilePermission(ContentProvider.java:808)
01-05 19:34:32.912 22326 22539 E DatabaseUtils: 	at android.content.ContentProvider$Transport.openTypedAssetFile(ContentProvider.java:667)
01-05 19:34:32.912 22326 22539 E DatabaseUtils: 	at android.content.ContentProviderNative.onTransact(ContentProviderNative.java:341)
01-05 19:34:32.912 22326 22539 E DatabaseUtils: 	at android.os.Binder.execTransactInternal(Binder.java:1375)
01-05 19:34:32.912 22326 22539 E DatabaseUtils: 	at android.os.Binder.execTransact(Binder.java:1311)
01-05 19:34:33.324   766   766 E audit   : type=1400 audit(1767641673.320:2640079): avc:  denied  { read } for  pid=1199 comm="fingerprint@2.1" name="u:object_r:default_prop:s0" dev="tmpfs" ino=7325 scontext=u:r:hal_fingerprint_default:s0 tcontext=u:object_r:default_prop:s0 tclass=file permissive=0 SEPF_SM-A145P_12_0001 audit_filtered
01-05 19:34:33.324   766   766 E audit   : type=1400 audit(1767641673.324:2640080): avc:  denied  { read } for  pid=1199 comm="fingerprint@2.1" name="u:object_r:default_prop:s0" dev="tmpfs" ino=7325 scontext=u:r:hal_fingerprint_default:s0 tcontext=u:object_r:default_prop:s0 tclass=file permissive=0 SEPF_SM-A145P_12_0001 audit_filtered
01-05 19:34:33.467   766   766 E audit   : type=1400 audit(1767641673.464:2640081): avc:  denied  { read } for  pid=1199 comm="fingerprint@2.1" name="u:object_r:default_prop:s0" dev="tmpfs" ino=7325 scontext=u:r:hal_fingerprint_default:s0 tcontext=u:object_r:default_prop:s0 tclass=file permissive=0 SEPF_SM-A145P_12_0001 audit_filtered
01-05 19:34:33.468   766   766 E audit   : type=1400 audit(1767641673.464:2640082): avc:  denied  { read } for  pid=1199 comm="fingerprint@2.1" name="u:object_r:default_prop:s0" dev="tmpfs" ino=7325 scontext=u:r:hal_fingerprint_default:s0 tcontext=u:object_r:default_prop:s0 tclass=file permissive=0 SEPF_SM-A145P_12_0001 audit_filtered
01-05 19:34:33.489   829   840 E perfmond: [PERFMOND][BOTTLENECK_HINT]  HINT ON  WIN=0 AVG=0 JANK=3
01-05 19:34:33.492   829   840 E PerfHint: REPORT_BOTTLENECK_HINT_TRANSACTION :: name = perfmond
01-05 19:34:33.600   766   766 E audit   : type=1400 audit(1767641673.596:2640083): avc:  denied  { read } for  pid=1199 comm="fingerprint@2.1" name="u:object_r:default_prop:s0" dev="tmpfs" ino=7325 scontext=u:r:hal_fingerprint_default:s0 tcontext=u:object_r:default_prop:s0 tclass=file permissive=0 SEPF_SM-A145P_12_0001 audit_filtered
01-05 19:34:33.889  4512  4512 E android.dqagent: Not starting debugger since process cannot load the jdwp agent.
01-05 19:34:34.464   766   766 E audit   : type=1400 audit(1767641674.460:2640096): avc:  denied  { read } for  pid=1199 comm="fingerprint@2.1" name="u:object_r:default_prop:s0" dev="tmpfs" ino=7325 scontext=u:r:hal_fingerprint_default:s0 tcontext=u:object_r:default_prop:s0 tclass=file permissive=0 SEPF_SM-A145P_12_0001 audit_filtered
01-05 19:34:34.464   766   766 E audit   : type=1400 audit(1767641674.464:2640097): avc:  denied  { read } for  pid=1199 comm="fingerprint@2.1" name="u:object_r:default_prop:s0" dev="tmpfs" ino=7325 scontext=u:r:hal_fingerprint_default:s0 tcontext=u:object_r:default_prop:s0 tclass=file permissive=0 SEPF_SM-A145P_12_0001 audit_filtered
01-05 19:34:34.497   829   841 E PerfHint: PerfHint release
01-05 19:34:34.497   829   841 E perfmond: [PERFMOND][BOTTLENECK_HINT]  HINT OFF  WIN=0 AVG=0
01-05 19:34:34.612   766   766 E audit   : type=1400 audit(1767641674.608:2640098): avc:  denied  { read } for  pid=1199 comm="fingerprint@2.1" name="u:object_r:default_prop:s0" dev="tmpfs" ino=7325 scontext=u:r:hal_fingerprint_default:s0 tcontext=u:object_r:default_prop:s0 tclass=file permissive=0 SEPF_SM-A145P_12_0001 audit_filtered
01-05 19:34:34.612   766   766 E audit   : type=1400 audit(1767641674.612:2640099): avc:  denied  { read } for  pid=1199 comm="fingerprint@2.1" name="u:object_r:default_prop:s0" dev="tmpfs" ino=7325 scontext=u:r:hal_fingerprint_default:s0 tcontext=u:object_r:default_prop:s0 tclass=file permissive=0 SEPF_SM-A145P_12_0001 audit_filtered
01-05 19:34:34.765   766   766 E audit   : type=1400 audit(1767641674.764:2640100): avc:  denied  { read } for  pid=1199 comm="fingerprint@2.1" name="u:object_r:default_prop:s0" dev="tmpfs" ino=7325 scontext=u:r:hal_fingerprint_default:s0 tcontext=u:object_r:default_prop:s0 tclass=file permissive=0 SEPF_SM-A145P_12_0001 audit_filtered
01-05 19:34:35.588   766   766 E audit   : type=1400 audit(1767641675.588:2640110): avc:  denied  { read } for  pid=1199 comm="fingerprint@2.1" name="u:object_r:default_prop:s0" dev="tmpfs" ino=7325 scontext=u:r:hal_fingerprint_default:s0 tcontext=u:object_r:default_prop:s0 tclass=file permissive=0 SEPF_SM-A145P_12_0001 audit_filtered
01-05 19:34:35.589   766   766 E audit   : type=1400 audit(1767641675.588:2640111): avc:  denied  { read } for  pid=1199 comm="fingerprint@2.1" name="u:object_r:default_prop:s0" dev="tmpfs" ino=7325 scontext=u:r:hal_fingerprint_default:s0 tcontext=u:object_r:default_prop:s0 tclass=file permissive=0 SEPF_SM-A145P_12_0001 audit_filtered
01-05 19:34:35.755   766   766 E audit   : type=1400 audit(1767641675.752:2640112): avc:  denied  { read } for  pid=1199 comm="fingerprint@2.1" name="u:object_r:default_prop:s0" dev="tmpfs" ino=7325 scontext=u:r:hal_fingerprint_default:s0 tcontext=u:object_r:default_prop:s0 tclass=file permissive=0 SEPF_SM-A145P_12_0001 audit_filtered
01-05 19:34:35.756   766   766 E audit   : type=1400 audit(1767641675.752:2640113): avc:  denied  { read } for  pid=1199 comm="fingerprint@2.1" name="u:object_r:default_prop:s0" dev="tmpfs" ino=7325 scontext=u:r:hal_fingerprint_default:s0 tcontext=u:object_r:default_prop:s0 tclass=file permissive=0 SEPF_SM-A145P_12_0001 audit_filtered
01-05 19:34:35.919   766   766 E audit   : type=1400 audit(1767641675.916:2640114): avc:  denied  { read } for  pid=1199 comm="fingerprint@2.1" name="u:object_r:default_prop:s0" dev="tmpfs" ino=7325 scontext=u:r:hal_fingerprint_default:s0 tcontext=u:object_r:default_prop:s0 tclass=file permissive=0 SEPF_SM-A145P_12_0001 audit_filtered
01-05 19:34:36.669   766   766 E audit   : type=1400 audit(1767641676.668:2640124): avc:  denied  { read } for  pid=1199 comm="fingerprint@2.1" name="u:object_r:default_prop:s0" dev="tmpfs" ino=7325 scontext=u:r:hal_fingerprint_default:s0 tcontext=u:object_r:default_prop:s0 tclass=file permissive=0 SEPF_SM-A145P_12_0001 audit_filtered
01-05 19:34:36.669   766   766 E audit   : type=1400 audit(1767641676.668:2640125): avc:  denied  { read } for  pid=1199 comm="fingerprint@2.1" name="u:object_r:default_prop:s0" dev="tmpfs" ino=7325 scontext=u:r:hal_fingerprint_default:s0 tcontext=u:object_r:default_prop:s0 tclass=file permissive=0 SEPF_SM-A145P_12_0001 audit_filtered
01-05 19:34:36.829   766   766 E audit   : type=1400 audit(1767641676.828:2640126): avc:  denied  { read } for  pid=1199 comm="fingerprint@2.1" name="u:object_r:default_prop:s0" dev="tmpfs" ino=7325 scontext=u:r:hal_fingerprint_default:s0 tcontext=u:object_r:default_prop:s0 tclass=file permissive=0 SEPF_SM-A145P_12_0001 audit_filtered
01-05 19:34:36.829   766   766 E audit   : type=1400 audit(1767641676.828:2640127): avc:  denied  { read } for  pid=1199 comm="fingerprint@2.1" name="u:object_r:default_prop:s0" dev="tmpfs" ino=7325 scontext=u:r:hal_fingerprint_default:s0 tcontext=u:object_r:default_prop:s0 tclass=file permissive=0 SEPF_SM-A145P_12_0001 audit_filtered
01-05 19:34:36.969   766   766 E audit   : type=1400 audit(1767641676.968:2640128): avc:  denied  { read } for  pid=1199 comm="fingerprint@2.1" name="u:object_r:default_prop:s0" dev="tmpfs" ino=7325 scontext=u:r:hal_fingerprint_default:s0 tcontext=u:object_r:default_prop:s0 tclass=file permissive=0 SEPF_SM-A145P_12_0001 audit_filtered
01-05 19:34:37.685   766   766 E audit   : type=1400 audit(1767641677.684:2640138): avc:  denied  { read } for  pid=1199 comm="fingerprint@2.1" name="u:object_r:default_prop:s0" dev="tmpfs" ino=7325 scontext=u:r:hal_fingerprint_default:s0 tcontext=u:object_r:default_prop:s0 tclass=file permissive=0 SEPF_SM-A145P_12_0001 audit_filtered
01-05 19:34:37.685   766   766 E audit   : type=1400 audit(1767641677.684:2640139): avc:  denied  { read } for  pid=1199 comm="fingerprint@2.1" name="u:object_r:default_prop:s0" dev="tmpfs" ino=7325 scontext=u:r:hal_fingerprint_default:s0 tcontext=u:object_r:default_prop:s0 tclass=file permissive=0 SEPF_SM-A145P_12_0001 audit_filtered
01-05 19:34:37.823   766   766 E audit   : type=1400 audit(1767641677.820:2640140): avc:  denied  { read } for  pid=1199 comm="fingerprint@2.1" name="u:object_r:default_prop:s0" dev="tmpfs" ino=7325 scontext=u:r:hal_fingerprint_default:s0 tcontext=u:object_r:default_prop:s0 tclass=file permissive=0 SEPF_SM-A145P_12_0001 audit_filtered
01-05 19:34:37.823   766   766 E audit   : type=1400 audit(1767641677.820:2640141): avc:  denied  { read } for  pid=1199 comm="fingerprint@2.1" name="u:object_r:default_prop:s0" dev="tmpfs" ino=7325 scontext=u:r:hal_fingerprint_default:s0 tcontext=u:object_r:default_prop:s0 tclass=file permissive=0 SEPF_SM-A145P_12_0001 audit_filtered
01-05 19:34:37.987   766   766 E audit   : type=1400 audit(1767641677.984:2640142): avc:  denied  { read } for  pid=1199 comm="fingerprint@2.1" name="u:object_r:default_prop:s0" dev="tmpfs" ino=7325 scontext=u:r:hal_fingerprint_default:s0 tcontext=u:object_r:default_prop:s0 tclass=file permissive=0 SEPF_SM-A145P_12_0001 audit_filtered
01-05 19:34:38.735   766   766 E audit   : type=1400 audit(1767641678.732:2640152): avc:  denied  { read } for  pid=1199 comm="fingerprint@2.1" name="u:object_r:default_prop:s0" dev="tmpfs" ino=7325 scontext=u:r:hal_fingerprint_default:s0 tcontext=u:object_r:default_prop:s0 tclass=file permissive=0 SEPF_SM-A145P_12_0001 audit_filtered
01-05 19:34:38.735   766   766 E audit   : type=1400 audit(1767641678.732:2640153): avc:  denied  { read } for  pid=1199 comm="fingerprint@2.1" name="u:object_r:default_prop:s0" dev="tmpfs" ino=7325 scontext=u:r:hal_fingerprint_default:s0 tcontext=u:object_r:default_prop:s0 tclass=file permissive=0 SEPF_SM-A145P_12_0001 audit_filtered
01-05 19:34:38.874   766   766 E audit   : type=1400 audit(1767641678.872:2640154): avc:  denied  { read } for  pid=1199 comm="fingerprint@2.1" name="u:object_r:default_prop:s0" dev="tmpfs" ino=7325 scontext=u:r:hal_fingerprint_default:s0 tcontext=u:object_r:default_prop:s0 tclass=file permissive=0 SEPF_SM-A145P_12_0001 audit_filtered
01-05 19:34:38.874   766   766 E audit   : type=1400 audit(1767641678.872:2640155): avc:  denied  { read } for  pid=1199 comm="fingerprint@2.1" name="u:object_r:default_prop:s0" dev="tmpfs" ino=7325 scontext=u:r:hal_fingerprint_default:s0 tcontext=u:object_r:default_prop:s0 tclass=file permissive=0 SEPF_SM-A145P_12_0001 audit_filtered
01-05 19:34:39.014   766   766 E audit   : type=1400 audit(1767641679.012:2640156): avc:  denied  { read } for  pid=1199 comm="fingerprint@2.1" name="u:object_r:default_prop:s0" dev="tmpfs" ino=7325 scontext=u:r:hal_fingerprint_default:s0 tcontext=u:object_r:default_prop:s0 tclass=file permissive=0 SEPF_SM-A145P_12_0001 audit_filtered
01-05 19:34:39.797   766   766 E audit   : type=1400 audit(1767641679.796:2640166): avc:  denied  { read } for  pid=1199 comm="fingerprint@2.1" name="u:object_r:default_prop:s0" dev="tmpfs" ino=7325 scontext=u:r:hal_fingerprint_default:s0 tcontext=u:object_r:default_prop:s0 tclass=file permissive=0 SEPF_SM-A145P_12_0001 audit_filtered
01-05 19:34:39.797   766   766 E audit   : type=1400 audit(1767641679.796:2640167): avc:  denied  { read } for  pid=1199 comm="fingerprint@2.1" name="u:object_r:default_prop:s0" dev="tmpfs" ino=7325 scontext=u:r:hal_fingerprint_default:s0 tcontext=u:object_r:default_prop:s0 tclass=file permissive=0 SEPF_SM-A145P_12_0001 audit_filtered
01-05 19:34:39.940   766   766 E audit   : type=1400 audit(1767641679.936:2640168): avc:  denied  { read } for  pid=1199 comm="fingerprint@2.1" name="u:object_r:default_prop:s0" dev="tmpfs" ino=7325 scontext=u:r:hal_fingerprint_default:s0 tcontext=u:object_r:default_prop:s0 tclass=file permissive=0 SEPF_SM-A145P_12_0001 audit_filtered
01-05 19:34:39.941   766   766 E audit   : type=1400 audit(1767641679.940:2640169): avc:  denied  { read } for  pid=1199 comm="fingerprint@2.1" name="u:object_r:default_prop:s0" dev="tmpfs" ino=7325 scontext=u:r:hal_fingerprint_default:s0 tcontext=u:object_r:default_prop:s0 tclass=file permissive=0 SEPF_SM-A145P_12_0001 audit_filtered
01-05 19:34:40.104   766   766 E audit   : type=1400 audit(1767641680.104:2640170): avc:  denied  { read } for  pid=1199 comm="fingerprint@2.1" name="u:object_r:default_prop:s0" dev="tmpfs" ino=7325 scontext=u:r:hal_fingerprint_default:s0 tcontext=u:object_r:default_prop:s0 tclass=file permissive=0 SEPF_SM-A145P_12_0001 audit_filtered
01-05 19:34:40.905   766   766 E audit   : type=1400 audit(1767641680.904:2640180): avc:  denied  { read } for  pid=1199 comm="fingerprint@2.1" name="u:object_r:default_prop:s0" dev="tmpfs" ino=7325 scontext=u:r:hal_fingerprint_default:s0 tcontext=u:object_r:default_prop:s0 tclass=file permissive=0 SEPF_SM-A145P_12_0001 audit_filtered
01-05 19:34:40.905   766   766 E audit   : type=1400 audit(1767641680.904:2640181): avc:  denied  { read } for  pid=1199 comm="fingerprint@2.1" name="u:object_r:default_prop:s0" dev="tmpfs" ino=7325 scontext=u:r:hal_fingerprint_default:s0 tcontext=u:object_r:default_prop:s0 tclass=file permissive=0 SEPF_SM-A145P_12_0001 audit_filtered
01-05 19:34:41.058   766   766 E audit   : type=1400 audit(1767641681.056:2640182): avc:  denied  { read } for  pid=1199 comm="fingerprint@2.1" name="u:object_r:default_prop:s0" dev="tmpfs" ino=7325 scontext=u:r:hal_fingerprint_default:s0 tcontext=u:object_r:default_prop:s0 tclass=file permissive=0 SEPF_SM-A145P_12_0001 audit_filtered
01-05 19:34:41.059   766   766 E audit   : type=1400 audit(1767641681.056:2640183): avc:  denied  { read } for  pid=1199 comm="fingerprint@2.1" name="u:object_r:default_prop:s0" dev="tmpfs" ino=7325 scontext=u:r:hal_fingerprint_default:s0 tcontext=u:object_r:default_prop:s0 tclass=file permissive=0 SEPF_SM-A145P_12_0001 audit_filtered
01-05 19:34:41.224   766   766 E audit   : type=1400 audit(1767641681.224:2640184): avc:  denied  { read } for  pid=1199 comm="fingerprint@2.1" name="u:object_r:default_prop:s0" dev="tmpfs" ino=7325 scontext=u:r:hal_fingerprint_default:s0 tcontext=u:object_r:default_prop:s0 tclass=file permissive=0 SEPF_SM-A145P_12_0001 audit_filtered
01-05 19:34:42.015   766   766 E audit   : type=1400 audit(1767641682.012:2640194): avc:  denied  { read } for  pid=1199 comm="fingerprint@2.1" name="u:object_r:default_prop:s0" dev="tmpfs" ino=7325 scontext=u:r:hal_fingerprint_default:s0 tcontext=u:object_r:default_prop:s0 tclass=file permissive=0 SEPF_SM-A145P_12_0001 audit_filtered
01-05 19:34:42.016   766   766 E audit   : type=1400 audit(1767641682.012:2640195): avc:  denied  { read } for  pid=1199 comm="fingerprint@2.1" name="u:object_r:default_prop:s0" dev="tmpfs" ino=7325 scontext=u:r:hal_fingerprint_default:s0 tcontext=u:object_r:default_prop:s0 tclass=file permissive=0 SEPF_SM-A145P_12_0001 audit_filtered
01-05 19:34:42.172   766   766 E audit   : type=1400 audit(1767641682.168:2640196): avc:  denied  { read } for  pid=1199 comm="fingerprint@2.1" name="u:object_r:default_prop:s0" dev="tmpfs" ino=7325 scontext=u:r:hal_fingerprint_default:s0 tcontext=u:object_r:default_prop:s0 tclass=file permissive=0 SEPF_SM-A145P_12_0001 audit_filtered
01-05 19:34:42.172   766   766 E audit   : type=1400 audit(1767641682.172:2640197): avc:  denied  { read } for  pid=1199 comm="fingerprint@2.1" name="u:object_r:default_prop:s0" dev="tmpfs" ino=7325 scontext=u:r:hal_fingerprint_default:s0 tcontext=u:object_r:default_prop:s0 tclass=file permissive=0 SEPF_SM-A145P_12_0001 audit_filtered
01-05 19:34:42.307   766   766 E audit   : type=1400 audit(1767641682.304:2640198): avc:  denied  { read } for  pid=1199 comm="fingerprint@2.1" name="u:object_r:default_prop:s0" dev="tmpfs" ino=7325 scontext=u:r:hal_fingerprint_default:s0 tcontext=u:object_r:default_prop:s0 tclass=file permissive=0 SEPF_SM-A145P_12_0001 audit_filtered
01-05 19:34:43.099   766   766 E audit   : type=1400 audit(1767641683.096:2640208): avc:  denied  { read } for  pid=1199 comm="fingerprint@2.1" name="u:object_r:default_prop:s0" dev="tmpfs" ino=7325 scontext=u:r:hal_fingerprint_default:s0 tcontext=u:object_r:default_prop:s0 tclass=file permissive=0 SEPF_SM-A145P_12_0001 audit_filtered
01-05 19:34:43.100   766   766 E audit   : type=1400 audit(1767641683.096:2640209): avc:  denied  { read } for  pid=1199 comm="fingerprint@2.1" name="u:object_r:default_prop:s0" dev="tmpfs" ino=7325 scontext=u:r:hal_fingerprint_default:s0 tcontext=u:object_r:default_prop:s0 tclass=file permissive=0 SEPF_SM-A145P_12_0001 audit_filtered
01-05 19:34:43.266   766   766 E audit   : type=1400 audit(1767641683.264:2640210): avc:  denied  { read } for  pid=1199 comm="fingerprint@2.1" name="u:object_r:default_prop:s0" dev="tmpfs" ino=7325 scontext=u:r:hal_fingerprint_default:s0 tcontext=u:object_r:default_prop:s0 tclass=file permissive=0 SEPF_SM-A145P_12_0001 audit_filtered
01-05 19:34:43.266   766   766 E audit   : type=1400 audit(1767641683.264:2640211): avc:  denied  { read } for  pid=1199 comm="fingerprint@2.1" name="u:object_r:default_prop:s0" dev="tmpfs" ino=7325 scontext=u:r:hal_fingerprint_default:s0 tcontext=u:object_r:default_prop:s0 tclass=file permissive=0 SEPF_SM-A145P_12_0001 audit_filtered
01-05 19:34:43.431   766   766 E audit   : type=1400 audit(1767641683.428:2640212): avc:  denied  { read } for  pid=1199 comm="fingerprint@2.1" name="u:object_r:default_prop:s0" dev="tmpfs" ino=7325 scontext=u:r:hal_fingerprint_default:s0 tcontext=u:object_r:default_prop:s0 tclass=file permissive=0 SEPF_SM-A145P_12_0001 audit_filtered
01-05 19:34:44.244   766   766 E audit   : type=1400 audit(1767641684.240:2640222): avc:  denied  { read } for  pid=1199 comm="fingerprint@2.1" name="u:object_r:default_prop:s0" dev="tmpfs" ino=7325 scontext=u:r:hal_fingerprint_default:s0 tcontext=u:object_r:default_prop:s0 tclass=file permissive=0 SEPF_SM-A145P_12_0001 audit_filtered
01-05 19:34:44.244   766   766 E audit   : type=1400 audit(1767641684.244:2640223): avc:  denied  { read } for  pid=1199 comm="fingerprint@2.1" name="u:object_r:default_prop:s0" dev="tmpfs" ino=7325 scontext=u:r:hal_fingerprint_default:s0 tcontext=u:object_r:default_prop:s0 tclass=file permissive=0 SEPF_SM-A145P_12_0001 audit_filtered
01-05 19:34:44.409   766   766 E audit   : type=1400 audit(1767641684.408:2640224): avc:  denied  { read } for  pid=1199 comm="fingerprint@2.1" name="u:object_r:default_prop:s0" dev="tmpfs" ino=7325 scontext=u:r:hal_fingerprint_default:s0 tcontext=u:object_r:default_prop:s0 tclass=file permissive=0 SEPF_SM-A145P_12_0001 audit_filtered
01-05 19:34:44.410   766   766 E audit   : type=1400 audit(1767641684.408:2640225): avc:  denied  { read } for  pid=1199 comm="fingerprint@2.1" name="u:object_r:default_prop:s0" dev="tmpfs" ino=7325 scontext=u:r:hal_fingerprint_default:s0 tcontext=u:object_r:default_prop:s0 tclass=file permissive=0 SEPF_SM-A145P_12_0001 audit_filtered
01-05 19:34:44.567   766   766 E audit   : type=1400 audit(1767641684.564:2640226): avc:  denied  { read } for  pid=1199 comm="fingerprint@2.1" name="u:object_r:default_prop:s0" dev="tmpfs" ino=7325 scontext=u:r:hal_fingerprint_default:s0 tcontext=u:object_r:default_prop:s0 tclass=file permissive=0 SEPF_SM-A145P_12_0001 audit_filtered
01-05 19:34:45.301   766   766 E audit   : type=1400 audit(1767641685.300:2640236): avc:  denied  { read } for  pid=1199 comm="fingerprint@2.1" name="u:object_r:default_prop:s0" dev="tmpfs" ino=7325 scontext=u:r:hal_fingerprint_default:s0 tcontext=u:object_r:default_prop:s0 tclass=file permissive=0 SEPF_SM-A145P_12_0001 audit_filtered
01-05 19:34:45.301   766   766 E audit   : type=1400 audit(1767641685.300:2640237): avc:  denied  { read } for  pid=1199 comm="fingerprint@2.1" name="u:object_r:default_prop:s0" dev="tmpfs" ino=7325 scontext=u:r:hal_fingerprint_default:s0 tcontext=u:object_r:default_prop:s0 tclass=file permissive=0 SEPF_SM-A145P_12_0001 audit_filtered
01-05 19:34:45.449   766   766 E audit   : type=1400 audit(1767641685.448:2640238): avc:  denied  { read } for  pid=1199 comm="fingerprint@2.1" name="u:object_r:default_prop:s0" dev="tmpfs" ino=7325 scontext=u:r:hal_fingerprint_default:s0 tcontext=u:object_r:default_prop:s0 tclass=file permissive=0 SEPF_SM-A145P_12_0001 audit_filtered
01-05 19:34:45.450   766   766 E audit   : type=1400 audit(1767641685.448:2640239): avc:  denied  { read } for  pid=1199 comm="fingerprint@2.1" name="u:object_r:default_prop:s0" dev="tmpfs" ino=7325 scontext=u:r:hal_fingerprint_default:s0 tcontext=u:object_r:default_prop:s0 tclass=file permissive=0 SEPF_SM-A145P_12_0001 audit_filtered
01-05 19:34:45.614   766   766 E audit   : type=1400 audit(1767641685.612:2640240): avc:  denied  { read } for  pid=1199 comm="fingerprint@2.1" name="u:object_r:default_prop:s0" dev="tmpfs" ino=7325 scontext=u:r:hal_fingerprint_default:s0 tcontext=u:object_r:default_prop:s0 tclass=file permissive=0 SEPF_SM-A145P_12_0001 audit_filtered
01-05 19:34:45.854 22326 22383 E msys    : E[N WCIHTTPImplNetworkSession]WCIHTTPTaskImplCreateRegular(556)=>[I] http/task/regular/create/start
01-05 19:34:45.854 22326 22383 E msys    : E[N WCIHTTPImplNetworkSession]WCIHTTPTaskImplCreateRegular(591)=>[I] http/task/regular/create/execute
01-05 19:34:45.854 22326 22383 E msys    : E[N WCIHTTPImplNetworkSession]WCIHTTPTaskImplCreateRegular(614)=>[I] http/task/regular/create/success
01-05 19:34:46.439   766   766 E audit   : type=1400 audit(1767641686.436:2640252): avc:  denied  { read } for  pid=1199 comm="fingerprint@2.1" name="u:object_r:default_prop:s0" dev="tmpfs" ino=7325 scontext=u:r:hal_fingerprint_default:s0 tcontext=u:object_r:default_prop:s0 tclass=file permissive=0 SEPF_SM-A145P_12_0001 audit_filtered
01-05 19:34:46.439   766   766 E audit   : type=1400 audit(1767641686.436:2640253): avc:  denied  { read } for  pid=1199 comm="fingerprint@2.1" name="u:object_r:default_prop:s0" dev="tmpfs" ino=7325 scontext=u:r:hal_fingerprint_default:s0 tcontext=u:object_r:default_prop:s0 tclass=file permissive=0 SEPF_SM-A145P_12_0001 audit_filtered
01-05 19:34:46.469   834  2282 E BufferQueueDebug: [Surface(name=9634540 NavigationBar0)/@0x14152ee - animation-leash of insets_animation#32081](this:0xb400007d3a5e3790,id:-1,api:0,p:-1,c:-1) id info cannot be read from 'Surface(name=9634540 NavigationBar0)/@0x14152ee - animation-leash of insets_animation#32081'
01-05 19:34:46.473   834  2282 E BufferQueueDebug: [Surface(name=5fd348f StatusBar)/@0x1509225 - animation-leash of insets_animation#32082](this:0xb400007d3a5e6790,id:-1,api:0,p:-1,c:-1) id info cannot be read from 'Surface(name=5fd348f StatusBar)/@0x1509225 - animation-leash of insets_animation#32082'
01-05 19:34:46.582   766   766 E audit   : type=1400 audit(1767641686.580:2640254): avc:  denied  { read } for  pid=1199 comm="fingerprint@2.1" name="u:object_r:default_prop:s0" dev="tmpfs" ino=7325 scontext=u:r:hal_fingerprint_default:s0 tcontext=u:object_r:default_prop:s0 tclass=file permissive=0 SEPF_SM-A145P_12_0001 audit_filtered
01-05 19:34:46.583   766   766 E audit   : type=1400 audit(1767641686.580:2640255): avc:  denied  { read } for  pid=1199 comm="fingerprint@2.1" name="u:object_r:default_prop:s0" dev="tmpfs" ino=7325 scontext=u:r:hal_fingerprint_default:s0 tcontext=u:object_r:default_prop:s0 tclass=file permissive=0 SEPF_SM-A145P_12_0001 audit_filtered
01-05 19:34:46.604  1371  3612 E WindowManager: win=Window{9087b6d u0 NotificationShade} destroySurfaces: appStopped=true cleanupOnResume=false win.mWindowRemovalAllowed=false win.mRemoveOnExit=false win.mViewVisibility=4 caller=com.android.server.wm.WindowManagerService.tryStartExitingAnimation:2980 com.android.server.wm.WindowManagerService.relayoutWindow:2685 com.android.server.wm.Session.relayout:282 android.view.IWindowSession$Stub.onTransact:782 com.android.server.wm.Session.onTransact:204 android.os.Binder.execTransactInternal:1375 android.os.Binder.execTransact:1311 
01-05 19:34:46.718   766   766 E audit   : type=1400 audit(1767641686.716:2640256): avc:  denied  { read } for  pid=1199 comm="fingerprint@2.1" name="u:object_r:default_prop:s0" dev="tmpfs" ino=7325 scontext=u:r:hal_fingerprint_default:s0 tcontext=u:object_r:default_prop:s0 tclass=file permissive=0 SEPF_SM-A145P_12_0001 audit_filtered
01-05 19:34:47.505   766   766 E audit   : type=1400 audit(1767641687.504:2640266): avc:  denied  { read } for  pid=1199 comm="fingerprint@2.1" name="u:object_r:default_prop:s0" dev="tmpfs" ino=7325 scontext=u:r:hal_fingerprint_default:s0 tcontext=u:object_r:default_prop:s0 tclass=file permissive=0 SEPF_SM-A145P_12_0001 audit_filtered
01-05 19:34:47.506   766   766 E audit   : type=1400 audit(1767641687.504:2640267): avc:  denied  { read } for  pid=1199 comm="fingerprint@2.1" name="u:object_r:default_prop:s0" dev="tmpfs" ino=7325 scontext=u:r:hal_fingerprint_default:s0 tcontext=u:object_r:default_prop:s0 tclass=file permissive=0 SEPF_SM-A145P_12_0001 audit_filtered
01-05 19:34:47.538   766   766 E audit   : type=1400 audit(1767641687.536:2640268): avc:  denied  { ioctl } for  pid=1371 comm="binder:1371_C" path="/data/system_ce/0/accounts_ce.db-journal" dev="dm-50" ino=1472757 ioctlcmd=0xf522 scontext=u:r:system_server:s0 tcontext=u:object_r:system_data_file:s0 tclass=file permissive=0 SEPF_SM-A145P_12_0001 audit_filtered
01-05 19:34:47.571   766   766 E audit   : type=1400 audit(1767641687.568:2640269): avc:  denied  { ioctl } for  pid=1371 comm="binder:1371_C" path="/data/system_ce/0/accounts_ce.db-journal" dev="dm-50" ino=1472827 ioctlcmd=0xf522 scontext=u:r:system_server:s0 tcontext=u:object_r:system_data_file:s0 tclass=file permissive=0 SEPF_SM-A145P_12_0001 audit_filtered
01-05 19:34:47.653   766   766 E audit   : type=1400 audit(1767641687.652:2640270): avc:  denied  { read } for  pid=1199 comm="fingerprint@2.1" name="u:object_r:default_prop:s0" dev="tmpfs" ino=7325 scontext=u:r:hal_fingerprint_default:s0 tcontext=u:object_r:default_prop:s0 tclass=file permissive=0 SEPF_SM-A145P_12_0001 audit_filtered
01-05 19:34:48.594   766   766 E audit   : type=1400 audit(1767641688.592:2640284): avc:  denied  { read } for  pid=1199 comm="fingerprint@2.1" name="u:object_r:default_prop:s0" dev="tmpfs" ino=7325 scontext=u:r:hal_fingerprint_default:s0 tcontext=u:object_r:default_prop:s0 tclass=file permissive=0 SEPF_SM-A145P_12_0001 audit_filtered
01-05 19:34:48.594   766   766 E audit   : type=1400 audit(1767641688.592:2640285): avc:  denied  { read } for  pid=1199 comm="fingerprint@2.1" name="u:object_r:default_prop:s0" dev="tmpfs" ino=7325 scontext=u:r:hal_fingerprint_default:s0 tcontext=u:object_r:default_prop:s0 tclass=file permissive=0 SEPF_SM-A145P_12_0001 audit_filtered
01-05 19:34:48.653   766   766 E audit   : type=1400 audit(1767641688.652:2640286): avc:  denied  { ioctl } for  pid=1371 comm="binder:1371_C" path="/data/system_ce/0/accounts_ce.db-journal" dev="dm-50" ino=1472786 ioctlcmd=0xf522 scontext=u:r:system_server:s0 tcontext=u:object_r:system_data_file:s0 tclass=file permissive=0 SEPF_SM-A145P_12_0001 audit_filtered
01-05 19:34:48.681   766   766 E audit   : type=1400 audit(1767641688.680:2640287): avc:  denied  { ioctl } for  pid=1371 comm="binder:1371_C" path="/data/system_ce/0/accounts_ce.db-journal" dev="dm-50" ino=1472860 ioctlcmd=0xf522 scontext=u:r:system_server:s0 tcontext=u:object_r:system_data_file:s0 tclass=file permissive=0 SEPF_SM-A145P_12_0001 audit_filtered
01-05 19:34:48.723   766   766 E audit   : type=1400 audit(1767641688.720:2640288): avc:  denied  { ioctl } for  pid=1371 comm="binder:1371_C" path="/data/system_ce/0/accounts_ce.db-journal" dev="dm-50" ino=1473207 ioctlcmd=0xf522 scontext=u:r:system_server:s0 tcontext=u:object_r:system_data_file:s0 tclass=file permissive=0 SEPF_SM-A145P_12_0001 audit_filtered
01-05 19:34:49.650   766   766 E audit   : type=1400 audit(1767641689.648:2640306): avc:  denied  { read } for  pid=1199 comm="fingerprint@2.1" name="u:object_r:default_prop:s0" dev="tmpfs" ino=7325 scontext=u:r:hal_fingerprint_default:s0 tcontext=u:object_r:default_prop:s0 tclass=file permissive=0 SEPF_SM-A145P_12_0001 audit_filtered
01-05 19:34:49.650   766   766 E audit   : type=1400 audit(1767641689.648:2640307): avc:  denied  { read } for  pid=1199 comm="fingerprint@2.1" name="u:object_r:default_prop:s0" dev="tmpfs" ino=7325 scontext=u:r:hal_fingerprint_default:s0 tcontext=u:object_r:default_prop:s0 tclass=file permissive=0 SEPF_SM-A145P_12_0001 audit_filtered
01-05 19:34:49.789   766   766 E audit   : type=1400 audit(1767641689.788:2640308): avc:  denied  { read } for  pid=1199 comm="fingerprint@2.1" name="u:object_r:default_prop:s0" dev="tmpfs" ino=7325 scontext=u:r:hal_fingerprint_default:s0 tcontext=u:object_r:default_prop:s0 tclass=file permissive=0 SEPF_SM-A145P_12_0001 audit_filtered
01-05 19:34:49.789   766   766 E audit   : type=1400 audit(1767641689.788:2640309): avc:  denied  { read } for  pid=1199 comm="fingerprint@2.1" name="u:object_r:default_prop:s0" dev="tmpfs" ino=7325 scontext=u:r:hal_fingerprint_default:s0 tcontext=u:object_r:default_prop:s0 tclass=file permissive=0 SEPF_SM-A145P_12_0001 audit_filtered
01-05 19:34:49.924   766   766 E audit   : type=1400 audit(1767641689.920:2640310): avc:  denied  { read } for  pid=1199 comm="fingerprint@2.1" name="u:object_r:default_prop:s0" dev="tmpfs" ino=7325 scontext=u:r:hal_fingerprint_default:s0 tcontext=u:object_r:default_prop:s0 tclass=file permissive=0 SEPF_SM-A145P_12_0001 audit_filtered
01-05 19:34:50.664   766   766 E audit   : type=1400 audit(1767641690.660:2640320): avc:  denied  { read } for  pid=1199 comm="fingerprint@2.1" name="u:object_r:default_prop:s0" dev="tmpfs" ino=7325 scontext=u:r:hal_fingerprint_default:s0 tcontext=u:object_r:default_prop:s0 tclass=file permissive=0 SEPF_SM-A145P_12_0001 audit_filtered
01-05 19:34:50.664   766   766 E audit   : type=1400 audit(1767641690.664:2640321): avc:  denied  { read } for  pid=1199 comm="fingerprint@2.1" name="u:object_r:default_prop:s0" dev="tmpfs" ino=7325 scontext=u:r:hal_fingerprint_default:s0 tcontext=u:object_r:default_prop:s0 tclass=file permissive=0 SEPF_SM-A145P_12_0001 audit_filtered
01-05 19:34:50.805   766   766 E audit   : type=1400 audit(1767641690.804:2640322): avc:  denied  { read } for  pid=1199 comm="fingerprint@2.1" name="u:object_r:default_prop:s0" dev="tmpfs" ino=7325 scontext=u:r:hal_fingerprint_default:s0 tcontext=u:object_r:default_prop:s0 tclass=file permissive=0 SEPF_SM-A145P_12_0001 audit_filtered
01-05 19:34:50.805   766   766 E audit   : type=1400 audit(1767641690.804:2640323): avc:  denied  { read } for  pid=1199 comm="fingerprint@2.1" name="u:object_r:default_prop:s0" dev="tmpfs" ino=7325 scontext=u:r:hal_fingerprint_default:s0 tcontext=u:object_r:default_prop:s0 tclass=file permissive=0 SEPF_SM-A145P_12_0001 audit_filtered
01-05 19:34:50.966   766   766 E audit   : type=1400 audit(1767641690.964:2640324): avc:  denied  { read } for  pid=1199 comm="fingerprint@2.1" name="u:object_r:default_prop:s0" dev="tmpfs" ino=7325 scontext=u:r:hal_fingerprint_default:s0 tcontext=u:object_r:default_prop:s0 tclass=file permissive=0 SEPF_SM-A145P_12_0001 audit_filtered
01-05 19:34:51.702   766   766 E audit   : type=1400 audit(1767641691.700:2640334): avc:  denied  { read } for  pid=1199 comm="fingerprint@2.1" name="u:object_r:default_prop:s0" dev="tmpfs" ino=7325 scontext=u:r:hal_fingerprint_default:s0 tcontext=u:object_r:default_prop:s0 tclass=file permissive=0 SEPF_SM-A145P_12_0001 audit_filtered
01-05 19:34:51.702   766   766 E audit   : type=1400 audit(1767641691.700:2640335): avc:  denied  { read } for  pid=1199 comm="fingerprint@2.1" name="u:object_r:default_prop:s0" dev="tmpfs" ino=7325 scontext=u:r:hal_fingerprint_default:s0 tcontext=u:object_r:default_prop:s0 tclass=file permissive=0 SEPF_SM-A145P_12_0001 audit_filtered
01-05 19:34:51.857   766   766 E audit   : type=1400 audit(1767641691.856:2640336): avc:  denied  { read } for  pid=1199 comm="fingerprint@2.1" name="u:object_r:default_prop:s0" dev="tmpfs" ino=7325 scontext=u:r:hal_fingerprint_default:s0 tcontext=u:object_r:default_prop:s0 tclass=file permissive=0 SEPF_SM-A145P_12_0001 audit_filtered
01-05 19:34:51.857   766   766 E audit   : type=1400 audit(1767641691.856:2640337): avc:  denied  { read } for  pid=1199 comm="fingerprint@2.1" name="u:object_r:default_prop:s0" dev="tmpfs" ino=7325 scontext=u:r:hal_fingerprint_default:s0 tcontext=u:object_r:default_prop:s0 tclass=file permissive=0 SEPF_SM-A145P_12_0001 audit_filtered
01-05 19:34:52.010   766   766 E audit   : type=1400 audit(1767641692.008:2640338): avc:  denied  { read } for  pid=1199 comm="fingerprint@2.1" name="u:object_r:default_prop:s0" dev="tmpfs" ino=7325 scontext=u:r:hal_fingerprint_default:s0 tcontext=u:object_r:default_prop:s0 tclass=file permissive=0 SEPF_SM-A145P_12_0001 audit_filtered
01-05 19:34:52.755  1371  1402 E Watchdog: !@Sync: 5690 heap: 106 / 109 FD: 1170 [2026-01-05 19:34:52.754]
01-05 19:34:52.825   766   766 E audit   : type=1400 audit(1767641692.824:2640348): avc:  denied  { read } for  pid=1199 comm="fingerprint@2.1" name="u:object_r:default_prop:s0" dev="tmpfs" ino=7325 scontext=u:r:hal_fingerprint_default:s0 tcontext=u:object_r:default_prop:s0 tclass=file permissive=0 SEPF_SM-A145P_12_0001 audit_filtered
01-05 19:34:52.826   766   766 E audit   : type=1400 audit(1767641692.824:2640349): avc:  denied  { read } for  pid=1199 comm="fingerprint@2.1" name="u:object_r:default_prop:s0" dev="tmpfs" ino=7325 scontext=u:r:hal_fingerprint_default:s0 tcontext=u:object_r:default_prop:s0 tclass=file permissive=0 SEPF_SM-A145P_12_0001 audit_filtered
01-05 19:34:52.997   766   766 E audit   : type=1400 audit(1767641692.996:2640350): avc:  denied  { read } for  pid=1199 comm="fingerprint@2.1" name="u:object_r:default_prop:s0" dev="tmpfs" ino=7325 scontext=u:r:hal_fingerprint_default:s0 tcontext=u:object_r:default_prop:s0 tclass=file permissive=0 SEPF_SM-A145P_12_0001 audit_filtered
01-05 19:34:52.998   766   766 E audit   : type=1400 audit(1767641692.996:2640351): avc:  denied  { read } for  pid=1199 comm="fingerprint@2.1" name="u:object_r:default_prop:s0" dev="tmpfs" ino=7325 scontext=u:r:hal_fingerprint_default:s0 tcontext=u:object_r:default_prop:s0 tclass=file permissive=0 SEPF_SM-A145P_12_0001 audit_filtered
01-05 19:34:53.168   766   766 E audit   : type=1400 audit(1767641693.168:2640352): avc:  denied  { read } for  pid=1199 comm="fingerprint@2.1" name="u:object_r:default_prop:s0" dev="tmpfs" ino=7325 scontext=u:r:hal_fingerprint_default:s0 tcontext=u:object_r:default_prop:s0 tclass=file permissive=0 SEPF_SM-A145P_12_0001 audit_filtered
01-05 19:34:53.975   766   766 E audit   : type=1400 audit(1767641693.972:2640362): avc:  denied  { read } for  pid=1199 comm="fingerprint@2.1" name="u:object_r:default_prop:s0" dev="tmpfs" ino=7325 scontext=u:r:hal_fingerprint_default:s0 tcontext=u:object_r:default_prop:s0 tclass=file permissive=0 SEPF_SM-A145P_12_0001 audit_filtered
01-05 19:34:53.975   766   766 E audit   : type=1400 audit(1767641693.972:2640363): avc:  denied  { read } for  pid=1199 comm="fingerprint@2.1" name="u:object_r:default_prop:s0" dev="tmpfs" ino=7325 scontext=u:r:hal_fingerprint_default:s0 tcontext=u:object_r:default_prop:s0 tclass=file permissive=0 SEPF_SM-A145P_12_0001 audit_filtered
01-05 19:34:54.138   766   766 E audit   : type=1400 audit(1767641694.136:2640364): avc:  denied  { read } for  pid=1199 comm="fingerprint@2.1" name="u:object_r:default_prop:s0" dev="tmpfs" ino=7325 scontext=u:r:hal_fingerprint_default:s0 tcontext=u:object_r:default_prop:s0 tclass=file permissive=0 SEPF_SM-A145P_12_0001 audit_filtered
01-05 19:34:54.138   766   766 E audit   : type=1400 audit(1767641694.136:2640365): avc:  denied  { read } for  pid=1199 comm="fingerprint@2.1" name="u:object_r:default_prop:s0" dev="tmpfs" ino=7325 scontext=u:r:hal_fingerprint_default:s0 tcontext=u:object_r:default_prop:s0 tclass=file permissive=0 SEPF_SM-A145P_12_0001 audit_filtered
01-05 19:34:54.302   766   766 E audit   : type=1400 audit(1767641694.300:2640366): avc:  denied  { read } for  pid=1199 comm="fingerprint@2.1" name="u:object_r:default_prop:s0" dev="tmpfs" ino=7325 scontext=u:r:hal_fingerprint_default:s0 tcontext=u:object_r:default_prop:s0 tclass=file permissive=0 SEPF_SM-A145P_12_0001 audit_filtered
01-05 19:34:55.089   766   766 E audit   : type=1400 audit(1767641695.088:2640376): avc:  denied  { read } for  pid=1199 comm="fingerprint@2.1" name="u:object_r:default_prop:s0" dev="tmpfs" ino=7325 scontext=u:r:hal_fingerprint_default:s0 tcontext=u:object_r:default_prop:s0 tclass=file permissive=0 SEPF_SM-A145P_12_0001 audit_filtered
