01-05 19:32:56.447   766   766 E audit   : type=1400 audit(1767641576.444:2638616): avc:  denied  { read } for  pid=1199 comm="fingerprint@2.1" name="u:object_r:default_prop:s0" dev="tmpfs" ino=7325 scontext=u:r:hal_fingerprint_default:s0 tcontext=u:object_r:default_prop:s0 tclass=file permissive=0 SEPF_SM-A145P_12_0001 audit_filtered
01-05 19:32:56.448   766   766 E audit   : type=1400 audit(1767641576.444:2638617): avc:  denied  { read } for  pid=1199 comm="fingerprint@2.1" name="u:object_r:default_prop:s0" dev="tmpfs" ino=7325 scontext=u:r:hal_fingerprint_default:s0 tcontext=u:object_r:default_prop:s0 tclass=file permissive=0 SEPF_SM-A145P_12_0001 audit_filtered
01-05 19:32:56.612   766   766 E audit   : type=1400 audit(1767641576.608:2638618): avc:  denied  { read } for  pid=1199 comm="fingerprint@2.1" name="u:object_r:default_prop:s0" dev="tmpfs" ino=7325 scontext=u:r:hal_fingerprint_default:s0 tcontext=u:object_r:default_prop:s0 tclass=file permissive=0 SEPF_SM-A145P_12_0001 audit_filtered
01-05 19:32:56.613   766   766 E audit   : type=1400 audit(1767641576.612:2638619): avc:  denied  { read } for  pid=1199 comm="fingerprint@2.1" name="u:object_r:default_prop:s0" dev="tmpfs" ino=7325 scontext=u:r:hal_fingerprint_default:s0 tcontext=u:object_r:default_prop:s0 tclass=file permissive=0 SEPF_SM-A145P_12_0001 audit_filtered
01-05 19:32:56.753   766   766 E audit   : type=1400 audit(1767641576.752:2638620): avc:  denied  { read } for  pid=1199 comm="fingerprint@2.1" name="u:object_r:default_prop:s0" dev="tmpfs" ino=7325 scontext=u:r:hal_fingerprint_default:s0 tcontext=u:object_r:default_prop:s0 tclass=file permissive=0 SEPF_SM-A145P_12_0001 audit_filtered
01-05 19:32:57.504   766   766 E audit   : type=1400 audit(1767641577.500:2638631): avc:  denied  { read } for  pid=1199 comm="fingerprint@2.1" name="u:object_r:default_prop:s0" dev="tmpfs" ino=7325 scontext=u:r:hal_fingerprint_default:s0 tcontext=u:object_r:default_prop:s0 tclass=file permissive=0 SEPF_SM-A145P_12_0001 audit_filtered
01-05 19:32:57.504   766   766 E audit   : type=1400 audit(1767641577.504:2638632): avc:  denied  { read } for  pid=1199 comm="fingerprint@2.1" name="u:object_r:default_prop:s0" dev="tmpfs" ino=7325 scontext=u:r:hal_fingerprint_default:s0 tcontext=u:object_r:default_prop:s0 tclass=file permissive=0 SEPF_SM-A145P_12_0001 audit_filtered
01-05 19:32:57.656   766   766 E audit   : type=1400 audit(1767641577.652:2638633): avc:  denied  { read } for  pid=1199 comm="fingerprint@2.1" name="u:object_r:default_prop:s0" dev="tmpfs" ino=7325 scontext=u:r:hal_fingerprint_default:s0 tcontext=u:object_r:default_prop:s0 tclass=file permissive=0 SEPF_SM-A145P_12_0001 audit_filtered
01-05 19:32:57.657   766   766 E audit   : type=1400 audit(1767641577.656:2638634): avc:  denied  { read } for  pid=1199 comm="fingerprint@2.1" name="u:object_r:default_prop:s0" dev="tmpfs" ino=7325 scontext=u:r:hal_fingerprint_default:s0 tcontext=u:object_r:default_prop:s0 tclass=file permissive=0 SEPF_SM-A145P_12_0001 audit_filtered
01-05 19:32:57.816   766   766 E audit   : type=1400 audit(1767641577.816:2638635): avc:  denied  { read } for  pid=1199 comm="fingerprint@2.1" name="u:object_r:default_prop:s0" dev="tmpfs" ino=7325 scontext=u:r:hal_fingerprint_default:s0 tcontext=u:object_r:default_prop:s0 tclass=file permissive=0 SEPF_SM-A145P_12_0001 audit_filtered
01-05 19:32:58.530   834   880 E BufferQueueDebug: [ActivityRecord{71e345f u0 com.whatsapp/.status.playback.StatusPlaybackActivity t10051}#32026](this:0xb400007d3a879790,id:-1,api:0,p:-1,c:-1) id info cannot be read from 'ActivityRecord{71e345f u0 com.whatsapp/.status.playback.StatusPlaybackActivity t10051}#32026'
01-05 19:32:58.533  1371  2565 E Transition: Trying to add a ready-group twice: Display{#0 state=ON size=1080x2408 ROTATION_0}
01-05 19:32:58.536  2953  2953 E pageboostd: Received HALT command code 2
01-05 19:32:58.581   834   880 E BufferQueueDebug: [37f30a com.whatsapp/com.whatsapp.status.playback.StatusPlaybackActivity#32027](this:0xb400007d3a891790,id:-1,api:0,p:-1,c:-1) id info cannot be read from '37f30a com.whatsapp/com.whatsapp.status.playback.StatusPlaybackActivity#32027'
01-05 19:32:58.584   766   766 E audit   : type=1400 audit(1767641578.580:2638645): avc:  denied  { read } for  pid=1199 comm="fingerprint@2.1" name="u:object_r:default_prop:s0" dev="tmpfs" ino=7325 scontext=u:r:hal_fingerprint_default:s0 tcontext=u:object_r:default_prop:s0 tclass=file permissive=0 SEPF_SM-A145P_12_0001 audit_filtered
01-05 19:32:58.584   766   766 E audit   : type=1400 audit(1767641578.580:2638646): avc:  denied  { read } for  pid=1199 comm="fingerprint@2.1" name="u:object_r:default_prop:s0" dev="tmpfs" ino=7325 scontext=u:r:hal_fingerprint_default:s0 tcontext=u:object_r:default_prop:s0 tclass=file permissive=0 SEPF_SM-A145P_12_0001 audit_filtered
01-05 19:32:58.586   834   880 E BufferQueueDebug: [com.whatsapp/com.whatsapp.status.playback.StatusPlaybackActivity$_22326#32028](this:0xb400007d3a8b7790,id:-1,api:0,p:-1,c:-1) id info cannot be read from 'com.whatsapp/com.whatsapp.status.playback.StatusPlaybackActivity$_22326#32028'
01-05 19:32:58.590   834   880 E BufferQueueDebug: [Surface(name=9634540 NavigationBar0)/@0x14152ee - animation-leash of insets_animation#32029](this:0xb400007d3a8df790,id:-1,api:0,p:-1,c:-1) id info cannot be read from 'Surface(name=9634540 NavigationBar0)/@0x14152ee - animation-leash of insets_animation#32029'
01-05 19:32:58.591   834   880 E BufferQueueDebug: [Surface(name=5fd348f StatusBar)/@0x1509225 - animation-leash of insets_animation#32030](this:0xb400007d3a8e2790,id:-1,api:0,p:-1,c:-1) id info cannot be read from 'Surface(name=5fd348f StatusBar)/@0x1509225 - animation-leash of insets_animation#32030'
01-05 19:32:58.611   834   880 E BufferQueueDebug: [Transition Root: ActivityRecord{71e345f u0 com.whatsapp/.status.playback.StatusPlaybackActivity t10051}#32031](this:0xb400007d3a91e790,id:-1,api:0,p:-1,c:-1) id info cannot be read from 'Transition Root: ActivityRecord{71e345f u0 com.whatsapp/.status.playback.StatusPlaybackActivity t10051}#32031'
01-05 19:32:58.618   834  1438 E BufferQueueDebug: [55b48b9 ActivityRecordInputSink com.whatsapp/.status.playback.StatusPlaybackActivity#32032](this:0xb400007d3a3ad790,id:-1,api:0,p:-1,c:-1) id info cannot be read from '55b48b9 ActivityRecordInputSink com.whatsapp/.status.playback.StatusPlaybackActivity#32032'
01-05 19:32:58.619  2953  2953 E pageboostd: Received HALT command code 2
01-05 19:32:58.717   766   766 E audit   : type=1400 audit(1767641578.716:2638647): avc:  denied  { read } for  pid=1199 comm="fingerprint@2.1" name="u:object_r:default_prop:s0" dev="tmpfs" ino=7325 scontext=u:r:hal_fingerprint_default:s0 tcontext=u:object_r:default_prop:s0 tclass=file permissive=0 SEPF_SM-A145P_12_0001 audit_filtered
01-05 19:32:58.717   766   766 E audit   : type=1400 audit(1767641578.716:2638648): avc:  denied  { read } for  pid=1199 comm="fingerprint@2.1" name="u:object_r:default_prop:s0" dev="tmpfs" ino=7325 scontext=u:r:hal_fingerprint_default:s0 tcontext=u:object_r:default_prop:s0 tclass=file permissive=0 SEPF_SM-A145P_12_0001 audit_filtered
01-05 19:32:58.850   766   766 E audit   : type=1400 audit(1767641578.848:2638649): avc:  denied  { read } for  pid=1199 comm="fingerprint@2.1" name="u:object_r:default_prop:s0" dev="tmpfs" ino=7325 scontext=u:r:hal_fingerprint_default:s0 tcontext=u:object_r:default_prop:s0 tclass=file permissive=0 SEPF_SM-A145P_12_0001 audit_filtered
01-05 19:32:58.858  3987  3987 E HBD     : g activeNetwork is null 
01-05 19:32:58.876   834  1438 E BufferQueueDebug: [Surface(name=7b98c45 InputMethod)/@0x2b96b66 - animation-leash of insets_animation#32033](this:0xb400007d3a3db790,id:-1,api:0,p:-1,c:-1) id info cannot be read from 'Surface(name=7b98c45 InputMethod)/@0x2b96b66 - animation-leash of insets_animation#32033'
01-05 19:32:59.696   766   766 E audit   : type=1400 audit(1767641579.692:2638662): avc:  denied  { read } for  pid=1133 comm="HwBinder:1133_1" name="u:object_r:aac_drc_prop:s0" dev="tmpfs" ino=7227 scontext=u:r:mediaswcodec:s0 tcontext=u:object_r:aac_drc_prop:s0 tclass=file permissive=0 SEPF_SM-A145P_12_0001 audit_filtered
01-05 19:32:59.696   766   766 E audit   : type=1400 audit(1767641579.696:2638663): avc:  denied  { read } for  pid=1133 comm="HwBinder:1133_1" name="u:object_r:aac_drc_prop:s0" dev="tmpfs" ino=7227 scontext=u:r:mediaswcodec:s0 tcontext=u:object_r:aac_drc_prop:s0 tclass=file permissive=0 SEPF_SM-A145P_12_0001 audit_filtered
01-05 19:32:59.696   766   766 E audit   : type=1400 audit(1767641579.696:2638664): avc:  denied  { read } for  pid=1133 comm="HwBinder:1133_1" name="u:object_r:aac_drc_prop:s0" dev="tmpfs" ino=7227 scontext=u:r:mediaswcodec:s0 tcontext=u:object_r:aac_drc_prop:s0 tclass=file permissive=0 SEPF_SM-A145P_12_0001 audit_filtered
01-05 19:32:59.697   766   766 E audit   : type=1400 audit(1767641579.696:2638665): avc:  denied  { read } for  pid=1133 comm="HwBinder:1133_1" name="u:object_r:aac_drc_prop:s0" dev="tmpfs" ino=7227 scontext=u:r:mediaswcodec:s0 tcontext=u:object_r:aac_drc_prop:s0 tclass=file permissive=0 SEPF_SM-A145P_12_0001 audit_filtered
01-05 19:32:59.697   766   766 E audit   : type=1400 audit(1767641579.696:2638666): avc:  denied  { read } for  pid=1133 comm="HwBinder:1133_1" name="u:object_r:aac_drc_prop:s0" dev="tmpfs" ino=7227 scontext=u:r:mediaswcodec:s0 tcontext=u:object_r:aac_drc_prop:s0 tclass=file permissive=0 SEPF_SM-A145P_12_0001 audit_filtered
01-05 19:32:59.718   793  3588 E FmtSync : [0xf5aec5a0] createTimeline() can't open /dev/fmt_sync
01-05 19:32:59.718   793  3588 E FmtSync : [0xf5aec5a0] createTimeline() can't create fmt_sync_timeline -1
01-05 19:32:59.795  1133  1276 E Codec2-ComponentInterface: We have a failed config
01-05 19:33:00.025   783 16759 E AudioALSAPlaybackHandlerBase: -getHardwareBufferInfo(), pcm_get_htimestamp fail, ret = -1, pcm_get_error =  flag = 0xa
01-05 19:33:00.036   783 16759 E AudioALSAPlaybackHandlerBase: -getHardwareBufferInfo(), pcm_get_htimestamp fail, ret = -1, pcm_get_error =  flag = 0xa
01-05 19:33:00.038   783 16759 E AudioALSAPlaybackHandlerBase: -getHardwareBufferInfo(), pcm_get_htimestamp fail, ret = -1, pcm_get_error =  flag = 0xa
01-05 19:33:00.044   783 16759 E AudioALSAPlaybackHandlerBase: -getHardwareBufferInfo(), pcm_get_htimestamp fail, ret = -1, pcm_get_error =  flag = 0xa
01-05 19:33:00.411  3310  3310 E RestrictModeUtil: isDexMode() : desktop mode manager is null, so it can't be decided
01-05 19:33:00.419  3310  3310 E SoundAliveWrapper: isAlive() : SoundAlive instance is null
01-05 19:33:00.728   766   766 E audit   : type=1400 audit(1767641580.724:2638731): avc:  denied  { getattr } for  pid=22326 comm="RenderThread" name="dmabuf:" dev="dmabuf" ino=1 scontext=u:r:untrusted_app:s0:c95,c257,c512,c768 tcontext=u:object_r:unlabeled:s0 tclass=filesystem permissive=0 SEPF_SM-A145P_12_0001 audit_filtered
01-05 19:33:00.760   766   766 E audit   : type=1400 audit(1767641580.756:2638732): avc:  denied  { read } for  pid=1199 comm="fingerprint@2.1" name="u:object_r:default_prop:s0" dev="tmpfs" ino=7325 scontext=u:r:hal_fingerprint_default:s0 tcontext=u:object_r:default_prop:s0 tclass=file permissive=0 SEPF_SM-A145P_12_0001 audit_filtered
01-05 19:33:00.760   766   766 E audit   : type=1400 audit(1767641580.756:2638733): avc:  denied  { read } for  pid=1199 comm="fingerprint@2.1" name="u:object_r:default_prop:s0" dev="tmpfs" ino=7325 scontext=u:r:hal_fingerprint_default:s0 tcontext=u:object_r:default_prop:s0 tclass=file permissive=0 SEPF_SM-A145P_12_0001 audit_filtered
01-05 19:33:00.771   766   766 E audit   : type=1400 audit(1767641580.768:2638734): avc:  denied  { getattr } for  pid=22326 comm="RenderThread" name="dmabuf:" dev="dmabuf" ino=1 scontext=u:r:untrusted_app:s0:c95,c257,c512,c768 tcontext=u:object_r:unlabeled:s0 tclass=filesystem permissive=0 SEPF_SM-A145P_12_0001 audit_filtered
01-05 19:33:00.808   766   766 E audit   : type=1400 audit(1767641580.804:2638735): avc:  denied  { getattr } for  pid=22326 comm="RenderThread" name="dmabuf:" dev="dmabuf" ino=1 scontext=u:r:untrusted_app:s0:c95,c257,c512,c768 tcontext=u:object_r:unlabeled:s0 tclass=filesystem permissive=0 SEPF_SM-A145P_12_0001 audit_filtered
01-05 19:33:01.670   816   816 E SecVibrator-HAL-AIDL-CORE: V_2_0: Vibrator on for timeoutMs: 45
01-05 19:33:01.670   816   816 E SecVibrator-HAL-AIDL-CORE: HW_API: do_on for timeoutMs: 45
01-05 19:33:01.670   816   816 E SecVibrator-HAL-AIDL-CORE: HW_API: >> writeNode node:/leds/vibrator/state val:1
01-05 19:33:01.671   816   816 E SecVibrator-HAL-AIDL-CORE: HW_API: << writeNode node OK : 2
01-05 19:33:01.671   816   816 E SecVibrator-HAL-AIDL-CORE: HW_API: >> writeNode node:/leds/vibrator/duration val:45
01-05 19:33:01.671   816   816 E SecVibrator-HAL-AIDL-CORE: HW_API: << writeNode node OK : 3
01-05 19:33:01.671   816   816 E SecVibrator-HAL-AIDL-CORE: HW_API: >> writeNode node:/leds/vibrator/activate val:1
01-05 19:33:01.671   816   816 E SecVibrator-HAL-AIDL-CORE: HW_API: << writeNode node OK : 2
01-05 19:33:01.713   816   816 E SecVibrator-HAL-AIDL-CORE: V_2_0: Vibrator off
01-05 19:33:01.713   816   816 E SecVibrator-HAL-AIDL-CORE: HW_API: do_off
01-05 19:33:01.713   816   816 E SecVibrator-HAL-AIDL-CORE: HW_API: >> writeNode node:/leds/vibrator/activate val:0
01-05 19:33:01.713   816   816 E SecVibrator-HAL-AIDL-CORE: HW_API: << writeNode node OK : 2
01-05 19:33:01.825   766   766 E audit   : type=1400 audit(1767641581.824:2638751): avc:  denied  { read } for  pid=1199 comm="fingerprint@2.1" name="u:object_r:default_prop:s0" dev="tmpfs" ino=7325 scontext=u:r:hal_fingerprint_default:s0 tcontext=u:object_r:default_prop:s0 tclass=file permissive=0 SEPF_SM-A145P_12_0001 audit_filtered
01-05 19:33:01.825   766   766 E audit   : type=1400 audit(1767641581.824:2638752): avc:  denied  { read } for  pid=1199 comm="fingerprint@2.1" name="u:object_r:default_prop:s0" dev="tmpfs" ino=7325 scontext=u:r:hal_fingerprint_default:s0 tcontext=u:object_r:default_prop:s0 tclass=file permissive=0 SEPF_SM-A145P_12_0001 audit_filtered
01-05 19:33:01.857   834   881 E BufferQueueDebug: [Surface(name=9634540 NavigationBar0)/@0x14152ee - animation-leash of insets_animation#32034](this:0xb400007d3a454790,id:-1,api:0,p:-1,c:-1) id info cannot be read from 'Surface(name=9634540 NavigationBar0)/@0x14152ee - animation-leash of insets_animation#32034'
01-05 19:33:01.859   834   881 E BufferQueueDebug: [Surface(name=5fd348f StatusBar)/@0x1509225 - animation-leash of insets_animation#32035](this:0xb400007d3a467790,id:-1,api:0,p:-1,c:-1) id info cannot be read from 'Surface(name=5fd348f StatusBar)/@0x1509225 - animation-leash of insets_animation#32035'
01-05 19:33:01.867   834   881 E BufferQueueDebug: [Transition Root: ActivityRecord{71e345f u0 com.whatsapp/.status.playback.StatusPlaybackActivity t10051 f}}#32036](this:0xb400007d3a47e790,id:-1,api:0,p:-1,c:-1) id info cannot be read from 'Transition Root: ActivityRecord{71e345f u0 com.whatsapp/.status.playback.StatusPlaybackActivity t10051 f}}#32036'
01-05 19:33:01.918   834  2282 E BufferQueueDebug: [Surface(name=7b98c45 InputMethod)/@0x2b96b66 - animation-leash of insets_animation#32037](this:0xb400007d3a4bf790,id:-1,api:0,p:-1,c:-1) id info cannot be read from 'Surface(name=7b98c45 InputMethod)/@0x2b96b66 - animation-leash of insets_animation#32037'
01-05 19:33:01.965   766   766 E audit   : type=1400 audit(1767641581.964:2638753): avc:  denied  { read } for  pid=1199 comm="fingerprint@2.1" name="u:object_r:default_prop:s0" dev="tmpfs" ino=7325 scontext=u:r:hal_fingerprint_default:s0 tcontext=u:object_r:default_prop:s0 tclass=file permissive=0 SEPF_SM-A145P_12_0001 audit_filtered
01-05 19:33:01.966   766   766 E audit   : type=1400 audit(1767641581.964:2638754): avc:  denied  { read } for  pid=1199 comm="fingerprint@2.1" name="u:object_r:default_prop:s0" dev="tmpfs" ino=7325 scontext=u:r:hal_fingerprint_default:s0 tcontext=u:object_r:default_prop:s0 tclass=file permissive=0 SEPF_SM-A145P_12_0001 audit_filtered
01-05 19:33:02.039 22326  3582 E BufferQueueProducer: [SurfaceTexture-0-22326-7](id:573600000061,api:3,p:22326,c:22326) detachBuffer: BufferQueue has been abandoned
01-05 19:33:02.111   766   766 E audit   : type=1400 audit(1767641582.108:2638755): avc:  denied  { read } for  pid=1199 comm="fingerprint@2.1" name="u:object_r:default_prop:s0" dev="tmpfs" ino=7325 scontext=u:r:hal_fingerprint_default:s0 tcontext=u:object_r:default_prop:s0 tclass=file permissive=0 SEPF_SM-A145P_12_0001 audit_filtered
01-05 19:33:02.416 27388 27422 E TetherOffload: getDataUsage: fail to open mddp device 
01-05 19:33:02.494 27388 27422 E TetherOffload: setDataWarningAndLimit: fail to open mddp device 
01-05 19:33:02.884   766   766 E audit   : type=1400 audit(1767641582.880:2638765): avc:  denied  { read } for  pid=1199 comm="fingerprint@2.1" name="u:object_r:default_prop:s0" dev="tmpfs" ino=7325 scontext=u:r:hal_fingerprint_default:s0 tcontext=u:object_r:default_prop:s0 tclass=file permissive=0 SEPF_SM-A145P_12_0001 audit_filtered
01-05 19:33:02.884   766   766 E audit   : type=1400 audit(1767641582.880:2638766): avc:  denied  { read } for  pid=1199 comm="fingerprint@2.1" name="u:object_r:default_prop:s0" dev="tmpfs" ino=7325 scontext=u:r:hal_fingerprint_default:s0 tcontext=u:object_r:default_prop:s0 tclass=file permissive=0 SEPF_SM-A145P_12_0001 audit_filtered
01-05 19:33:03.049   766   766 E audit   : type=1400 audit(1767641583.048:2638767): avc:  denied  { read } for  pid=1199 comm="fingerprint@2.1" name="u:object_r:default_prop:s0" dev="tmpfs" ino=7325 scontext=u:r:hal_fingerprint_default:s0 tcontext=u:object_r:default_prop:s0 tclass=file permissive=0 SEPF_SM-A145P_12_0001 audit_filtered
01-05 19:33:03.049   766   766 E audit   : type=1400 audit(1767641583.048:2638768): avc:  denied  { read } for  pid=1199 comm="fingerprint@2.1" name="u:object_r:default_prop:s0" dev="tmpfs" ino=7325 scontext=u:r:hal_fingerprint_default:s0 tcontext=u:object_r:default_prop:s0 tclass=file permissive=0 SEPF_SM-A145P_12_0001 audit_filtered
01-05 19:33:03.219   766   766 E audit   : type=1400 audit(1767641583.216:2638769): avc:  denied  { read } for  pid=1199 comm="fingerprint@2.1" name="u:object_r:default_prop:s0" dev="tmpfs" ino=7325 scontext=u:r:hal_fingerprint_default:s0 tcontext=u:object_r:default_prop:s0 tclass=file permissive=0 SEPF_SM-A145P_12_0001 audit_filtered
01-05 19:33:04.018   766   766 E audit   : type=1400 audit(1767641584.016:2638779): avc:  denied  { read } for  pid=1199 comm="fingerprint@2.1" name="u:object_r:default_prop:s0" dev="tmpfs" ino=7325 scontext=u:r:hal_fingerprint_default:s0 tcontext=u:object_r:default_prop:s0 tclass=file permissive=0 SEPF_SM-A145P_12_0001 audit_filtered
01-05 19:33:04.018   766   766 E audit   : type=1400 audit(1767641584.016:2638780): avc:  denied  { read } for  pid=1199 comm="fingerprint@2.1" name="u:object_r:default_prop:s0" dev="tmpfs" ino=7325 scontext=u:r:hal_fingerprint_default:s0 tcontext=u:object_r:default_prop:s0 tclass=file permissive=0 SEPF_SM-A145P_12_0001 audit_filtered
01-05 19:33:04.172   766   766 E audit   : type=1400 audit(1767641584.168:2638781): avc:  denied  { read } for  pid=1199 comm="fingerprint@2.1" name="u:object_r:default_prop:s0" dev="tmpfs" ino=7325 scontext=u:r:hal_fingerprint_default:s0 tcontext=u:object_r:default_prop:s0 tclass=file permissive=0 SEPF_SM-A145P_12_0001 audit_filtered
01-05 19:33:04.172   766   766 E audit   : type=1400 audit(1767641584.168:2638782): avc:  denied  { read } for  pid=1199 comm="fingerprint@2.1" name="u:object_r:default_prop:s0" dev="tmpfs" ino=7325 scontext=u:r:hal_fingerprint_default:s0 tcontext=u:object_r:default_prop:s0 tclass=file permissive=0 SEPF_SM-A145P_12_0001 audit_filtered
01-05 19:33:04.339   766   766 E audit   : type=1400 audit(1767641584.336:2638783): avc:  denied  { read } for  pid=1199 comm="fingerprint@2.1" name="u:object_r:default_prop:s0" dev="tmpfs" ino=7325 scontext=u:r:hal_fingerprint_default:s0 tcontext=u:object_r:default_prop:s0 tclass=file permissive=0 SEPF_SM-A145P_12_0001 audit_filtered
01-05 19:33:05.150   766   766 E audit   : type=1400 audit(1767641585.148:2638793): avc:  denied  { read } for  pid=1199 comm="fingerprint@2.1" name="u:object_r:default_prop:s0" dev="tmpfs" ino=7325 scontext=u:r:hal_fingerprint_default:s0 tcontext=u:object_r:default_prop:s0 tclass=file permissive=0 SEPF_SM-A145P_12_0001 audit_filtered
01-05 19:33:05.150   766   766 E audit   : type=1400 audit(1767641585.148:2638794): avc:  denied  { read } for  pid=1199 comm="fingerprint@2.1" name="u:object_r:default_prop:s0" dev="tmpfs" ino=7325 scontext=u:r:hal_fingerprint_default:s0 tcontext=u:object_r:default_prop:s0 tclass=file permissive=0 SEPF_SM-A145P_12_0001 audit_filtered
01-05 19:33:05.311   766   766 E audit   : type=1400 audit(1767641585.308:2638795): avc:  denied  { read } for  pid=1199 comm="fingerprint@2.1" name="u:object_r:default_prop:s0" dev="tmpfs" ino=7325 scontext=u:r:hal_fingerprint_default:s0 tcontext=u:object_r:default_prop:s0 tclass=file permissive=0 SEPF_SM-A145P_12_0001 audit_filtered
01-05 19:33:05.312   766   766 E audit   : type=1400 audit(1767641585.308:2638796): avc:  denied  { read } for  pid=1199 comm="fingerprint@2.1" name="u:object_r:default_prop:s0" dev="tmpfs" ino=7325 scontext=u:r:hal_fingerprint_default:s0 tcontext=u:object_r:default_prop:s0 tclass=file permissive=0 SEPF_SM-A145P_12_0001 audit_filtered
01-05 19:33:05.466   766   766 E audit   : type=1400 audit(1767641585.464:2638797): avc:  denied  { read } for  pid=1199 comm="fingerprint@2.1" name="u:object_r:default_prop:s0" dev="tmpfs" ino=7325 scontext=u:r:hal_fingerprint_default:s0 tcontext=u:object_r:default_prop:s0 tclass=file permissive=0 SEPF_SM-A145P_12_0001 audit_filtered
01-05 19:33:06.285   766   766 E audit   : type=1400 audit(1767641586.284:2638807): avc:  denied  { read } for  pid=1199 comm="fingerprint@2.1" name="u:object_r:default_prop:s0" dev="tmpfs" ino=7325 scontext=u:r:hal_fingerprint_default:s0 tcontext=u:object_r:default_prop:s0 tclass=file permissive=0 SEPF_SM-A145P_12_0001 audit_filtered
01-05 19:33:06.285   766   766 E audit   : type=1400 audit(1767641586.284:2638808): avc:  denied  { read } for  pid=1199 comm="fingerprint@2.1" name="u:object_r:default_prop:s0" dev="tmpfs" ino=7325 scontext=u:r:hal_fingerprint_default:s0 tcontext=u:object_r:default_prop:s0 tclass=file permissive=0 SEPF_SM-A145P_12_0001 audit_filtered
01-05 19:33:06.449   766   766 E audit   : type=1400 audit(1767641586.448:2638809): avc:  denied  { read } for  pid=1199 comm="fingerprint@2.1" name="u:object_r:default_prop:s0" dev="tmpfs" ino=7325 scontext=u:r:hal_fingerprint_default:s0 tcontext=u:object_r:default_prop:s0 tclass=file permissive=0 SEPF_SM-A145P_12_0001 audit_filtered
01-05 19:33:06.449   766   766 E audit   : type=1400 audit(1767641586.448:2638810): avc:  denied  { read } for  pid=1199 comm="fingerprint@2.1" name="u:object_r:default_prop:s0" dev="tmpfs" ino=7325 scontext=u:r:hal_fingerprint_default:s0 tcontext=u:object_r:default_prop:s0 tclass=file permissive=0 SEPF_SM-A145P_12_0001 audit_filtered
01-05 19:33:06.606   766   766 E audit   : type=1400 audit(1767641586.604:2638811): avc:  denied  { read } for  pid=1199 comm="fingerprint@2.1" name="u:object_r:default_prop:s0" dev="tmpfs" ino=7325 scontext=u:r:hal_fingerprint_default:s0 tcontext=u:object_r:default_prop:s0 tclass=file permissive=0 SEPF_SM-A145P_12_0001 audit_filtered
01-05 19:33:07.328   766   766 E audit   : type=1400 audit(1767641587.324:2638821): avc:  denied  { read } for  pid=1199 comm="fingerprint@2.1" name="u:object_r:default_prop:s0" dev="tmpfs" ino=7325 scontext=u:r:hal_fingerprint_default:s0 tcontext=u:object_r:default_prop:s0 tclass=file permissive=0 SEPF_SM-A145P_12_0001 audit_filtered
01-05 19:33:07.328   766   766 E audit   : type=1400 audit(1767641587.324:2638822): avc:  denied  { read } for  pid=1199 comm="fingerprint@2.1" name="u:object_r:default_prop:s0" dev="tmpfs" ino=7325 scontext=u:r:hal_fingerprint_default:s0 tcontext=u:object_r:default_prop:s0 tclass=file permissive=0 SEPF_SM-A145P_12_0001 audit_filtered
01-05 19:33:07.483   766   766 E audit   : type=1400 audit(1767641587.480:2638823): avc:  denied  { read } for  pid=1199 comm="fingerprint@2.1" name="u:object_r:default_prop:s0" dev="tmpfs" ino=7325 scontext=u:r:hal_fingerprint_default:s0 tcontext=u:object_r:default_prop:s0 tclass=file permissive=0 SEPF_SM-A145P_12_0001 audit_filtered
01-05 19:33:07.484   766   766 E audit   : type=1400 audit(1767641587.480:2638824): avc:  denied  { read } for  pid=1199 comm="fingerprint@2.1" name="u:object_r:default_prop:s0" dev="tmpfs" ino=7325 scontext=u:r:hal_fingerprint_default:s0 tcontext=u:object_r:default_prop:s0 tclass=file permissive=0 SEPF_SM-A145P_12_0001 audit_filtered
01-05 19:33:07.649   766   766 E audit   : type=1400 audit(1767641587.648:2638825): avc:  denied  { read } for  pid=1199 comm="fingerprint@2.1" name="u:object_r:default_prop:s0" dev="tmpfs" ino=7325 scontext=u:r:hal_fingerprint_default:s0 tcontext=u:object_r:default_prop:s0 tclass=file permissive=0 SEPF_SM-A145P_12_0001 audit_filtered
01-05 19:33:08.446   766   766 E audit   : type=1400 audit(1767641588.444:2638835): avc:  denied  { read } for  pid=1199 comm="fingerprint@2.1" name="u:object_r:default_prop:s0" dev="tmpfs" ino=7325 scontext=u:r:hal_fingerprint_default:s0 tcontext=u:object_r:default_prop:s0 tclass=file permissive=0 SEPF_SM-A145P_12_0001 audit_filtered
01-05 19:33:08.446   766   766 E audit   : type=1400 audit(1767641588.444:2638836): avc:  denied  { read } for  pid=1199 comm="fingerprint@2.1" name="u:object_r:default_prop:s0" dev="tmpfs" ino=7325 scontext=u:r:hal_fingerprint_default:s0 tcontext=u:object_r:default_prop:s0 tclass=file permissive=0 SEPF_SM-A145P_12_0001 audit_filtered
01-05 19:33:08.610   766   766 E audit   : type=1400 audit(1767641588.608:2638837): avc:  denied  { read } for  pid=1199 comm="fingerprint@2.1" name="u:object_r:default_prop:s0" dev="tmpfs" ino=7325 scontext=u:r:hal_fingerprint_default:s0 tcontext=u:object_r:default_prop:s0 tclass=file permissive=0 SEPF_SM-A145P_12_0001 audit_filtered
01-05 19:33:08.610   766   766 E audit   : type=1400 audit(1767641588.608:2638838): avc:  denied  { read } for  pid=1199 comm="fingerprint@2.1" name="u:object_r:default_prop:s0" dev="tmpfs" ino=7325 scontext=u:r:hal_fingerprint_default:s0 tcontext=u:object_r:default_prop:s0 tclass=file permissive=0 SEPF_SM-A145P_12_0001 audit_filtered
01-05 19:33:08.769   766   766 E audit   : type=1400 audit(1767641588.768:2638839): avc:  denied  { read } for  pid=1199 comm="fingerprint@2.1" name="u:object_r:default_prop:s0" dev="tmpfs" ino=7325 scontext=u:r:hal_fingerprint_default:s0 tcontext=u:object_r:default_prop:s0 tclass=file permissive=0 SEPF_SM-A145P_12_0001 audit_filtered
01-05 19:33:09.566   766   766 E audit   : type=1400 audit(1767641589.564:2638849): avc:  denied  { read } for  pid=1199 comm="fingerprint@2.1" name="u:object_r:default_prop:s0" dev="tmpfs" ino=7325 scontext=u:r:hal_fingerprint_default:s0 tcontext=u:object_r:default_prop:s0 tclass=file permissive=0 SEPF_SM-A145P_12_0001 audit_filtered
01-05 19:33:09.566   766   766 E audit   : type=1400 audit(1767641589.564:2638850): avc:  denied  { read } for  pid=1199 comm="fingerprint@2.1" name="u:object_r:default_prop:s0" dev="tmpfs" ino=7325 scontext=u:r:hal_fingerprint_default:s0 tcontext=u:object_r:default_prop:s0 tclass=file permissive=0 SEPF_SM-A145P_12_0001 audit_filtered
01-05 19:33:09.703   792   792 E android.hardware.health@2.1-service-samsung: ISehThermal::getService() fail
01-05 19:33:09.714   766   766 E audit   : type=1400 audit(1767641589.712:2638851): avc:  denied  { read } for  pid=1199 comm="fingerprint@2.1" name="u:object_r:default_prop:s0" dev="tmpfs" ino=7325 scontext=u:r:hal_fingerprint_default:s0 tcontext=u:object_r:default_prop:s0 tclass=file permissive=0 SEPF_SM-A145P_12_0001 audit_filtered
01-05 19:33:09.714  1878  2826 E SecPowerUI.Notification: no saved value, so we do nothing !!
01-05 19:33:09.715   766   766 E audit   : type=1400 audit(1767641589.712:2638852): avc:  denied  { read } for  pid=1199 comm="fingerprint@2.1" name="u:object_r:default_prop:s0" dev="tmpfs" ino=7325 scontext=u:r:hal_fingerprint_default:s0 tcontext=u:object_r:default_prop:s0 tclass=file permissive=0 SEPF_SM-A145P_12_0001 audit_filtered
01-05 19:33:09.812   792   792 E android.hardware.health@2.1-service-samsung: ISehThermal::getService() fail
01-05 19:33:09.866   766   766 E audit   : type=1400 audit(1767641589.864:2638853): avc:  denied  { read } for  pid=1199 comm="fingerprint@2.1" name="u:object_r:default_prop:s0" dev="tmpfs" ino=7325 scontext=u:r:hal_fingerprint_default:s0 tcontext=u:object_r:default_prop:s0 tclass=file permissive=0 SEPF_SM-A145P_12_0001 audit_filtered
01-05 19:33:10.663   766   766 E audit   : type=1400 audit(1767641590.660:2638863): avc:  denied  { read } for  pid=1199 comm="fingerprint@2.1" name="u:object_r:default_prop:s0" dev="tmpfs" ino=7325 scontext=u:r:hal_fingerprint_default:s0 tcontext=u:object_r:default_prop:s0 tclass=file permissive=0 SEPF_SM-A145P_12_0001 audit_filtered
01-05 19:33:10.663   766   766 E audit   : type=1400 audit(1767641590.660:2638864): avc:  denied  { read } for  pid=1199 comm="fingerprint@2.1" name="u:object_r:default_prop:s0" dev="tmpfs" ino=7325 scontext=u:r:hal_fingerprint_default:s0 tcontext=u:object_r:default_prop:s0 tclass=file permissive=0 SEPF_SM-A145P_12_0001 audit_filtered
01-05 19:33:10.817   766   766 E audit   : type=1400 audit(1767641590.816:2638865): avc:  denied  { read } for  pid=1199 comm="fingerprint@2.1" name="u:object_r:default_prop:s0" dev="tmpfs" ino=7325 scontext=u:r:hal_fingerprint_default:s0 tcontext=u:object_r:default_prop:s0 tclass=file permissive=0 SEPF_SM-A145P_12_0001 audit_filtered
01-05 19:33:10.817   766   766 E audit   : type=1400 audit(1767641590.816:2638866): avc:  denied  { read } for  pid=1199 comm="fingerprint@2.1" name="u:object_r:default_prop:s0" dev="tmpfs" ino=7325 scontext=u:r:hal_fingerprint_default:s0 tcontext=u:object_r:default_prop:s0 tclass=file permissive=0 SEPF_SM-A145P_12_0001 audit_filtered
01-05 19:33:10.980   766   766 E audit   : type=1400 audit(1767641590.980:2638867): avc:  denied  { read } for  pid=1199 comm="fingerprint@2.1" name="u:object_r:default_prop:s0" dev="tmpfs" ino=7325 scontext=u:r:hal_fingerprint_default:s0 tcontext=u:object_r:default_prop:s0 tclass=file permissive=0 SEPF_SM-A145P_12_0001 audit_filtered
01-05 19:33:11.781   766   766 E audit   : type=1400 audit(1767641591.780:2638877): avc:  denied  { read } for  pid=1199 comm="fingerprint@2.1" name="u:object_r:default_prop:s0" dev="tmpfs" ino=7325 scontext=u:r:hal_fingerprint_default:s0 tcontext=u:object_r:default_prop:s0 tclass=file permissive=0 SEPF_SM-A145P_12_0001 audit_filtered
01-05 19:33:11.781   766   766 E audit   : type=1400 audit(1767641591.780:2638878): avc:  denied  { read } for  pid=1199 comm="fingerprint@2.1" name="u:object_r:default_prop:s0" dev="tmpfs" ino=7325 scontext=u:r:hal_fingerprint_default:s0 tcontext=u:object_r:default_prop:s0 tclass=file permissive=0 SEPF_SM-A145P_12_0001 audit_filtered
01-05 19:33:11.934   766   766 E audit   : type=1400 audit(1767641591.932:2638879): avc:  denied  { read } for  pid=1199 comm="fingerprint@2.1" name="u:object_r:default_prop:s0" dev="tmpfs" ino=7325 scontext=u:r:hal_fingerprint_default:s0 tcontext=u:object_r:default_prop:s0 tclass=file permissive=0 SEPF_SM-A145P_12_0001 audit_filtered
01-05 19:33:11.935   766   766 E audit   : type=1400 audit(1767641591.932:2638880): avc:  denied  { read } for  pid=1199 comm="fingerprint@2.1" name="u:object_r:default_prop:s0" dev="tmpfs" ino=7325 scontext=u:r:hal_fingerprint_default:s0 tcontext=u:object_r:default_prop:s0 tclass=file permissive=0 SEPF_SM-A145P_12_0001 audit_filtered
01-05 19:33:12.087   766   766 E audit   : type=1400 audit(1767641592.084:2638881): avc:  denied  { read } for  pid=1199 comm="fingerprint@2.1" name="u:object_r:default_prop:s0" dev="tmpfs" ino=7325 scontext=u:r:hal_fingerprint_default:s0 tcontext=u:object_r:default_prop:s0 tclass=file permissive=0 SEPF_SM-A145P_12_0001 audit_filtered
01-05 19:33:12.890   766   766 E audit   : type=1400 audit(1767641592.888:2638891): avc:  denied  { read } for  pid=1199 comm="fingerprint@2.1" name="u:object_r:default_prop:s0" dev="tmpfs" ino=7325 scontext=u:r:hal_fingerprint_default:s0 tcontext=u:object_r:default_prop:s0 tclass=file permissive=0 SEPF_SM-A145P_12_0001 audit_filtered
01-05 19:33:12.890   766   766 E audit   : type=1400 audit(1767641592.888:2638892): avc:  denied  { read } for  pid=1199 comm="fingerprint@2.1" name="u:object_r:default_prop:s0" dev="tmpfs" ino=7325 scontext=u:r:hal_fingerprint_default:s0 tcontext=u:object_r:default_prop:s0 tclass=file permissive=0 SEPF_SM-A145P_12_0001 audit_filtered
01-05 19:33:13.052   766   766 E audit   : type=1400 audit(1767641593.048:2638893): avc:  denied  { read } for  pid=1199 comm="fingerprint@2.1" name="u:object_r:default_prop:s0" dev="tmpfs" ino=7325 scontext=u:r:hal_fingerprint_default:s0 tcontext=u:object_r:default_prop:s0 tclass=file permissive=0 SEPF_SM-A145P_12_0001 audit_filtered
01-05 19:33:13.052   766   766 E audit   : type=1400 audit(1767641593.052:2638894): avc:  denied  { read } for  pid=1199 comm="fingerprint@2.1" name="u:object_r:default_prop:s0" dev="tmpfs" ino=7325 scontext=u:r:hal_fingerprint_default:s0 tcontext=u:object_r:default_prop:s0 tclass=file permissive=0 SEPF_SM-A145P_12_0001 audit_filtered
01-05 19:33:13.219   766   766 E audit   : type=1400 audit(1767641593.216:2638895): avc:  denied  { read } for  pid=1199 comm="fingerprint@2.1" name="u:object_r:default_prop:s0" dev="tmpfs" ino=7325 scontext=u:r:hal_fingerprint_default:s0 tcontext=u:object_r:default_prop:s0 tclass=file permissive=0 SEPF_SM-A145P_12_0001 audit_filtered
01-05 19:33:14.037   766   766 E audit   : type=1400 audit(1767641594.036:2638905): avc:  denied  { read } for  pid=1199 comm="fingerprint@2.1" name="u:object_r:default_prop:s0" dev="tmpfs" ino=7325 scontext=u:r:hal_fingerprint_default:s0 tcontext=u:object_r:default_prop:s0 tclass=file permissive=0 SEPF_SM-A145P_12_0001 audit_filtered
01-05 19:33:14.037   766   766 E audit   : type=1400 audit(1767641594.036:2638906): avc:  denied  { read } for  pid=1199 comm="fingerprint@2.1" name="u:object_r:default_prop:s0" dev="tmpfs" ino=7325 scontext=u:r:hal_fingerprint_default:s0 tcontext=u:object_r:default_prop:s0 tclass=file permissive=0 SEPF_SM-A145P_12_0001 audit_filtered
01-05 19:33:14.198   766   766 E audit   : type=1400 audit(1767641594.196:2638907): avc:  denied  { read } for  pid=1199 comm="fingerprint@2.1" name="u:object_r:default_prop:s0" dev="tmpfs" ino=7325 scontext=u:r:hal_fingerprint_default:s0 tcontext=u:object_r:default_prop:s0 tclass=file permissive=0 SEPF_SM-A145P_12_0001 audit_filtered
01-05 19:33:14.199   766   766 E audit   : type=1400 audit(1767641594.196:2638908): avc:  denied  { read } for  pid=1199 comm="fingerprint@2.1" name="u:object_r:default_prop:s0" dev="tmpfs" ino=7325 scontext=u:r:hal_fingerprint_default:s0 tcontext=u:object_r:default_prop:s0 tclass=file permissive=0 SEPF_SM-A145P_12_0001 audit_filtered
01-05 19:33:14.363   766   766 E audit   : type=1400 audit(1767641594.360:2638909): avc:  denied  { read } for  pid=1199 comm="fingerprint@2.1" name="u:object_r:default_prop:s0" dev="tmpfs" ino=7325 scontext=u:r:hal_fingerprint_default:s0 tcontext=u:object_r:default_prop:s0 tclass=file permissive=0 SEPF_SM-A145P_12_0001 audit_filtered
01-05 19:33:15.166   766   766 E audit   : type=1400 audit(1767641595.164:2638919): avc:  denied  { read } for  pid=1199 comm="fingerprint@2.1" name="u:object_r:default_prop:s0" dev="tmpfs" ino=7325 scontext=u:r:hal_fingerprint_default:s0 tcontext=u:object_r:default_prop:s0 tclass=file permissive=0 SEPF_SM-A145P_12_0001 audit_filtered
01-05 19:33:15.167   766   766 E audit   : type=1400 audit(1767641595.164:2638920): avc:  denied  { read } for  pid=1199 comm="fingerprint@2.1" name="u:object_r:default_prop:s0" dev="tmpfs" ino=7325 scontext=u:r:hal_fingerprint_default:s0 tcontext=u:object_r:default_prop:s0 tclass=file permissive=0 SEPF_SM-A145P_12_0001 audit_filtered
01-05 19:33:15.303   766   766 E audit   : type=1400 audit(1767641595.300:2638921): avc:  denied  { read } for  pid=1199 comm="fingerprint@2.1" name="u:object_r:default_prop:s0" dev="tmpfs" ino=7325 scontext=u:r:hal_fingerprint_default:s0 tcontext=u:object_r:default_prop:s0 tclass=file permissive=0 SEPF_SM-A145P_12_0001 audit_filtered
01-05 19:33:15.303   766   766 E audit   : type=1400 audit(1767641595.300:2638922): avc:  denied  { read } for  pid=1199 comm="fingerprint@2.1" name="u:object_r:default_prop:s0" dev="tmpfs" ino=7325 scontext=u:r:hal_fingerprint_default:s0 tcontext=u:object_r:default_prop:s0 tclass=file permissive=0 SEPF_SM-A145P_12_0001 audit_filtered
01-05 19:33:15.467   766   766 E audit   : type=1400 audit(1767641595.464:2638923): avc:  denied  { read } for  pid=1199 comm="fingerprint@2.1" name="u:object_r:default_prop:s0" dev="tmpfs" ino=7325 scontext=u:r:hal_fingerprint_default:s0 tcontext=u:object_r:default_prop:s0 tclass=file permissive=0 SEPF_SM-A145P_12_0001 audit_filtered
01-05 19:33:16.272   766   766 E audit   : type=1400 audit(1767641596.268:2638933): avc:  denied  { read } for  pid=1199 comm="fingerprint@2.1" name="u:object_r:default_prop:s0" dev="tmpfs" ino=7325 scontext=u:r:hal_fingerprint_default:s0 tcontext=u:object_r:default_prop:s0 tclass=file permissive=0 SEPF_SM-A145P_12_0001 audit_filtered
01-05 19:33:16.272   766   766 E audit   : type=1400 audit(1767641596.268:2638934): avc:  denied  { read } for  pid=1199 comm="fingerprint@2.1" name="u:object_r:default_prop:s0" dev="tmpfs" ino=7325 scontext=u:r:hal_fingerprint_default:s0 tcontext=u:object_r:default_prop:s0 tclass=file permissive=0 SEPF_SM-A145P_12_0001 audit_filtered
01-05 19:33:16.434   766   766 E audit   : type=1400 audit(1767641596.432:2638935): avc:  denied  { read } for  pid=1199 comm="fingerprint@2.1" name="u:object_r:default_prop:s0" dev="tmpfs" ino=7325 scontext=u:r:hal_fingerprint_default:s0 tcontext=u:object_r:default_prop:s0 tclass=file permissive=0 SEPF_SM-A145P_12_0001 audit_filtered
01-05 19:33:16.434   766   766 E audit   : type=1400 audit(1767641596.432:2638936): avc:  denied  { read } for  pid=1199 comm="fingerprint@2.1" name="u:object_r:default_prop:s0" dev="tmpfs" ino=7325 scontext=u:r:hal_fingerprint_default:s0 tcontext=u:object_r:default_prop:s0 tclass=file permissive=0 SEPF_SM-A145P_12_0001 audit_filtered
01-05 19:33:16.598   766   766 E audit   : type=1400 audit(1767641596.596:2638937): avc:  denied  { read } for  pid=1199 comm="fingerprint@2.1" name="u:object_r:default_prop:s0" dev="tmpfs" ino=7325 scontext=u:r:hal_fingerprint_default:s0 tcontext=u:object_r:default_prop:s0 tclass=file permissive=0 SEPF_SM-A145P_12_0001 audit_filtered
01-05 19:33:17.413   766   766 E audit   : type=1400 audit(1767641597.412:2638947): avc:  denied  { read } for  pid=1199 comm="fingerprint@2.1" name="u:object_r:default_prop:s0" dev="tmpfs" ino=7325 scontext=u:r:hal_fingerprint_default:s0 tcontext=u:object_r:default_prop:s0 tclass=file permissive=0 SEPF_SM-A145P_12_0001 audit_filtered
01-05 19:33:17.413   766   766 E audit   : type=1400 audit(1767641597.412:2638948): avc:  denied  { read } for  pid=1199 comm="fingerprint@2.1" name="u:object_r:default_prop:s0" dev="tmpfs" ino=7325 scontext=u:r:hal_fingerprint_default:s0 tcontext=u:object_r:default_prop:s0 tclass=file permissive=0 SEPF_SM-A145P_12_0001 audit_filtered
01-05 19:33:17.576   766   766 E audit   : type=1400 audit(1767641597.576:2638949): avc:  denied  { read } for  pid=1199 comm="fingerprint@2.1" name="u:object_r:default_prop:s0" dev="tmpfs" ino=7325 scontext=u:r:hal_fingerprint_default:s0 tcontext=u:object_r:default_prop:s0 tclass=file permissive=0 SEPF_SM-A145P_12_0001 audit_filtered
01-05 19:33:17.577   766   766 E audit   : type=1400 audit(1767641597.576:2638950): avc:  denied  { read } for  pid=1199 comm="fingerprint@2.1" name="u:object_r:default_prop:s0" dev="tmpfs" ino=7325 scontext=u:r:hal_fingerprint_default:s0 tcontext=u:object_r:default_prop:s0 tclass=file permissive=0 SEPF_SM-A145P_12_0001 audit_filtered
01-05 19:33:17.732   766   766 E audit   : type=1400 audit(1767641597.728:2638951): avc:  denied  { read } for  pid=1199 comm="fingerprint@2.1" name="u:object_r:default_prop:s0" dev="tmpfs" ino=7325 scontext=u:r:hal_fingerprint_default:s0 tcontext=u:object_r:default_prop:s0 tclass=file permissive=0 SEPF_SM-A145P_12_0001 audit_filtered
01-05 19:33:18.534   766   766 E audit   : type=1400 audit(1767641598.532:2638961): avc:  denied  { read } for  pid=1199 comm="fingerprint@2.1" name="u:object_r:default_prop:s0" dev="tmpfs" ino=7325 scontext=u:r:hal_fingerprint_default:s0 tcontext=u:object_r:default_prop:s0 tclass=file permissive=0 SEPF_SM-A145P_12_0001 audit_filtered
01-05 19:33:18.535   766   766 E audit   : type=1400 audit(1767641598.532:2638962): avc:  denied  { read } for  pid=1199 comm="fingerprint@2.1" name="u:object_r:default_prop:s0" dev="tmpfs" ino=7325 scontext=u:r:hal_fingerprint_default:s0 tcontext=u:object_r:default_prop:s0 tclass=file permissive=0 SEPF_SM-A145P_12_0001 audit_filtered
01-05 19:33:18.691   766   766 E audit   : type=1400 audit(1767641598.688:2638963): avc:  denied  { read } for  pid=1199 comm="fingerprint@2.1" name="u:object_r:default_prop:s0" dev="tmpfs" ino=7325 scontext=u:r:hal_fingerprint_default:s0 tcontext=u:object_r:default_prop:s0 tclass=file permissive=0 SEPF_SM-A145P_12_0001 audit_filtered
01-05 19:33:18.692   766   766 E audit   : type=1400 audit(1767641598.688:2638964): avc:  denied  { read } for  pid=1199 comm="fingerprint@2.1" name="u:object_r:default_prop:s0" dev="tmpfs" ino=7325 scontext=u:r:hal_fingerprint_default:s0 tcontext=u:object_r:default_prop:s0 tclass=file permissive=0 SEPF_SM-A145P_12_0001 audit_filtered
01-05 19:33:18.854   766   766 E audit   : type=1400 audit(1767641598.852:2638965): avc:  denied  { read } for  pid=1199 comm="fingerprint@2.1" name="u:object_r:default_prop:s0" dev="tmpfs" ino=7325 scontext=u:r:hal_fingerprint_default:s0 tcontext=u:object_r:default_prop:s0 tclass=file permissive=0 SEPF_SM-A145P_12_0001 audit_filtered
01-05 19:33:19.667   766   766 E audit   : type=1400 audit(1767641599.664:2638975): avc:  denied  { read } for  pid=1199 comm="fingerprint@2.1" name="u:object_r:default_prop:s0" dev="tmpfs" ino=7325 scontext=u:r:hal_fingerprint_default:s0 tcontext=u:object_r:default_prop:s0 tclass=file permissive=0 SEPF_SM-A145P_12_0001 audit_filtered
01-05 19:33:19.668   766   766 E audit   : type=1400 audit(1767641599.664:2638976): avc:  denied  { read } for  pid=1199 comm="fingerprint@2.1" name="u:object_r:default_prop:s0" dev="tmpfs" ino=7325 scontext=u:r:hal_fingerprint_default:s0 tcontext=u:object_r:default_prop:s0 tclass=file permissive=0 SEPF_SM-A145P_12_0001 audit_filtered
01-05 19:33:19.834   766   766 E audit   : type=1400 audit(1767641599.832:2638977): avc:  denied  { read } for  pid=1199 comm="fingerprint@2.1" name="u:object_r:default_prop:s0" dev="tmpfs" ino=7325 scontext=u:r:hal_fingerprint_default:s0 tcontext=u:object_r:default_prop:s0 tclass=file permissive=0 SEPF_SM-A145P_12_0001 audit_filtered
01-05 19:33:19.835   766   766 E audit   : type=1400 audit(1767641599.832:2638978): avc:  denied  { read } for  pid=1199 comm="fingerprint@2.1" name="u:object_r:default_prop:s0" dev="tmpfs" ino=7325 scontext=u:r:hal_fingerprint_default:s0 tcontext=u:object_r:default_prop:s0 tclass=file permissive=0 SEPF_SM-A145P_12_0001 audit_filtered
01-05 19:33:19.998   766   766 E audit   : type=1400 audit(1767641599.996:2638979): avc:  denied  { read } for  pid=1199 comm="fingerprint@2.1" name="u:object_r:default_prop:s0" dev="tmpfs" ino=7325 scontext=u:r:hal_fingerprint_default:s0 tcontext=u:object_r:default_prop:s0 tclass=file permissive=0 SEPF_SM-A145P_12_0001 audit_filtered
01-05 19:33:20.813   766   766 E audit   : type=1400 audit(1767641600.812:2638989): avc:  denied  { read } for  pid=1199 comm="fingerprint@2.1" name="u:object_r:default_prop:s0" dev="tmpfs" ino=7325 scontext=u:r:hal_fingerprint_default:s0 tcontext=u:object_r:default_prop:s0 tclass=file permissive=0 SEPF_SM-A145P_12_0001 audit_filtered
01-05 19:33:20.814   766   766 E audit   : type=1400 audit(1767641600.812:2638990): avc:  denied  { read } for  pid=1199 comm="fingerprint@2.1" name="u:object_r:default_prop:s0" dev="tmpfs" ino=7325 scontext=u:r:hal_fingerprint_default:s0 tcontext=u:object_r:default_prop:s0 tclass=file permissive=0 SEPF_SM-A145P_12_0001 audit_filtered
01-05 19:33:20.948   766   766 E audit   : type=1400 audit(1767641600.948:2638991): avc:  denied  { read } for  pid=1199 comm="fingerprint@2.1" name="u:object_r:default_prop:s0" dev="tmpfs" ino=7325 scontext=u:r:hal_fingerprint_default:s0 tcontext=u:object_r:default_prop:s0 tclass=file permissive=0 SEPF_SM-A145P_12_0001 audit_filtered
01-05 19:33:20.949   766   766 E audit   : type=1400 audit(1767641600.948:2638992): avc:  denied  { read } for  pid=1199 comm="fingerprint@2.1" name="u:object_r:default_prop:s0" dev="tmpfs" ino=7325 scontext=u:r:hal_fingerprint_default:s0 tcontext=u:object_r:default_prop:s0 tclass=file permissive=0 SEPF_SM-A145P_12_0001 audit_filtered
01-05 19:33:21.111   766   766 E audit   : type=1400 audit(1767641601.108:2638993): avc:  denied  { read } for  pid=1199 comm="fingerprint@2.1" name="u:object_r:default_prop:s0" dev="tmpfs" ino=7325 scontext=u:r:hal_fingerprint_default:s0 tcontext=u:object_r:default_prop:s0 tclass=file permissive=0 SEPF_SM-A145P_12_0001 audit_filtered
01-05 19:33:21.913   766   766 E audit   : type=1400 audit(1767641601.912:2639003): avc:  denied  { read } for  pid=1199 comm="fingerprint@2.1" name="u:object_r:default_prop:s0" dev="tmpfs" ino=7325 scontext=u:r:hal_fingerprint_default:s0 tcontext=u:object_r:default_prop:s0 tclass=file permissive=0 SEPF_SM-A145P_12_0001 audit_filtered
01-05 19:33:21.913   766   766 E audit   : type=1400 audit(1767641601.912:2639004): avc:  denied  { read } for  pid=1199 comm="fingerprint@2.1" name="u:object_r:default_prop:s0" dev="tmpfs" ino=7325 scontext=u:r:hal_fingerprint_default:s0 tcontext=u:object_r:default_prop:s0 tclass=file permissive=0 SEPF_SM-A145P_12_0001 audit_filtered
01-05 19:33:22.056   766   766 E audit   : type=1400 audit(1767641602.052:2639005): avc:  denied  { read } for  pid=1199 comm="fingerprint@2.1" name="u:object_r:default_prop:s0" dev="tmpfs" ino=7325 scontext=u:r:hal_fingerprint_default:s0 tcontext=u:object_r:default_prop:s0 tclass=file permissive=0 SEPF_SM-A145P_12_0001 audit_filtered
01-05 19:33:22.057   766   766 E audit   : type=1400 audit(1767641602.056:2639006): avc:  denied  { read } for  pid=1199 comm="fingerprint@2.1" name="u:object_r:default_prop:s0" dev="tmpfs" ino=7325 scontext=u:r:hal_fingerprint_default:s0 tcontext=u:object_r:default_prop:s0 tclass=file permissive=0 SEPF_SM-A145P_12_0001 audit_filtered
01-05 19:33:22.092  1371  5566 E KernelCpuUidFullTimeReader: Negative delta from freq time for uid: 90000, delta: -48832
01-05 19:33:22.093  1371  5566 E KernelCpuUidFullTimeReader: Negative delta from freq time for uid: 90001, delta: -135468
01-05 19:33:22.093  1371  5566 E KernelCpuUidFullTimeReader: Negative delta from freq time for uid: 90002, delta: -41316
01-05 19:33:22.093  1371  5566 E KernelCpuUidFullTimeReader: Negative delta from freq time for uid: 90003, delta: -174513
01-05 19:33:22.093  1371  5566 E KernelCpuUidFullTimeReader: Negative delta from freq time for uid: 90004, delta: -495884
01-05 19:33:22.093  1371  5566 E KernelCpuUidFullTimeReader: Negative delta from freq time for uid: 90005, delta: -820382
01-05 19:33:22.093  1371  5566 E KernelCpuUidFullTimeReader: Negative delta from freq time for uid: 90006, delta: -9987
01-05 19:33:22.093  1371  5566 E KernelCpuUidFullTimeReader: Negative delta from freq time for uid: 90007, delta: -612341
01-05 19:33:22.093  1371  5566 E KernelCpuUidFullTimeReader: Negative delta from freq time for uid: 90008, delta: -172593
01-05 19:33:22.093  1371  5566 E KernelCpuUidFullTimeReader: Negative delta from freq time for uid: 90009, delta: -156148
01-05 19:33:22.093  1371  5566 E KernelCpuUidFullTimeReader: Negative delta from freq time for uid: 90010, delta: -81697
01-05 19:33:22.093  1371  5566 E KernelCpuUidFullTimeReader: Negative delta from freq time for uid: 90011, delta: -11339
01-05 19:33:22.093  1371  5566 E KernelCpuUidFullTimeReader: Negative delta from freq time for uid: 90012, delta: -6955
01-05 19:33:22.093  1371  5566 E KernelCpuUidFullTimeReader: Negative delta from freq time for uid: 90013, delta: -589
01-05 19:33:22.093  1371  5566 E KernelCpuUidFullTimeReader: Negative delta from freq time for uid: 90014, delta: -43
01-05 19:33:22.093  1371  5566 E KernelCpuUidFullTimeReader: Negative delta from freq time for uid: 90015, delta: -8845
01-05 19:33:22.093  1371  5566 E KernelCpuUidFullTimeReader: Negative delta from freq time for uid: 90016, delta: -42543
01-05 19:33:22.093  1371  5566 E KernelCpuUidFullTimeReader: Negative delta from freq time for uid: 90017, delta: -9283
01-05 19:33:22.093  1371  5566 E KernelCpuUidFullTimeReader: Negative delta from freq time for uid: 90019, delta: -39559
01-05 19:33:22.093  1371  5566 E KernelCpuUidFullTimeReader: Negative delta from freq time for uid: 90020, delta: -10475
01-05 19:33:22.093  1371  5566 E KernelCpuUidFullTimeReader: Negative delta from freq time for uid: 90022, delta: -9196
01-05 19:33:22.093  1371  5566 E KernelCpuUidFullTimeReader: Negative delta from freq time for uid: 90026, delta: -1928
01-05 19:33:22.093  1371  5566 E KernelCpuUidFullTimeReader: Negative delta from freq time for uid: 90028, delta: -267
