01-05 19:34:02.678   834  1439 E BufferQueueDebug: [com.google.android.permissioncontroller/com.android.permissioncontroller.permission.ui.GrantPermissionsActivity$_3814#32063](this:0xb400007d3a8dc790,id:-1,api:0,p:-1,c:-1) id info cannot be read from 'com.google.android.permissioncontroller/com.android.permissioncontroller.permission.ui.GrantPermissionsActivity$_3814#32063'
01-05 19:34:02.684   834  1439 E BufferQueueDebug: [Surface(name=9634540 NavigationBar0)/@0x14152ee - animation-leash of insets_animation#32064](this:0xb400007d3a8df790,id:-1,api:0,p:-1,c:-1) id info cannot be read from 'Surface(name=9634540 NavigationBar0)/@0x14152ee - animation-leash of insets_animation#32064'
01-05 19:34:02.686   834  1438 E BufferQueueDebug: [Surface(name=5fd348f StatusBar)/@0x1509225 - animation-leash of insets_animation#32065](this:0xb400007d3a560790,id:-1,api:0,p:-1,c:-1) id info cannot be read from 'Surface(name=5fd348f StatusBar)/@0x1509225 - animation-leash of insets_animation#32065'
01-05 19:34:02.697  3814  3814 E FBI     : Can't load library: dlopen failed: library "libmagtsync.so" not found
01-05 19:34:02.699   834  1439 E HWComposer: getSupportedContentTypes: getSupportedContentTypes failed for display 0: Unsupported (8)
01-05 19:34:02.705   766   766 E audit   : type=1400 audit(1767641642.704:2639665): avc:  denied  { read } for  pid=1199 comm="fingerprint@2.1" name="u:object_r:default_prop:s0" dev="tmpfs" ino=7325 scontext=u:r:hal_fingerprint_default:s0 tcontext=u:object_r:default_prop:s0 tclass=file permissive=0 SEPF_SM-A145P_12_0001 audit_filtered
01-05 19:34:02.705   766   766 E audit   : type=1400 audit(1767641642.704:2639666): avc:  denied  { read } for  pid=1199 comm="fingerprint@2.1" name="u:object_r:default_prop:s0" dev="tmpfs" ino=7325 scontext=u:r:hal_fingerprint_default:s0 tcontext=u:object_r:default_prop:s0 tclass=file permissive=0 SEPF_SM-A145P_12_0001 audit_filtered
01-05 19:34:02.720   834  1439 E BufferQueueDebug: [Transition Root: ActivityRecord{6d42ca1 u0 com.google.android.permissioncontroller/com.android.permissioncontroller.permission.ui.GrantPermissionsActivity t10066}#32066](this:0xb400007d3a8e2790,id:-1,api:0,p:-1,c:-1) id info cannot be read from 'Transition Root: ActivityRecord{6d42ca1 u0 com.google.android.permissioncontroller/com.android.permissioncontroller.permission.ui.GrantPermissionsActivity t10066}#32066'
01-05 19:34:02.731   834  2282 E BufferQueueDebug: [3f122ab ActivityRecordInputSink com.google.android.permissioncontroller/com.android.permissioncontroller.permission.ui.GrantPermissionsActivity#32067](this:0xb400007d3a5d0790,id:-1,api:0,p:-1,c:-1) id info cannot be read from '3f122ab ActivityRecordInputSink com.google.android.permissioncontroller/com.android.permissioncontroller.permission.ui.GrantPermissionsActivity#32067'
01-05 19:34:02.753  2953  2953 E pageboostd: Received HALT command code 2
01-05 19:34:02.775   834  2282 E BufferQueueDebug: [Surface(name=7b98c45 InputMethod)/@0x2b96b66 - animation-leash of insets_animation#32068](this:0xb400007d3a5d3790,id:-1,api:0,p:-1,c:-1) id info cannot be read from 'Surface(name=7b98c45 InputMethod)/@0x2b96b66 - animation-leash of insets_animation#32068'
01-05 19:34:02.837   766   766 E audit   : type=1400 audit(1767641642.836:2639667): avc:  denied  { read } for  pid=1199 comm="fingerprint@2.1" name="u:object_r:default_prop:s0" dev="tmpfs" ino=7325 scontext=u:r:hal_fingerprint_default:s0 tcontext=u:object_r:default_prop:s0 tclass=file permissive=0 SEPF_SM-A145P_12_0001 audit_filtered
01-05 19:34:02.837   766   766 E audit   : type=1400 audit(1767641642.836:2639668): avc:  denied  { read } for  pid=1199 comm="fingerprint@2.1" name="u:object_r:default_prop:s0" dev="tmpfs" ino=7325 scontext=u:r:hal_fingerprint_default:s0 tcontext=u:object_r:default_prop:s0 tclass=file permissive=0 SEPF_SM-A145P_12_0001 audit_filtered
01-05 19:34:02.867   834  2282 E BufferQueueDebug: [Surface(name=7ecd777 com.google.android.permissioncontroller/com.android.permissioncontroller.permission.ui.GrantPermissionsActivity)/@0xfe543e3 - animation-leash of window_animation#32069](this:0xb400007d3a5d6790,id:-1,api:0,p:-1,c:-1) id info cannot be read from 'Surface(name=7ecd777 com.google.android.permissioncontroller/com.android.permissioncontroller.permission.ui.GrantPermissionsActivity)/@0xfe543e3 - animation-leash of window_animation#32069'
01-05 19:34:02.870   834  2282 E BufferQueueDebug: [Dim Layer for - Task=10066#32070](this:0xb400007d3a5dd790,id:-1,api:0,p:-1,c:-1) id info cannot be read from 'Dim Layer for - Task=10066#32070'
01-05 19:34:02.872   834  2282 E BufferQueueDebug: [Surface(name=Dim Layer for - Task=10066)/@0xf617c99 - animation-leash of dimmer#32071](this:0xb400007d3a5e0790,id:-1,api:0,p:-1,c:-1) id info cannot be read from 'Surface(name=Dim Layer for - Task=10066)/@0xf617c99 - animation-leash of dimmer#32071'
01-05 19:34:02.969   766   766 E audit   : type=1400 audit(1767641642.968:2639669): avc:  denied  { read } for  pid=1199 comm="fingerprint@2.1" name="u:object_r:default_prop:s0" dev="tmpfs" ino=7325 scontext=u:r:hal_fingerprint_default:s0 tcontext=u:object_r:default_prop:s0 tclass=file permissive=0 SEPF_SM-A145P_12_0001 audit_filtered
01-05 19:34:03.754   766   766 E audit   : type=1400 audit(1767641643.752:2639681): avc:  denied  { read } for  pid=1199 comm="fingerprint@2.1" name="u:object_r:default_prop:s0" dev="tmpfs" ino=7325 scontext=u:r:hal_fingerprint_default:s0 tcontext=u:object_r:default_prop:s0 tclass=file permissive=0 SEPF_SM-A145P_12_0001 audit_filtered
01-05 19:34:03.754   766   766 E audit   : type=1400 audit(1767641643.752:2639682): avc:  denied  { read } for  pid=1199 comm="fingerprint@2.1" name="u:object_r:default_prop:s0" dev="tmpfs" ino=7325 scontext=u:r:hal_fingerprint_default:s0 tcontext=u:object_r:default_prop:s0 tclass=file permissive=0 SEPF_SM-A145P_12_0001 audit_filtered
01-05 19:34:03.884   766   766 E audit   : type=1400 audit(1767641643.884:2639683): avc:  denied  { read } for  pid=1199 comm="fingerprint@2.1" name="u:object_r:default_prop:s0" dev="tmpfs" ino=7325 scontext=u:r:hal_fingerprint_default:s0 tcontext=u:object_r:default_prop:s0 tclass=file permissive=0 SEPF_SM-A145P_12_0001 audit_filtered
01-05 19:34:03.885   766   766 E audit   : type=1400 audit(1767641643.884:2639684): avc:  denied  { read } for  pid=1199 comm="fingerprint@2.1" name="u:object_r:default_prop:s0" dev="tmpfs" ino=7325 scontext=u:r:hal_fingerprint_default:s0 tcontext=u:object_r:default_prop:s0 tclass=file permissive=0 SEPF_SM-A145P_12_0001 audit_filtered
01-05 19:34:04.039   766   766 E audit   : type=1400 audit(1767641644.036:2639685): avc:  denied  { read } for  pid=1199 comm="fingerprint@2.1" name="u:object_r:default_prop:s0" dev="tmpfs" ino=7325 scontext=u:r:hal_fingerprint_default:s0 tcontext=u:object_r:default_prop:s0 tclass=file permissive=0 SEPF_SM-A145P_12_0001 audit_filtered
01-05 19:34:04.837   766   766 E audit   : type=1400 audit(1767641644.836:2639695): avc:  denied  { read } for  pid=1199 comm="fingerprint@2.1" name="u:object_r:default_prop:s0" dev="tmpfs" ino=7325 scontext=u:r:hal_fingerprint_default:s0 tcontext=u:object_r:default_prop:s0 tclass=file permissive=0 SEPF_SM-A145P_12_0001 audit_filtered
01-05 19:34:04.837   766   766 E audit   : type=1400 audit(1767641644.836:2639696): avc:  denied  { read } for  pid=1199 comm="fingerprint@2.1" name="u:object_r:default_prop:s0" dev="tmpfs" ino=7325 scontext=u:r:hal_fingerprint_default:s0 tcontext=u:object_r:default_prop:s0 tclass=file permissive=0 SEPF_SM-A145P_12_0001 audit_filtered
01-05 19:34:04.842   834   880 E BufferQueueDebug: [Surface(name=Dim Layer for - Task=10066)/@0xf617c99 - animation-leash of dimmer#32072](this:0xb400007d3b1d7790,id:-1,api:0,p:-1,c:-1) id info cannot be read from 'Surface(name=Dim Layer for - Task=10066)/@0xf617c99 - animation-leash of dimmer#32072'
01-05 19:34:04.852   834   880 E BufferQueueDebug: [Surface(name=9634540 NavigationBar0)/@0x14152ee - animation-leash of insets_animation#32073](this:0xb400007d3a830790,id:-1,api:0,p:-1,c:-1) id info cannot be read from 'Surface(name=9634540 NavigationBar0)/@0x14152ee - animation-leash of insets_animation#32073'
01-05 19:34:04.854   834   880 E BufferQueueDebug: [Surface(name=5fd348f StatusBar)/@0x1509225 - animation-leash of insets_animation#32074](this:0xb400007d3a866790,id:-1,api:0,p:-1,c:-1) id info cannot be read from 'Surface(name=5fd348f StatusBar)/@0x1509225 - animation-leash of insets_animation#32074'
01-05 19:34:04.862   834   880 E BufferQueueDebug: [Transition Root: ActivityRecord{6d42ca1 u0 com.google.android.permissioncontroller/com.android.permissioncontroller.permission.ui.GrantPermissionsActivity t10066 f}}#32075](this:0xb400007d3a869790,id:-1,api:0,p:-1,c:-1) id info cannot be read from 'Transition Root: ActivityRecord{6d42ca1 u0 com.google.android.permissioncontroller/com.android.permissioncontroller.permission.ui.GrantPermissionsActivity t10066 f}}#32075'
01-05 19:34:04.870   766   766 E audit   : type=1400 audit(1767641644.868:2639697): avc:  denied  { ioctl } for  pid=3911 comm=4D6561737572656D656E7420576F72 path="/data/data/com.wawapp.client/databases/google_app_measurement_local.db" dev="dm-50" ino=1465818 ioctlcmd=0xf522 scontext=u:r:untrusted_app:s0:c173,c257,c512,c768 tcontext=u:object_r:app_data_file:s0:c173,c257,c512,c768 tclass=file permissive=0 SEPF_SM-A145P_12_0001 audit_filtered
01-05 19:34:04.885   834  1438 E BufferQueueDebug: [Surface(name=7ecd777 com.google.android.permissioncontroller/com.android.permissioncontroller.permission.ui.GrantPermissionsActivity)/@0xfe543e3 - animation-leash of window_animation#32076](this:0xb400007d3a563790,id:-1,api:0,p:-1,c:-1) id info cannot be read from 'Surface(name=7ecd777 com.google.android.permissioncontroller/com.android.permissioncontroller.permission.ui.GrantPermissionsActivity)/@0xfe543e3 - animation-leash of window_animation#32076'
01-05 19:34:04.885   766   766 E audit   : type=1400 audit(1767641644.884:2639698): avc:  denied  { ioctl } for  pid=3911 comm=4D6561737572656D656E7420576F72 path="/data/data/com.wawapp.client/databases/google_app_measurement_local.db" dev="dm-50" ino=1465818 ioctlcmd=0xf522 scontext=u:r:untrusted_app:s0:c173,c257,c512,c768 tcontext=u:object_r:app_data_file:s0:c173,c257,c512,c768 tclass=file permissive=0 SEPF_SM-A145P_12_0001 audit_filtered
01-05 19:34:04.923   834  1439 E BufferQueueDebug: [Surface(name=7b98c45 InputMethod)/@0x2b96b66 - animation-leash of insets_animation#32077](this:0xb400007d3a91e790,id:-1,api:0,p:-1,c:-1) id info cannot be read from 'Surface(name=7b98c45 InputMethod)/@0x2b96b66 - animation-leash of insets_animation#32077'
01-05 19:34:04.933  3987  4355 E AtomicFile: Failed to rename /data/user_de/0/com.samsung.android.honeyboard/files/selected.json.new to /data/user_de/0/com.samsung.android.honeyboard/files/selected.json
01-05 19:34:04.976   766   766 E audit   : type=1400 audit(1767641644.972:2639699): avc:  denied  { read } for  pid=1199 comm="fingerprint@2.1" name="u:object_r:default_prop:s0" dev="tmpfs" ino=7325 scontext=u:r:hal_fingerprint_default:s0 tcontext=u:object_r:default_prop:s0 tclass=file permissive=0 SEPF_SM-A145P_12_0001 audit_filtered
01-05 19:34:05.967   766   766 E audit   : type=1400 audit(1767641645.964:2639713): avc:  denied  { read } for  pid=1199 comm="fingerprint@2.1" name="u:object_r:default_prop:s0" dev="tmpfs" ino=7325 scontext=u:r:hal_fingerprint_default:s0 tcontext=u:object_r:default_prop:s0 tclass=file permissive=0 SEPF_SM-A145P_12_0001 audit_filtered
01-05 19:34:05.967   766   766 E audit   : type=1400 audit(1767641645.964:2639714): avc:  denied  { read } for  pid=1199 comm="fingerprint@2.1" name="u:object_r:default_prop:s0" dev="tmpfs" ino=7325 scontext=u:r:hal_fingerprint_default:s0 tcontext=u:object_r:default_prop:s0 tclass=file permissive=0 SEPF_SM-A145P_12_0001 audit_filtered
01-05 19:34:06.117   766   766 E audit   : type=1400 audit(1767641646.116:2639715): avc:  denied  { read } for  pid=1199 comm="fingerprint@2.1" name="u:object_r:default_prop:s0" dev="tmpfs" ino=7325 scontext=u:r:hal_fingerprint_default:s0 tcontext=u:object_r:default_prop:s0 tclass=file permissive=0 SEPF_SM-A145P_12_0001 audit_filtered
01-05 19:34:06.117   766   766 E audit   : type=1400 audit(1767641646.116:2639716): avc:  denied  { read } for  pid=1199 comm="fingerprint@2.1" name="u:object_r:default_prop:s0" dev="tmpfs" ino=7325 scontext=u:r:hal_fingerprint_default:s0 tcontext=u:object_r:default_prop:s0 tclass=file permissive=0 SEPF_SM-A145P_12_0001 audit_filtered
01-05 19:34:06.278   766   766 E audit   : type=1400 audit(1767641646.276:2639717): avc:  denied  { read } for  pid=1199 comm="fingerprint@2.1" name="u:object_r:default_prop:s0" dev="tmpfs" ino=7325 scontext=u:r:hal_fingerprint_default:s0 tcontext=u:object_r:default_prop:s0 tclass=file permissive=0 SEPF_SM-A145P_12_0001 audit_filtered
01-05 19:34:07.082   766   766 E audit   : type=1400 audit(1767641647.080:2639727): avc:  denied  { read } for  pid=1199 comm="fingerprint@2.1" name="u:object_r:default_prop:s0" dev="tmpfs" ino=7325 scontext=u:r:hal_fingerprint_default:s0 tcontext=u:object_r:default_prop:s0 tclass=file permissive=0 SEPF_SM-A145P_12_0001 audit_filtered
01-05 19:34:07.082   766   766 E audit   : type=1400 audit(1767641647.080:2639728): avc:  denied  { read } for  pid=1199 comm="fingerprint@2.1" name="u:object_r:default_prop:s0" dev="tmpfs" ino=7325 scontext=u:r:hal_fingerprint_default:s0 tcontext=u:object_r:default_prop:s0 tclass=file permissive=0 SEPF_SM-A145P_12_0001 audit_filtered
01-05 19:34:07.231   766   766 E audit   : type=1400 audit(1767641647.228:2639729): avc:  denied  { read } for  pid=1199 comm="fingerprint@2.1" name="u:object_r:default_prop:s0" dev="tmpfs" ino=7325 scontext=u:r:hal_fingerprint_default:s0 tcontext=u:object_r:default_prop:s0 tclass=file permissive=0 SEPF_SM-A145P_12_0001 audit_filtered
01-05 19:34:07.231   766   766 E audit   : type=1400 audit(1767641647.228:2639730): avc:  denied  { read } for  pid=1199 comm="fingerprint@2.1" name="u:object_r:default_prop:s0" dev="tmpfs" ino=7325 scontext=u:r:hal_fingerprint_default:s0 tcontext=u:object_r:default_prop:s0 tclass=file permissive=0 SEPF_SM-A145P_12_0001 audit_filtered
01-05 19:34:07.368   766   766 E audit   : type=1400 audit(1767641647.364:2639731): avc:  denied  { read } for  pid=1199 comm="fingerprint@2.1" name="u:object_r:default_prop:s0" dev="tmpfs" ino=7325 scontext=u:r:hal_fingerprint_default:s0 tcontext=u:object_r:default_prop:s0 tclass=file permissive=0 SEPF_SM-A145P_12_0001 audit_filtered
01-05 19:34:08.181   766   766 E audit   : type=1400 audit(1767641648.180:2639744): avc:  denied  { read } for  pid=1199 comm="fingerprint@2.1" name="u:object_r:default_prop:s0" dev="tmpfs" ino=7325 scontext=u:r:hal_fingerprint_default:s0 tcontext=u:object_r:default_prop:s0 tclass=file permissive=0 SEPF_SM-A145P_12_0001 audit_filtered
01-05 19:34:08.181   766   766 E audit   : type=1400 audit(1767641648.180:2639745): avc:  denied  { read } for  pid=1199 comm="fingerprint@2.1" name="u:object_r:default_prop:s0" dev="tmpfs" ino=7325 scontext=u:r:hal_fingerprint_default:s0 tcontext=u:object_r:default_prop:s0 tclass=file permissive=0 SEPF_SM-A145P_12_0001 audit_filtered
01-05 19:34:08.317   766   766 E audit   : type=1400 audit(1767641648.316:2639746): avc:  denied  { read } for  pid=1199 comm="fingerprint@2.1" name="u:object_r:default_prop:s0" dev="tmpfs" ino=7325 scontext=u:r:hal_fingerprint_default:s0 tcontext=u:object_r:default_prop:s0 tclass=file permissive=0 SEPF_SM-A145P_12_0001 audit_filtered
01-05 19:34:08.317   766   766 E audit   : type=1400 audit(1767641648.316:2639747): avc:  denied  { read } for  pid=1199 comm="fingerprint@2.1" name="u:object_r:default_prop:s0" dev="tmpfs" ino=7325 scontext=u:r:hal_fingerprint_default:s0 tcontext=u:object_r:default_prop:s0 tclass=file permissive=0 SEPF_SM-A145P_12_0001 audit_filtered
01-05 19:34:08.455   766   766 E audit   : type=1400 audit(1767641648.452:2639748): avc:  denied  { read } for  pid=1199 comm="fingerprint@2.1" name="u:object_r:default_prop:s0" dev="tmpfs" ino=7325 scontext=u:r:hal_fingerprint_default:s0 tcontext=u:object_r:default_prop:s0 tclass=file permissive=0 SEPF_SM-A145P_12_0001 audit_filtered
01-05 19:34:09.318   766   766 E audit   : type=1400 audit(1767641649.316:2639761): avc:  denied  { read } for  pid=1199 comm="fingerprint@2.1" name="u:object_r:default_prop:s0" dev="tmpfs" ino=7325 scontext=u:r:hal_fingerprint_default:s0 tcontext=u:object_r:default_prop:s0 tclass=file permissive=0 SEPF_SM-A145P_12_0001 audit_filtered
01-05 19:34:09.319   766   766 E audit   : type=1400 audit(1767641649.316:2639762): avc:  denied  { read } for  pid=1199 comm="fingerprint@2.1" name="u:object_r:default_prop:s0" dev="tmpfs" ino=7325 scontext=u:r:hal_fingerprint_default:s0 tcontext=u:object_r:default_prop:s0 tclass=file permissive=0 SEPF_SM-A145P_12_0001 audit_filtered
01-05 19:34:09.468   766   766 E audit   : type=1400 audit(1767641649.464:2639763): avc:  denied  { read } for  pid=1199 comm="fingerprint@2.1" name="u:object_r:default_prop:s0" dev="tmpfs" ino=7325 scontext=u:r:hal_fingerprint_default:s0 tcontext=u:object_r:default_prop:s0 tclass=file permissive=0 SEPF_SM-A145P_12_0001 audit_filtered
01-05 19:34:09.468   766   766 E audit   : type=1400 audit(1767641649.468:2639764): avc:  denied  { read } for  pid=1199 comm="fingerprint@2.1" name="u:object_r:default_prop:s0" dev="tmpfs" ino=7325 scontext=u:r:hal_fingerprint_default:s0 tcontext=u:object_r:default_prop:s0 tclass=file permissive=0 SEPF_SM-A145P_12_0001 audit_filtered
01-05 19:34:09.623   766   766 E audit   : type=1400 audit(1767641649.620:2639765): avc:  denied  { read } for  pid=1199 comm="fingerprint@2.1" name="u:object_r:default_prop:s0" dev="tmpfs" ino=7325 scontext=u:r:hal_fingerprint_default:s0 tcontext=u:object_r:default_prop:s0 tclass=file permissive=0 SEPF_SM-A145P_12_0001 audit_filtered
01-05 19:34:10.320   766   766 E audit   : type=1400 audit(1767641650.316:2639776): avc:  denied  { read } for  pid=1199 comm="fingerprint@2.1" name="u:object_r:default_prop:s0" dev="tmpfs" ino=7325 scontext=u:r:hal_fingerprint_default:s0 tcontext=u:object_r:default_prop:s0 tclass=file permissive=0 SEPF_SM-A145P_12_0001 audit_filtered
01-05 19:34:10.463   766   766 E audit   : type=1400 audit(1767641650.460:2639777): avc:  denied  { read } for  pid=1199 comm="fingerprint@2.1" name="u:object_r:default_prop:s0" dev="tmpfs" ino=7325 scontext=u:r:hal_fingerprint_default:s0 tcontext=u:object_r:default_prop:s0 tclass=file permissive=0 SEPF_SM-A145P_12_0001 audit_filtered
01-05 19:34:10.464   766   766 E audit   : type=1400 audit(1767641650.460:2639778): avc:  denied  { read } for  pid=1199 comm="fingerprint@2.1" name="u:object_r:default_prop:s0" dev="tmpfs" ino=7325 scontext=u:r:hal_fingerprint_default:s0 tcontext=u:object_r:default_prop:s0 tclass=file permissive=0 SEPF_SM-A145P_12_0001 audit_filtered
01-05 19:34:10.611   766   766 E audit   : type=1400 audit(1767641650.608:2639779): avc:  denied  { read } for  pid=1199 comm="fingerprint@2.1" name="u:object_r:default_prop:s0" dev="tmpfs" ino=7325 scontext=u:r:hal_fingerprint_default:s0 tcontext=u:object_r:default_prop:s0 tclass=file permissive=0 SEPF_SM-A145P_12_0001 audit_filtered
01-05 19:34:10.611   766   766 E audit   : type=1400 audit(1767641650.608:2639780): avc:  denied  { read } for  pid=1199 comm="fingerprint@2.1" name="u:object_r:default_prop:s0" dev="tmpfs" ino=7325 scontext=u:r:hal_fingerprint_default:s0 tcontext=u:object_r:default_prop:s0 tclass=file permissive=0 SEPF_SM-A145P_12_0001 audit_filtered
01-05 19:34:11.346   766   766 E audit   : type=1400 audit(1767641651.344:2639789): avc:  denied  { read } for  pid=1199 comm="fingerprint@2.1" name="u:object_r:default_prop:s0" dev="tmpfs" ino=7325 scontext=u:r:hal_fingerprint_default:s0 tcontext=u:object_r:default_prop:s0 tclass=file permissive=0 SEPF_SM-A145P_12_0001 audit_filtered
01-05 19:34:11.346   766   766 E audit   : type=1400 audit(1767641651.344:2639790): avc:  denied  { read } for  pid=1199 comm="fingerprint@2.1" name="u:object_r:default_prop:s0" dev="tmpfs" ino=7325 scontext=u:r:hal_fingerprint_default:s0 tcontext=u:object_r:default_prop:s0 tclass=file permissive=0 SEPF_SM-A145P_12_0001 audit_filtered
01-05 19:34:11.487   766   766 E audit   : type=1400 audit(1767641651.484:2639791): avc:  denied  { read } for  pid=1199 comm="fingerprint@2.1" name="u:object_r:default_prop:s0" dev="tmpfs" ino=7325 scontext=u:r:hal_fingerprint_default:s0 tcontext=u:object_r:default_prop:s0 tclass=file permissive=0 SEPF_SM-A145P_12_0001 audit_filtered
01-05 19:34:11.487   766   766 E audit   : type=1400 audit(1767641651.484:2639792): avc:  denied  { read } for  pid=1199 comm="fingerprint@2.1" name="u:object_r:default_prop:s0" dev="tmpfs" ino=7325 scontext=u:r:hal_fingerprint_default:s0 tcontext=u:object_r:default_prop:s0 tclass=file permissive=0 SEPF_SM-A145P_12_0001 audit_filtered
01-05 19:34:11.629   766   766 E audit   : type=1400 audit(1767641651.628:2639793): avc:  denied  { read } for  pid=1199 comm="fingerprint@2.1" name="u:object_r:default_prop:s0" dev="tmpfs" ino=7325 scontext=u:r:hal_fingerprint_default:s0 tcontext=u:object_r:default_prop:s0 tclass=file permissive=0 SEPF_SM-A145P_12_0001 audit_filtered
01-05 19:34:12.351   766   766 E audit   : type=1400 audit(1767641652.348:2639803): avc:  denied  { read } for  pid=1199 comm="fingerprint@2.1" name="u:object_r:default_prop:s0" dev="tmpfs" ino=7325 scontext=u:r:hal_fingerprint_default:s0 tcontext=u:object_r:default_prop:s0 tclass=file permissive=0 SEPF_SM-A145P_12_0001 audit_filtered
01-05 19:34:12.351   766   766 E audit   : type=1400 audit(1767641652.348:2639804): avc:  denied  { read } for  pid=1199 comm="fingerprint@2.1" name="u:object_r:default_prop:s0" dev="tmpfs" ino=7325 scontext=u:r:hal_fingerprint_default:s0 tcontext=u:object_r:default_prop:s0 tclass=file permissive=0 SEPF_SM-A145P_12_0001 audit_filtered
01-05 19:34:12.500   766   766 E audit   : type=1400 audit(1767641652.496:2639805): avc:  denied  { read } for  pid=1199 comm="fingerprint@2.1" name="u:object_r:default_prop:s0" dev="tmpfs" ino=7325 scontext=u:r:hal_fingerprint_default:s0 tcontext=u:object_r:default_prop:s0 tclass=file permissive=0 SEPF_SM-A145P_12_0001 audit_filtered
01-05 19:34:12.500   766   766 E audit   : type=1400 audit(1767641652.496:2639806): avc:  denied  { read } for  pid=1199 comm="fingerprint@2.1" name="u:object_r:default_prop:s0" dev="tmpfs" ino=7325 scontext=u:r:hal_fingerprint_default:s0 tcontext=u:object_r:default_prop:s0 tclass=file permissive=0 SEPF_SM-A145P_12_0001 audit_filtered
01-05 19:34:12.641   766   766 E audit   : type=1400 audit(1767641652.640:2639807): avc:  denied  { read } for  pid=1199 comm="fingerprint@2.1" name="u:object_r:default_prop:s0" dev="tmpfs" ino=7325 scontext=u:r:hal_fingerprint_default:s0 tcontext=u:object_r:default_prop:s0 tclass=file permissive=0 SEPF_SM-A145P_12_0001 audit_filtered
01-05 19:34:13.369   766   766 E audit   : type=1400 audit(1767641653.368:2639817): avc:  denied  { read } for  pid=1199 comm="fingerprint@2.1" name="u:object_r:default_prop:s0" dev="tmpfs" ino=7325 scontext=u:r:hal_fingerprint_default:s0 tcontext=u:object_r:default_prop:s0 tclass=file permissive=0 SEPF_SM-A145P_12_0001 audit_filtered
01-05 19:34:13.369   766   766 E audit   : type=1400 audit(1767641653.368:2639818): avc:  denied  { read } for  pid=1199 comm="fingerprint@2.1" name="u:object_r:default_prop:s0" dev="tmpfs" ino=7325 scontext=u:r:hal_fingerprint_default:s0 tcontext=u:object_r:default_prop:s0 tclass=file permissive=0 SEPF_SM-A145P_12_0001 audit_filtered
01-05 19:34:13.523   766   766 E audit   : type=1400 audit(1767641653.520:2639819): avc:  denied  { read } for  pid=1199 comm="fingerprint@2.1" name="u:object_r:default_prop:s0" dev="tmpfs" ino=7325 scontext=u:r:hal_fingerprint_default:s0 tcontext=u:object_r:default_prop:s0 tclass=file permissive=0 SEPF_SM-A145P_12_0001 audit_filtered
01-05 19:34:13.524   766   766 E audit   : type=1400 audit(1767641653.520:2639820): avc:  denied  { read } for  pid=1199 comm="fingerprint@2.1" name="u:object_r:default_prop:s0" dev="tmpfs" ino=7325 scontext=u:r:hal_fingerprint_default:s0 tcontext=u:object_r:default_prop:s0 tclass=file permissive=0 SEPF_SM-A145P_12_0001 audit_filtered
01-05 19:34:13.689   766   766 E audit   : type=1400 audit(1767641653.688:2639821): avc:  denied  { read } for  pid=1199 comm="fingerprint@2.1" name="u:object_r:default_prop:s0" dev="tmpfs" ino=7325 scontext=u:r:hal_fingerprint_default:s0 tcontext=u:object_r:default_prop:s0 tclass=file permissive=0 SEPF_SM-A145P_12_0001 audit_filtered
01-05 19:34:14.508   766   766 E audit   : type=1400 audit(1767641654.504:2639831): avc:  denied  { read } for  pid=1199 comm="fingerprint@2.1" name="u:object_r:default_prop:s0" dev="tmpfs" ino=7325 scontext=u:r:hal_fingerprint_default:s0 tcontext=u:object_r:default_prop:s0 tclass=file permissive=0 SEPF_SM-A145P_12_0001 audit_filtered
01-05 19:34:14.509   766   766 E audit   : type=1400 audit(1767641654.508:2639832): avc:  denied  { read } for  pid=1199 comm="fingerprint@2.1" name="u:object_r:default_prop:s0" dev="tmpfs" ino=7325 scontext=u:r:hal_fingerprint_default:s0 tcontext=u:object_r:default_prop:s0 tclass=file permissive=0 SEPF_SM-A145P_12_0001 audit_filtered
01-05 19:34:14.662   766   766 E audit   : type=1400 audit(1767641654.660:2639833): avc:  denied  { read } for  pid=1199 comm="fingerprint@2.1" name="u:object_r:default_prop:s0" dev="tmpfs" ino=7325 scontext=u:r:hal_fingerprint_default:s0 tcontext=u:object_r:default_prop:s0 tclass=file permissive=0 SEPF_SM-A145P_12_0001 audit_filtered
01-05 19:34:14.663   766   766 E audit   : type=1400 audit(1767641654.660:2639834): avc:  denied  { read } for  pid=1199 comm="fingerprint@2.1" name="u:object_r:default_prop:s0" dev="tmpfs" ino=7325 scontext=u:r:hal_fingerprint_default:s0 tcontext=u:object_r:default_prop:s0 tclass=file permissive=0 SEPF_SM-A145P_12_0001 audit_filtered
01-05 19:34:14.824   766   766 E audit   : type=1400 audit(1767641654.820:2639835): avc:  denied  { read } for  pid=1199 comm="fingerprint@2.1" name="u:object_r:default_prop:s0" dev="tmpfs" ino=7325 scontext=u:r:hal_fingerprint_default:s0 tcontext=u:object_r:default_prop:s0 tclass=file permissive=0 SEPF_SM-A145P_12_0001 audit_filtered
01-05 19:34:15.620   766   766 E audit   : type=1400 audit(1767641655.620:2639845): avc:  denied  { read } for  pid=1199 comm="fingerprint@2.1" name="u:object_r:default_prop:s0" dev="tmpfs" ino=7325 scontext=u:r:hal_fingerprint_default:s0 tcontext=u:object_r:default_prop:s0 tclass=file permissive=0 SEPF_SM-A145P_12_0001 audit_filtered
01-05 19:34:15.621   766   766 E audit   : type=1400 audit(1767641655.620:2639846): avc:  denied  { read } for  pid=1199 comm="fingerprint@2.1" name="u:object_r:default_prop:s0" dev="tmpfs" ino=7325 scontext=u:r:hal_fingerprint_default:s0 tcontext=u:object_r:default_prop:s0 tclass=file permissive=0 SEPF_SM-A145P_12_0001 audit_filtered
01-05 19:34:15.784   766   766 E audit   : type=1400 audit(1767641655.780:2639847): avc:  denied  { read } for  pid=1199 comm="fingerprint@2.1" name="u:object_r:default_prop:s0" dev="tmpfs" ino=7325 scontext=u:r:hal_fingerprint_default:s0 tcontext=u:object_r:default_prop:s0 tclass=file permissive=0 SEPF_SM-A145P_12_0001 audit_filtered
01-05 19:34:15.784   766   766 E audit   : type=1400 audit(1767641655.784:2639848): avc:  denied  { read } for  pid=1199 comm="fingerprint@2.1" name="u:object_r:default_prop:s0" dev="tmpfs" ino=7325 scontext=u:r:hal_fingerprint_default:s0 tcontext=u:object_r:default_prop:s0 tclass=file permissive=0 SEPF_SM-A145P_12_0001 audit_filtered
01-05 19:34:15.948   766   766 E audit   : type=1400 audit(1767641655.944:2639849): avc:  denied  { read } for  pid=1199 comm="fingerprint@2.1" name="u:object_r:default_prop:s0" dev="tmpfs" ino=7325 scontext=u:r:hal_fingerprint_default:s0 tcontext=u:object_r:default_prop:s0 tclass=file permissive=0 SEPF_SM-A145P_12_0001 audit_filtered
01-05 19:34:16.761   766   766 E audit   : type=1400 audit(1767641656.760:2639859): avc:  denied  { read } for  pid=1199 comm="fingerprint@2.1" name="u:object_r:default_prop:s0" dev="tmpfs" ino=7325 scontext=u:r:hal_fingerprint_default:s0 tcontext=u:object_r:default_prop:s0 tclass=file permissive=0 SEPF_SM-A145P_12_0001 audit_filtered
01-05 19:34:16.761   766   766 E audit   : type=1400 audit(1767641656.760:2639860): avc:  denied  { read } for  pid=1199 comm="fingerprint@2.1" name="u:object_r:default_prop:s0" dev="tmpfs" ino=7325 scontext=u:r:hal_fingerprint_default:s0 tcontext=u:object_r:default_prop:s0 tclass=file permissive=0 SEPF_SM-A145P_12_0001 audit_filtered
01-05 19:34:16.901   766   766 E audit   : type=1400 audit(1767641656.900:2639861): avc:  denied  { read } for  pid=1199 comm="fingerprint@2.1" name="u:object_r:default_prop:s0" dev="tmpfs" ino=7325 scontext=u:r:hal_fingerprint_default:s0 tcontext=u:object_r:default_prop:s0 tclass=file permissive=0 SEPF_SM-A145P_12_0001 audit_filtered
01-05 19:34:16.901   766   766 E audit   : type=1400 audit(1767641656.900:2639862): avc:  denied  { read } for  pid=1199 comm="fingerprint@2.1" name="u:object_r:default_prop:s0" dev="tmpfs" ino=7325 scontext=u:r:hal_fingerprint_default:s0 tcontext=u:object_r:default_prop:s0 tclass=file permissive=0 SEPF_SM-A145P_12_0001 audit_filtered
01-05 19:34:17.055   766   766 E audit   : type=1400 audit(1767641657.052:2639863): avc:  denied  { read } for  pid=1199 comm="fingerprint@2.1" name="u:object_r:default_prop:s0" dev="tmpfs" ino=7325 scontext=u:r:hal_fingerprint_default:s0 tcontext=u:object_r:default_prop:s0 tclass=file permissive=0 SEPF_SM-A145P_12_0001 audit_filtered
01-05 19:34:17.865   766   766 E audit   : type=1400 audit(1767641657.864:2639873): avc:  denied  { read } for  pid=1199 comm="fingerprint@2.1" name="u:object_r:default_prop:s0" dev="tmpfs" ino=7325 scontext=u:r:hal_fingerprint_default:s0 tcontext=u:object_r:default_prop:s0 tclass=file permissive=0 SEPF_SM-A145P_12_0001 audit_filtered
01-05 19:34:17.865   766   766 E audit   : type=1400 audit(1767641657.864:2639874): avc:  denied  { read } for  pid=1199 comm="fingerprint@2.1" name="u:object_r:default_prop:s0" dev="tmpfs" ino=7325 scontext=u:r:hal_fingerprint_default:s0 tcontext=u:object_r:default_prop:s0 tclass=file permissive=0 SEPF_SM-A145P_12_0001 audit_filtered
01-05 19:34:18.025   766   766 E audit   : type=1400 audit(1767641658.024:2639875): avc:  denied  { read } for  pid=1199 comm="fingerprint@2.1" name="u:object_r:default_prop:s0" dev="tmpfs" ino=7325 scontext=u:r:hal_fingerprint_default:s0 tcontext=u:object_r:default_prop:s0 tclass=file permissive=0 SEPF_SM-A145P_12_0001 audit_filtered
01-05 19:34:18.026   766   766 E audit   : type=1400 audit(1767641658.024:2639876): avc:  denied  { read } for  pid=1199 comm="fingerprint@2.1" name="u:object_r:default_prop:s0" dev="tmpfs" ino=7325 scontext=u:r:hal_fingerprint_default:s0 tcontext=u:object_r:default_prop:s0 tclass=file permissive=0 SEPF_SM-A145P_12_0001 audit_filtered
01-05 19:34:18.179   766   766 E audit   : type=1400 audit(1767641658.176:2639877): avc:  denied  { read } for  pid=1199 comm="fingerprint@2.1" name="u:object_r:default_prop:s0" dev="tmpfs" ino=7325 scontext=u:r:hal_fingerprint_default:s0 tcontext=u:object_r:default_prop:s0 tclass=file permissive=0 SEPF_SM-A145P_12_0001 audit_filtered
01-05 19:34:18.994   766   766 E audit   : type=1400 audit(1767641658.992:2639887): avc:  denied  { read } for  pid=1199 comm="fingerprint@2.1" name="u:object_r:default_prop:s0" dev="tmpfs" ino=7325 scontext=u:r:hal_fingerprint_default:s0 tcontext=u:object_r:default_prop:s0 tclass=file permissive=0 SEPF_SM-A145P_12_0001 audit_filtered
01-05 19:34:18.995   766   766 E audit   : type=1400 audit(1767641658.992:2639888): avc:  denied  { read } for  pid=1199 comm="fingerprint@2.1" name="u:object_r:default_prop:s0" dev="tmpfs" ino=7325 scontext=u:r:hal_fingerprint_default:s0 tcontext=u:object_r:default_prop:s0 tclass=file permissive=0 SEPF_SM-A145P_12_0001 audit_filtered
01-05 19:34:19.158   766   766 E audit   : type=1400 audit(1767641659.156:2639889): avc:  denied  { read } for  pid=1199 comm="fingerprint@2.1" name="u:object_r:default_prop:s0" dev="tmpfs" ino=7325 scontext=u:r:hal_fingerprint_default:s0 tcontext=u:object_r:default_prop:s0 tclass=file permissive=0 SEPF_SM-A145P_12_0001 audit_filtered
01-05 19:34:19.159   766   766 E audit   : type=1400 audit(1767641659.156:2639890): avc:  denied  { read } for  pid=1199 comm="fingerprint@2.1" name="u:object_r:default_prop:s0" dev="tmpfs" ino=7325 scontext=u:r:hal_fingerprint_default:s0 tcontext=u:object_r:default_prop:s0 tclass=file permissive=0 SEPF_SM-A145P_12_0001 audit_filtered
01-05 19:34:19.321   766   766 E audit   : type=1400 audit(1767641659.320:2639891): avc:  denied  { read } for  pid=1199 comm="fingerprint@2.1" name="u:object_r:default_prop:s0" dev="tmpfs" ino=7325 scontext=u:r:hal_fingerprint_default:s0 tcontext=u:object_r:default_prop:s0 tclass=file permissive=0 SEPF_SM-A145P_12_0001 audit_filtered
01-05 19:34:20.124   766   766 E audit   : type=1400 audit(1767641660.124:2639901): avc:  denied  { read } for  pid=1199 comm="fingerprint@2.1" name="u:object_r:default_prop:s0" dev="tmpfs" ino=7325 scontext=u:r:hal_fingerprint_default:s0 tcontext=u:object_r:default_prop:s0 tclass=file permissive=0 SEPF_SM-A145P_12_0001 audit_filtered
01-05 19:34:20.125   766   766 E audit   : type=1400 audit(1767641660.124:2639902): avc:  denied  { read } for  pid=1199 comm="fingerprint@2.1" name="u:object_r:default_prop:s0" dev="tmpfs" ino=7325 scontext=u:r:hal_fingerprint_default:s0 tcontext=u:object_r:default_prop:s0 tclass=file permissive=0 SEPF_SM-A145P_12_0001 audit_filtered
01-05 19:34:20.286   766   766 E audit   : type=1400 audit(1767641660.284:2639903): avc:  denied  { read } for  pid=1199 comm="fingerprint@2.1" name="u:object_r:default_prop:s0" dev="tmpfs" ino=7325 scontext=u:r:hal_fingerprint_default:s0 tcontext=u:object_r:default_prop:s0 tclass=file permissive=0 SEPF_SM-A145P_12_0001 audit_filtered
01-05 19:34:20.287   766   766 E audit   : type=1400 audit(1767641660.284:2639904): avc:  denied  { read } for  pid=1199 comm="fingerprint@2.1" name="u:object_r:default_prop:s0" dev="tmpfs" ino=7325 scontext=u:r:hal_fingerprint_default:s0 tcontext=u:object_r:default_prop:s0 tclass=file permissive=0 SEPF_SM-A145P_12_0001 audit_filtered
01-05 19:34:20.447   766   766 E audit   : type=1400 audit(1767641660.444:2639905): avc:  denied  { read } for  pid=1199 comm="fingerprint@2.1" name="u:object_r:default_prop:s0" dev="tmpfs" ino=7325 scontext=u:r:hal_fingerprint_default:s0 tcontext=u:object_r:default_prop:s0 tclass=file permissive=0 SEPF_SM-A145P_12_0001 audit_filtered
01-05 19:34:21.204   766   766 E audit   : type=1400 audit(1767641661.200:2639915): avc:  denied  { read } for  pid=1199 comm="fingerprint@2.1" name="u:object_r:default_prop:s0" dev="tmpfs" ino=7325 scontext=u:r:hal_fingerprint_default:s0 tcontext=u:object_r:default_prop:s0 tclass=file permissive=0 SEPF_SM-A145P_12_0001 audit_filtered
01-05 19:34:21.204   766   766 E audit   : type=1400 audit(1767641661.200:2639916): avc:  denied  { read } for  pid=1199 comm="fingerprint@2.1" name="u:object_r:default_prop:s0" dev="tmpfs" ino=7325 scontext=u:r:hal_fingerprint_default:s0 tcontext=u:object_r:default_prop:s0 tclass=file permissive=0 SEPF_SM-A145P_12_0001 audit_filtered
01-05 19:34:21.366   766   766 E audit   : type=1400 audit(1767641661.364:2639917): avc:  denied  { read } for  pid=1199 comm="fingerprint@2.1" name="u:object_r:default_prop:s0" dev="tmpfs" ino=7325 scontext=u:r:hal_fingerprint_default:s0 tcontext=u:object_r:default_prop:s0 tclass=file permissive=0 SEPF_SM-A145P_12_0001 audit_filtered
01-05 19:34:21.367   766   766 E audit   : type=1400 audit(1767641661.364:2639918): avc:  denied  { read } for  pid=1199 comm="fingerprint@2.1" name="u:object_r:default_prop:s0" dev="tmpfs" ino=7325 scontext=u:r:hal_fingerprint_default:s0 tcontext=u:object_r:default_prop:s0 tclass=file permissive=0 SEPF_SM-A145P_12_0001 audit_filtered
01-05 19:34:21.530   766   766 E audit   : type=1400 audit(1767641661.528:2639919): avc:  denied  { read } for  pid=1199 comm="fingerprint@2.1" name="u:object_r:default_prop:s0" dev="tmpfs" ino=7325 scontext=u:r:hal_fingerprint_default:s0 tcontext=u:object_r:default_prop:s0 tclass=file permissive=0 SEPF_SM-A145P_12_0001 audit_filtered
01-05 19:34:22.286  1371  2072 E KernelCpuUidFullTimeReader: Negative delta from freq time for uid: 90000, delta: -48832
01-05 19:34:22.287  1371  2072 E KernelCpuUidFullTimeReader: Negative delta from freq time for uid: 90001, delta: -135468
01-05 19:34:22.287  1371  2072 E KernelCpuUidFullTimeReader: Negative delta from freq time for uid: 90002, delta: -41316
01-05 19:34:22.287  1371  2072 E KernelCpuUidFullTimeReader: Negative delta from freq time for uid: 90003, delta: -174513
01-05 19:34:22.287  1371  2072 E KernelCpuUidFullTimeReader: Negative delta from freq time for uid: 90004, delta: -495884
01-05 19:34:22.287  1371  2072 E KernelCpuUidFullTimeReader: Negative delta from freq time for uid: 90005, delta: -820382
01-05 19:34:22.287  1371  2072 E KernelCpuUidFullTimeReader: Negative delta from freq time for uid: 90006, delta: -9987
01-05 19:34:22.287  1371  2072 E KernelCpuUidFullTimeReader: Negative delta from freq time for uid: 90007, delta: -612341
01-05 19:34:22.287  1371  2072 E KernelCpuUidFullTimeReader: Negative delta from freq time for uid: 90008, delta: -172593
01-05 19:34:22.287  1371  2072 E KernelCpuUidFullTimeReader: Negative delta from freq time for uid: 90009, delta: -156148
01-05 19:34:22.287  1371  2072 E KernelCpuUidFullTimeReader: Negative delta from freq time for uid: 90010, delta: -81697
01-05 19:34:22.287  1371  2072 E KernelCpuUidFullTimeReader: Negative delta from freq time for uid: 90011, delta: -11339
01-05 19:34:22.287  1371  2072 E KernelCpuUidFullTimeReader: Negative delta from freq time for uid: 90012, delta: -6955
01-05 19:34:22.287  1371  2072 E KernelCpuUidFullTimeReader: Negative delta from freq time for uid: 90013, delta: -589
01-05 19:34:22.287  1371  2072 E KernelCpuUidFullTimeReader: Negative delta from freq time for uid: 90014, delta: -43
01-05 19:34:22.287  1371  2072 E KernelCpuUidFullTimeReader: Negative delta from freq time for uid: 90015, delta: -8845
01-05 19:34:22.287  1371  2072 E KernelCpuUidFullTimeReader: Negative delta from freq time for uid: 90016, delta: -42543
01-05 19:34:22.287  1371  2072 E KernelCpuUidFullTimeReader: Negative delta from freq time for uid: 90017, delta: -9283
01-05 19:34:22.287  1371  2072 E KernelCpuUidFullTimeReader: Negative delta from freq time for uid: 90019, delta: -39559
01-05 19:34:22.287  1371  2072 E KernelCpuUidFullTimeReader: Negative delta from freq time for uid: 90020, delta: -10475
01-05 19:34:22.287  1371  2072 E KernelCpuUidFullTimeReader: Negative delta from freq time for uid: 90022, delta: -9196
01-05 19:34:22.287  1371  2072 E KernelCpuUidFullTimeReader: Negative delta from freq time for uid: 90026, delta: -1928
01-05 19:34:22.287  1371  2072 E KernelCpuUidFullTimeReader: Negative delta from freq time for uid: 90028, delta: -267
01-05 19:34:22.324   766   766 E audit   : type=1400 audit(1767641662.324:2639929): avc:  denied  { read } for  pid=1199 comm="fingerprint@2.1" name="u:object_r:default_prop:s0" dev="tmpfs" ino=7325 scontext=u:r:hal_fingerprint_default:s0 tcontext=u:object_r:default_prop:s0 tclass=file permissive=0 SEPF_SM-A145P_12_0001 audit_filtered
01-05 19:34:22.325   766   766 E audit   : type=1400 audit(1767641662.324:2639930): avc:  denied  { read } for  pid=1199 comm="fingerprint@2.1" name="u:object_r:default_prop:s0" dev="tmpfs" ino=7325 scontext=u:r:hal_fingerprint_default:s0 tcontext=u:object_r:default_prop:s0 tclass=file permissive=0 SEPF_SM-A145P_12_0001 audit_filtered
01-05 19:34:22.504   766   766 E audit   : type=1400 audit(1767641662.504:2639931): avc:  denied  { read } for  pid=1199 comm="fingerprint@2.1" name="u:object_r:default_prop:s0" dev="tmpfs" ino=7325 scontext=u:r:hal_fingerprint_default:s0 tcontext=u:object_r:default_prop:s0 tclass=file permissive=0 SEPF_SM-A145P_12_0001 audit_filtered
01-05 19:34:22.505   766   766 E audit   : type=1400 audit(1767641662.504:2639932): avc:  denied  { read } for  pid=1199 comm="fingerprint@2.1" name="u:object_r:default_prop:s0" dev="tmpfs" ino=7325 scontext=u:r:hal_fingerprint_default:s0 tcontext=u:object_r:default_prop:s0 tclass=file permissive=0 SEPF_SM-A145P_12_0001 audit_filtered
01-05 19:34:22.669   766   766 E audit   : type=1400 audit(1767641662.668:2639933): avc:  denied  { read } for  pid=1199 comm="fingerprint@2.1" name="u:object_r:default_prop:s0" dev="tmpfs" ino=7325 scontext=u:r:hal_fingerprint_default:s0 tcontext=u:object_r:default_prop:s0 tclass=file permissive=0 SEPF_SM-A145P_12_0001 audit_filtered
01-05 19:34:22.735  1371  1402 E Watchdog: !@Sync: 5689 heap: 94 / 108 FD: 1000 [2026-01-05 19:34:22.734]
01-05 19:34:23.472   766   766 E audit   : type=1400 audit(1767641663.468:2639943): avc:  denied  { read } for  pid=1199 comm="fingerprint@2.1" name="u:object_r:default_prop:s0" dev="tmpfs" ino=7325 scontext=u:r:hal_fingerprint_default:s0 tcontext=u:object_r:default_prop:s0 tclass=file permissive=0 SEPF_SM-A145P_12_0001 audit_filtered
01-05 19:34:23.473   766   766 E audit   : type=1400 audit(1767641663.472:2639944): avc:  denied  { read } for  pid=1199 comm="fingerprint@2.1" name="u:object_r:default_prop:s0" dev="tmpfs" ino=7325 scontext=u:r:hal_fingerprint_default:s0 tcontext=u:object_r:default_prop:s0 tclass=file permissive=0 SEPF_SM-A145P_12_0001 audit_filtered
01-05 19:34:23.638   766   766 E audit   : type=1400 audit(1767641663.636:2639945): avc:  denied  { read } for  pid=1199 comm="fingerprint@2.1" name="u:object_r:default_prop:s0" dev="tmpfs" ino=7325 scontext=u:r:hal_fingerprint_default:s0 tcontext=u:object_r:default_prop:s0 tclass=file permissive=0 SEPF_SM-A145P_12_0001 audit_filtered
01-05 19:34:23.639   766   766 E audit   : type=1400 audit(1767641663.636:2639946): avc:  denied  { read } for  pid=1199 comm="fingerprint@2.1" name="u:object_r:default_prop:s0" dev="tmpfs" ino=7325 scontext=u:r:hal_fingerprint_default:s0 tcontext=u:object_r:default_prop:s0 tclass=file permissive=0 SEPF_SM-A145P_12_0001 audit_filtered
01-05 19:34:23.793   766   766 E audit   : type=1400 audit(1767641663.792:2639947): avc:  denied  { read } for  pid=1199 comm="fingerprint@2.1" name="u:object_r:default_prop:s0" dev="tmpfs" ino=7325 scontext=u:r:hal_fingerprint_default:s0 tcontext=u:object_r:default_prop:s0 tclass=file permissive=0 SEPF_SM-A145P_12_0001 audit_filtered
01-05 19:34:24.586   766   766 E audit   : type=1400 audit(1767641664.584:2639957): avc:  denied  { read } for  pid=1199 comm="fingerprint@2.1" name="u:object_r:default_prop:s0" dev="tmpfs" ino=7325 scontext=u:r:hal_fingerprint_default:s0 tcontext=u:object_r:default_prop:s0 tclass=file permissive=0 SEPF_SM-A145P_12_0001 audit_filtered
01-05 19:34:24.587   766   766 E audit   : type=1400 audit(1767641664.584:2639958): avc:  denied  { read } for  pid=1199 comm="fingerprint@2.1" name="u:object_r:default_prop:s0" dev="tmpfs" ino=7325 scontext=u:r:hal_fingerprint_default:s0 tcontext=u:object_r:default_prop:s0 tclass=file permissive=0 SEPF_SM-A145P_12_0001 audit_filtered
01-05 19:34:24.749   766   766 E audit   : type=1400 audit(1767641664.748:2639959): avc:  denied  { read } for  pid=1199 comm="fingerprint@2.1" name="u:object_r:default_prop:s0" dev="tmpfs" ino=7325 scontext=u:r:hal_fingerprint_default:s0 tcontext=u:object_r:default_prop:s0 tclass=file permissive=0 SEPF_SM-A145P_12_0001 audit_filtered
01-05 19:34:24.750   766   766 E audit   : type=1400 audit(1767641664.748:2639960): avc:  denied  { read } for  pid=1199 comm="fingerprint@2.1" name="u:object_r:default_prop:s0" dev="tmpfs" ino=7325 scontext=u:r:hal_fingerprint_default:s0 tcontext=u:object_r:default_prop:s0 tclass=file permissive=0 SEPF_SM-A145P_12_0001 audit_filtered
01-05 19:34:24.913   766   766 E audit   : type=1400 audit(1767641664.912:2639961): avc:  denied  { read } for  pid=1199 comm="fingerprint@2.1" name="u:object_r:default_prop:s0" dev="tmpfs" ino=7325 scontext=u:r:hal_fingerprint_default:s0 tcontext=u:object_r:default_prop:s0 tclass=file permissive=0 SEPF_SM-A145P_12_0001 audit_filtered
01-05 19:34:25.721   766   766 E audit   : type=1400 audit(1767641665.720:2639971): avc:  denied  { read } for  pid=1199 comm="fingerprint@2.1" name="u:object_r:default_prop:s0" dev="tmpfs" ino=7325 scontext=u:r:hal_fingerprint_default:s0 tcontext=u:object_r:default_prop:s0 tclass=file permissive=0 SEPF_SM-A145P_12_0001 audit_filtered
01-05 19:34:25.722   766   766 E audit   : type=1400 audit(1767641665.720:2639972): avc:  denied  { read } for  pid=1199 comm="fingerprint@2.1" name="u:object_r:default_prop:s0" dev="tmpfs" ino=7325 scontext=u:r:hal_fingerprint_default:s0 tcontext=u:object_r:default_prop:s0 tclass=file permissive=0 SEPF_SM-A145P_12_0001 audit_filtered
01-05 19:34:25.886   766   766 E audit   : type=1400 audit(1767641665.884:2639973): avc:  denied  { read } for  pid=1199 comm="fingerprint@2.1" name="u:object_r:default_prop:s0" dev="tmpfs" ino=7325 scontext=u:r:hal_fingerprint_default:s0 tcontext=u:object_r:default_prop:s0 tclass=file permissive=0 SEPF_SM-A145P_12_0001 audit_filtered
01-05 19:34:25.887   766   766 E audit   : type=1400 audit(1767641665.884:2639974): avc:  denied  { read } for  pid=1199 comm="fingerprint@2.1" name="u:object_r:default_prop:s0" dev="tmpfs" ino=7325 scontext=u:r:hal_fingerprint_default:s0 tcontext=u:object_r:default_prop:s0 tclass=file permissive=0 SEPF_SM-A145P_12_0001 audit_filtered
01-05 19:34:26.049   766   766 E audit   : type=1400 audit(1767641666.048:2639975): avc:  denied  { read } for  pid=1199 comm="fingerprint@2.1" name="u:object_r:default_prop:s0" dev="tmpfs" ino=7325 scontext=u:r:hal_fingerprint_default:s0 tcontext=u:object_r:default_prop:s0 tclass=file permissive=0 SEPF_SM-A145P_12_0001 audit_filtered
01-05 19:34:26.330 22326 22413 E msys    : E[N mns]_OnDiskCacheGetData(632)=>Start post callback cache refresh DNS resolution
01-05 19:34:26.418 22326 22413 E msys    : E[N mns]_OnSystemDNSSuccessCallback(340)=>Cache refresh succeeded with system DNS resolver. IP count: 1
01-05 19:34:26.827   766   766 E audit   : type=1400 audit(1767641666.824:2639986): avc:  denied  { read } for  pid=1199 comm="fingerprint@2.1" name="u:object_r:default_prop:s0" dev="tmpfs" ino=7325 scontext=u:r:hal_fingerprint_default:s0 tcontext=u:object_r:default_prop:s0 tclass=file permissive=0 SEPF_SM-A145P_12_0001 audit_filtered
01-05 19:34:26.827   766   766 E audit   : type=1400 audit(1767641666.824:2639987): avc:  denied  { read } for  pid=1199 comm="fingerprint@2.1" name="u:object_r:default_prop:s0" dev="tmpfs" ino=7325 scontext=u:r:hal_fingerprint_default:s0 tcontext=u:object_r:default_prop:s0 tclass=file permissive=0 SEPF_SM-A145P_12_0001 audit_filtered
01-05 19:34:26.926  4396  4396 E cebook.services: Not starting debugger since process cannot load the jdwp agent.
01-05 19:34:26.965   766   766 E audit   : type=1400 audit(1767641666.964:2639988): avc:  denied  { read } for  pid=1199 comm="fingerprint@2.1" name="u:object_r:default_prop:s0" dev="tmpfs" ino=7325 scontext=u:r:hal_fingerprint_default:s0 tcontext=u:object_r:default_prop:s0 tclass=file permissive=0 SEPF_SM-A145P_12_0001 audit_filtered
01-05 19:34:26.966   766   766 E audit   : type=1400 audit(1767641666.964:2639989): avc:  denied  { read } for  pid=1199 comm="fingerprint@2.1" name="u:object_r:default_prop:s0" dev="tmpfs" ino=7325 scontext=u:r:hal_fingerprint_default:s0 tcontext=u:object_r:default_prop:s0 tclass=file permissive=0 SEPF_SM-A145P_12_0001 audit_filtered
01-05 19:34:27.106   766   766 E audit   : type=1400 audit(1767641667.104:2639990): avc:  denied  { read } for  pid=1199 comm="fingerprint@2.1" name="u:object_r:default_prop:s0" dev="tmpfs" ino=7325 scontext=u:r:hal_fingerprint_default:s0 tcontext=u:object_r:default_prop:s0 tclass=file permissive=0 SEPF_SM-A145P_12_0001 audit_filtered
01-05 19:34:27.240 22326 22383 E msys    : E[N WCIHTTPImplNetworkSession]WCIHTTPTaskImplCreateRegular(556)=>[I] http/task/regular/create/start
01-05 19:34:27.241 22326 22383 E msys    : E[N WCIHTTPImplNetworkSession]WCIHTTPTaskImplCreateRegular(591)=>[I] http/task/regular/create/execute
01-05 19:34:27.248 22326 22383 E msys    : E[N WCIHTTPImplNetworkSession]WCIHTTPTaskImplCreateRegular(614)=>[I] http/task/regular/create/success
01-05 19:34:27.962   766   766 E audit   : type=1400 audit(1767641667.960:2640002): avc:  denied  { read } for  pid=1199 comm="fingerprint@2.1" name="u:object_r:default_prop:s0" dev="tmpfs" ino=7325 scontext=u:r:hal_fingerprint_default:s0 tcontext=u:object_r:default_prop:s0 tclass=file permissive=0 SEPF_SM-A145P_12_0001 audit_filtered
01-05 19:34:27.962   766   766 E audit   : type=1400 audit(1767641667.960:2640003): avc:  denied  { read } for  pid=1199 comm="fingerprint@2.1" name="u:object_r:default_prop:s0" dev="tmpfs" ino=7325 scontext=u:r:hal_fingerprint_default:s0 tcontext=u:object_r:default_prop:s0 tclass=file permissive=0 SEPF_SM-A145P_12_0001 audit_filtered
01-05 19:34:28.066 22326 22383 E msys    : E[N WCIHTTPImplNetworkSession]WCIHTTPTaskImplCreateRegular(556)=>[I] http/task/regular/create/start
01-05 19:34:28.067 22326 22383 E msys    : E[N WCIHTTPImplNetworkSession]WCIHTTPTaskImplCreateRegular(591)=>[I] http/task/regular/create/execute
01-05 19:34:28.067 22326 22383 E msys    : E[N WCIHTTPImplNetworkSession]WCIHTTPTaskImplCreateRegular(614)=>[I] http/task/regular/create/success
