--------- beginning of main
01-05 19:32:33.612   766   766 E audit   : type=1400 audit(1767641553.612:2638245): avc:  denied  { read } for  pid=1199 comm="fingerprint@2.1" name="u:object_r:default_prop:s0" dev="tmpfs" ino=7325 scontext=u:r:hal_fingerprint_default:s0 tcontext=u:object_r:default_prop:s0 tclass=file permissive=0 SEPF_SM-A145P_12_0001 audit_filtered
01-05 19:32:33.612   766   766 E audit   : type=1400 audit(1767641553.612:2638246): avc:  denied  { read } for  pid=1199 comm="fingerprint@2.1" name="u:object_r:default_prop:s0" dev="tmpfs" ino=7325 scontext=u:r:hal_fingerprint_default:s0 tcontext=u:object_r:default_prop:s0 tclass=file permissive=0 SEPF_SM-A145P_12_0001 audit_filtered
01-05 19:32:33.753   766   766 E audit   : type=1400 audit(1767641553.752:2638247): avc:  denied  { read } for  pid=1199 comm="fingerprint@2.1" name="u:object_r:default_prop:s0" dev="tmpfs" ino=7325 scontext=u:r:hal_fingerprint_default:s0 tcontext=u:object_r:default_prop:s0 tclass=file permissive=0 SEPF_SM-A145P_12_0001 audit_filtered
01-05 19:32:33.753   766   766 E audit   : type=1400 audit(1767641553.752:2638248): avc:  denied  { read } for  pid=1199 comm="fingerprint@2.1" name="u:object_r:default_prop:s0" dev="tmpfs" ino=7325 scontext=u:r:hal_fingerprint_default:s0 tcontext=u:object_r:default_prop:s0 tclass=file permissive=0 SEPF_SM-A145P_12_0001 audit_filtered
01-05 19:32:33.920   766   766 E audit   : type=1400 audit(1767641553.920:2638249): avc:  denied  { read } for  pid=1199 comm="fingerprint@2.1" name="u:object_r:default_prop:s0" dev="tmpfs" ino=7325 scontext=u:r:hal_fingerprint_default:s0 tcontext=u:object_r:default_prop:s0 tclass=file permissive=0 SEPF_SM-A145P_12_0001 audit_filtered
01-05 19:32:34.732   766   766 E audit   : type=1400 audit(1767641554.728:2638259): avc:  denied  { read } for  pid=1199 comm="fingerprint@2.1" name="u:object_r:default_prop:s0" dev="tmpfs" ino=7325 scontext=u:r:hal_fingerprint_default:s0 tcontext=u:object_r:default_prop:s0 tclass=file permissive=0 SEPF_SM-A145P_12_0001 audit_filtered
01-05 19:32:34.732   766   766 E audit   : type=1400 audit(1767641554.732:2638260): avc:  denied  { read } for  pid=1199 comm="fingerprint@2.1" name="u:object_r:default_prop:s0" dev="tmpfs" ino=7325 scontext=u:r:hal_fingerprint_default:s0 tcontext=u:object_r:default_prop:s0 tclass=file permissive=0 SEPF_SM-A145P_12_0001 audit_filtered
01-05 19:32:34.895   766   766 E audit   : type=1400 audit(1767641554.892:2638261): avc:  denied  { read } for  pid=1199 comm="fingerprint@2.1" name="u:object_r:default_prop:s0" dev="tmpfs" ino=7325 scontext=u:r:hal_fingerprint_default:s0 tcontext=u:object_r:default_prop:s0 tclass=file permissive=0 SEPF_SM-A145P_12_0001 audit_filtered
01-05 19:32:34.895   766   766 E audit   : type=1400 audit(1767641554.892:2638262): avc:  denied  { read } for  pid=1199 comm="fingerprint@2.1" name="u:object_r:default_prop:s0" dev="tmpfs" ino=7325 scontext=u:r:hal_fingerprint_default:s0 tcontext=u:object_r:default_prop:s0 tclass=file permissive=0 SEPF_SM-A145P_12_0001 audit_filtered
01-05 19:32:35.059   766   766 E audit   : type=1400 audit(1767641555.056:2638263): avc:  denied  { read } for  pid=1199 comm="fingerprint@2.1" name="u:object_r:default_prop:s0" dev="tmpfs" ino=7325 scontext=u:r:hal_fingerprint_default:s0 tcontext=u:object_r:default_prop:s0 tclass=file permissive=0 SEPF_SM-A145P_12_0001 audit_filtered
01-05 19:32:35.763   766   766 E audit   : type=1400 audit(1767641555.760:2638271): avc:  denied  { read } for  pid=1199 comm="fingerprint@2.1" name="u:object_r:default_prop:s0" dev="tmpfs" ino=7325 scontext=u:r:hal_fingerprint_default:s0 tcontext=u:object_r:default_prop:s0 tclass=file permissive=0 SEPF_SM-A145P_12_0001 audit_filtered
01-05 19:32:35.763   766   766 E audit   : type=1400 audit(1767641555.760:2638272): avc:  denied  { read } for  pid=1199 comm="fingerprint@2.1" name="u:object_r:default_prop:s0" dev="tmpfs" ino=7325 scontext=u:r:hal_fingerprint_default:s0 tcontext=u:object_r:default_prop:s0 tclass=file permissive=0 SEPF_SM-A145P_12_0001 audit_filtered
01-05 19:32:35.901   766   766 E audit   : type=1400 audit(1767641555.900:2638273): avc:  denied  { read } for  pid=1199 comm="fingerprint@2.1" name="u:object_r:default_prop:s0" dev="tmpfs" ino=7325 scontext=u:r:hal_fingerprint_default:s0 tcontext=u:object_r:default_prop:s0 tclass=file permissive=0 SEPF_SM-A145P_12_0001 audit_filtered
01-05 19:32:35.902   766   766 E audit   : type=1400 audit(1767641555.900:2638274): avc:  denied  { read } for  pid=1199 comm="fingerprint@2.1" name="u:object_r:default_prop:s0" dev="tmpfs" ino=7325 scontext=u:r:hal_fingerprint_default:s0 tcontext=u:object_r:default_prop:s0 tclass=file permissive=0 SEPF_SM-A145P_12_0001 audit_filtered
01-05 19:32:36.048   766   766 E audit   : type=1400 audit(1767641556.048:2638275): avc:  denied  { read } for  pid=1199 comm="fingerprint@2.1" name="u:object_r:default_prop:s0" dev="tmpfs" ino=7325 scontext=u:r:hal_fingerprint_default:s0 tcontext=u:object_r:default_prop:s0 tclass=file permissive=0 SEPF_SM-A145P_12_0001 audit_filtered
01-05 19:32:36.864   766   766 E audit   : type=1400 audit(1767641556.864:2638285): avc:  denied  { read } for  pid=1199 comm="fingerprint@2.1" name="u:object_r:default_prop:s0" dev="tmpfs" ino=7325 scontext=u:r:hal_fingerprint_default:s0 tcontext=u:object_r:default_prop:s0 tclass=file permissive=0 SEPF_SM-A145P_12_0001 audit_filtered
01-05 19:32:36.865   766   766 E audit   : type=1400 audit(1767641556.864:2638286): avc:  denied  { read } for  pid=1199 comm="fingerprint@2.1" name="u:object_r:default_prop:s0" dev="tmpfs" ino=7325 scontext=u:r:hal_fingerprint_default:s0 tcontext=u:object_r:default_prop:s0 tclass=file permissive=0 SEPF_SM-A145P_12_0001 audit_filtered
01-05 19:32:37.032   766   766 E audit   : type=1400 audit(1767641557.028:2638287): avc:  denied  { read } for  pid=1199 comm="fingerprint@2.1" name="u:object_r:default_prop:s0" dev="tmpfs" ino=7325 scontext=u:r:hal_fingerprint_default:s0 tcontext=u:object_r:default_prop:s0 tclass=file permissive=0 SEPF_SM-A145P_12_0001 audit_filtered
01-05 19:32:37.032   766   766 E audit   : type=1400 audit(1767641557.032:2638288): avc:  denied  { read } for  pid=1199 comm="fingerprint@2.1" name="u:object_r:default_prop:s0" dev="tmpfs" ino=7325 scontext=u:r:hal_fingerprint_default:s0 tcontext=u:object_r:default_prop:s0 tclass=file permissive=0 SEPF_SM-A145P_12_0001 audit_filtered
01-05 19:32:37.193   766   766 E audit   : type=1400 audit(1767641557.192:2638289): avc:  denied  { read } for  pid=1199 comm="fingerprint@2.1" name="u:object_r:default_prop:s0" dev="tmpfs" ino=7325 scontext=u:r:hal_fingerprint_default:s0 tcontext=u:object_r:default_prop:s0 tclass=file permissive=0 SEPF_SM-A145P_12_0001 audit_filtered
01-05 19:32:37.984   766   766 E audit   : type=1400 audit(1767641557.980:2638299): avc:  denied  { read } for  pid=1199 comm="fingerprint@2.1" name="u:object_r:default_prop:s0" dev="tmpfs" ino=7325 scontext=u:r:hal_fingerprint_default:s0 tcontext=u:object_r:default_prop:s0 tclass=file permissive=0 SEPF_SM-A145P_12_0001 audit_filtered
01-05 19:32:37.986   766   766 E audit   : type=1400 audit(1767641557.984:2638300): avc:  denied  { read } for  pid=1199 comm="fingerprint@2.1" name="u:object_r:default_prop:s0" dev="tmpfs" ino=7325 scontext=u:r:hal_fingerprint_default:s0 tcontext=u:object_r:default_prop:s0 tclass=file permissive=0 SEPF_SM-A145P_12_0001 audit_filtered
01-05 19:32:38.047 27388 27422 E TetherOffload: getDataUsage: fail to open mddp device 
01-05 19:32:38.148   766   766 E audit   : type=1400 audit(1767641558.144:2638301): avc:  denied  { read } for  pid=1199 comm="fingerprint@2.1" name="u:object_r:default_prop:s0" dev="tmpfs" ino=7325 scontext=u:r:hal_fingerprint_default:s0 tcontext=u:object_r:default_prop:s0 tclass=file permissive=0 SEPF_SM-A145P_12_0001 audit_filtered
01-05 19:32:38.148   766   766 E audit   : type=1400 audit(1767641558.148:2638302): avc:  denied  { read } for  pid=1199 comm="fingerprint@2.1" name="u:object_r:default_prop:s0" dev="tmpfs" ino=7325 scontext=u:r:hal_fingerprint_default:s0 tcontext=u:object_r:default_prop:s0 tclass=file permissive=0 SEPF_SM-A145P_12_0001 audit_filtered
01-05 19:32:38.310   766   766 E audit   : type=1400 audit(1767641558.308:2638303): avc:  denied  { read } for  pid=1199 comm="fingerprint@2.1" name="u:object_r:default_prop:s0" dev="tmpfs" ino=7325 scontext=u:r:hal_fingerprint_default:s0 tcontext=u:object_r:default_prop:s0 tclass=file permissive=0 SEPF_SM-A145P_12_0001 audit_filtered
01-05 19:32:39.121   766   766 E audit   : type=1400 audit(1767641559.120:2638313): avc:  denied  { read } for  pid=1199 comm="fingerprint@2.1" name="u:object_r:default_prop:s0" dev="tmpfs" ino=7325 scontext=u:r:hal_fingerprint_default:s0 tcontext=u:object_r:default_prop:s0 tclass=file permissive=0 SEPF_SM-A145P_12_0001 audit_filtered
01-05 19:32:39.121   766   766 E audit   : type=1400 audit(1767641559.120:2638314): avc:  denied  { read } for  pid=1199 comm="fingerprint@2.1" name="u:object_r:default_prop:s0" dev="tmpfs" ino=7325 scontext=u:r:hal_fingerprint_default:s0 tcontext=u:object_r:default_prop:s0 tclass=file permissive=0 SEPF_SM-A145P_12_0001 audit_filtered
01-05 19:32:39.275   766   766 E audit   : type=1400 audit(1767641559.272:2638315): avc:  denied  { read } for  pid=1199 comm="fingerprint@2.1" name="u:object_r:default_prop:s0" dev="tmpfs" ino=7325 scontext=u:r:hal_fingerprint_default:s0 tcontext=u:object_r:default_prop:s0 tclass=file permissive=0 SEPF_SM-A145P_12_0001 audit_filtered
01-05 19:32:39.276   766   766 E audit   : type=1400 audit(1767641559.272:2638316): avc:  denied  { read } for  pid=1199 comm="fingerprint@2.1" name="u:object_r:default_prop:s0" dev="tmpfs" ino=7325 scontext=u:r:hal_fingerprint_default:s0 tcontext=u:object_r:default_prop:s0 tclass=file permissive=0 SEPF_SM-A145P_12_0001 audit_filtered
01-05 19:32:39.442   766   766 E audit   : type=1400 audit(1767641559.440:2638317): avc:  denied  { read } for  pid=1199 comm="fingerprint@2.1" name="u:object_r:default_prop:s0" dev="tmpfs" ino=7325 scontext=u:r:hal_fingerprint_default:s0 tcontext=u:object_r:default_prop:s0 tclass=file permissive=0 SEPF_SM-A145P_12_0001 audit_filtered
01-05 19:32:40.160   766   766 E audit   : type=1400 audit(1767641560.160:2638327): avc:  denied  { read } for  pid=1199 comm="fingerprint@2.1" name="u:object_r:default_prop:s0" dev="tmpfs" ino=7325 scontext=u:r:hal_fingerprint_default:s0 tcontext=u:object_r:default_prop:s0 tclass=file permissive=0 SEPF_SM-A145P_12_0001 audit_filtered
01-05 19:32:40.161   766   766 E audit   : type=1400 audit(1767641560.160:2638328): avc:  denied  { read } for  pid=1199 comm="fingerprint@2.1" name="u:object_r:default_prop:s0" dev="tmpfs" ino=7325 scontext=u:r:hal_fingerprint_default:s0 tcontext=u:object_r:default_prop:s0 tclass=file permissive=0 SEPF_SM-A145P_12_0001 audit_filtered
01-05 19:32:40.303   766   766 E audit   : type=1400 audit(1767641560.300:2638329): avc:  denied  { read } for  pid=1199 comm="fingerprint@2.1" name="u:object_r:default_prop:s0" dev="tmpfs" ino=7325 scontext=u:r:hal_fingerprint_default:s0 tcontext=u:object_r:default_prop:s0 tclass=file permissive=0 SEPF_SM-A145P_12_0001 audit_filtered
01-05 19:32:40.304   766   766 E audit   : type=1400 audit(1767641560.300:2638330): avc:  denied  { read } for  pid=1199 comm="fingerprint@2.1" name="u:object_r:default_prop:s0" dev="tmpfs" ino=7325 scontext=u:r:hal_fingerprint_default:s0 tcontext=u:object_r:default_prop:s0 tclass=file permissive=0 SEPF_SM-A145P_12_0001 audit_filtered
01-05 19:32:40.449   766   766 E audit   : type=1400 audit(1767641560.448:2638331): avc:  denied  { read } for  pid=1199 comm="fingerprint@2.1" name="u:object_r:default_prop:s0" dev="tmpfs" ino=7325 scontext=u:r:hal_fingerprint_default:s0 tcontext=u:object_r:default_prop:s0 tclass=file permissive=0 SEPF_SM-A145P_12_0001 audit_filtered
01-05 19:32:41.178   766   766 E audit   : type=1400 audit(1767641561.176:2638341): avc:  denied  { read } for  pid=1199 comm="fingerprint@2.1" name="u:object_r:default_prop:s0" dev="tmpfs" ino=7325 scontext=u:r:hal_fingerprint_default:s0 tcontext=u:object_r:default_prop:s0 tclass=file permissive=0 SEPF_SM-A145P_12_0001 audit_filtered
01-05 19:32:41.178   766   766 E audit   : type=1400 audit(1767641561.176:2638342): avc:  denied  { read } for  pid=1199 comm="fingerprint@2.1" name="u:object_r:default_prop:s0" dev="tmpfs" ino=7325 scontext=u:r:hal_fingerprint_default:s0 tcontext=u:object_r:default_prop:s0 tclass=file permissive=0 SEPF_SM-A145P_12_0001 audit_filtered
01-05 19:32:41.320   766   766 E audit   : type=1400 audit(1767641561.320:2638343): avc:  denied  { read } for  pid=1199 comm="fingerprint@2.1" name="u:object_r:default_prop:s0" dev="tmpfs" ino=7325 scontext=u:r:hal_fingerprint_default:s0 tcontext=u:object_r:default_prop:s0 tclass=file permissive=0 SEPF_SM-A145P_12_0001 audit_filtered
01-05 19:32:41.321   766   766 E audit   : type=1400 audit(1767641561.320:2638344): avc:  denied  { read } for  pid=1199 comm="fingerprint@2.1" name="u:object_r:default_prop:s0" dev="tmpfs" ino=7325 scontext=u:r:hal_fingerprint_default:s0 tcontext=u:object_r:default_prop:s0 tclass=file permissive=0 SEPF_SM-A145P_12_0001 audit_filtered
01-05 19:32:41.463   766   766 E audit   : type=1400 audit(1767641561.460:2638345): avc:  denied  { read } for  pid=1199 comm="fingerprint@2.1" name="u:object_r:default_prop:s0" dev="tmpfs" ino=7325 scontext=u:r:hal_fingerprint_default:s0 tcontext=u:object_r:default_prop:s0 tclass=file permissive=0 SEPF_SM-A145P_12_0001 audit_filtered
01-05 19:32:41.567   816   816 E SecVibrator-HAL-AIDL-CORE: V_2_0: Vibrator on for timeoutMs: 30
01-05 19:32:41.567   816   816 E SecVibrator-HAL-AIDL-CORE: HW_API: do_on for timeoutMs: 30
01-05 19:32:41.567   816   816 E SecVibrator-HAL-AIDL-CORE: HW_API: >> writeNode node:/leds/vibrator/state val:1
01-05 19:32:41.567   816   816 E SecVibrator-HAL-AIDL-CORE: HW_API: << writeNode node OK : 2
01-05 19:32:41.567   816   816 E SecVibrator-HAL-AIDL-CORE: HW_API: >> writeNode node:/leds/vibrator/duration val:30
01-05 19:32:41.567   816   816 E SecVibrator-HAL-AIDL-CORE: HW_API: << writeNode node OK : 3
01-05 19:32:41.567   816   816 E SecVibrator-HAL-AIDL-CORE: HW_API: >> writeNode node:/leds/vibrator/activate val:1
01-05 19:32:41.567   816   816 E SecVibrator-HAL-AIDL-CORE: HW_API: << writeNode node OK : 2
01-05 19:32:41.597   816   816 E SecVibrator-HAL-AIDL-CORE: V_2_0: Vibrator off
01-05 19:32:41.597   816   816 E SecVibrator-HAL-AIDL-CORE: HW_API: do_off
01-05 19:32:41.597   816   816 E SecVibrator-HAL-AIDL-CORE: HW_API: >> writeNode node:/leds/vibrator/activate val:0
01-05 19:32:41.597   816   816 E SecVibrator-HAL-AIDL-CORE: HW_API: << writeNode node OK : 2
01-05 19:32:41.931   834   881 E BufferQueueDebug: [InputMethod$_3987#32009](this:0xb400007d3a3ad790,id:-1,api:0,p:-1,c:-1) id info cannot be read from 'InputMethod$_3987#32009'
01-05 19:32:41.988  1818  2108 E NetlinkUtils: receiveNetlinkAck, errmsg=NetlinkErrorMessage{ nlmsghdr{StructNlMsgHdr{ nlmsg_len{100}, nlmsg_type{2()}, nlmsg_flags{0()}, nlmsg_seq{1}, nlmsg_pid{-1417514491} }}, nlmsgerr{StructNlMsgErr{ error{-2}, msg{StructNlMsgHdr{ nlmsg_len{80}, nlmsg_type{256()}, nlmsg_flags{261(NLM_F_REQUEST|NLM_F_ACK|NLM_F_ROOT)}, nlmsg_seq{1}, nlmsg_pid{0} }} }} }
01-05 19:32:41.989  1818  2108 E NetlinkUtils: receiveNetlinkAck, errmsg=NetlinkErrorMessage{ nlmsghdr{StructNlMsgHdr{ nlmsg_len{100}, nlmsg_type{2()}, nlmsg_flags{0()}, nlmsg_seq{1}, nlmsg_pid{-1615935554} }}, nlmsgerr{StructNlMsgErr{ error{-2}, msg{StructNlMsgHdr{ nlmsg_len{80}, nlmsg_type{256()}, nlmsg_flags{261(NLM_F_REQUEST|NLM_F_ACK|NLM_F_ROOT)}, nlmsg_seq{1}, nlmsg_pid{0} }} }} }
01-05 19:32:42.098  3371  3371 E .osp.app.signin: Not starting debugger since process cannot load the jdwp agent.
01-05 19:32:42.313   766   766 E audit   : type=1400 audit(1767641562.312:2638357): avc:  denied  { read } for  pid=1199 comm="fingerprint@2.1" name="u:object_r:default_prop:s0" dev="tmpfs" ino=7325 scontext=u:r:hal_fingerprint_default:s0 tcontext=u:object_r:default_prop:s0 tclass=file permissive=0 SEPF_SM-A145P_12_0001 audit_filtered
01-05 19:32:42.313   766   766 E audit   : type=1400 audit(1767641562.312:2638358): avc:  denied  { read } for  pid=1199 comm="fingerprint@2.1" name="u:object_r:default_prop:s0" dev="tmpfs" ino=7325 scontext=u:r:hal_fingerprint_default:s0 tcontext=u:object_r:default_prop:s0 tclass=file permissive=0 SEPF_SM-A145P_12_0001 audit_filtered
01-05 19:32:42.461   766   766 E audit   : type=1400 audit(1767641562.460:2638359): avc:  denied  { read } for  pid=1199 comm="fingerprint@2.1" name="u:object_r:default_prop:s0" dev="tmpfs" ino=7325 scontext=u:r:hal_fingerprint_default:s0 tcontext=u:object_r:default_prop:s0 tclass=file permissive=0 SEPF_SM-A145P_12_0001 audit_filtered
01-05 19:32:42.461   766   766 E audit   : type=1400 audit(1767641562.460:2638360): avc:  denied  { read } for  pid=1199 comm="fingerprint@2.1" name="u:object_r:default_prop:s0" dev="tmpfs" ino=7325 scontext=u:r:hal_fingerprint_default:s0 tcontext=u:object_r:default_prop:s0 tclass=file permissive=0 SEPF_SM-A145P_12_0001 audit_filtered
01-05 19:32:42.512   766   766 E audit   : type=1400 audit(1767641562.508:2638361): avc:  denied  { ioctl } for  pid=3371 comm="pool-4-thread-1" path="/data/data/com.osp.app.signin/databases/com.google.android.datatransport.events" dev="dm-50" ino=7919 ioctlcmd=0xf522 scontext=u:r:platform_app:s0:c512,c768 tcontext=u:object_r:app_data_file:s0:c512,c768 tclass=file permissive=0 SEPF_SM-A145P_12_0001 audit_filtered
01-05 19:32:42.962   816   816 E SecVibrator-HAL-AIDL-CORE: V_2_0: Vibrator on for timeoutMs: 75
01-05 19:32:42.962   816   816 E SecVibrator-HAL-AIDL-CORE: HW_API: do_on for timeoutMs: 75
01-05 19:32:42.962   816   816 E SecVibrator-HAL-AIDL-CORE: HW_API: >> writeNode node:/leds/vibrator/state val:1
01-05 19:32:42.963   816   816 E SecVibrator-HAL-AIDL-CORE: HW_API: << writeNode node OK : 2
01-05 19:32:42.963   816   816 E SecVibrator-HAL-AIDL-CORE: HW_API: >> writeNode node:/leds/vibrator/duration val:75
01-05 19:32:42.963   816   816 E SecVibrator-HAL-AIDL-CORE: HW_API: << writeNode node OK : 3
01-05 19:32:42.963   816   816 E SecVibrator-HAL-AIDL-CORE: HW_API: >> writeNode node:/leds/vibrator/activate val:1
01-05 19:32:42.963   816   816 E SecVibrator-HAL-AIDL-CORE: HW_API: << writeNode node OK : 2
01-05 19:32:42.970  3371  3443 E .osp.app.signin: No package ID 6a found for resource ID 0x6a0b0013.
01-05 19:32:43.029   783 24500 E AudioALSAStreamManager: -openInputStream(), set fail, return NULL
01-05 19:32:43.037   816   816 E SecVibrator-HAL-AIDL-CORE: V_2_0: Vibrator off
01-05 19:32:43.037   816   816 E SecVibrator-HAL-AIDL-CORE: HW_API: do_off
01-05 19:32:43.037   816   816 E SecVibrator-HAL-AIDL-CORE: HW_API: >> writeNode node:/leds/vibrator/activate val:0
01-05 19:32:43.037   816   816 E SecVibrator-HAL-AIDL-CORE: HW_API: << writeNode node OK : 2
01-05 19:32:43.090 27388 27422 E TetherOffload: getDataUsage: fail to open mddp device 
01-05 19:32:43.118 27388 27422 E TetherOffload: setDataWarningAndLimit: fail to open mddp device 
01-05 19:32:43.444   766   766 E audit   : type=1400 audit(1767641563.440:2638421): avc:  denied  { read } for  pid=1199 comm="fingerprint@2.1" name="u:object_r:default_prop:s0" dev="tmpfs" ino=7325 scontext=u:r:hal_fingerprint_default:s0 tcontext=u:object_r:default_prop:s0 tclass=file permissive=0 SEPF_SM-A145P_12_0001 audit_filtered
01-05 19:32:43.444   766   766 E audit   : type=1400 audit(1767641563.444:2638422): avc:  denied  { read } for  pid=1199 comm="fingerprint@2.1" name="u:object_r:default_prop:s0" dev="tmpfs" ino=7325 scontext=u:r:hal_fingerprint_default:s0 tcontext=u:object_r:default_prop:s0 tclass=file permissive=0 SEPF_SM-A145P_12_0001 audit_filtered
01-05 19:32:43.593   766   766 E audit   : type=1400 audit(1767641563.592:2638423): avc:  denied  { read } for  pid=1199 comm="fingerprint@2.1" name="u:object_r:default_prop:s0" dev="tmpfs" ino=7325 scontext=u:r:hal_fingerprint_default:s0 tcontext=u:object_r:default_prop:s0 tclass=file permissive=0 SEPF_SM-A145P_12_0001 audit_filtered
01-05 19:32:43.593   766   766 E audit   : type=1400 audit(1767641563.592:2638424): avc:  denied  { read } for  pid=1199 comm="fingerprint@2.1" name="u:object_r:default_prop:s0" dev="tmpfs" ino=7325 scontext=u:r:hal_fingerprint_default:s0 tcontext=u:object_r:default_prop:s0 tclass=file permissive=0 SEPF_SM-A145P_12_0001 audit_filtered
01-05 19:32:43.747   834  2282 E BufferQueueDebug: [Surface(name=5fd348f StatusBar)/@0x1509225 - animation-leash of insets_animation#32010](this:0xb400007d3a59d790,id:-1,api:0,p:-1,c:-1) id info cannot be read from 'Surface(name=5fd348f StatusBar)/@0x1509225 - animation-leash of insets_animation#32010'
01-05 19:32:43.747   766   766 E audit   : type=1400 audit(1767641563.744:2638425): avc:  denied  { read } for  pid=1199 comm="fingerprint@2.1" name="u:object_r:default_prop:s0" dev="tmpfs" ino=7325 scontext=u:r:hal_fingerprint_default:s0 tcontext=u:object_r:default_prop:s0 tclass=file permissive=0 SEPF_SM-A145P_12_0001 audit_filtered
01-05 19:32:44.508   766   766 E audit   : type=1400 audit(1767641564.504:2638435): avc:  denied  { read } for  pid=1199 comm="fingerprint@2.1" name="u:object_r:default_prop:s0" dev="tmpfs" ino=7325 scontext=u:r:hal_fingerprint_default:s0 tcontext=u:object_r:default_prop:s0 tclass=file permissive=0 SEPF_SM-A145P_12_0001 audit_filtered
01-05 19:32:44.509   766   766 E audit   : type=1400 audit(1767641564.508:2638436): avc:  denied  { read } for  pid=1199 comm="fingerprint@2.1" name="u:object_r:default_prop:s0" dev="tmpfs" ino=7325 scontext=u:r:hal_fingerprint_default:s0 tcontext=u:object_r:default_prop:s0 tclass=file permissive=0 SEPF_SM-A145P_12_0001 audit_filtered
01-05 19:32:44.667   766   766 E audit   : type=1400 audit(1767641564.664:2638437): avc:  denied  { read } for  pid=1199 comm="fingerprint@2.1" name="u:object_r:default_prop:s0" dev="tmpfs" ino=7325 scontext=u:r:hal_fingerprint_default:s0 tcontext=u:object_r:default_prop:s0 tclass=file permissive=0 SEPF_SM-A145P_12_0001 audit_filtered
01-05 19:32:44.668   766   766 E audit   : type=1400 audit(1767641564.664:2638438): avc:  denied  { read } for  pid=1199 comm="fingerprint@2.1" name="u:object_r:default_prop:s0" dev="tmpfs" ino=7325 scontext=u:r:hal_fingerprint_default:s0 tcontext=u:object_r:default_prop:s0 tclass=file permissive=0 SEPF_SM-A145P_12_0001 audit_filtered
01-05 19:32:44.832   766   766 E audit   : type=1400 audit(1767641564.832:2638439): avc:  denied  { read } for  pid=1199 comm="fingerprint@2.1" name="u:object_r:default_prop:s0" dev="tmpfs" ino=7325 scontext=u:r:hal_fingerprint_default:s0 tcontext=u:object_r:default_prop:s0 tclass=file permissive=0 SEPF_SM-A145P_12_0001 audit_filtered
01-05 19:32:45.611   766   766 E audit   : type=1400 audit(1767641565.608:2638449): avc:  denied  { read } for  pid=1199 comm="fingerprint@2.1" name="u:object_r:default_prop:s0" dev="tmpfs" ino=7325 scontext=u:r:hal_fingerprint_default:s0 tcontext=u:object_r:default_prop:s0 tclass=file permissive=0 SEPF_SM-A145P_12_0001 audit_filtered
01-05 19:32:45.612   766   766 E audit   : type=1400 audit(1767641565.608:2638450): avc:  denied  { read } for  pid=1199 comm="fingerprint@2.1" name="u:object_r:default_prop:s0" dev="tmpfs" ino=7325 scontext=u:r:hal_fingerprint_default:s0 tcontext=u:object_r:default_prop:s0 tclass=file permissive=0 SEPF_SM-A145P_12_0001 audit_filtered
01-05 19:32:45.774   766   766 E audit   : type=1400 audit(1767641565.772:2638451): avc:  denied  { read } for  pid=1199 comm="fingerprint@2.1" name="u:object_r:default_prop:s0" dev="tmpfs" ino=7325 scontext=u:r:hal_fingerprint_default:s0 tcontext=u:object_r:default_prop:s0 tclass=file permissive=0 SEPF_SM-A145P_12_0001 audit_filtered
01-05 19:32:45.774   766   766 E audit   : type=1400 audit(1767641565.772:2638452): avc:  denied  { read } for  pid=1199 comm="fingerprint@2.1" name="u:object_r:default_prop:s0" dev="tmpfs" ino=7325 scontext=u:r:hal_fingerprint_default:s0 tcontext=u:object_r:default_prop:s0 tclass=file permissive=0 SEPF_SM-A145P_12_0001 audit_filtered
01-05 19:32:45.775   834  2282 E BufferQueueDebug: [WindowToken{f05d2c6 type=2024 android.os.BinderProxy@75590a1}#32011](this:0xb400007d3a432790,id:-1,api:0,p:-1,c:-1) id info cannot be read from 'WindowToken{f05d2c6 type=2024 android.os.BinderProxy@75590a1}#32011'
01-05 19:32:45.780   834  2282 E BufferQueueDebug: [6d74287 ScreenDecorOverlay#32012](this:0xb400007d3a47b790,id:-1,api:0,p:-1,c:-1) id info cannot be read from '6d74287 ScreenDecorOverlay#32012'
01-05 19:32:45.808   834   881 E BufferQueueDebug: [WindowToken{dfc5552 type=2024 android.os.BinderProxy@79995dd}#32013](this:0xb400007d3a3c1790,id:-1,api:0,p:-1,c:-1) id info cannot be read from 'WindowToken{dfc5552 type=2024 android.os.BinderProxy@79995dd}#32013'
01-05 19:32:45.814   834  2282 E BufferQueueDebug: [5db8023 ScreenDecorOverlayBottom#32014](this:0xb400007d3a4b8790,id:-1,api:0,p:-1,c:-1) id info cannot be read from '5db8023 ScreenDecorOverlayBottom#32014'
01-05 19:32:45.899   834  2282 E BufferQueueDebug: [ScreenDecorOverlay$_1878#32015](this:0xb400007d3a4ce790,id:-1,api:0,p:-1,c:-1) id info cannot be read from 'ScreenDecorOverlay$_1878#32015'
01-05 19:32:45.916   766   766 E audit   : type=1400 audit(1767641565.916:2638453): avc:  denied  { read } for  pid=1199 comm="fingerprint@2.1" name="u:object_r:default_prop:s0" dev="tmpfs" ino=7325 scontext=u:r:hal_fingerprint_default:s0 tcontext=u:object_r:default_prop:s0 tclass=file permissive=0 SEPF_SM-A145P_12_0001 audit_filtered
01-05 19:32:46.274   834   880 E BufferQueueDebug: [Surface(name=5fd348f StatusBar)/@0x1509225 - animation-leash of insets_animation#32016](this:0xb400007d3a805790,id:-1,api:0,p:-1,c:-1) id info cannot be read from 'Surface(name=5fd348f StatusBar)/@0x1509225 - animation-leash of insets_animation#32016'
01-05 19:32:46.716   766   766 E audit   : type=1400 audit(1767641566.712:2638463): avc:  denied  { read } for  pid=1199 comm="fingerprint@2.1" name="u:object_r:default_prop:s0" dev="tmpfs" ino=7325 scontext=u:r:hal_fingerprint_default:s0 tcontext=u:object_r:default_prop:s0 tclass=file permissive=0 SEPF_SM-A145P_12_0001 audit_filtered
01-05 19:32:46.716   766   766 E audit   : type=1400 audit(1767641566.712:2638464): avc:  denied  { read } for  pid=1199 comm="fingerprint@2.1" name="u:object_r:default_prop:s0" dev="tmpfs" ino=7325 scontext=u:r:hal_fingerprint_default:s0 tcontext=u:object_r:default_prop:s0 tclass=file permissive=0 SEPF_SM-A145P_12_0001 audit_filtered
01-05 19:32:46.867   766   766 E audit   : type=1400 audit(1767641566.864:2638465): avc:  denied  { read } for  pid=1199 comm="fingerprint@2.1" name="u:object_r:default_prop:s0" dev="tmpfs" ino=7325 scontext=u:r:hal_fingerprint_default:s0 tcontext=u:object_r:default_prop:s0 tclass=file permissive=0 SEPF_SM-A145P_12_0001 audit_filtered
01-05 19:32:46.867   766   766 E audit   : type=1400 audit(1767641566.864:2638466): avc:  denied  { read } for  pid=1199 comm="fingerprint@2.1" name="u:object_r:default_prop:s0" dev="tmpfs" ino=7325 scontext=u:r:hal_fingerprint_default:s0 tcontext=u:object_r:default_prop:s0 tclass=file permissive=0 SEPF_SM-A145P_12_0001 audit_filtered
01-05 19:32:47.022   766   766 E audit   : type=1400 audit(1767641567.020:2638467): avc:  denied  { read } for  pid=1199 comm="fingerprint@2.1" name="u:object_r:default_prop:s0" dev="tmpfs" ino=7325 scontext=u:r:hal_fingerprint_default:s0 tcontext=u:object_r:default_prop:s0 tclass=file permissive=0 SEPF_SM-A145P_12_0001 audit_filtered
01-05 19:32:47.819   766   766 E audit   : type=1400 audit(1767641567.816:2638477): avc:  denied  { read } for  pid=1199 comm="fingerprint@2.1" name="u:object_r:default_prop:s0" dev="tmpfs" ino=7325 scontext=u:r:hal_fingerprint_default:s0 tcontext=u:object_r:default_prop:s0 tclass=file permissive=0 SEPF_SM-A145P_12_0001 audit_filtered
01-05 19:32:47.819   766   766 E audit   : type=1400 audit(1767641567.816:2638478): avc:  denied  { read } for  pid=1199 comm="fingerprint@2.1" name="u:object_r:default_prop:s0" dev="tmpfs" ino=7325 scontext=u:r:hal_fingerprint_default:s0 tcontext=u:object_r:default_prop:s0 tclass=file permissive=0 SEPF_SM-A145P_12_0001 audit_filtered
01-05 19:32:47.974   766   766 E audit   : type=1400 audit(1767641567.972:2638479): avc:  denied  { read } for  pid=1199 comm="fingerprint@2.1" name="u:object_r:default_prop:s0" dev="tmpfs" ino=7325 scontext=u:r:hal_fingerprint_default:s0 tcontext=u:object_r:default_prop:s0 tclass=file permissive=0 SEPF_SM-A145P_12_0001 audit_filtered
01-05 19:32:47.975   766   766 E audit   : type=1400 audit(1767641567.972:2638480): avc:  denied  { read } for  pid=1199 comm="fingerprint@2.1" name="u:object_r:default_prop:s0" dev="tmpfs" ino=7325 scontext=u:r:hal_fingerprint_default:s0 tcontext=u:object_r:default_prop:s0 tclass=file permissive=0 SEPF_SM-A145P_12_0001 audit_filtered
01-05 19:32:48.100 27388 27422 E TetherOffload: getDataUsage: fail to open mddp device 
01-05 19:32:48.140   766   766 E audit   : type=1400 audit(1767641568.140:2638481): avc:  denied  { read } for  pid=1199 comm="fingerprint@2.1" name="u:object_r:default_prop:s0" dev="tmpfs" ino=7325 scontext=u:r:hal_fingerprint_default:s0 tcontext=u:object_r:default_prop:s0 tclass=file permissive=0 SEPF_SM-A145P_12_0001 audit_filtered
01-05 19:32:48.914   766   766 E audit   : type=1400 audit(1767641568.912:2638491): avc:  denied  { read } for  pid=1199 comm="fingerprint@2.1" name="u:object_r:default_prop:s0" dev="tmpfs" ino=7325 scontext=u:r:hal_fingerprint_default:s0 tcontext=u:object_r:default_prop:s0 tclass=file permissive=0 SEPF_SM-A145P_12_0001 audit_filtered
01-05 19:32:48.914   766   766 E audit   : type=1400 audit(1767641568.912:2638492): avc:  denied  { read } for  pid=1199 comm="fingerprint@2.1" name="u:object_r:default_prop:s0" dev="tmpfs" ino=7325 scontext=u:r:hal_fingerprint_default:s0 tcontext=u:object_r:default_prop:s0 tclass=file permissive=0 SEPF_SM-A145P_12_0001 audit_filtered
01-05 19:32:49.073   766   766 E audit   : type=1400 audit(1767641569.072:2638493): avc:  denied  { read } for  pid=1199 comm="fingerprint@2.1" name="u:object_r:default_prop:s0" dev="tmpfs" ino=7325 scontext=u:r:hal_fingerprint_default:s0 tcontext=u:object_r:default_prop:s0 tclass=file permissive=0 SEPF_SM-A145P_12_0001 audit_filtered
01-05 19:32:49.073   766   766 E audit   : type=1400 audit(1767641569.072:2638494): avc:  denied  { read } for  pid=1199 comm="fingerprint@2.1" name="u:object_r:default_prop:s0" dev="tmpfs" ino=7325 scontext=u:r:hal_fingerprint_default:s0 tcontext=u:object_r:default_prop:s0 tclass=file permissive=0 SEPF_SM-A145P_12_0001 audit_filtered
01-05 19:32:49.233   766   766 E audit   : type=1400 audit(1767641569.232:2638495): avc:  denied  { read } for  pid=1199 comm="fingerprint@2.1" name="u:object_r:default_prop:s0" dev="tmpfs" ino=7325 scontext=u:r:hal_fingerprint_default:s0 tcontext=u:object_r:default_prop:s0 tclass=file permissive=0 SEPF_SM-A145P_12_0001 audit_filtered
01-05 19:32:50.038   766   766 E audit   : type=1400 audit(1767641570.036:2638505): avc:  denied  { read } for  pid=1199 comm="fingerprint@2.1" name="u:object_r:default_prop:s0" dev="tmpfs" ino=7325 scontext=u:r:hal_fingerprint_default:s0 tcontext=u:object_r:default_prop:s0 tclass=file permissive=0 SEPF_SM-A145P_12_0001 audit_filtered
01-05 19:32:50.038   766   766 E audit   : type=1400 audit(1767641570.036:2638506): avc:  denied  { read } for  pid=1199 comm="fingerprint@2.1" name="u:object_r:default_prop:s0" dev="tmpfs" ino=7325 scontext=u:r:hal_fingerprint_default:s0 tcontext=u:object_r:default_prop:s0 tclass=file permissive=0 SEPF_SM-A145P_12_0001 audit_filtered
01-05 19:32:50.196   766   766 E audit   : type=1400 audit(1767641570.192:2638507): avc:  denied  { read } for  pid=1199 comm="fingerprint@2.1" name="u:object_r:default_prop:s0" dev="tmpfs" ino=7325 scontext=u:r:hal_fingerprint_default:s0 tcontext=u:object_r:default_prop:s0 tclass=file permissive=0 SEPF_SM-A145P_12_0001 audit_filtered
01-05 19:32:50.196   766   766 E audit   : type=1400 audit(1767641570.196:2638508): avc:  denied  { read } for  pid=1199 comm="fingerprint@2.1" name="u:object_r:default_prop:s0" dev="tmpfs" ino=7325 scontext=u:r:hal_fingerprint_default:s0 tcontext=u:object_r:default_prop:s0 tclass=file permissive=0 SEPF_SM-A145P_12_0001 audit_filtered
01-05 19:32:50.355   766   766 E audit   : type=1400 audit(1767641570.352:2638509): avc:  denied  { read } for  pid=1199 comm="fingerprint@2.1" name="u:object_r:default_prop:s0" dev="tmpfs" ino=7325 scontext=u:r:hal_fingerprint_default:s0 tcontext=u:object_r:default_prop:s0 tclass=file permissive=0 SEPF_SM-A145P_12_0001 audit_filtered
01-05 19:32:51.151   766   766 E audit   : type=1400 audit(1767641571.148:2638519): avc:  denied  { read } for  pid=1199 comm="fingerprint@2.1" name="u:object_r:default_prop:s0" dev="tmpfs" ino=7325 scontext=u:r:hal_fingerprint_default:s0 tcontext=u:object_r:default_prop:s0 tclass=file permissive=0 SEPF_SM-A145P_12_0001 audit_filtered
01-05 19:32:51.151   766   766 E audit   : type=1400 audit(1767641571.148:2638520): avc:  denied  { read } for  pid=1199 comm="fingerprint@2.1" name="u:object_r:default_prop:s0" dev="tmpfs" ino=7325 scontext=u:r:hal_fingerprint_default:s0 tcontext=u:object_r:default_prop:s0 tclass=file permissive=0 SEPF_SM-A145P_12_0001 audit_filtered
01-05 19:32:51.294   766   766 E audit   : type=1400 audit(1767641571.292:2638521): avc:  denied  { read } for  pid=1199 comm="fingerprint@2.1" name="u:object_r:default_prop:s0" dev="tmpfs" ino=7325 scontext=u:r:hal_fingerprint_default:s0 tcontext=u:object_r:default_prop:s0 tclass=file permissive=0 SEPF_SM-A145P_12_0001 audit_filtered
01-05 19:32:51.294   766   766 E audit   : type=1400 audit(1767641571.292:2638522): avc:  denied  { read } for  pid=1199 comm="fingerprint@2.1" name="u:object_r:default_prop:s0" dev="tmpfs" ino=7325 scontext=u:r:hal_fingerprint_default:s0 tcontext=u:object_r:default_prop:s0 tclass=file permissive=0 SEPF_SM-A145P_12_0001 audit_filtered
01-05 19:32:51.426   816   816 E SecVibrator-HAL-AIDL-CORE: V_2_0: Vibrator on for timeoutMs: 75
01-05 19:32:51.426   816   816 E SecVibrator-HAL-AIDL-CORE: HW_API: do_on for timeoutMs: 75
01-05 19:32:51.426   816   816 E SecVibrator-HAL-AIDL-CORE: HW_API: >> writeNode node:/leds/vibrator/state val:1
01-05 19:32:51.427   816   816 E SecVibrator-HAL-AIDL-CORE: HW_API: << writeNode node OK : 2
01-05 19:32:51.427   816   816 E SecVibrator-HAL-AIDL-CORE: HW_API: >> writeNode node:/leds/vibrator/duration val:75
01-05 19:32:51.427   816   816 E SecVibrator-HAL-AIDL-CORE: HW_API: << writeNode node OK : 3
01-05 19:32:51.427   816   816 E SecVibrator-HAL-AIDL-CORE: HW_API: >> writeNode node:/leds/vibrator/activate val:1
01-05 19:32:51.427   816   816 E SecVibrator-HAL-AIDL-CORE: HW_API: << writeNode node OK : 2
01-05 19:32:51.436   766   766 E audit   : type=1400 audit(1767641571.436:2638523): avc:  denied  { read } for  pid=1199 comm="fingerprint@2.1" name="u:object_r:default_prop:s0" dev="tmpfs" ino=7325 scontext=u:r:hal_fingerprint_default:s0 tcontext=u:object_r:default_prop:s0 tclass=file permissive=0 SEPF_SM-A145P_12_0001 audit_filtered
01-05 19:32:51.502   816   816 E SecVibrator-HAL-AIDL-CORE: V_2_0: Vibrator off
01-05 19:32:51.502   816   816 E SecVibrator-HAL-AIDL-CORE: HW_API: do_off
01-05 19:32:51.502   816   816 E SecVibrator-HAL-AIDL-CORE: HW_API: >> writeNode node:/leds/vibrator/activate val:0
01-05 19:32:51.502   816   816 E SecVibrator-HAL-AIDL-CORE: HW_API: << writeNode node OK : 2
01-05 19:32:51.568  2491  3185 E apxs    : Failed to get billing customer number [CONTEXT service_id=177 ]
01-05 19:32:51.568  2491  3185 E apxs    : java.lang.IllegalStateException: Future was expected to be done: gsjh@4b06514[status=PENDING, info=[inputFuture=[gsil@f5f51bd[status=PENDING, info=[inputFuture=[gsmz@bab93b2[status=PENDING]], exceptionType=[class bbnq], fallback=[azoo@cba4f03]]]], function=[anid@eb8be80]]]
01-05 19:32:51.568  2491  3185 E apxs    : 	at glxp.u(:com.google.android.gms@254730029@25.47.30 (190400-833691957):14)
01-05 19:32:51.568  2491  3185 E apxs    : 	at gslz.r(:com.google.android.gms@254730029@25.47.30 (190400-833691957):7)
01-05 19:32:51.568  2491  3185 E apxs    : 	at apxs.a(:com.google.android.gms@254730029@25.47.30 (190400-833691957):218)
01-05 19:32:51.568  2491  3185 E apxs    : 	at apvy.a(:com.google.android.gms@254730029@25.47.30 (190400-833691957):22)
01-05 19:32:51.568  2491  3185 E apxs    : 	at apuw.c(:com.google.android.gms@254730029@25.47.30 (190400-833691957):11)
01-05 19:32:51.568  2491  3185 E apxs    : 	at apuc.a(:com.google.android.gms@254730029@25.47.30 (190400-833691957):399)
01-05 19:32:51.568  2491  3185 E apxs    : 	at gskq.a(:com.google.android.gms@254730029@25.47.30 (190400-833691957):3)
01-05 19:32:51.568  2491  3185 E apxs    : 	at gsmg.run(:com.google.android.gms@254730029@25.47.30 (190400-833691957):19)
01-05 19:32:51.568  2491  3185 E apxs    : 	at bdhp.c(:com.google.android.gms@254730029@25.47.30 (190400-833691957):50)
01-05 19:32:51.568  2491  3185 E apxs    : 	at bdhp.run(:com.google.android.gms@254730029@25.47.30 (190400-833691957):73)
01-05 19:32:51.568  2491  3185 E apxs    : 	at java.util.concurrent.ThreadPoolExecutor.runWorker(ThreadPoolExecutor.java:1156)
01-05 19:32:51.568  2491  3185 E apxs    : 	at java.util.concurrent.ThreadPoolExecutor$Worker.run(ThreadPoolExecutor.java:651)
01-05 19:32:51.568  2491  3185 E apxs    : 	at bdnh.run(:com.google.android.gms@254730029@25.47.30 (190400-833691957):8)
01-05 19:32:51.568  2491  3185 E apxs    : 	at java.lang.Thread.run(Thread.java:1119)
01-05 19:32:52.157   766   766 E audit   : type=1400 audit(1767641572.156:2638560): avc:  denied  { read } for  pid=1199 comm="fingerprint@2.1" name="u:object_r:default_prop:s0" dev="tmpfs" ino=7325 scontext=u:r:hal_fingerprint_default:s0 tcontext=u:object_r:default_prop:s0 tclass=file permissive=0 SEPF_SM-A145P_12_0001 audit_filtered
01-05 19:32:52.157   766   766 E audit   : type=1400 audit(1767641572.156:2638561): avc:  denied  { read } for  pid=1199 comm="fingerprint@2.1" name="u:object_r:default_prop:s0" dev="tmpfs" ino=7325 scontext=u:r:hal_fingerprint_default:s0 tcontext=u:object_r:default_prop:s0 tclass=file permissive=0 SEPF_SM-A145P_12_0001 audit_filtered
01-05 19:32:52.299   766   766 E audit   : type=1400 audit(1767641572.296:2638562): avc:  denied  { read } for  pid=1199 comm="fingerprint@2.1" name="u:object_r:default_prop:s0" dev="tmpfs" ino=7325 scontext=u:r:hal_fingerprint_default:s0 tcontext=u:object_r:default_prop:s0 tclass=file permissive=0 SEPF_SM-A145P_12_0001 audit_filtered
01-05 19:32:52.299   766   766 E audit   : type=1400 audit(1767641572.296:2638563): avc:  denied  { read } for  pid=1199 comm="fingerprint@2.1" name="u:object_r:default_prop:s0" dev="tmpfs" ino=7325 scontext=u:r:hal_fingerprint_default:s0 tcontext=u:object_r:default_prop:s0 tclass=file permissive=0 SEPF_SM-A145P_12_0001 audit_filtered
01-05 19:32:52.424   816   816 E SecVibrator-HAL-AIDL-CORE: V_2_0: Vibrator on for timeoutMs: 45
01-05 19:32:52.424   816   816 E SecVibrator-HAL-AIDL-CORE: HW_API: do_on for timeoutMs: 45
01-05 19:32:52.424   816   816 E SecVibrator-HAL-AIDL-CORE: HW_API: >> writeNode node:/leds/vibrator/state val:1
01-05 19:32:52.425   816   816 E SecVibrator-HAL-AIDL-CORE: HW_API: << writeNode node OK : 2
01-05 19:32:52.425   816   816 E SecVibrator-HAL-AIDL-CORE: HW_API: >> writeNode node:/leds/vibrator/duration val:45
01-05 19:32:52.426   816   816 E SecVibrator-HAL-AIDL-CORE: HW_API: << writeNode node OK : 3
01-05 19:32:52.426   816   816 E SecVibrator-HAL-AIDL-CORE: HW_API: >> writeNode node:/leds/vibrator/activate val:1
01-05 19:32:52.426   816   816 E SecVibrator-HAL-AIDL-CORE: HW_API: << writeNode node OK : 2
01-05 19:32:52.442   766   766 E audit   : type=1400 audit(1767641572.440:2638564): avc:  denied  { read } for  pid=1199 comm="fingerprint@2.1" name="u:object_r:default_prop:s0" dev="tmpfs" ino=7325 scontext=u:r:hal_fingerprint_default:s0 tcontext=u:object_r:default_prop:s0 tclass=file permissive=0 SEPF_SM-A145P_12_0001 audit_filtered
01-05 19:32:52.470   816   816 E SecVibrator-HAL-AIDL-CORE: V_2_0: Vibrator off
01-05 19:32:52.470   816   816 E SecVibrator-HAL-AIDL-CORE: HW_API: do_off
01-05 19:32:52.470   816   816 E SecVibrator-HAL-AIDL-CORE: HW_API: >> writeNode node:/leds/vibrator/activate val:0
01-05 19:32:52.470   816   816 E SecVibrator-HAL-AIDL-CORE: HW_API: << writeNode node OK : 2
01-05 19:32:52.555   834  2282 E BufferQueueDebug: [Surface(name=9634540 NavigationBar0)/@0x14152ee - animation-leash of insets_animation#32017](this:0xb400007d3a4dc790,id:-1,api:0,p:-1,c:-1) id info cannot be read from 'Surface(name=9634540 NavigationBar0)/@0x14152ee - animation-leash of insets_animation#32017'
--------- beginning of system
01-05 19:32:52.691  1371  1402 E Watchdog: !@Sync: 5686 heap: 104 / 107 FD: 1034 [2026-01-05 19:32:52.691]
01-05 19:32:53.173   766   766 E audit   : type=1400 audit(1767641573.172:2638574): avc:  denied  { read } for  pid=1199 comm="fingerprint@2.1" name="u:object_r:default_prop:s0" dev="tmpfs" ino=7325 scontext=u:r:hal_fingerprint_default:s0 tcontext=u:object_r:default_prop:s0 tclass=file permissive=0 SEPF_SM-A145P_12_0001 audit_filtered
01-05 19:32:53.173   766   766 E audit   : type=1400 audit(1767641573.172:2638575): avc:  denied  { read } for  pid=1199 comm="fingerprint@2.1" name="u:object_r:default_prop:s0" dev="tmpfs" ino=7325 scontext=u:r:hal_fingerprint_default:s0 tcontext=u:object_r:default_prop:s0 tclass=file permissive=0 SEPF_SM-A145P_12_0001 audit_filtered
01-05 19:32:53.334   766   766 E audit   : type=1400 audit(1767641573.332:2638576): avc:  denied  { read } for  pid=1199 comm="fingerprint@2.1" name="u:object_r:default_prop:s0" dev="tmpfs" ino=7325 scontext=u:r:hal_fingerprint_default:s0 tcontext=u:object_r:default_prop:s0 tclass=file permissive=0 SEPF_SM-A145P_12_0001 audit_filtered
01-05 19:32:53.334   766   766 E audit   : type=1400 audit(1767641573.332:2638577): avc:  denied  { read } for  pid=1199 comm="fingerprint@2.1" name="u:object_r:default_prop:s0" dev="tmpfs" ino=7325 scontext=u:r:hal_fingerprint_default:s0 tcontext=u:object_r:default_prop:s0 tclass=file permissive=0 SEPF_SM-A145P_12_0001 audit_filtered
01-05 19:32:53.368  1371  5566 E WindowManager: win=Window{7b98c45 u0 InputMethod} destroySurfaces: appStopped=true cleanupOnResume=false win.mWindowRemovalAllowed=false win.mRemoveOnExit=false win.mViewVisibility=8 caller=com.android.server.wm.WindowManagerService.tryStartExitingAnimation:2980 com.android.server.wm.WindowManagerService.relayoutWindow:2685 com.android.server.wm.Session.relayout:282 android.view.IWindowSession$Stub.onTransact:782 com.android.server.wm.Session.onTransact:204 android.os.Binder.execTransactInternal:1375 android.os.Binder.execTransact:1311 
01-05 19:32:53.493   766   766 E audit   : type=1400 audit(1767641573.492:2638578): avc:  denied  { read } for  pid=1199 comm="fingerprint@2.1" name="u:object_r:default_prop:s0" dev="tmpfs" ino=7325 scontext=u:r:hal_fingerprint_default:s0 tcontext=u:object_r:default_prop:s0 tclass=file permissive=0 SEPF_SM-A145P_12_0001 audit_filtered
01-05 19:32:54.312   766   766 E audit   : type=1400 audit(1767641574.308:2638588): avc:  denied  { read } for  pid=1199 comm="fingerprint@2.1" name="u:object_r:default_prop:s0" dev="tmpfs" ino=7325 scontext=u:r:hal_fingerprint_default:s0 tcontext=u:object_r:default_prop:s0 tclass=file permissive=0 SEPF_SM-A145P_12_0001 audit_filtered
01-05 19:32:54.313   766   766 E audit   : type=1400 audit(1767641574.312:2638589): avc:  denied  { read } for  pid=1199 comm="fingerprint@2.1" name="u:object_r:default_prop:s0" dev="tmpfs" ino=7325 scontext=u:r:hal_fingerprint_default:s0 tcontext=u:object_r:default_prop:s0 tclass=file permissive=0 SEPF_SM-A145P_12_0001 audit_filtered
01-05 19:32:54.474   766   766 E audit   : type=1400 audit(1767641574.472:2638590): avc:  denied  { read } for  pid=1199 comm="fingerprint@2.1" name="u:object_r:default_prop:s0" dev="tmpfs" ino=7325 scontext=u:r:hal_fingerprint_default:s0 tcontext=u:object_r:default_prop:s0 tclass=file permissive=0 SEPF_SM-A145P_12_0001 audit_filtered
01-05 19:32:54.475   766   766 E audit   : type=1400 audit(1767641574.472:2638591): avc:  denied  { read } for  pid=1199 comm="fingerprint@2.1" name="u:object_r:default_prop:s0" dev="tmpfs" ino=7325 scontext=u:r:hal_fingerprint_default:s0 tcontext=u:object_r:default_prop:s0 tclass=file permissive=0 SEPF_SM-A145P_12_0001 audit_filtered
01-05 19:32:54.632   766   766 E audit   : type=1400 audit(1767641574.628:2638592): avc:  denied  { read } for  pid=1199 comm="fingerprint@2.1" name="u:object_r:default_prop:s0" dev="tmpfs" ino=7325 scontext=u:r:hal_fingerprint_default:s0 tcontext=u:object_r:default_prop:s0 tclass=file permissive=0 SEPF_SM-A145P_12_0001 audit_filtered
01-05 19:32:54.666   816   816 E SecVibrator-HAL-AIDL-CORE: V_2_0: Vibrator on for timeoutMs: 45
01-05 19:32:54.666   816   816 E SecVibrator-HAL-AIDL-CORE: HW_API: do_on for timeoutMs: 45
01-05 19:32:54.666   816   816 E SecVibrator-HAL-AIDL-CORE: HW_API: >> writeNode node:/leds/vibrator/state val:1
01-05 19:32:54.666   816   816 E SecVibrator-HAL-AIDL-CORE: HW_API: << writeNode node OK : 2
01-05 19:32:54.666   816   816 E SecVibrator-HAL-AIDL-CORE: HW_API: >> writeNode node:/leds/vibrator/duration val:45
01-05 19:32:54.666   816   816 E SecVibrator-HAL-AIDL-CORE: HW_API: << writeNode node OK : 3
01-05 19:32:54.666   816   816 E SecVibrator-HAL-AIDL-CORE: HW_API: >> writeNode node:/leds/vibrator/activate val:1
01-05 19:32:54.666   816   816 E SecVibrator-HAL-AIDL-CORE: HW_API: << writeNode node OK : 2
01-05 19:32:54.713   816   816 E SecVibrator-HAL-AIDL-CORE: V_2_0: Vibrator off
01-05 19:32:54.713   816   816 E SecVibrator-HAL-AIDL-CORE: HW_API: do_off
01-05 19:32:54.713   816   816 E SecVibrator-HAL-AIDL-CORE: HW_API: >> writeNode node:/leds/vibrator/activate val:0
01-05 19:32:54.713   816   816 E SecVibrator-HAL-AIDL-CORE: HW_API: << writeNode node OK : 2
01-05 19:32:54.856   834  2282 E BufferQueueDebug: [com.whatsapp/com.whatsapp.home.ui.HomeActivity$_22326#32018](this:0xb400007d3a4ab790,id:-1,api:0,p:-1,c:-1) id info cannot be read from 'com.whatsapp/com.whatsapp.home.ui.HomeActivity$_22326#32018'
01-05 19:32:54.860   834  2282 E BufferQueueDebug: [Surface(name=9634540 NavigationBar0)/@0x14152ee - animation-leash of insets_animation#32019](this:0xb400007d3a4ae790,id:-1,api:0,p:-1,c:-1) id info cannot be read from 'Surface(name=9634540 NavigationBar0)/@0x14152ee - animation-leash of insets_animation#32019'
01-05 19:32:54.862   834  2282 E BufferQueueDebug: [Surface(name=5fd348f StatusBar)/@0x1509225 - animation-leash of insets_animation#32020](this:0xb400007d3a4b6790,id:-1,api:0,p:-1,c:-1) id info cannot be read from 'Surface(name=5fd348f StatusBar)/@0x1509225 - animation-leash of insets_animation#32020'
01-05 19:32:54.900   834  1438 E BufferQueueDebug: [Transition Root: ActivityRecord{c033ac7 u0 com.whatsapp/.Conversation t10051 f}}#32021](this:0xb400007d3a536790,id:-1,api:0,p:-1,c:-1) id info cannot be read from 'Transition Root: ActivityRecord{c033ac7 u0 com.whatsapp/.Conversation t10051 f}}#32021'
01-05 19:32:54.916   834  2282 E BufferQueueDebug: [Top Edge Extension#32022](this:0xb400007d3a4b9790,id:-1,api:0,p:-1,c:-1) id info cannot be read from 'Top Edge Extension#32022'
01-05 19:32:54.917   834   834 E BufferQueueDebug: [Screenshot Parent#32023](this:0xb400007d3a3ad790,id:-1,api:0,p:-1,c:-1) id info cannot be read from 'Screenshot Parent#32023'
01-05 19:32:54.920   834   894 E RenderEngine: updatePQFlag: get gralloc GRALLOC_EXTRA_GET_AI_PQ_INFO fail, return
01-05 19:32:54.924   834  2282 E BufferQueueDebug: [bbq-wrapper#32024](this:0xb400007d3a4bc790,id:-1,api:0,p:-1,c:-1) id info cannot be read from 'bbq-wrapper#32024'
01-05 19:32:54.961   834   880 E BufferQueueDebug: [Surface(name=7b98c45 InputMethod)/@0x2b96b66 - animation-leash of insets_animation#32025](this:0xb400007d3a85f790,id:-1,api:0,p:-1,c:-1) id info cannot be read from 'Surface(name=7b98c45 InputMethod)/@0x2b96b66 - animation-leash of insets_animation#32025'
01-05 19:32:55.342   766   766 E audit   : type=1400 audit(1767641575.340:2638602): avc:  denied  { read } for  pid=1199 comm="fingerprint@2.1" name="u:object_r:default_prop:s0" dev="tmpfs" ino=7325 scontext=u:r:hal_fingerprint_default:s0 tcontext=u:object_r:default_prop:s0 tclass=file permissive=0 SEPF_SM-A145P_12_0001 audit_filtered
01-05 19:32:55.342   766   766 E audit   : type=1400 audit(1767641575.340:2638603): avc:  denied  { read } for  pid=1199 comm="fingerprint@2.1" name="u:object_r:default_prop:s0" dev="tmpfs" ino=7325 scontext=u:r:hal_fingerprint_default:s0 tcontext=u:object_r:default_prop:s0 tclass=file permissive=0 SEPF_SM-A145P_12_0001 audit_filtered
01-05 19:32:55.482   766   766 E audit   : type=1400 audit(1767641575.480:2638604): avc:  denied  { read } for  pid=1199 comm="fingerprint@2.1" name="u:object_r:default_prop:s0" dev="tmpfs" ino=7325 scontext=u:r:hal_fingerprint_default:s0 tcontext=u:object_r:default_prop:s0 tclass=file permissive=0 SEPF_SM-A145P_12_0001 audit_filtered
01-05 19:32:55.482   766   766 E audit   : type=1400 audit(1767641575.480:2638605): avc:  denied  { read } for  pid=1199 comm="fingerprint@2.1" name="u:object_r:default_prop:s0" dev="tmpfs" ino=7325 scontext=u:r:hal_fingerprint_default:s0 tcontext=u:object_r:default_prop:s0 tclass=file permissive=0 SEPF_SM-A145P_12_0001 audit_filtered
01-05 19:32:55.645   766   766 E audit   : type=1400 audit(1767641575.644:2638606): avc:  denied  { read } for  pid=1199 comm="fingerprint@2.1" name="u:object_r:default_prop:s0" dev="tmpfs" ino=7325 scontext=u:r:hal_fingerprint_default:s0 tcontext=u:object_r:default_prop:s0 tclass=file permissive=0 SEPF_SM-A145P_12_0001 audit_filtered
